
::group::✅ L6 banc hôte (setUpAll)
KALIS_PERF {"label":"base","scenario":"meta","profile":"-","status":"ok","dart":"3.7.2 (stable) (Tue Mar 11 04:27:50 2025 -0700) on \"linux_x64\"","os":"linux Linux 6.17.0-1022-azure #22-Ubuntu SMP Mon Jul 27 17:24:03 UTC 2026","cpus":2,"n":9,"warmup":2,"seed":20260926,"inventory":{"neuf":{"seances":0,"series":0,"resultatsWod":0,"wodPerso":0},"regulier":{"seances":86,"series":1877,"resultatsWod":40,"wodPerso":0,"wodModifies":0,"achats":10,"seancesPersoModeles":20},"long":{"seances":320,"series":6587,"resultatsWod":300,"wodPerso":0,"wodModifies":0,"achats":30,"seancesPersoModeles":60},"charge":{"seances":840,"series":20347,"resultatsWod":1500,"wodPerso":50,"wodModifies":30,"achats":150,"seancesPersoModeles":150}},"storedBytes":{"neuf":0,"regulier":30511,"long":103911,"charge":283335},"exportBytes":{"regulier":256718,"long":919942,"charge":2916052}}
::endgroup::
::group::✅ L6 banc hôte empreinte des résultats métier
KALIS_PERF {"label":"base","scenario":"digest","profile":"neuf","status":"ok","unit":"digest","values":{"export":"24e5920facda1d25","xp":0,"level":1,"credits":3,"wodLevels":"4137b7190bb9a8f7","estimates":"527ad85574e530f8","history":"-340d631b7bdddcdb","muscles":"3a392c97dd457cb6","bests":"-340d631b7bdddcdb","recommended":"6fa61ffa929209a3"}}
KALIS_PERF {"label":"base","scenario":"digest","profile":"regulier","status":"ok","unit":"digest","values":{"export":"1421c5e759f2d86b","xp":0,"level":1,"credits":3,"wodLevels":"4137b7190bb9a8f7","estimates":"527ad85574e530f8","history":"-340d631b7bdddcdb","muscles":"3a392c97dd457cb6","bests":"-340d631b7bdddcdb","recommended":"6fa61ffa929209a3"}}
KALIS_PERF {"label":"base","scenario":"digest","profile":"long","status":"ok","unit":"digest","values":{"export":"29492838ba63ce10","xp":70135,"level":51,"credits":111,"wodLevels":"4137b7190bb9a8f7","estimates":"527ad85574e530f8","history":"-e4f854e47a64d82","muscles":"-4adf6367afc0a2a","bests":"-12b9593e787b9f58","recommended":"-69e8b78a735b219a"}}
KALIS_PERF {"label":"base","scenario":"digest","profile":"charge","status":"ok","unit":"digest","values":{"export":"-6659f4e7323d2581","xp":70135,"level":51,"credits":111,"wodLevels":"4137b7190bb9a8f7","estimates":"527ad85574e530f8","history":"-e4f854e47a64d82","muscles":"-4adf6367afc0a2a","bests":"-12b9593e787b9f58","recommended":"-69e8b78a735b219a"}}
::endgroup::
::group::✅ L6 banc hôte démarrage : lecture du stockage, migrations, catalogue
KALIS_PERF {"label":"base","scenario":"store.init","profile":"neuf","status":"ok","unit":"ms","warmup":2,"values":[50.08,84.788,50.5,48.72,37.763,100.959,56.464,39.51,36.966]}
KALIS_PERF {"label":"base","scenario":"store.init","profile":"regulier","status":"ok","unit":"ms","warmup":2,"values":[126.147,62.077,81.788,90.727,60.437,135.897,62.091,57.672,130.424]}
KALIS_PERF {"label":"base","scenario":"store.init","profile":"long","status":"ok","unit":"ms","warmup":2,"values":[159.297,95.089,141.839,92.253,148.185,96.634,144.724,95.206,153.74]}
KALIS_PERF {"label":"base","scenario":"store.init","profile":"charge","status":"ok","unit":"ms","warmup":2,"values":[249.118,252.123,261.797,271.511,265.678,273.943,237.389,240.102,237.822]}
::endgroup::
::group::✅ L6 banc hôte catalogue : génération et estimations
KALIS_PERF {"label":"base","scenario":"catalog.generate","profile":"-","status":"ok","unit":"ms","warmup":2,"values":[2.09,2.152,2.392,2.115,2.422,2.089,2.411,2.108,2.288],"wods":1000}
KALIS_PERF {"label":"base","scenario":"catalog.rank","profile":"long","status":"ok","unit":"ms","warmup":2,"values":[14.172,14.337,14.146,13.917,14.051,14.136,13.869,14.049,14.174]}
KALIS_PERF {"label":"base","scenario":"catalog.estimate.pass2","profile":"long","status":"ok","unit":"ms","warmup":2,"values":[11.319,11.246,11.949,11.166,6.71,6.617,6.623,6.613,6.655],"wods":1000}
KALIS_PERF {"label":"base","scenario":"catalog.estimate.pass2","profile":"charge","status":"ok","unit":"ms","warmup":2,"values":[140.403,67.345,44.986,191.89,73.337,51.972,189.311,71.115,51.356],"wods":1050}
KALIS_PERF {"label":"base","scenario":"catalog.wodStats.all","profile":"long","status":"ok","unit":"ms","warmup":2,"values":[11.426,11.381,11.378,11.892,11.294,11.344,13.155,11.297,11.323]}
KALIS_PERF {"label":"base","scenario":"catalog.recommended","profile":"long","status":"ok","unit":"ms","warmup":2,"values":[16.105,13.628,13.412,13.497,13.784,13.211,13.203,13.35,13.095]}
::endgroup::
::group::✅ L6 banc hôte STATS : dérivés recalculés après une modification
KALIS_PERF {"label":"base","scenario":"derive.progression","profile":"neuf","status":"ok","unit":"ms","warmup":2,"values":[0.065,0.041,0.067,0.048,0.087,0.049,0.043,0.048,0.053]}
KALIS_PERF {"label":"base","scenario":"derive.progression+game","profile":"neuf","status":"ok","unit":"ms","warmup":2,"values":[0.247,0.172,0.171,0.206,0.217,0.31,0.181,0.226,0.183]}
KALIS_PERF {"label":"base","scenario":"stats.history","profile":"neuf","status":"ok","unit":"ms","warmup":2,"values":[0.024,0.027,0.028,0.024,0.022,0.021,0.023,0.022,0.023]}
KALIS_PERF {"label":"base","scenario":"stats.exerciseBests","profile":"neuf","status":"ok","unit":"ms","warmup":2,"values":[0.0,0.0,0.0,0.0,0.0,0.0,0.0,0.0,0.0]}
KALIS_PERF {"label":"base","scenario":"stats.weeklyMuscles","profile":"neuf","status":"ok","unit":"ms","warmup":2,"values":[0.066,0.033,0.031,0.029,0.03,0.034,0.033,0.025,0.05]}
KALIS_PERF {"label":"base","scenario":"derive.progression","profile":"regulier","status":"ok","unit":"ms","warmup":2,"values":[2.266,1.974,1.979,1.966,1.972,1.971,1.948,2.554,1.965]}
KALIS_PERF {"label":"base","scenario":"derive.progression+game","profile":"regulier","status":"ok","unit":"ms","warmup":2,"values":[3.734,3.503,3.499,3.533,3.684,3.435,3.593,3.464,3.659]}
KALIS_PERF {"label":"base","scenario":"stats.history","profile":"regulier","status":"ok","unit":"ms","warmup":2,"values":[0.268,0.293,0.279,0.271,0.33,0.308,0.311,0.269,0.266]}
KALIS_PERF {"label":"base","scenario":"stats.exerciseBests","profile":"regulier","status":"ok","unit":"ms","warmup":2,"values":[1.19,0.977,0.948,1.227,0.976,0.927,0.914,0.939,0.936]}
KALIS_PERF {"label":"base","scenario":"stats.weeklyMuscles","profile":"regulier","status":"ok","unit":"ms","warmup":2,"values":[1.674,1.84,1.719,1.638,1.63,1.625,1.721,1.647,1.611]}
KALIS_PERF {"label":"base","scenario":"derive.progression","profile":"long","status":"ok","unit":"ms","warmup":2,"values":[7.662,7.451,7.579,7.384,7.557,7.4,7.586,7.396,7.596]}
KALIS_PERF {"label":"base","scenario":"derive.progression+game","profile":"long","status":"ok","unit":"ms","warmup":2,"values":[12.561,12.711,12.821,12.897,12.731,13.163,12.988,12.683,14.455]}
KALIS_PERF {"label":"base","scenario":"stats.history","profile":"long","status":"ok","unit":"ms","warmup":2,"values":[0.784,1.107,1.3,1.346,1.183,0.89,0.754,0.882,0.75]}
KALIS_PERF {"label":"base","scenario":"stats.exerciseBests","profile":"long","status":"ok","unit":"ms","warmup":2,"values":[3.982,3.477,3.63,3.429,3.425,3.778,3.471,3.545,3.384]}
KALIS_PERF {"label":"base","scenario":"stats.weeklyMuscles","profile":"long","status":"ok","unit":"ms","warmup":2,"values":[6.176,7.719,5.999,5.968,6.569,5.922,6.253,6.74,9.32]}
KALIS_PERF {"label":"base","scenario":"derive.progression","profile":"charge","status":"ok","unit":"ms","warmup":2,"values":[24.315,23.624,23.656,24.294,23.601,24.159,23.993,23.924,23.545]}
KALIS_PERF {"label":"base","scenario":"derive.progression+game","profile":"charge","status":"ok","unit":"ms","warmup":2,"values":[34.414,34.157,33.939,34.06,33.431,34.067,33.964,36.027,33.671]}
KALIS_PERF {"label":"base","scenario":"stats.history","profile":"charge","status":"ok","unit":"ms","warmup":2,"values":[3.816,3.219,3.233,3.183,3.237,3.719,3.24,3.24,3.279]}
KALIS_PERF {"label":"base","scenario":"stats.exerciseBests","profile":"charge","status":"ok","unit":"ms","warmup":2,"values":[6.329,6.664,6.608,6.572,6.594,6.537,6.641,6.808,6.283]}
KALIS_PERF {"label":"base","scenario":"stats.weeklyMuscles","profile":"charge","status":"ok","unit":"ms","warmup":2,"values":[22.434,28.327,24.804,22.209,22.131,22.193,22.156,21.766,21.627]}
::endgroup::
::group::✅ L6 banc hôte persistance : saisie, validation, écriture, export, import
KALIS_PERF {"label":"base","scenario":"save.keystroke+flush","profile":"neuf","status":"ok","unit":"ms","warmup":2,"values":[2.92,3.202,2.877,2.841,2.855,2.83,3.491,2.903,2.85]}
KALIS_PERF {"label":"base","scenario":"save.encode.exportAll","profile":"neuf","status":"ok","unit":"ms","warmup":2,"values":[2.666,2.704,2.675,2.919,2.699,2.697,2.682,2.673,2.96]}
KALIS_PERF {"label":"base","scenario":"save.toggleSet+derive+flush","profile":"neuf","status":"ok","unit":"ms","warmup":2,"values":[3.199,3.91,4.909,4.892,5.673,5.057,6.366,3.508,5.732]}
KALIS_PERF {"label":"base","scenario":"save.keystroke+flush","profile":"regulier","status":"ok","unit":"ms","warmup":2,"values":[22.542,9.15,8.419,9.287,8.341,8.47,8.144,8.48,8.537]}
KALIS_PERF {"label":"base","scenario":"save.encode.exportAll","profile":"regulier","status":"ok","unit":"ms","warmup":2,"values":[5.388,5.172,5.964,5.573,6.202,5.541,5.153,5.292,5.221]}
KALIS_PERF {"label":"base","scenario":"save.toggleSet+derive+flush","profile":"regulier","status":"ok","unit":"ms","warmup":2,"values":[13.401,13.699,17.916,33.463,33.174,17.456,13.867,13.63,13.414]}
KALIS_PERF {"label":"base","scenario":"import.preview","profile":"regulier","status":"ok","unit":"ms","warmup":2,"values":[31.131,19.652,18.684,18.963,22.486]}
KALIS_PERF {"label":"base","scenario":"import.apply","profile":"regulier","status":"ok","unit":"ms","warmup":2,"values":[73.02,67.589,65.992,66.059,121.348]}
KALIS_PERF {"label":"base","scenario":"save.keystroke+flush","profile":"long","status":"ok","unit":"ms","warmup":2,"values":[35.309,24.068,24.24,23.771,26.947,38.052,24.208,24.41,24.237]}
KALIS_PERF {"label":"base","scenario":"save.encode.exportAll","profile":"long","status":"ok","unit":"ms","warmup":2,"values":[13.081,26.37,15.047,13.415,13.174,13.59,13.102,13.119,13.22]}
KALIS_PERF {"label":"base","scenario":"save.toggleSet+derive+flush","profile":"long","status":"ok","unit":"ms","warmup":2,"values":[73.273,38.646,39.759,38.382,41.325,72.059,39.293,38.967,38.932]}
KALIS_PERF {"label":"base","scenario":"import.preview","profile":"long","status":"ok","unit":"ms","warmup":2,"values":[89.959,72.988,91.404,72.871,87.676]}
KALIS_PERF {"label":"base","scenario":"import.apply","profile":"long","status":"ok","unit":"ms","warmup":2,"values":[222.197,224.079,221.771,236.397,215.461]}
KALIS_PERF {"label":"base","scenario":"save.keystroke+flush","profile":"charge","status":"ok","unit":"ms","warmup":2,"values":[90.725,68.076,110.541,70.617,88.535,84.445,70.258,87.715,85.067]}
KALIS_PERF {"label":"base","scenario":"save.encode.exportAll","profile":"charge","status":"ok","unit":"ms","warmup":2,"values":[41.368,53.78,40.727,56.333,48.945,48.978,42.499,61.433,42.535]}
KALIS_PERF {"label":"base","scenario":"save.toggleSet+derive+flush","profile":"charge","status":"ok","unit":"ms","warmup":2,"values":[144.106,145.015,138.11,141.276,140.936,154.512,146.861,124.565,122.609]}
KALIS_PERF {"label":"base","scenario":"import.preview","profile":"charge","status":"ok","unit":"ms","warmup":2,"values":[263.264,253.674,273.995,247.737,272.156]}
KALIS_PERF {"label":"base","scenario":"import.apply","profile":"charge","status":"ok","unit":"ms","warmup":2,"values":[513.693,522.996,531.353,528.345,517.195]}
::endgroup::
::group::✅ L6 banc hôte — écrans (moteur de test, sans GPU) parcours long
KALIS_PERF {"label":"base","scenario":"ui.firstFrame","profile":"long","status":"ok","unit":"ms","warmup":2,"values":[68.826,71.703,60.666,50.81,48.598]}
KALIS_PERF {"label":"base","scenario":"ui.nav.firstVisit","profile":"long","status":"ok","unit":"ms","values":{"stats":[103.868,71.395,61.753],"statsSections":[84.527,118.706,175.178,48.98,48.85,78.434,25.365,49.402,80.863],"arsenal":[235.546,80.222,94.959],"programmeReturn":[117.03,70.351,67.686]}}
KALIS_PERF {"label":"base","scenario":"ui.stats.visibleNotify","profile":"long","status":"ok","unit":"ms","warmup":2,"values":[80.403,87.2,72.564,66.059,68.672,131.619,176.468,125.525,102.055,70.691]}
KALIS_PERF {"label":"base","scenario":"ui.session","profile":"long","status":"ok","unit":"ms","values":{"keystroke":[100.737,91.566,68.088,98.561,63.041,52.515,47.796,49.438,61.304,52.566,62.63,54.323,46.293,48.378,43.117,66.658,50.224,42.761,57.885,40.282],"toggleSet":[181.365,120.263,211.403,147.228,192.539,142.382,74.835,171.852],"popFirstFrame":[20.127,13.489,12.694,11.077],"popSettle":[45.547,42.609,40.375,36.322]}}
KALIS_PERF {"label":"base","scenario":"ui.catalog.open","profile":"long","status":"ok","unit":"ms","warmup":2,"values":[60.782,54.307,60.074,137.772,61.928]}
KALIS_PERF {"label":"base","scenario":"ui.catalog.search","profile":"long","status":"ok","unit":"ms","warmup":2,"values":[62.204,33.38,38.323,34.193,40.224]}
KALIS_PERF {"label":"base","scenario":"ui.catalog.scroll60","profile":"long","status":"ok","unit":"ms","warmup":2,"values":[43.605,30.982,32.409,31.634,38.652]}
KALIS_PERF {"label":"base","scenario":"ui.appearance.switch","profile":"long","status":"ok","unit":"ms","warmup":2,"values":[203.321,176.865,116.013,171.425,141.301]}
KALIS_PERF {"label":"base","scenario":"ui.memory.rss10cycles","profile":"long","status":"ok","unit":"bytes","values":[466296832,525262848],"note":"RSS hôte avant/après 10 cycles, GC non forcé"}
::endgroup::
::group::✅ L6 banc hôte — écrans (moteur de test, sans GPU) parcours charge
KALIS_PERF {"label":"base","scenario":"ui.firstFrame","profile":"charge","status":"ok","unit":"ms","warmup":2,"values":[33.03,29.219,28.821,32.068,32.94]}
KALIS_PERF {"label":"base","scenario":"ui.nav.firstVisit","profile":"charge","status":"ok","unit":"ms","values":{"stats":[55.001,21.416,32.681],"statsSections":[36.301,97.721,120.537,14.67,41.243,59.224,28.094,58.329,58.474],"arsenal":[181.07,66.597,70.196],"programmeReturn":[82.434,216.762,62.834]}}
KALIS_PERF {"label":"base","scenario":"ui.stats.visibleNotify","profile":"charge","status":"ok","unit":"ms","warmup":2,"values":[93.455,95.462,102.198,89.684,90.143,89.355,94.88,96.494,91.934,108.227]}
KALIS_PERF {"label":"base","scenario":"ui.session","profile":"charge","status":"ok","unit":"ms","values":{"keystroke":[54.032,48.146,50.187,50.428,51.994,91.722,77.689,50.234,49.497,51.46,87.683,78.545,52.303,52.675,51.991,89.129,92.12,58.038,51.308,52.08],"toggleSet":[96.894,311.876,88.714,98.234,95.806,111.889,102.091,103.716],"popFirstFrame":[10.206,21.932,10.279,22.583],"popSettle":[117.442,185.852,84.941,86.369]}}
KALIS_PERF {"label":"base","scenario":"ui.catalog.open","profile":"charge","status":"ok","unit":"ms","warmup":2,"values":[52.197,79.041,143.95,51.708,50.541]}
KALIS_PERF {"label":"base","scenario":"ui.catalog.search","profile":"charge","status":"ok","unit":"ms","warmup":2,"values":[22.637,25.679,26.291,27.086,31.57]}
KALIS_PERF {"label":"base","scenario":"ui.catalog.scroll60","profile":"charge","status":"ok","unit":"ms","warmup":2,"values":[21.767,22.014,20.0,20.823,24.306]}
KALIS_PERF {"label":"base","scenario":"ui.appearance.switch","profile":"charge","status":"ok","unit":"ms","warmup":2,"values":[263.083,229.014,241.105,261.929,179.213]}
KALIS_PERF {"label":"base","scenario":"ui.memory.rss10cycles","profile":"charge","status":"ok","unit":"bytes","values":[635801600,700387328],"note":"RSS hôte avant/après 10 cycles, GC non forcé"}
::endgroup::
✅ L6 banc hôte — cohérence des profils

🎉 8 tests passed.
