
::group::✅ L6 banc hôte (setUpAll)
KALIS_PERF {"label":"cand","scenario":"meta","profile":"-","status":"ok","dart":"3.7.2 (stable) (Tue Mar 11 04:27:50 2025 -0700) on \"linux_x64\"","os":"linux Linux 6.17.0-1022-azure #22-Ubuntu SMP Mon Jul 27 17:24:03 UTC 2026","cpus":2,"n":9,"warmup":2,"seed":20260926,"inventory":{"neuf":{"seances":0,"series":0,"resultatsWod":0,"wodPerso":0},"regulier":{"seances":86,"series":1877,"resultatsWod":40,"wodPerso":0,"wodModifies":0,"achats":10,"seancesPersoModeles":20},"long":{"seances":320,"series":6587,"resultatsWod":300,"wodPerso":0,"wodModifies":0,"achats":30,"seancesPersoModeles":60},"charge":{"seances":840,"series":20347,"resultatsWod":1500,"wodPerso":50,"wodModifies":30,"achats":150,"seancesPersoModeles":150}},"storedBytes":{"neuf":0,"regulier":30511,"long":103911,"charge":283335},"exportBytes":{"regulier":256718,"long":919942,"charge":2916052}}
::endgroup::
::group::✅ L6 banc hôte empreinte des résultats métier
KALIS_PERF {"label":"cand","scenario":"digest","profile":"neuf","status":"ok","unit":"digest","values":{"export":"24e5920facda1d25","xp":0,"level":1,"credits":3,"wodLevels":"4137b7190bb9a8f7","estimates":"527ad85574e530f8","history":"-340d631b7bdddcdb","muscles":"3a392c97dd457cb6","bests":"-340d631b7bdddcdb","recommended":"6fa61ffa929209a3"}}
KALIS_PERF {"label":"cand","scenario":"digest","profile":"regulier","status":"ok","unit":"digest","values":{"export":"1421c5e759f2d86b","xp":0,"level":1,"credits":3,"wodLevels":"4137b7190bb9a8f7","estimates":"527ad85574e530f8","history":"-340d631b7bdddcdb","muscles":"3a392c97dd457cb6","bests":"-340d631b7bdddcdb","recommended":"6fa61ffa929209a3"}}
KALIS_PERF {"label":"cand","scenario":"digest","profile":"long","status":"ok","unit":"digest","values":{"export":"29492838ba63ce10","xp":70135,"level":51,"credits":111,"wodLevels":"4137b7190bb9a8f7","estimates":"527ad85574e530f8","history":"-e4f854e47a64d82","muscles":"-4adf6367afc0a2a","bests":"-12b9593e787b9f58","recommended":"-69e8b78a735b219a"}}
KALIS_PERF {"label":"cand","scenario":"digest","profile":"charge","status":"ok","unit":"digest","values":{"export":"-6659f4e7323d2581","xp":70135,"level":51,"credits":111,"wodLevels":"4137b7190bb9a8f7","estimates":"527ad85574e530f8","history":"-e4f854e47a64d82","muscles":"-4adf6367afc0a2a","bests":"-12b9593e787b9f58","recommended":"-69e8b78a735b219a"}}
::endgroup::
::group::✅ L6 banc hôte démarrage : lecture du stockage, migrations, catalogue
KALIS_PERF {"label":"cand","scenario":"store.init","profile":"neuf","status":"ok","unit":"ms","warmup":2,"values":[42.714,75.177,47.534,34.024,28.149,25.472,67.816,48.248,26.662]}
KALIS_PERF {"label":"cand","scenario":"store.init","profile":"regulier","status":"ok","unit":"ms","warmup":2,"values":[55.632,45.945,106.392,56.705,45.795,106.069,58.314,48.71,107.239]}
KALIS_PERF {"label":"cand","scenario":"store.init","profile":"long","status":"ok","unit":"ms","warmup":2,"values":[127.298,100.588,121.491,79.842,150.605,128.803,91.51,121.083,85.437]}
KALIS_PERF {"label":"cand","scenario":"store.init","profile":"charge","status":"ok","unit":"ms","warmup":2,"values":[235.148,221.016,220.578,235.012,245.682,230.325,220.62,222.925,228.628]}
::endgroup::
::group::✅ L6 banc hôte catalogue : génération et estimations
KALIS_PERF {"label":"cand","scenario":"catalog.generate","profile":"-","status":"ok","unit":"ms","warmup":2,"values":[2.512,2.532,2.51,2.978,2.791,2.496,2.428,2.453,2.779],"wods":1000}
KALIS_PERF {"label":"cand","scenario":"catalog.rank","profile":"long","status":"ok","unit":"ms","warmup":2,"values":[10.028,9.651,9.597,9.419,11.164,9.089,8.894,8.615,8.434]}
KALIS_PERF {"label":"cand","scenario":"catalog.estimate.pass2","profile":"long","status":"ok","unit":"ms","warmup":2,"values":[0.179,0.228,0.625,0.21,0.221,0.208,0.208,0.182,0.176],"wods":1000}
KALIS_PERF {"label":"cand","scenario":"catalog.estimate.pass2","profile":"charge","status":"ok","unit":"ms","warmup":2,"values":[0.137,0.135,0.145,0.139,0.142,0.136,0.129,0.145,0.145],"wods":1050}
KALIS_PERF {"label":"cand","scenario":"catalog.wodStats.all","profile":"long","status":"ok","unit":"ms","warmup":2,"values":[0.691,0.611,0.563,0.904,0.631,0.611,0.591,0.625,0.664]}
KALIS_PERF {"label":"cand","scenario":"catalog.recommended","profile":"long","status":"ok","unit":"ms","warmup":2,"values":[15.656,15.132,15.044,15.268,15.29,14.852,14.783,14.789,14.314]}
::endgroup::
::group::✅ L6 banc hôte STATS : dérivés recalculés après une modification
KALIS_PERF {"label":"cand","scenario":"derive.progression","profile":"neuf","status":"ok","unit":"ms","warmup":2,"values":[0.078,0.061,0.063,0.057,0.058,0.065,0.104,0.073,0.059]}
KALIS_PERF {"label":"cand","scenario":"derive.progression+game","profile":"neuf","status":"ok","unit":"ms","warmup":2,"values":[0.249,0.377,0.326,0.271,0.265,0.237,0.22,0.222,0.578]}
KALIS_PERF {"label":"cand","scenario":"stats.history","profile":"neuf","status":"ok","unit":"ms","warmup":2,"values":[0.024,0.025,0.025,0.023,0.025,0.025,0.027,0.025,0.025]}
KALIS_PERF {"label":"cand","scenario":"stats.exerciseBests","profile":"neuf","status":"ok","unit":"ms","warmup":2,"values":[0.0,0.0,0.0,0.0,0.0,0.0,0.0,0.0,0.0]}
KALIS_PERF {"label":"cand","scenario":"stats.weeklyMuscles","profile":"neuf","status":"ok","unit":"ms","warmup":2,"values":[0.05,0.044,0.04,0.06,0.05,0.048,0.047,0.05,0.051]}
KALIS_PERF {"label":"cand","scenario":"derive.progression","profile":"regulier","status":"ok","unit":"ms","warmup":2,"values":[2.188,2.125,2.116,2.127,2.408,2.098,2.126,2.143,2.124]}
KALIS_PERF {"label":"cand","scenario":"derive.progression+game","profile":"regulier","status":"ok","unit":"ms","warmup":2,"values":[3.714,3.722,3.688,3.982,3.876,3.752,4.062,3.765,3.749]}
KALIS_PERF {"label":"cand","scenario":"stats.history","profile":"regulier","status":"ok","unit":"ms","warmup":2,"values":[0.337,0.291,0.197,0.189,0.236,0.174,0.165,0.193,0.185]}
KALIS_PERF {"label":"cand","scenario":"stats.exerciseBests","profile":"regulier","status":"ok","unit":"ms","warmup":2,"values":[1.772,1.463,1.032,1.097,0.999,0.976,0.994,0.988,1.531]}
KALIS_PERF {"label":"cand","scenario":"stats.weeklyMuscles","profile":"regulier","status":"ok","unit":"ms","warmup":2,"values":[1.758,1.719,1.769,1.785,1.735,1.742,1.776,2.199,1.83]}
KALIS_PERF {"label":"cand","scenario":"derive.progression","profile":"long","status":"ok","unit":"ms","warmup":2,"values":[10.775,8.323,8.099,8.765,7.802,7.972,7.734,7.923,7.708]}
KALIS_PERF {"label":"cand","scenario":"derive.progression+game","profile":"long","status":"ok","unit":"ms","warmup":2,"values":[13.247,13.267,13.548,13.587,13.955,14.276,14.186,13.865,14.075]}
KALIS_PERF {"label":"cand","scenario":"stats.history","profile":"long","status":"ok","unit":"ms","warmup":2,"values":[0.849,1.238,1.406,1.606,0.814,0.955,0.794,0.919,0.812]}
KALIS_PERF {"label":"cand","scenario":"stats.exerciseBests","profile":"long","status":"ok","unit":"ms","warmup":2,"values":[3.656,4.098,3.624,3.878,3.633,3.962,3.625,3.83,3.633]}
KALIS_PERF {"label":"cand","scenario":"stats.weeklyMuscles","profile":"long","status":"ok","unit":"ms","warmup":2,"values":[6.542,7.936,6.72,6.474,6.812,6.715,6.776,6.834,10.354]}
KALIS_PERF {"label":"cand","scenario":"derive.progression","profile":"charge","status":"ok","unit":"ms","warmup":2,"values":[24.875,25.065,24.739,25.188,24.952,25.654,25.912,23.453,23.908]}
KALIS_PERF {"label":"cand","scenario":"derive.progression+game","profile":"charge","status":"ok","unit":"ms","warmup":2,"values":[33.336,33.809,33.976,33.39,33.661,33.559,34.246,35.372,33.618]}
KALIS_PERF {"label":"cand","scenario":"stats.history","profile":"charge","status":"ok","unit":"ms","warmup":2,"values":[3.208,3.181,3.201,3.544,3.23,3.28,3.205,3.223,3.23]}
KALIS_PERF {"label":"cand","scenario":"stats.exerciseBests","profile":"charge","status":"ok","unit":"ms","warmup":2,"values":[6.103,6.086,5.926,6.504,6.085,6.146,5.931,6.002,6.1]}
KALIS_PERF {"label":"cand","scenario":"stats.weeklyMuscles","profile":"charge","status":"ok","unit":"ms","warmup":2,"values":[19.163,22.918,20.135,19.062,19.154,19.1,19.248,19.283,20.002]}
::endgroup::
::group::✅ L6 banc hôte persistance : saisie, validation, écriture, export, import
KALIS_PERF {"label":"cand","scenario":"save.keystroke+flush","profile":"neuf","status":"ok","unit":"ms","warmup":2,"values":[0.285,0.275,0.261,0.244,0.236,0.234,0.282,0.335,0.265]}
KALIS_PERF {"label":"cand","scenario":"save.encode.exportAll","profile":"neuf","status":"ok","unit":"ms","warmup":2,"values":[0.116,0.119,0.144,0.144,0.121,0.114,0.12,0.114,0.118]}
KALIS_PERF {"label":"cand","scenario":"save.toggleSet+derive+flush","profile":"neuf","status":"ok","unit":"ms","warmup":2,"values":[0.566,0.501,0.71,0.693,0.797,0.8,0.773,0.696,0.77]}
KALIS_PERF {"label":"cand","scenario":"save.keystroke+flush","profile":"regulier","status":"ok","unit":"ms","warmup":2,"values":[5.777,6.074,5.759,7.523,11.066,13.757,11.954,6.036,5.699]}
KALIS_PERF {"label":"cand","scenario":"save.encode.exportAll","profile":"regulier","status":"ok","unit":"ms","warmup":2,"values":[3.431,2.623,2.651,2.596,2.678,2.6,3.079,2.62,2.695]}
KALIS_PERF {"label":"cand","scenario":"save.toggleSet+derive+flush","profile":"regulier","status":"ok","unit":"ms","warmup":2,"values":[9.447,9.811,9.573,9.802,9.504,9.686,9.513,10.048,11.281]}
KALIS_PERF {"label":"cand","scenario":"import.preview","profile":"regulier","status":"ok","unit":"ms","warmup":2,"values":[31.463,17.783,16.403,16.495,16.675]}
KALIS_PERF {"label":"cand","scenario":"import.apply","profile":"regulier","status":"ok","unit":"ms","warmup":2,"values":[47.771,47.062,99.518,66.45,47.727]}
KALIS_PERF {"label":"cand","scenario":"save.keystroke+flush","profile":"long","status":"ok","unit":"ms","warmup":2,"values":[21.428,19.395,23.772,33.481,19.702,19.493,22.287,24.179,31.189]}
KALIS_PERF {"label":"cand","scenario":"save.encode.exportAll","profile":"long","status":"ok","unit":"ms","warmup":2,"values":[9.639,11.704,9.266,9.453,12.068,9.306,9.887,11.876,9.231]}
KALIS_PERF {"label":"cand","scenario":"save.toggleSet+derive+flush","profile":"long","status":"ok","unit":"ms","warmup":2,"values":[32.763,34.958,46.103,56.943,36.169,32.873,34.751,35.855,64.783]}
KALIS_PERF {"label":"cand","scenario":"import.preview","profile":"long","status":"ok","unit":"ms","warmup":2,"values":[79.898,76.728,84.602,84.119,65.82]}
KALIS_PERF {"label":"cand","scenario":"import.apply","profile":"long","status":"ok","unit":"ms","warmup":2,"values":[151.322,202.368,197.227,182.669,137.882]}
KALIS_PERF {"label":"cand","scenario":"save.keystroke+flush","profile":"charge","status":"ok","unit":"ms","warmup":2,"values":[62.701,84.958,81.035,62.201,94.568,70.981,68.632,81.365,86.632]}
KALIS_PERF {"label":"cand","scenario":"save.encode.exportAll","profile":"charge","status":"ok","unit":"ms","warmup":2,"values":[65.385,39.83,54.698,33.231,57.919,40.211,52.083,41.336,44.972]}
KALIS_PERF {"label":"cand","scenario":"save.toggleSet+derive+flush","profile":"charge","status":"ok","unit":"ms","warmup":2,"values":[121.556,120.276,133.148,125.44,151.743,126.861,152.177,131.211,124.044]}
KALIS_PERF {"label":"cand","scenario":"import.preview","profile":"charge","status":"ok","unit":"ms","warmup":2,"values":[230.411,252.071,239.222,262.157,253.127]}
KALIS_PERF {"label":"cand","scenario":"import.apply","profile":"charge","status":"ok","unit":"ms","warmup":2,"values":[463.985,463.922,466.042,494.622,531.676]}
::endgroup::
::group::✅ L6 banc hôte — écrans (moteur de test, sans GPU) parcours long
KALIS_PERF {"label":"cand","scenario":"ui.firstFrame","profile":"long","status":"ok","unit":"ms","warmup":2,"values":[64.922,68.779,61.523,50.64,45.866]}
KALIS_PERF {"label":"cand","scenario":"ui.nav.firstVisit","profile":"long","status":"ok","unit":"ms","values":{"stats":[100.675,69.649,46.529],"statsSections":[106.783,120.145,174.696,47.042,48.727,79.879,46.216,62.412,88.026],"arsenal":[263.374,93.9,109.901],"programmeReturn":[130.229,82.401,87.912]}}
KALIS_PERF {"label":"cand","scenario":"ui.stats.visibleNotify","profile":"long","status":"ok","unit":"ms","warmup":2,"values":[50.171,57.64,51.281,54.117,55.038,49.762,47.967,53.269,47.03,49.569]}
KALIS_PERF {"label":"cand","scenario":"ui.session","profile":"long","status":"ok","unit":"ms","values":{"keystroke":[0.037,0.032,0.033,0.03,0.062,0.076,0.06,0.053,0.048,0.042,0.052,0.05,0.049,0.048,0.046,0.035,0.033,0.032,0.072,0.058],"toggleSet":[0.04,0.036,0.057,0.059,0.053,0.051,0.034,0.034],"popFirstFrame":[77.145,105.499,32.76,31.74],"popSettle":[68.371,58.498,47.416,121.292]}}
KALIS_PERF {"label":"cand","scenario":"ui.catalog.open","profile":"long","status":"ok","unit":"ms","warmup":2,"values":[70.856,70.968,68.309,69.42,63.038]}
KALIS_PERF {"label":"cand","scenario":"ui.catalog.search","profile":"long","status":"ok","unit":"ms","warmup":2,"values":[63.142,42.756,42.309,40.894,37.939]}
KALIS_PERF {"label":"cand","scenario":"ui.catalog.scroll60","profile":"long","status":"ok","unit":"ms","warmup":2,"values":[41.294,33.498,28.327,32.027,58.674]}
KALIS_PERF {"label":"cand","scenario":"ui.appearance.switch","profile":"long","status":"ok","unit":"ms","warmup":2,"values":[128.386,305.52,140.223,110.996,249.07]}
KALIS_PERF {"label":"cand","scenario":"ui.memory.rss10cycles","profile":"long","status":"ok","unit":"bytes","values":[471478272,519950336],"note":"RSS hôte avant/après 10 cycles, GC non forcé"}
::endgroup::
::group::✅ L6 banc hôte — écrans (moteur de test, sans GPU) parcours charge
KALIS_PERF {"label":"cand","scenario":"ui.firstFrame","profile":"charge","status":"ok","unit":"ms","warmup":2,"values":[32.723,31.765,29.906,29.032,30.179]}
KALIS_PERF {"label":"cand","scenario":"ui.nav.firstVisit","profile":"charge","status":"ok","unit":"ms","values":{"stats":[42.775,21.806,31.131],"statsSections":[44.813,109.441,109.523,14.385,43.659,63.709,27.038,69.653,97.592],"arsenal":[173.592,72.994,91.577],"programmeReturn":[90.894,162.129,71.522]}}
KALIS_PERF {"label":"cand","scenario":"ui.stats.visibleNotify","profile":"charge","status":"ok","unit":"ms","warmup":2,"values":[85.703,84.82,83.413,84.797,83.206,81.333,82.593,84.102,81.894,82.158]}
KALIS_PERF {"label":"cand","scenario":"ui.session","profile":"charge","status":"ok","unit":"ms","values":{"keystroke":[0.024,0.03,0.022,0.022,0.022,0.056,0.029,0.024,0.026,0.026,0.025,0.025,0.023,0.023,0.023,0.038,0.039,0.034,0.033,0.032],"toggleSet":[0.03,0.026,0.027,0.026,0.026,0.027,0.025,0.024],"popFirstFrame":[54.605,141.234,155.295,29.561],"popSettle":[182.603,126.561,104.723,215.007]}}
KALIS_PERF {"label":"cand","scenario":"ui.catalog.open","profile":"charge","status":"ok","unit":"ms","warmup":2,"values":[55.665,52.675,53.17,52.481,51.854]}
KALIS_PERF {"label":"cand","scenario":"ui.catalog.search","profile":"charge","status":"ok","unit":"ms","warmup":2,"values":[28.132,135.401,31.41,28.479,27.989]}
KALIS_PERF {"label":"cand","scenario":"ui.catalog.scroll60","profile":"charge","status":"ok","unit":"ms","warmup":2,"values":[23.445,20.754,20.175,20.471,21.517]}
KALIS_PERF {"label":"cand","scenario":"ui.appearance.switch","profile":"charge","status":"ok","unit":"ms","warmup":2,"values":[207.728,425.068,215.83,265.051,192.807]}
KALIS_PERF {"label":"cand","scenario":"ui.memory.rss10cycles","profile":"charge","status":"ok","unit":"bytes","values":[662700032,713224192],"note":"RSS hôte avant/après 10 cycles, GC non forcé"}
::endgroup::
✅ L6 banc hôte — cohérence des profils

🎉 8 tests passed.
