
::group::✅ L6 banc hôte (setUpAll)
KALIS_PERF {"label":"cand","scenario":"meta","profile":"-","status":"ok","dart":"3.7.2 (stable) (Tue Mar 11 04:27:50 2025 -0700) on \"linux_x64\"","os":"linux Linux 6.17.0-1022-azure #22-Ubuntu SMP Mon Jul 27 17:24:03 UTC 2026","cpus":2,"n":9,"warmup":2,"seed":20260926,"inventory":{"neuf":{"seances":0,"series":0,"resultatsWod":0,"wodPerso":0},"regulier":{"seances":86,"series":1877,"resultatsWod":40,"wodPerso":0,"wodModifies":0,"achats":10,"seancesPersoModeles":20},"long":{"seances":320,"series":6587,"resultatsWod":300,"wodPerso":0,"wodModifies":0,"achats":30,"seancesPersoModeles":60},"charge":{"seances":840,"series":20347,"resultatsWod":1500,"wodPerso":50,"wodModifies":30,"achats":150,"seancesPersoModeles":150}},"storedBytes":{"neuf":0,"regulier":30511,"long":103911,"charge":283335},"exportBytes":{"regulier":256718,"long":919942,"charge":2916052}}
::endgroup::
::group::✅ L6 banc hôte empreinte des résultats métier
KALIS_PERF {"label":"cand","scenario":"digest","profile":"neuf","status":"ok","unit":"digest","values":{"export":"24e5920facda1d25","xp":0,"level":1,"credits":3,"wodLevels":"4137b7190bb9a8f7","estimates":"527ad85574e530f8","history":"-340d631b7bdddcdb","muscles":"3a392c97dd457cb6","bests":"-340d631b7bdddcdb","recommended":"6fa61ffa929209a3"}}
KALIS_PERF {"label":"cand","scenario":"digest","profile":"regulier","status":"ok","unit":"digest","values":{"export":"1421c5e759f2d86b","xp":0,"level":1,"credits":3,"wodLevels":"4137b7190bb9a8f7","estimates":"527ad85574e530f8","history":"-340d631b7bdddcdb","muscles":"3a392c97dd457cb6","bests":"-340d631b7bdddcdb","recommended":"6fa61ffa929209a3"}}
KALIS_PERF {"label":"cand","scenario":"digest","profile":"long","status":"ok","unit":"digest","values":{"export":"29492838ba63ce10","xp":70135,"level":51,"credits":111,"wodLevels":"4137b7190bb9a8f7","estimates":"527ad85574e530f8","history":"-e4f854e47a64d82","muscles":"-4adf6367afc0a2a","bests":"-12b9593e787b9f58","recommended":"-69e8b78a735b219a"}}
KALIS_PERF {"label":"cand","scenario":"digest","profile":"charge","status":"ok","unit":"digest","values":{"export":"-6659f4e7323d2581","xp":70135,"level":51,"credits":111,"wodLevels":"4137b7190bb9a8f7","estimates":"527ad85574e530f8","history":"-e4f854e47a64d82","muscles":"-4adf6367afc0a2a","bests":"-12b9593e787b9f58","recommended":"-69e8b78a735b219a"}}
::endgroup::
::group::✅ L6 banc hôte démarrage : lecture du stockage, migrations, catalogue
KALIS_PERF {"label":"cand","scenario":"store.init","profile":"neuf","status":"ok","unit":"ms","warmup":2,"values":[34.927,28.629,29.935,88.936,49.038,33.832,29.777,40.468,68.398]}
KALIS_PERF {"label":"cand","scenario":"store.init","profile":"regulier","status":"ok","unit":"ms","warmup":2,"values":[65.934,89.742,46.152,58.711,96.827,51.779,95.048,64.484,46.858]}
KALIS_PERF {"label":"cand","scenario":"store.init","profile":"long","status":"ok","unit":"ms","warmup":2,"values":[174.864,130.357,98.129,148.046,95.45,129.267,93.961,122.229,83.039]}
KALIS_PERF {"label":"cand","scenario":"store.init","profile":"charge","status":"ok","unit":"ms","warmup":2,"values":[233.413,223.635,237.45,233.345,249.355,231.735,237.676,252.195,246.045]}
::endgroup::
::group::✅ L6 banc hôte catalogue : génération et estimations
KALIS_PERF {"label":"cand","scenario":"catalog.generate","profile":"-","status":"ok","unit":"ms","warmup":2,"values":[5.011,2.214,2.113,2.144,2.654,2.089,2.104,2.112,2.526],"wods":1000}
KALIS_PERF {"label":"cand","scenario":"catalog.rank","profile":"long","status":"ok","unit":"ms","warmup":2,"values":[7.932,7.498,7.503,8.005,7.441,7.468,8.484,9.439,7.519]}
KALIS_PERF {"label":"cand","scenario":"catalog.estimate.pass2","profile":"long","status":"ok","unit":"ms","warmup":2,"values":[0.351,0.201,0.17,0.173,0.173,0.227,0.183,0.155,0.178],"wods":1000}
KALIS_PERF {"label":"cand","scenario":"catalog.estimate.pass2","profile":"charge","status":"ok","unit":"ms","warmup":2,"values":[0.148,0.145,0.153,0.171,0.22,0.145,0.153,0.201,0.141],"wods":1050}
KALIS_PERF {"label":"cand","scenario":"catalog.wodStats.all","profile":"long","status":"ok","unit":"ms","warmup":2,"values":[0.536,0.508,0.503,0.459,0.485,0.441,0.431,0.423,0.443]}
KALIS_PERF {"label":"cand","scenario":"catalog.recommended","profile":"long","status":"ok","unit":"ms","warmup":2,"values":[13.601,13.251,13.245,13.582,13.316,13.14,13.295,13.765,13.392]}
::endgroup::
::group::✅ L6 banc hôte STATS : dérivés recalculés après une modification
KALIS_PERF {"label":"cand","scenario":"derive.progression","profile":"neuf","status":"ok","unit":"ms","warmup":2,"values":[0.067,0.051,0.048,0.072,0.061,0.047,0.093,0.055,0.044]}
KALIS_PERF {"label":"cand","scenario":"derive.progression+game","profile":"neuf","status":"ok","unit":"ms","warmup":2,"values":[0.225,0.232,0.199,0.169,0.164,0.259,0.256,3.742,0.315]}
KALIS_PERF {"label":"cand","scenario":"stats.history","profile":"neuf","status":"ok","unit":"ms","warmup":2,"values":[0.02,0.042,0.021,0.02,0.02,0.024,0.024,0.024,0.026]}
KALIS_PERF {"label":"cand","scenario":"stats.exerciseBests","profile":"neuf","status":"ok","unit":"ms","warmup":2,"values":[0.0,0.0,0.0,0.0,0.0,0.0,0.0,0.0,0.0]}
KALIS_PERF {"label":"cand","scenario":"stats.weeklyMuscles","profile":"neuf","status":"ok","unit":"ms","warmup":2,"values":[0.038,0.039,0.036,0.033,0.416,0.092,0.043,0.036,0.045]}
KALIS_PERF {"label":"cand","scenario":"derive.progression","profile":"regulier","status":"ok","unit":"ms","warmup":2,"values":[2.101,2.539,2.077,2.019,2.022,2.04,2.032,1.998,2.648]}
KALIS_PERF {"label":"cand","scenario":"derive.progression+game","profile":"regulier","status":"ok","unit":"ms","warmup":2,"values":[3.591,3.868,3.548,3.566,3.51,3.775,3.677,3.573,3.678]}
KALIS_PERF {"label":"cand","scenario":"stats.history","profile":"regulier","status":"ok","unit":"ms","warmup":2,"values":[0.334,0.276,0.188,0.164,0.252,0.164,0.156,0.183,0.163]}
KALIS_PERF {"label":"cand","scenario":"stats.exerciseBests","profile":"regulier","status":"ok","unit":"ms","warmup":2,"values":[1.504,1.489,1.2,1.103,1.179,1.007,0.973,0.963,0.971]}
KALIS_PERF {"label":"cand","scenario":"stats.weeklyMuscles","profile":"regulier","status":"ok","unit":"ms","warmup":2,"values":[1.696,1.967,1.794,1.853,1.697,1.772,1.8,1.793,1.694]}
KALIS_PERF {"label":"cand","scenario":"derive.progression","profile":"long","status":"ok","unit":"ms","warmup":2,"values":[7.685,7.439,7.579,7.335,7.557,7.392,7.523,7.36,7.555]}
KALIS_PERF {"label":"cand","scenario":"derive.progression+game","profile":"long","status":"ok","unit":"ms","warmup":2,"values":[12.513,12.566,12.653,12.853,12.551,12.762,12.925,12.687,13.18]}
KALIS_PERF {"label":"cand","scenario":"stats.history","profile":"long","status":"ok","unit":"ms","warmup":2,"values":[0.809,1.128,1.301,1.319,0.974,0.855,0.757,0.854,0.989]}
KALIS_PERF {"label":"cand","scenario":"stats.exerciseBests","profile":"long","status":"ok","unit":"ms","warmup":2,"values":[3.476,3.289,3.459,3.293,3.621,3.281,3.24,3.425,3.284]}
KALIS_PERF {"label":"cand","scenario":"stats.weeklyMuscles","profile":"long","status":"ok","unit":"ms","warmup":2,"values":[6.041,7.641,5.895,5.828,6.449,5.867,6.465,6.415,9.192]}
KALIS_PERF {"label":"cand","scenario":"derive.progression","profile":"charge","status":"ok","unit":"ms","warmup":2,"values":[24.121,23.581,23.637,23.847,23.768,23.66,23.464,24.072,23.918]}
KALIS_PERF {"label":"cand","scenario":"derive.progression+game","profile":"charge","status":"ok","unit":"ms","warmup":2,"values":[34.272,34.296,33.558,34.115,35.028,34.142,33.552,36.25,33.948]}
KALIS_PERF {"label":"cand","scenario":"stats.history","profile":"charge","status":"ok","unit":"ms","warmup":2,"values":[3.557,3.385,3.336,3.29,3.297,3.804,3.267,3.339,3.331]}
KALIS_PERF {"label":"cand","scenario":"stats.exerciseBests","profile":"charge","status":"ok","unit":"ms","warmup":2,"values":[6.227,6.376,6.333,6.532,6.217,6.297,6.299,6.263,6.313]}
KALIS_PERF {"label":"cand","scenario":"stats.weeklyMuscles","profile":"charge","status":"ok","unit":"ms","warmup":2,"values":[19.787,23.461,20.386,19.699,19.52,19.236,19.28,19.271,19.357]}
::endgroup::
::group::✅ L6 banc hôte persistance : saisie, validation, écriture, export, import
KALIS_PERF {"label":"cand","scenario":"save.keystroke+flush","profile":"neuf","status":"ok","unit":"ms","warmup":2,"values":[0.301,0.262,0.247,0.239,0.261,0.235,0.24,0.309,0.285]}
KALIS_PERF {"label":"cand","scenario":"save.encode.exportAll","profile":"neuf","status":"ok","unit":"ms","warmup":2,"values":[0.118,0.111,0.111,0.131,0.119,0.111,0.109,0.128,0.12]}
KALIS_PERF {"label":"cand","scenario":"save.toggleSet+derive+flush","profile":"neuf","status":"ok","unit":"ms","warmup":2,"values":[0.614,0.487,0.714,0.707,0.876,0.804,0.739,0.703,0.767]}
KALIS_PERF {"label":"cand","scenario":"save.keystroke+flush","profile":"regulier","status":"ok","unit":"ms","warmup":2,"values":[5.831,5.851,6.278,6.226,5.889,6.659,8.76,10.045,12.914]}
KALIS_PERF {"label":"cand","scenario":"save.encode.exportAll","profile":"regulier","status":"ok","unit":"ms","warmup":2,"values":[2.622,2.678,3.254,2.6,2.623,2.74,2.734,2.692,3.042]}
KALIS_PERF {"label":"cand","scenario":"save.toggleSet+derive+flush","profile":"regulier","status":"ok","unit":"ms","warmup":2,"values":[9.488,9.987,9.588,10.096,9.494,10.035,9.43,9.764,11.349]}
KALIS_PERF {"label":"cand","scenario":"import.preview","profile":"regulier","status":"ok","unit":"ms","warmup":2,"values":[35.594,41.547,17.872,16.502,16.982]}
KALIS_PERF {"label":"cand","scenario":"import.apply","profile":"regulier","status":"ok","unit":"ms","warmup":2,"values":[46.962,46.771,55.366,92.401,47.461]}
KALIS_PERF {"label":"cand","scenario":"save.keystroke+flush","profile":"long","status":"ok","unit":"ms","warmup":2,"values":[20.792,23.434,24.853,30.454,22.146,20.297,20.234,26.83,32.37]}
KALIS_PERF {"label":"cand","scenario":"save.encode.exportAll","profile":"long","status":"ok","unit":"ms","warmup":2,"values":[9.411,10.278,11.604,9.382,9.575,11.695,9.361,9.644,11.758]}
KALIS_PERF {"label":"cand","scenario":"save.toggleSet+derive+flush","profile":"long","status":"ok","unit":"ms","warmup":2,"values":[32.59,33.651,40.122,63.571,35.026,33.559,33.253,40.19,67.13]}
KALIS_PERF {"label":"cand","scenario":"import.preview","profile":"long","status":"ok","unit":"ms","warmup":2,"values":[65.97,88.154,66.834,86.065,66.453]}
KALIS_PERF {"label":"cand","scenario":"import.apply","profile":"long","status":"ok","unit":"ms","warmup":2,"values":[136.364,206.856,212.838,200.372,183.577]}
KALIS_PERF {"label":"cand","scenario":"save.keystroke+flush","profile":"charge","status":"ok","unit":"ms","warmup":2,"values":[95.472,76.254,65.587,76.529,85.586,74.886,62.794,76.437,75.601]}
KALIS_PERF {"label":"cand","scenario":"save.encode.exportAll","profile":"charge","status":"ok","unit":"ms","warmup":2,"values":[57.329,33.487,54.614,32.04,51.382,37.636,49.823,37.188,50.54]}
KALIS_PERF {"label":"cand","scenario":"save.toggleSet+derive+flush","profile":"charge","status":"ok","unit":"ms","warmup":2,"values":[119.416,149.866,132.808,121.737,147.231,125.076,116.795,140.667,134.522]}
KALIS_PERF {"label":"cand","scenario":"import.preview","profile":"charge","status":"ok","unit":"ms","warmup":2,"values":[280.417,268.018,274.052,262.416,245.398]}
KALIS_PERF {"label":"cand","scenario":"import.apply","profile":"charge","status":"ok","unit":"ms","warmup":2,"values":[513.829,471.02,496.962,486.285,474.187]}
::endgroup::
::group::✅ L6 banc hôte — écrans (moteur de test, sans GPU) parcours long
KALIS_PERF {"label":"cand","scenario":"ui.firstFrame","profile":"long","status":"ok","unit":"ms","warmup":2,"values":[76.745,82.128,70.395,53.107,46.547]}
KALIS_PERF {"label":"cand","scenario":"ui.nav.firstVisit","profile":"long","status":"ok","unit":"ms","values":{"stats":[109.168,73.919,77.465],"statsSections":[98.697,117.326,175.425,46.548,48.803,81.988,29.671,60.668,83.053],"arsenal":[258.472,100.529,110.398],"programmeReturn":[136.353,79.344,80.914]}}
KALIS_PERF {"label":"cand","scenario":"ui.stats.visibleNotify","profile":"long","status":"ok","unit":"ms","warmup":2,"values":[50.03,54.645,49.736,52.175,49.751,45.181,47.988,49.331,45.212,46.895]}
KALIS_PERF {"label":"cand","scenario":"ui.session","profile":"long","status":"ok","unit":"ms","values":{"keystroke":[0.036,0.047,0.034,0.033,0.031,0.06,0.067,0.084,0.098,0.065,0.053,0.064,0.053,0.043,0.047,0.039,0.036,0.037,0.053,0.08],"toggleSet":[0.037,0.034,0.055,0.058,0.073,0.066,0.039,0.038],"popFirstFrame":[71.111,80.565,48.083,16.703],"popSettle":[63.972,52.785,53.611,40.584]}}
KALIS_PERF {"label":"cand","scenario":"ui.catalog.open","profile":"long","status":"ok","unit":"ms","warmup":2,"values":[68.189,66.88,65.784,68.559,67.054]}
KALIS_PERF {"label":"cand","scenario":"ui.catalog.search","profile":"long","status":"ok","unit":"ms","warmup":2,"values":[66.985,43.25,43.21,40.668,36.513]}
KALIS_PERF {"label":"cand","scenario":"ui.catalog.scroll60","profile":"long","status":"ok","unit":"ms","warmup":2,"values":[39.141,30.502,29.455,29.423,42.537]}
KALIS_PERF {"label":"cand","scenario":"ui.appearance.switch","profile":"long","status":"ok","unit":"ms","warmup":2,"values":[110.416,197.616,122.468,97.871,159.221]}
KALIS_PERF {"label":"cand","scenario":"ui.memory.rss10cycles","profile":"long","status":"ok","unit":"bytes","values":[488337408,548646912],"note":"RSS hôte avant/après 10 cycles, GC non forcé"}
::endgroup::
::group::✅ L6 banc hôte — écrans (moteur de test, sans GPU) parcours charge
KALIS_PERF {"label":"cand","scenario":"ui.firstFrame","profile":"charge","status":"ok","unit":"ms","warmup":2,"values":[33.131,32.848,29.083,30.582,29.082]}
KALIS_PERF {"label":"cand","scenario":"ui.nav.firstVisit","profile":"charge","status":"ok","unit":"ms","values":{"stats":[36.366,18.478,20.264],"statsSections":[16.783,56.788,63.677,14.01,43.758,58.626,17.272,44.096,67.098],"arsenal":[147.059,65.525,72.385],"programmeReturn":[84.891,57.811,71.349]}}
KALIS_PERF {"label":"cand","scenario":"ui.stats.visibleNotify","profile":"charge","status":"ok","unit":"ms","warmup":2,"values":[80.871,83.163,78.348,80.697,79.929,81.558,81.12,81.09,78.807,264.628]}
KALIS_PERF {"label":"cand","scenario":"ui.session","profile":"charge","status":"ok","unit":"ms","values":{"keystroke":[0.025,0.024,0.024,0.024,0.023,0.333,0.055,0.165,0.151,0.047,0.036,0.033,0.032,0.031,0.031,0.736,0.133,0.37,0.159,0.156],"toggleSet":[0.025,0.025,0.092,0.4,0.034,0.038,0.16,0.05],"popFirstFrame":[30.992,33.298,36.622,38.121],"popSettle":[116.029,101.646,103.768,85.106]}}
KALIS_PERF {"label":"cand","scenario":"ui.catalog.open","profile":"charge","status":"ok","unit":"ms","warmup":2,"values":[56.614,55.051,58.026,57.571,53.136]}
KALIS_PERF {"label":"cand","scenario":"ui.catalog.search","profile":"charge","status":"ok","unit":"ms","warmup":2,"values":[27.858,29.568,27.752,27.362,25.907]}
KALIS_PERF {"label":"cand","scenario":"ui.catalog.scroll60","profile":"charge","status":"ok","unit":"ms","warmup":2,"values":[19.994,20.545,18.463,18.909,22.175]}
KALIS_PERF {"label":"cand","scenario":"ui.appearance.switch","profile":"charge","status":"ok","unit":"ms","warmup":2,"values":[406.69,206.902,258.481,406.115,193.812]}
KALIS_PERF {"label":"cand","scenario":"ui.memory.rss10cycles","profile":"charge","status":"ok","unit":"bytes","values":[686555136,709246976],"note":"RSS hôte avant/après 10 cycles, GC non forcé"}
::endgroup::
✅ L6 banc hôte — cohérence des profils

🎉 8 tests passed.
