Running Gradle task 'assembleDebug'...                          
Warning: Flutter support for your project's Gradle version (8.14.3) will soon be dropped. Please upgrade your Gradle version to a version of at least 9.1.0 soon.
Alternatively, use the flag "--android-skip-build-dependency-validation" to bypass this check.

Potential fix: Your project's gradle version is typically defined in the gradle wrapper file. By default, this can be found at /home/runner/work/streetlift-apk/streetlift-apk/android/gradle/wrapper/gradle-wrapper.properties. 
For more information, see https://docs.gradle.org/current/userguide/gradle_wrapper.html.

Warning: Flutter support for your project's Android Gradle Plugin version (Android Gradle Plugin version 8.12.1) will soon be dropped. Please upgrade your Android Gradle Plugin version to a version of at least Android Gradle Plugin version 9.0.1 soon.
Alternatively, use the flag "--android-skip-build-dependency-validation" to bypass this check.

Potential fix: Your project's AGP version is typically defined in the plugins block of the `settings.gradle` file (/home/runner/work/streetlift-apk/streetlift-apk/android/settings.gradle), by a plugin with the id of com.android.application. 
If you don't see a plugins block, your project was likely created with an older template version. In this case it is most likely defined in the top-level build.gradle file (/home/runner/work/streetlift-apk/streetlift-apk/android/build.gradle) by the following line in the dependencies block of the buildscript: "classpath 'com.android.tools.build:gradle:<version>'".

Running Gradle task 'assembleDebug'...                             50.6s
✓ Built build/app/outputs/flutter-apk/app-debug.apk
Installing build/app/outputs/flutter-apk/app-debug.apk...        1,218ms
D/FlutterRenderer( 5044): Width is zero. 0,0
D/FlutterJNI( 5044): Sending viewport metrics to the engine.
I/eetlift_tracker( 5044): Compiler allocated 5174KB to compile void android.view.ViewRootImpl.performTraversals()
I/Choreographer( 5044): Skipped 61 frames!  The application may be doing too much work on its main thread.
D/FlutterJNI( 5044): Sending viewport metrics to the engine.
VMServiceFlutterDriver: Connecting to Flutter application at http://127.0.0.1:38845/11WPRRfc13E=/
D/ProfileInstaller( 5044): Installing profile for fr.tchoupi.streetlift_tracker
VMServiceFlutterDriver: Isolate found with number: 7653838305805095
VMServiceFlutterDriver: Isolate 7653838305805095 is runnable.
VMServiceFlutterDriver: Isolate is paused at start.
VMServiceFlutterDriver: Attempting to resume isolate
I/flutter ( 5044): 00:00 +0: CI1f a (sombre, rouge) : myo-reps mini-série par mini-série ; contraste en groupe
VMServiceFlutterDriver: Connected to Flutter application.
D/EGL_emulation( 5044): app_time_stats: avg=299.46ms min=141.79ms max=609.77ms count=5
D/EGL_emulation( 5044): app_time_stats: avg=146.34ms min=1.80ms max=369.99ms count=7
D/EGL_emulation( 5044): app_time_stats: avg=513.39ms min=173.70ms max=1110.44ms count=3
D/EGL_emulation( 5044): app_time_stats: avg=325.87ms min=173.80ms max=784.25ms count=5
I/eetlift_tracker( 5044): Background concurrent mark compact GC freed 2188KB AllocSpace bytes, 15(684KB) LOS objects, 49% free, 2624KB/5249KB, paused 79us,59.791ms total 333.383ms
Unhandled exception:
DriverError: Failed to fulfill RequestData due to remote error
Original error: ext.flutter.driver: (112) Service has disappeared
Original stack trace:
#0      new _OutstandingRequest (package:vm_service/src/vm_service.dart:265:34)
#1      VmService._call.<anonymous closure> (package:vm_service/src/vm_service.dart:1921:25)
#2      VmService._call (package:vm_service/src/vm_service.dart:1933:8)
#3      VmService.callServiceExtension (package:vm_service/src/vm_service.dart:1872:14)
#4      VMServiceFlutterDriver.sendCommand (package:flutter_driver/src/driver/vmservice_driver.dart:327:12)
#5      FlutterDriver.requestData (package:flutter_driver/src/driver/driver.dart:585:13)
#6      integrationDriver (package:integration_test/integration_test_driver.dart:71:42)
<asynchronous suspension>


#0      VMServiceFlutterDriver.sendCommand (package:flutter_driver/src/driver/vmservice_driver.dart:340:7)
<asynchronous suspension>
#1      FlutterDriver.requestData (package:flutter_driver/src/driver/driver.dart:585:7)
<asynchronous suspension>
#2      integrationDriver (package:integration_test/integration_test_driver.dart:71:29)
<asynchronous suspension>
