Running Gradle task 'assembleDebug'...                          
Warning: Flutter support for your project's Gradle version (8.14.3) will soon be dropped. Please upgrade your Gradle version to a version of at least 9.1.0 soon.
Alternatively, use the flag "--android-skip-build-dependency-validation" to bypass this check.

Potential fix: Your project's gradle version is typically defined in the gradle wrapper file. By default, this can be found at /home/runner/work/streetlift-apk/streetlift-apk/android/gradle/wrapper/gradle-wrapper.properties. 
For more information, see https://docs.gradle.org/current/userguide/gradle_wrapper.html.

Warning: Flutter support for your project's Android Gradle Plugin version (Android Gradle Plugin version 8.12.1) will soon be dropped. Please upgrade your Android Gradle Plugin version to a version of at least Android Gradle Plugin version 9.0.1 soon.
Alternatively, use the flag "--android-skip-build-dependency-validation" to bypass this check.

Potential fix: Your project's AGP version is typically defined in the plugins block of the `settings.gradle` file (/home/runner/work/streetlift-apk/streetlift-apk/android/settings.gradle), by a plugin with the id of com.android.application. 
If you don't see a plugins block, your project was likely created with an older template version. In this case it is most likely defined in the top-level build.gradle file (/home/runner/work/streetlift-apk/streetlift-apk/android/build.gradle) by the following line in the dependencies block of the buildscript: "classpath 'com.android.tools.build:gradle:<version>'".

Running Gradle task 'assembleDebug'...                             58.7s
✓ Built build/app/outputs/flutter-apk/app-debug.apk
Installing build/app/outputs/flutter-apk/app-debug.apk...        2,224ms
W/eetlift_tracker( 4307): Accessing hidden method Landroid/view/accessibility/AccessibilityNodeInfo;->getSourceNodeId()J (unsupported,test-api, reflection, allowed)
W/eetlift_tracker( 4307): Accessing hidden method Landroid/view/accessibility/AccessibilityRecord;->getSourceNodeId()J (unsupported, reflection, allowed)
W/eetlift_tracker( 4307): Accessing hidden field Landroid/view/accessibility/AccessibilityNodeInfo;->mChildNodeIds:Landroid/util/LongArray; (unsupported, reflection, allowed)
W/eetlift_tracker( 4307): Accessing hidden method Landroid/util/LongArray;->get(I)J (unsupported, reflection, allowed)
D/AccessibilityBridge( 4307): Setting not found: accessibility_display_inversion_enabled, using default: 0
D/FlutterRenderer( 4307): Width is zero. 0,0
W/HWUI    ( 4307): Unknown dataspace 0
I/WindowExtensionsImpl( 4307): Initializing Window Extensions, vendor API level=6, activity embedding enabled=true
I/eetlift_tracker( 4307): Compiler allocated 5174KB to compile void android.view.ViewRootImpl.performTraversals()
D/FlutterRenderer( 4307): Width is zero. 0,0
D/FlutterJNI( 4307): Sending viewport metrics to the engine.
W/HWUI    ( 4307): Failed to choose config with EGL_SWAP_BEHAVIOR_PRESERVED, retrying without...
W/HWUI    ( 4307): Failed to initialize 101010-2 format, error = EGL_SUCCESS
I/Gralloc4( 4307): mapper 4.x is not supported
VMServiceFlutterDriver: Connecting to Flutter application at http://127.0.0.1:42501/xGAu7DzHT-c=/
VMServiceFlutterDriver: Isolate found with number: 4141748478398719
I/Choreographer( 4307): Skipped 91 frames!  The application may be doing too much work on its main thread.
D/FlutterJNI( 4307): Sending viewport metrics to the engine.
VMServiceFlutterDriver: Isolate 4141748478398719 is runnable.
VMServiceFlutterDriver: Isolate is paused at start.
VMServiceFlutterDriver: Attempting to resume isolate
I/flutter ( 4307): 00:00 +0: (setUpAll)
VMServiceFlutterDriver: Connected to Flutter application.
D/ProfileInstaller( 4307): Installing profile for fr.tchoupi.streetlift_tracker
I/Choreographer( 4307): Skipped 41 frames!  The application may be doing too much work on its main thread.
I/Choreographer( 4307): Skipped 46 frames!  The application may be doing too much work on its main thread.
I/flutter ( 4307): 00:02 +1: M6b : Anatomie sombre (repos, groupe, menu, toucher, zoom)
I/Choreographer( 4307): Skipped 91 frames!  The application may be doing too much work on its main thread.
I/HWUI    ( 4307): Davey! duration=1631ms; Flags=1, FrameTimelineVsyncId=7109, IntendedVsync=114751113520, Vsync=116267780126, InputEventId=0, HandleInputStart=116271287094, AnimationStart=116271288546, PerformTraversalsStart=116271289097, DrawStart=116287139895, FrameDeadline=114767780186, FrameInterval=116270513483, FrameStartTime=16666666, SyncQueued=116324299974, SyncStart=116326105804, IssueDrawCommandsStart=116330424686, SwapBuffers=116366343341, FrameCompleted=116384627021, DequeueBufferDuration=8006035, QueueBufferDuration=883566, GpuCompleted=116384627021, SwapBuffersCompleted=116381061149, DisplayPresentTime=133322262979087, CommandSubmissionCompleted=116366343341, 
I/eetlift_tracker( 4307): Thread[2,tid=4308,WaitingInMainSignalCatcherLoop,Thread*=0x794415461b20,peer=0x140a8020,"Signal Catcher"]: reacting to signal 3
I/eetlift_tracker( 4307): 
I/eetlift_tracker( 4307): Wrote stack traces to tombstoned
I/eetlift_tracker( 4307): Background concurrent mark compact GC freed 1938KB AllocSpace bytes, 3(60KB) LOS objects, 49% free, 2584KB/5168KB, paused 91us,46.820ms total 899.062ms
D/EGL_emulation( 4307): app_time_stats: avg=6178.22ms min=1138.33ms max=11218.11ms count=2
D/EGL_emulation( 4307): app_time_stats: avg=123.86ms min=8.53ms max=315.32ms count=8
D/EGL_emulation( 4307): app_time_stats: avg=73.49ms min=3.61ms max=136.39ms count=13
D/EGL_emulation( 4307): app_time_stats: avg=237.29ms min=14.71ms max=991.48ms count=5
D/EGL_emulation( 4307): app_time_stats: avg=84.68ms min=13.81ms max=237.37ms count=11
D/EGL_emulation( 4307): app_time_stats: avg=65.58ms min=8.47ms max=127.17ms count=15
D/EGL_emulation( 4307): app_time_stats: avg=421.95ms min=66.58ms max=845.69ms count=3
D/EGL_emulation( 4307): app_time_stats: avg=681.05ms min=107.75ms max=1638.66ms count=3
D/EGL_emulation( 4307): app_time_stats: avg=218.12ms min=90.94ms max=414.64ms count=5
D/EGL_emulation( 4307): app_time_stats: avg=106.87ms min=55.42ms max=137.25ms count=9
D/EGL_emulation( 4307): app_time_stats: avg=211.07ms min=47.76ms max=598.98ms count=7
D/EGL_emulation( 4307): app_time_stats: avg=126.32ms min=100.46ms max=141.58ms count=8
D/EGL_emulation( 4307): app_time_stats: avg=135.28ms min=128.04ms max=154.10ms count=8
D/EGL_emulation( 4307): app_time_stats: avg=267.84ms min=77.19ms max=688.84ms count=4
D/EGL_emulation( 4307): app_time_stats: avg=694.71ms min=104.19ms max=1798.14ms count=4
I/flutter ( 4307): 00:33 +2: M6b : Anatomie clair, grand texte, animations réduites
D/FlutterJNI( 4307): Sending viewport metrics to the engine.
D/EGL_emulation( 4307): app_time_stats: avg=386.50ms min=136.37ms max=704.72ms count=3
D/EGL_emulation( 4307): app_time_stats: avg=94.93ms min=29.59ms max=151.10ms count=11
D/FlutterJNI( 4307): Sending viewport metrics to the engine.
D/EGL_emulation( 4307): app_time_stats: avg=197.43ms min=79.66ms max=597.42ms count=7
D/EGL_emulation( 4307): app_time_stats: avg=118.32ms min=45.91ms max=258.47ms count=9
D/EGL_emulation( 4307): app_time_stats: avg=281.44ms min=103.27ms max=749.48ms count=6
D/EGL_emulation( 4307): app_time_stats: avg=642.89ms min=127.29ms max=1158.48ms count=2
I/flutter ( 4307): 00:41 +3: M6b : fiches (traction, dips, squat, étirement)
D/EGL_emulation( 4307): app_time_stats: avg=435.82ms min=260.79ms max=669.01ms count=3
D/EGL_emulation( 4307): app_time_stats: avg=124.36ms min=74.46ms max=148.18ms count=8
D/EGL_emulation( 4307): app_time_stats: avg=161.72ms min=119.67ms max=345.92ms count=7
D/EGL_emulation( 4307): app_time_stats: avg=92.73ms min=41.14ms max=141.15ms count=9
D/EGL_emulation( 4307): app_time_stats: avg=131.07ms min=117.09ms max=143.55ms count=8
D/EGL_emulation( 4307): app_time_stats: avg=293.85ms min=197.65ms max=448.33ms count=4
D/EGL_emulation( 4307): app_time_stats: avg=68.46ms min=45.67ms max=108.72ms count=11
D/EGL_emulation( 4307): app_time_stats: avg=86.09ms min=50.86ms max=129.44ms count=9
D/EGL_emulation( 4307): app_time_stats: avg=128.92ms min=83.06ms max=256.51ms count=8
D/EGL_emulation( 4307): app_time_stats: avg=91.01ms min=47.00ms max=132.20ms count=10
D/EGL_emulation( 4307): app_time_stats: avg=157.05ms min=48.15ms max=420.62ms count=7
D/EGL_emulation( 4307): app_time_stats: avg=129.11ms min=59.13ms max=236.62ms count=8
D/EGL_emulation( 4307): app_time_stats: avg=112.77ms min=48.15ms max=135.30ms count=9
D/EGL_emulation( 4307): app_time_stats: avg=149.72ms min=97.91ms max=340.75ms count=7
D/EGL_emulation( 4307): app_time_stats: avg=107.72ms min=53.05ms max=143.68ms count=9
D/FlutterJNI( 4307): Sending viewport metrics to the engine.
D/EGL_emulation( 4307): app_time_stats: avg=140.89ms min=55.04ms max=608.42ms count=8
D/EGL_emulation( 4307): app_time_stats: avg=96.01ms min=43.73ms max=132.72ms count=10
D/EGL_emulation( 4307): app_time_stats: avg=70.63ms min=47.62ms max=131.52ms count=10
D/EGL_emulation( 4307): app_time_stats: avg=121.90ms min=11.88ms max=280.99ms count=7
D/EGL_emulation( 4307): app_time_stats: avg=90.16ms min=41.55ms max=171.88ms count=10
I/flutter ( 4307): 01:03 +4: M6b : STATS, muscles de la semaine, sombre et clair
I/flutter ( 4307): 01:03 +4 ~1: M6b : accueil (carte du jour) et aperçu de WOD
I/flutter ( 4307): 01:03 +4 ~2: M6b : Moteur 3D (rotation, halo, fond)
I/flutter ( 4307): 01:03 +4 ~3: M6b : grand écran (tablette, 800 × 1280 dp)
I/flutter ( 4307): 01:03 +4 ~4: (tearDownAll)
I/flutter ( 4307): 01:03 +5 ~4: All tests passed!
Unhandled exception:
DriverError: Failed to fulfill RequestData due to remote error
Original error: ext.flutter.driver: (112) Service has disappeared
Original stack trace:
#0      new _OutstandingRequest (package:vm_service/src/vm_service.dart:265:34)
#1      VmService._call.<anonymous closure> (package:vm_service/src/vm_service.dart:1921:25)
#2      VmService._call (package:vm_service/src/vm_service.dart:1933:8)
#3      VmService.callServiceExtension (package:vm_service/src/vm_service.dart:1872:14)
#4      VMServiceFlutterDriver.sendCommand (package:flutter_driver/src/driver/vmservice_driver.dart:327:12)
#5      FlutterDriver.requestData (package:flutter_driver/src/driver/driver.dart:585:13)
#6      integrationDriver (package:integration_test/integration_test_driver.dart:71:42)
<asynchronous suspension>


#0      VMServiceFlutterDriver.sendCommand (package:flutter_driver/src/driver/vmservice_driver.dart:340:7)
<asynchronous suspension>
#1      FlutterDriver.requestData (package:flutter_driver/src/driver/driver.dart:585:7)
<asynchronous suspension>
#2      integrationDriver (package:integration_test/integration_test_driver.dart:71:29)
<asynchronous suspension>
Failed to stop app
adb uninstall failed: ProcessException: Process exited abnormally with exit code 1:
adb: device offline
  Command: /usr/local/lib/android/sdk/platform-tools/adb -s emulator-5554 uninstall fr.tchoupi.streetlift_tracker
Failed to uninstall app
