Running Gradle task 'assembleDebug'...                          
Warning: Flutter support for your project's Gradle version (8.14.3) will soon be dropped. Please upgrade your Gradle version to a version of at least 9.1.0 soon.
Alternatively, use the flag "--android-skip-build-dependency-validation" to bypass this check.

Potential fix: Your project's gradle version is typically defined in the gradle wrapper file. By default, this can be found at /home/runner/work/streetlift-apk/streetlift-apk/android/gradle/wrapper/gradle-wrapper.properties. 
For more information, see https://docs.gradle.org/current/userguide/gradle_wrapper.html.

Warning: Flutter support for your project's Android Gradle Plugin version (Android Gradle Plugin version 8.12.1) will soon be dropped. Please upgrade your Android Gradle Plugin version to a version of at least Android Gradle Plugin version 9.0.1 soon.
Alternatively, use the flag "--android-skip-build-dependency-validation" to bypass this check.

Potential fix: Your project's AGP version is typically defined in the plugins block of the `settings.gradle` file (/home/runner/work/streetlift-apk/streetlift-apk/android/settings.gradle), by a plugin with the id of com.android.application. 
If you don't see a plugins block, your project was likely created with an older template version. In this case it is most likely defined in the top-level build.gradle file (/home/runner/work/streetlift-apk/streetlift-apk/android/build.gradle) by the following line in the dependencies block of the buildscript: "classpath 'com.android.tools.build:gradle:<version>'".

Running Gradle task 'assembleDebug'...                             85.7s
✓ Built build/app/outputs/flutter-apk/app-debug.apk
Installing build/app/outputs/flutter-apk/app-debug.apk...           3.7s
W/eetlift_tracker( 4113): Accessing hidden method Landroid/view/accessibility/AccessibilityNodeInfo;->getSourceNodeId()J (unsupported,test-api, reflection, allowed)
W/eetlift_tracker( 4113): Accessing hidden method Landroid/view/accessibility/AccessibilityRecord;->getSourceNodeId()J (unsupported, reflection, allowed)
W/eetlift_tracker( 4113): Accessing hidden field Landroid/view/accessibility/AccessibilityNodeInfo;->mChildNodeIds:Landroid/util/LongArray; (unsupported, reflection, allowed)
W/eetlift_tracker( 4113): Accessing hidden method Landroid/util/LongArray;->get(I)J (unsupported, reflection, allowed)
D/AccessibilityBridge( 4113): Setting not found: accessibility_display_inversion_enabled, using default: 0
D/FlutterRenderer( 4113): Width is zero. 0,0
W/HWUI    ( 4113): Unknown dataspace 0
I/Choreographer( 4113): Skipped 281 frames!  The application may be doing too much work on its main thread.
I/WindowExtensionsImpl( 4113): Initializing Window Extensions, vendor API level=6, activity embedding enabled=true
D/FlutterRenderer( 4113): Width is zero. 0,0
W/HWUI    ( 4113): Failed to choose config with EGL_SWAP_BEHAVIOR_PRESERVED, retrying without...
D/FlutterJNI( 4113): Sending viewport metrics to the engine.
W/HWUI    ( 4113): Failed to initialize 101010-2 format, error = EGL_SUCCESS
I/Gralloc4( 4113): mapper 4.x is not supported
I/eetlift_tracker( 4113): Compiler allocated 5174KB to compile void android.view.ViewRootImpl.performTraversals()
I/Choreographer( 4113): Skipped 156 frames!  The application may be doing too much work on its main thread.
D/FlutterJNI( 4113): Sending viewport metrics to the engine.
VMServiceFlutterDriver: Connecting to Flutter application at http://127.0.0.1:43377/F-6FPbrn8xs=/
I/eetlift_tracker( 4113): Compiler allocated 5417KB to compile void android.view.ViewRootImpl.performTraversals()
VMServiceFlutterDriver: Isolate found with number: 8312078050093359
VMServiceFlutterDriver: Isolate 8312078050093359 is runnable.
VMServiceFlutterDriver: Isolate is paused at start.
VMServiceFlutterDriver: Attempting to resume isolate
I/flutter ( 4113): 00:00 +0: (setUpAll)
VMServiceFlutterDriver: Connected to Flutter application.
I/Choreographer( 4113): Skipped 46 frames!  The application may be doing too much work on its main thread.
I/Choreographer( 4113): Skipped 107 frames!  The application may be doing too much work on its main thread.
D/ProfileInstaller( 4113): Installing profile for fr.tchoupi.streetlift_tracker
I/flutter ( 4113): 00:03 +1: M56 : fiche traction-pronation, mannequin fixe et muscles
I/Choreographer( 4113): Skipped 75 frames!  The application may be doing too much work on its main thread.
I/eetlift_tracker( 4113): Background concurrent mark compact GC freed 2007KB AllocSpace bytes, 3(60KB) LOS objects, 49% free, 2580KB/5160KB, paused 516us,12.939ms total 550.401ms
D/EGL_emulation( 4113): app_time_stats: avg=1772.64ms min=488.06ms max=3250.35ms count=3
D/EGL_emulation( 4113): app_time_stats: avg=2492.24ms min=2492.24ms max=2492.24ms count=1
D/EGL_emulation( 4113): app_time_stats: avg=15042.82ms min=15042.82ms max=15042.82ms count=1
D/EGL_emulation( 4113): app_time_stats: avg=1821.97ms min=1821.97ms max=1821.97ms count=1
D/EGL_emulation( 4113): app_time_stats: avg=115.21ms min=12.74ms max=190.41ms count=8
I/flutter ( 4113): 00:31 +2: M56 : fiche dips, mannequin fixe et muscles
D/EGL_emulation( 4113): app_time_stats: avg=232.47ms min=124.76ms max=509.80ms count=5
D/EGL_emulation( 4113): app_time_stats: avg=175.01ms min=125.87ms max=317.73ms count=6
D/EGL_emulation( 4113): app_time_stats: avg=527.30ms min=196.51ms max=858.09ms count=2
D/EGL_emulation( 4113): app_time_stats: avg=675.38ms min=138.24ms max=1656.50ms count=3
D/EGL_emulation( 4113): app_time_stats: avg=127.56ms min=7.02ms max=200.59ms count=8
I/flutter ( 4113): 00:37 +3: M56 : fiche back-squat, mannequin fixe et muscles
D/EGL_emulation( 4113): app_time_stats: avg=182.95ms min=116.57ms max=391.30ms count=6
D/EGL_emulation( 4113): app_time_stats: avg=281.52ms min=123.03ms max=952.53ms count=6
D/EGL_emulation( 4113): app_time_stats: avg=700.16ms min=132.17ms max=1830.70ms count=3
D/EGL_emulation( 4113): app_time_stats: avg=120.53ms min=18.94ms max=209.77ms count=8
I/flutter ( 4113): 00:43 +4: M56 : carte Koach · séance du jour (sombre)
D/EGL_emulation( 4113): app_time_stats: avg=262.44ms min=133.70ms max=448.22ms count=4
D/EGL_emulation( 4113): app_time_stats: avg=189.38ms min=134.08ms max=287.56ms count=6
D/EGL_emulation( 4113): app_time_stats: avg=126.03ms min=34.01ms max=228.32ms count=8
D/EGL_emulation( 4113): app_time_stats: avg=157.02ms min=15.44ms max=297.71ms count=7
D/EGL_emulation( 4113): app_time_stats: avg=115.79ms min=5.31ms max=342.67ms count=8
I/flutter ( 4113): 00:49 +5: M56 : carte Koach · séance du jour (clair)
D/EGL_emulation( 4113): app_time_stats: avg=133.46ms min=5.31ms max=467.76ms count=9
D/FlutterJNI( 4113): Sending viewport metrics to the engine.
D/EGL_emulation( 4113): app_time_stats: avg=199.64ms min=141.55ms max=277.70ms count=5
D/EGL_emulation( 4113): app_time_stats: avg=150.44ms min=124.36ms max=228.43ms count=7
D/EGL_emulation( 4113): app_time_stats: avg=126.94ms min=8.38ms max=181.27ms count=8
D/EGL_emulation( 4113): app_time_stats: avg=103.51ms min=8.32ms max=230.44ms count=9
I/flutter ( 4113): 00:54 +6: 5.5.2 : écran Anatomie, écorché acheté, vues et groupe
D/EGL_emulation( 4113): app_time_stats: avg=141.58ms min=9.25ms max=421.58ms count=6
D/FlutterJNI( 4113): Sending viewport metrics to the engine.
D/EGL_emulation( 4113): app_time_stats: avg=2211.36ms min=2211.36ms max=2211.36ms count=1
D/EGL_emulation( 4113): app_time_stats: avg=539.73ms min=175.92ms max=903.54ms count=2
D/EGL_emulation( 4113): app_time_stats: avg=796.73ms min=635.71ms max=957.74ms count=2
D/EGL_emulation( 4113): app_time_stats: avg=1418.28ms min=1418.28ms max=1418.28ms count=1
D/EGL_emulation( 4113): app_time_stats: avg=678.95ms min=160.22ms max=1703.18ms count=3
D/EGL_emulation( 4113): app_time_stats: avg=737.13ms min=279.99ms max=1194.27ms count=2
D/EGL_emulation( 4113): app_time_stats: avg=672.76ms min=110.21ms max=1743.00ms count=3
D/EGL_emulation( 4113): app_time_stats: avg=764.34ms min=273.66ms max=1255.02ms count=2
D/EGL_emulation( 4113): app_time_stats: avg=673.80ms min=152.77ms max=1689.92ms count=3
D/EGL_emulation( 4113): app_time_stats: avg=892.64ms min=360.54ms max=1424.73ms count=2
D/EGL_emulation( 4113): app_time_stats: avg=677.00ms min=117.63ms max=1746.68ms count=3
I/flutter ( 4113): 01:14 +7: M56 : ouverture d’un mannequin avant / après préchargement
D/EGL_emulation( 4113): app_time_stats: avg=232.46ms min=12.26ms max=915.42ms count=8
D/EGL_emulation( 4113): app_time_stats: avg=500.59ms min=11.89ms max=1279.70ms count=3
D/EGL_emulation( 4113): app_time_stats: avg=114.80ms min=19.20ms max=261.23ms count=9
D/EGL_emulation( 4113): app_time_stats: avg=129.20ms min=100.84ms max=208.92ms count=7
D/EGL_emulation( 4113): app_time_stats: avg=203.94ms min=11.90ms max=787.59ms count=8
D/EGL_emulation( 4113): app_time_stats: avg=146.31ms min=34.22ms max=235.42ms count=7
D/EGL_emulation( 4113): app_time_stats: avg=109.89ms min=6.92ms max=253.82ms count=8
I/eetlift_tracker( 4113): NativeAlloc concurrent mark compact GC freed 902KB AllocSpace bytes, 1(20KB) LOS objects, 49% free, 2652KB/5304KB, paused 133us,4.982ms total 449.066ms
D/EGL_emulation( 4113): app_time_stats: avg=1271.61ms min=448.76ms max=2094.46ms count=2
D/EGL_emulation( 4113): app_time_stats: avg=552.83ms min=156.17ms max=949.48ms count=2
D/EGL_emulation( 4113): app_time_stats: avg=869.48ms min=138.31ms max=1600.65ms count=2
I/flutter ( 4113): 01:29 +8: (tearDownAll)
D/EGL_emulation( 4113): app_time_stats: avg=520.44ms min=80.79ms max=960.09ms count=2
Unhandled exception:
DriverError: Failed to fulfill RequestData due to remote error
Original error: ext.flutter.driver: (112) Service has disappeared
Original stack trace:
#0      new _OutstandingRequest (package:vm_service/src/vm_service.dart:265:34)
#1      VmService._call.<anonymous closure> (package:vm_service/src/vm_service.dart:1921:25)
#2      VmService._call (package:vm_service/src/vm_service.dart:1933:8)
#3      VmService.callServiceExtension (package:vm_service/src/vm_service.dart:1872:14)
#4      VMServiceFlutterDriver.sendCommand (package:flutter_driver/src/driver/vmservice_driver.dart:327:12)
#5      FlutterDriver.requestData (package:flutter_driver/src/driver/driver.dart:585:13)
#6      integrationDriver (package:integration_test/integration_test_driver.dart:71:42)
<asynchronous suspension>


#0      VMServiceFlutterDriver.sendCommand (package:flutter_driver/src/driver/vmservice_driver.dart:340:7)
<asynchronous suspension>
#1      FlutterDriver.requestData (package:flutter_driver/src/driver/driver.dart:585:7)
<asynchronous suspension>
#2      integrationDriver (package:integration_test/integration_test_driver.dart:71:29)
<asynchronous suspension>
Failed to stop app
adb uninstall failed: ProcessException: Process exited abnormally with exit code 1:
adb: device offline
  Command: /usr/local/lib/android/sdk/platform-tools/adb -s emulator-5554 uninstall fr.tchoupi.streetlift_tracker
Failed to uninstall app
