Running Gradle task 'assembleDebug'...                          
Warning: Flutter support for your project's Gradle version (8.14.3) will soon be dropped. Please upgrade your Gradle version to a version of at least 9.1.0 soon.
Alternatively, use the flag "--android-skip-build-dependency-validation" to bypass this check.

Potential fix: Your project's gradle version is typically defined in the gradle wrapper file. By default, this can be found at /home/runner/work/streetlift-apk/streetlift-apk/android/gradle/wrapper/gradle-wrapper.properties. 
For more information, see https://docs.gradle.org/current/userguide/gradle_wrapper.html.

Warning: Flutter support for your project's Android Gradle Plugin version (Android Gradle Plugin version 8.12.1) will soon be dropped. Please upgrade your Android Gradle Plugin version to a version of at least Android Gradle Plugin version 9.0.1 soon.
Alternatively, use the flag "--android-skip-build-dependency-validation" to bypass this check.

Potential fix: Your project's AGP version is typically defined in the plugins block of the `settings.gradle` file (/home/runner/work/streetlift-apk/streetlift-apk/android/settings.gradle), by a plugin with the id of com.android.application. 
If you don't see a plugins block, your project was likely created with an older template version. In this case it is most likely defined in the top-level build.gradle file (/home/runner/work/streetlift-apk/streetlift-apk/android/build.gradle) by the following line in the dependencies block of the buildscript: "classpath 'com.android.tools.build:gradle:<version>'".

Running Gradle task 'assembleDebug'...                             86.8s
✓ Built build/app/outputs/flutter-apk/app-debug.apk
Installing build/app/outputs/flutter-apk/app-debug.apk...           3.7s
D/FlutterRenderer( 3995): Width is zero. 0,0
W/HWUI    ( 3995): Unknown dataspace 0
I/WindowExtensionsImpl( 3995): Initializing Window Extensions, vendor API level=6, activity embedding enabled=true
D/FlutterRenderer( 3995): Width is zero. 0,0
W/HWUI    ( 3995): Failed to choose config with EGL_SWAP_BEHAVIOR_PRESERVED, retrying without...
W/HWUI    ( 3995): Failed to initialize 101010-2 format, error = EGL_SUCCESS
D/FlutterJNI( 3995): Sending viewport metrics to the engine.
I/Gralloc4( 3995): mapper 4.x is not supported
I/eetlift_tracker( 3995): Compiler allocated 5174KB to compile void android.view.ViewRootImpl.performTraversals()
I/Choreographer( 3995): Skipped 177 frames!  The application may be doing too much work on its main thread.
D/FlutterJNI( 3995): Sending viewport metrics to the engine.
D/ProfileInstaller( 3995): Installing profile for fr.tchoupi.streetlift_tracker
I/eetlift_tracker( 3995): Compiler allocated 5417KB to compile void android.view.ViewRootImpl.performTraversals()
VMServiceFlutterDriver: Connecting to Flutter application at http://127.0.0.1:33501/yOpidWJ8vq4=/
VMServiceFlutterDriver: Isolate found with number: 2428757212551643
VMServiceFlutterDriver: Isolate 2428757212551643 is runnable.
VMServiceFlutterDriver: Isolate is paused at start.
VMServiceFlutterDriver: Attempting to resume isolate
I/Choreographer( 3995): Skipped 36 frames!  The application may be doing too much work on its main thread.
I/flutter ( 3995): 00:00 +0: G9 a (sombre, rouge) : séance servie par kalis_adapt (programme du propriétaire, puis session de test)
VMServiceFlutterDriver: Connected to Flutter application.
I/Choreographer( 3995): Skipped 50 frames!  The application may be doing too much work on its main thread.
D/EGL_emulation( 3995): app_time_stats: avg=688.28ms min=301.83ms max=1074.73ms count=2
D/EGL_emulation( 3995): app_time_stats: avg=1767.04ms min=1767.04ms max=1767.04ms count=1
D/EGL_emulation( 3995): app_time_stats: avg=228.69ms min=5.95ms max=417.72ms count=5
D/EGL_emulation( 3995): app_time_stats: avg=2012.49ms min=2012.49ms max=2012.49ms count=1
I/eetlift_tracker( 3995): Background concurrent mark compact GC freed 1947KB AllocSpace bytes, 12(492KB) LOS objects, 49% free, 2604KB/5209KB, paused 115us,3.096ms total 267.709ms
D/EGL_emulation( 3995): app_time_stats: avg=997.46ms min=341.11ms max=1653.80ms count=2
D/EGL_emulation( 3995): app_time_stats: avg=1435.44ms min=1435.44ms max=1435.44ms count=1
Unhandled exception:
DriverError: Failed to fulfill RequestData due to remote error
Original error: ext.flutter.driver: (112) Service has disappeared
Original stack trace:
#0      new _OutstandingRequest (package:vm_service/src/vm_service.dart:265:34)
#1      VmService._call.<anonymous closure> (package:vm_service/src/vm_service.dart:1921:25)
#2      VmService._call (package:vm_service/src/vm_service.dart:1933:8)
#3      VmService.callServiceExtension (package:vm_service/src/vm_service.dart:1872:14)
#4      VMServiceFlutterDriver.sendCommand (package:flutter_driver/src/driver/vmservice_driver.dart:327:12)
#5      FlutterDriver.requestData (package:flutter_driver/src/driver/driver.dart:585:13)
#6      integrationDriver (package:integration_test/integration_test_driver.dart:71:42)
<asynchronous suspension>


#0      VMServiceFlutterDriver.sendCommand (package:flutter_driver/src/driver/vmservice_driver.dart:340:7)
<asynchronous suspension>
#1      FlutterDriver.requestData (package:flutter_driver/src/driver/driver.dart:585:7)
<asynchronous suspension>
#2      integrationDriver (package:integration_test/integration_test_driver.dart:71:29)
<asynchronous suspension>
