Running Gradle task 'assembleDebug'...                          
Warning: Flutter support for your project's Gradle version (8.14.3) will soon be dropped. Please upgrade your Gradle version to a version of at least 9.1.0 soon.
Alternatively, use the flag "--android-skip-build-dependency-validation" to bypass this check.

Potential fix: Your project's gradle version is typically defined in the gradle wrapper file. By default, this can be found at /home/runner/work/streetlift-apk/streetlift-apk/android/gradle/wrapper/gradle-wrapper.properties. 
For more information, see https://docs.gradle.org/current/userguide/gradle_wrapper.html.

Warning: Flutter support for your project's Android Gradle Plugin version (Android Gradle Plugin version 8.12.1) will soon be dropped. Please upgrade your Android Gradle Plugin version to a version of at least Android Gradle Plugin version 9.0.1 soon.
Alternatively, use the flag "--android-skip-build-dependency-validation" to bypass this check.

Potential fix: Your project's AGP version is typically defined in the plugins block of the `settings.gradle` file (/home/runner/work/streetlift-apk/streetlift-apk/android/settings.gradle), by a plugin with the id of com.android.application. 
If you don't see a plugins block, your project was likely created with an older template version. In this case it is most likely defined in the top-level build.gradle file (/home/runner/work/streetlift-apk/streetlift-apk/android/build.gradle) by the following line in the dependencies block of the buildscript: "classpath 'com.android.tools.build:gradle:<version>'".

Running Gradle task 'assembleDebug'...                             82.5s
✓ Built build/app/outputs/flutter-apk/app-debug.apk
Installing build/app/outputs/flutter-apk/app-debug.apk...           3.6s
I/Choreographer( 4174): Skipped 117 frames!  The application may be doing too much work on its main thread.
D/FlutterJNI( 4174): Sending viewport metrics to the engine.
D/ProfileInstaller( 4174): Installing profile for fr.tchoupi.streetlift_tracker
VMServiceFlutterDriver: Connecting to Flutter application at http://127.0.0.1:36621/o3Tg0j0bMyA=/
VMServiceFlutterDriver: Isolate found with number: 5521802408791583
VMServiceFlutterDriver: Isolate 5521802408791583 is runnable.
VMServiceFlutterDriver: Isolate is paused at start.
VMServiceFlutterDriver: Attempting to resume isolate
I/flutter ( 4174): 00:00 +0: (setUpAll)
VMServiceFlutterDriver: Connected to Flutter application.
I/Choreographer( 4174): Skipped 41 frames!  The application may be doing too much work on its main thread.
I/Choreographer( 4174): Skipped 42 frames!  The application may be doing too much work on its main thread.
I/flutter ( 4174): 00:01 +1: Anatomie (sombre) : aucun groupe, tous, Dorsaux + toucher
I/Choreographer( 4174): Skipped 37 frames!  The application may be doing too much work on its main thread.
D/EGL_emulation( 4174): app_time_stats: avg=895.80ms min=119.96ms max=4232.16ms count=6
D/EGL_emulation( 4174): app_time_stats: avg=122.60ms min=104.13ms max=177.02ms count=9
I/eetlift_tracker( 4174): Background concurrent mark compact GC freed 2123KB AllocSpace bytes, 3(60KB) LOS objects, 49% free, 2592KB/5184KB, paused 128us,45.910ms total 111.810ms
D/EGL_emulation( 4174): app_time_stats: avg=242.32ms min=104.45ms max=773.42ms count=5
D/EGL_emulation( 4174): app_time_stats: avg=130.68ms min=112.34ms max=161.32ms count=8
D/EGL_emulation( 4174): app_time_stats: avg=159.16ms min=102.62ms max=452.97ms count=8
D/EGL_emulation( 4174): app_time_stats: avg=91.84ms min=11.87ms max=163.62ms count=9
D/EGL_emulation( 4174): app_time_stats: avg=122.86ms min=87.80ms max=155.03ms count=8
D/EGL_emulation( 4174): app_time_stats: avg=206.58ms min=116.84ms max=554.50ms count=5
D/EGL_emulation( 4174): app_time_stats: avg=125.27ms min=34.91ms max=197.82ms count=8
I/flutter ( 4174): 00:16 +2: fiches (sombre) : section Muscles
D/EGL_emulation( 4174): app_time_stats: avg=213.57ms min=110.49ms max=542.86ms count=5
D/EGL_emulation( 4174): app_time_stats: avg=119.59ms min=95.65ms max=138.02ms count=9
D/EGL_emulation( 4174): app_time_stats: avg=109.18ms min=22.65ms max=166.62ms count=10
D/EGL_emulation( 4174): app_time_stats: avg=115.75ms min=86.37ms max=183.97ms count=9
D/EGL_emulation( 4174): app_time_stats: avg=161.53ms min=25.24ms max=408.94ms count=7
D/EGL_emulation( 4174): app_time_stats: avg=109.75ms min=24.57ms max=176.23ms count=10
D/EGL_emulation( 4174): app_time_stats: avg=112.86ms min=100.95ms max=122.16ms count=9
D/EGL_emulation( 4174): app_time_stats: avg=113.10ms min=92.86ms max=125.58ms count=9
I/flutter ( 4174): 00:25 +3: STATS, accueil et WOD (sombre)
D/EGL_emulation( 4174): app_time_stats: avg=200.28ms min=111.93ms max=540.18ms count=5
D/EGL_emulation( 4174): app_time_stats: avg=105.68ms min=89.96ms max=139.38ms count=10
D/EGL_emulation( 4174): app_time_stats: avg=122.63ms min=108.61ms max=155.84ms count=9
D/EGL_emulation( 4174): app_time_stats: avg=108.38ms min=4.45ms max=211.89ms count=9
D/EGL_emulation( 4174): app_time_stats: avg=111.75ms min=54.35ms max=154.80ms count=9
D/EGL_emulation( 4174): app_time_stats: avg=217.71ms min=107.73ms max=820.53ms count=7
D/EGL_emulation( 4174): app_time_stats: avg=113.43ms min=77.94ms max=149.61ms count=9
D/EGL_emulation( 4174): app_time_stats: avg=116.91ms min=95.73ms max=137.71ms count=9
D/EGL_emulation( 4174): app_time_stats: avg=116.71ms min=108.96ms max=120.83ms count=9
D/EGL_emulation( 4174): app_time_stats: avg=116.19ms min=106.83ms max=125.11ms count=9
D/EGL_emulation( 4174): app_time_stats: avg=145.07ms min=61.57ms max=369.17ms count=7
D/EGL_emulation( 4174): app_time_stats: avg=100.07ms min=62.67ms max=167.46ms count=10
D/EGL_emulation( 4174): app_time_stats: avg=92.03ms min=15.34ms max=150.00ms count=11
D/EGL_emulation( 4174): app_time_stats: avg=102.34ms min=23.20ms max=184.54ms count=9
I/flutter ( 4174): 00:40 +4: (tearDownAll)
I/flutter ( 4174): 00:40 +5: All tests passed!
Unhandled exception:
DriverError: Failed to fulfill RequestData due to remote error
Original error: ext.flutter.driver: (112) Service has disappeared
Original stack trace:
#0      new _OutstandingRequest (package:vm_service/src/vm_service.dart:265:34)
#1      VmService._call.<anonymous closure> (package:vm_service/src/vm_service.dart:1921:25)
#2      VmService._call (package:vm_service/src/vm_service.dart:1933:8)
#3      VmService.callServiceExtension (package:vm_service/src/vm_service.dart:1872:14)
#4      VMServiceFlutterDriver.sendCommand (package:flutter_driver/src/driver/vmservice_driver.dart:327:12)
#5      FlutterDriver.requestData (package:flutter_driver/src/driver/driver.dart:585:13)
#6      integrationDriver (package:integration_test/integration_test_driver.dart:71:42)
<asynchronous suspension>


#0      VMServiceFlutterDriver.sendCommand (package:flutter_driver/src/driver/vmservice_driver.dart:340:7)
<asynchronous suspension>
#1      FlutterDriver.requestData (package:flutter_driver/src/driver/driver.dart:585:7)
<asynchronous suspension>
#2      integrationDriver (package:integration_test/integration_test_driver.dart:71:29)
<asynchronous suspension>
Failed to stop app
adb uninstall failed: ProcessException: Process exited abnormally with exit code 1:
adb: device offline
  Command: /usr/local/lib/android/sdk/platform-tools/adb -s emulator-5554 uninstall fr.tchoupi.streetlift_tracker
Failed to uninstall app
