Running Gradle task 'assembleDebug'...                          
Warning: Flutter support for your project's Gradle version (8.14.3) will soon be dropped. Please upgrade your Gradle version to a version of at least 9.1.0 soon.
Alternatively, use the flag "--android-skip-build-dependency-validation" to bypass this check.

Potential fix: Your project's gradle version is typically defined in the gradle wrapper file. By default, this can be found at /home/runner/work/streetlift-apk/streetlift-apk/android/gradle/wrapper/gradle-wrapper.properties. 
For more information, see https://docs.gradle.org/current/userguide/gradle_wrapper.html.

Warning: Flutter support for your project's Android Gradle Plugin version (Android Gradle Plugin version 8.12.1) will soon be dropped. Please upgrade your Android Gradle Plugin version to a version of at least Android Gradle Plugin version 9.0.1 soon.
Alternatively, use the flag "--android-skip-build-dependency-validation" to bypass this check.

Potential fix: Your project's AGP version is typically defined in the plugins block of the `settings.gradle` file (/home/runner/work/streetlift-apk/streetlift-apk/android/settings.gradle), by a plugin with the id of com.android.application. 
If you don't see a plugins block, your project was likely created with an older template version. In this case it is most likely defined in the top-level build.gradle file (/home/runner/work/streetlift-apk/streetlift-apk/android/build.gradle) by the following line in the dependencies block of the buildscript: "classpath 'com.android.tools.build:gradle:<version>'".

Running Gradle task 'assembleDebug'...                             71.8s
✓ Built build/app/outputs/flutter-apk/app-debug.apk
Installing build/app/outputs/flutter-apk/app-debug.apk...           3.7s
I/WindowExtensionsImpl( 4047): Initializing Window Extensions, vendor API level=6, activity embedding enabled=true
D/FlutterRenderer( 4047): Width is zero. 0,0
D/FlutterJNI( 4047): Sending viewport metrics to the engine.
W/HWUI    ( 4047): Failed to choose config with EGL_SWAP_BEHAVIOR_PRESERVED, retrying without...
W/HWUI    ( 4047): Failed to initialize 101010-2 format, error = EGL_SUCCESS
I/Gralloc4( 4047): mapper 4.x is not supported
I/Choreographer( 4047): Skipped 96 frames!  The application may be doing too much work on its main thread.
D/FlutterJNI( 4047): Sending viewport metrics to the engine.
I/eetlift_tracker( 4047): Compiler allocated 5174KB to compile void android.view.ViewRootImpl.performTraversals()
D/ProfileInstaller( 4047): Installing profile for fr.tchoupi.streetlift_tracker
VMServiceFlutterDriver: Connecting to Flutter application at http://127.0.0.1:35473/Yn8zMHVW8Ps=/
VMServiceFlutterDriver: Isolate found with number: 4065466235410187
VMServiceFlutterDriver: Isolate 4065466235410187 is runnable.
VMServiceFlutterDriver: Isolate is paused at start.
VMServiceFlutterDriver: Attempting to resume isolate
I/flutter ( 4047): 00:00 +0: (setUpAll)
VMServiceFlutterDriver: Connected to Flutter application.
I/Choreographer( 4047): Skipped 60 frames!  The application may be doing too much work on its main thread.
I/Choreographer( 4047): Skipped 72 frames!  The application may be doing too much work on its main thread.
I/flutter ( 4047): 00:02 +1: M6b : Anatomie sombre (repos, groupe, menu, toucher, zoom)
D/EGL_emulation( 4047): app_time_stats: avg=1527.07ms min=1507.95ms max=1546.19ms count=2
I/eetlift_tracker( 4047): Background concurrent mark compact GC freed 2123KB AllocSpace bytes, 3(60KB) LOS objects, 49% free, 2592KB/5184KB, paused 49us,131.125ms total 2.557s
D/EGL_emulation( 4047): app_time_stats: avg=10008.02ms min=10008.02ms max=10008.02ms count=1
D/EGL_emulation( 4047): app_time_stats: avg=3269.92ms min=3269.92ms max=3269.92ms count=1
D/EGL_emulation( 4047): app_time_stats: avg=659.09ms min=74.00ms max=1244.18ms count=2
D/EGL_emulation( 4047): app_time_stats: avg=175.93ms min=114.61ms max=355.75ms count=6
D/EGL_emulation( 4047): app_time_stats: avg=82.45ms min=4.24ms max=171.57ms count=10
D/EGL_emulation( 4047): app_time_stats: avg=610.31ms min=25.08ms max=1260.47ms count=3
D/EGL_emulation( 4047): app_time_stats: avg=681.11ms min=173.82ms max=1501.40ms count=3
D/EGL_emulation( 4047): app_time_stats: avg=551.88ms min=550.76ms max=553.01ms count=2
D/EGL_emulation( 4047): app_time_stats: avg=153.38ms min=138.97ms max=171.58ms count=7
D/EGL_emulation( 4047): app_time_stats: avg=211.45ms min=150.37ms max=446.15ms count=5
D/EGL_emulation( 4047): app_time_stats: avg=271.67ms min=81.48ms max=669.82ms count=4
D/EGL_emulation( 4047): app_time_stats: avg=115.24ms min=77.02ms max=298.53ms count=7
D/EGL_emulation( 4047): app_time_stats: avg=207.43ms min=63.77ms max=603.04ms count=7
D/EGL_emulation( 4047): app_time_stats: avg=1100.12ms min=1100.12ms max=1100.12ms count=1
D/EGL_emulation( 4047): app_time_stats: avg=665.76ms min=24.63ms max=1834.55ms count=3
I/flutter ( 4047): 00:37 +2: M6b : Anatomie clair, grand texte, animations réduites
D/FlutterJNI( 4047): Sending viewport metrics to the engine.
D/EGL_emulation( 4047): app_time_stats: avg=525.78ms min=142.58ms max=1190.92ms count=3
D/EGL_emulation( 4047): app_time_stats: avg=169.24ms min=124.98ms max=234.84ms count=6
D/FlutterJNI( 4047): Sending viewport metrics to the engine.
D/EGL_emulation( 4047): app_time_stats: avg=650.88ms min=321.15ms max=980.61ms count=2
D/EGL_emulation( 4047): app_time_stats: avg=123.69ms min=72.82ms max=274.27ms count=7
D/EGL_emulation( 4047): app_time_stats: avg=433.73ms min=126.40ms max=994.90ms count=4
D/EGL_emulation( 4047): app_time_stats: avg=502.89ms min=69.09ms max=936.68ms count=2
I/flutter ( 4047): 00:45 +3: M6b : fiches (traction, dips, squat, étirement)
D/EGL_emulation( 4047): app_time_stats: avg=439.78ms min=124.15ms max=1011.15ms count=4
D/EGL_emulation( 4047): app_time_stats: avg=114.52ms min=56.55ms max=165.73ms count=7
D/EGL_emulation( 4047): app_time_stats: avg=204.31ms min=134.07ms max=395.25ms count=5
D/EGL_emulation( 4047): app_time_stats: avg=106.52ms min=81.02ms max=174.14ms count=7
D/EGL_emulation( 4047): app_time_stats: avg=135.80ms min=79.00ms max=381.08ms count=8
D/EGL_emulation( 4047): app_time_stats: avg=236.65ms min=79.63ms max=581.00ms count=5
D/EGL_emulation( 4047): app_time_stats: avg=144.38ms min=105.07ms max=167.27ms count=8
D/EGL_emulation( 4047): app_time_stats: avg=187.85ms min=127.32ms max=377.60ms count=6
D/EGL_emulation( 4047): app_time_stats: avg=125.78ms min=69.77ms max=185.54ms count=8
D/EGL_emulation( 4047): app_time_stats: avg=176.80ms min=147.05ms max=188.79ms count=6
D/EGL_emulation( 4047): app_time_stats: avg=372.14ms min=136.29ms max=662.24ms count=4
D/EGL_emulation( 4047): app_time_stats: avg=186.16ms min=130.93ms max=223.86ms count=6
D/EGL_emulation( 4047): app_time_stats: avg=179.73ms min=144.87ms max=217.87ms count=6
D/EGL_emulation( 4047): app_time_stats: avg=226.96ms min=142.20ms max=419.85ms count=5
D/EGL_emulation( 4047): app_time_stats: avg=164.32ms min=148.60ms max=191.97ms count=7
D/EGL_emulation( 4047): app_time_stats: avg=203.58ms min=138.32ms max=344.64ms count=5
D/FlutterJNI( 4047): Sending viewport metrics to the engine.
D/EGL_emulation( 4047): app_time_stats: avg=1108.87ms min=1108.87ms max=1108.87ms count=1
D/EGL_emulation( 4047): app_time_stats: avg=154.30ms min=126.31ms max=182.47ms count=7
D/EGL_emulation( 4047): app_time_stats: avg=144.07ms min=54.87ms max=184.05ms count=8
D/EGL_emulation( 4047): app_time_stats: avg=197.41ms min=130.20ms max=391.51ms count=5
D/EGL_emulation( 4047): app_time_stats: avg=134.50ms min=54.60ms max=192.20ms count=7
I/flutter ( 4047): 01:10 +4: M6b : STATS, muscles de la semaine, sombre et clair
D/FlutterJNI( 4047): Sending viewport metrics to the engine.
D/EGL_emulation( 4047): app_time_stats: avg=248.26ms min=133.30ms max=653.23ms count=6
D/EGL_emulation( 4047): app_time_stats: avg=151.03ms min=105.15ms max=211.96ms count=6
D/EGL_emulation( 4047): app_time_stats: avg=182.67ms min=10.50ms max=607.39ms count=6
D/EGL_emulation( 4047): app_time_stats: avg=1092.02ms min=1092.02ms max=1092.02ms count=1
D/EGL_emulation( 4047): app_time_stats: avg=322.63ms min=184.37ms max=667.54ms count=5
D/FlutterJNI( 4047): Sending viewport metrics to the engine.
D/EGL_emulation( 4047): app_time_stats: avg=190.58ms min=63.91ms max=591.70ms count=5
D/EGL_emulation( 4047): app_time_stats: avg=168.49ms min=72.31ms max=637.29ms count=7
D/EGL_emulation( 4047): app_time_stats: avg=228.78ms min=135.61ms max=327.78ms count=5
D/EGL_emulation( 4047): app_time_stats: avg=332.84ms min=189.06ms max=602.65ms count=4
I/flutter ( 4047): 01:21 +5: M6b : accueil (carte du jour) et aperçu de WOD
D/FlutterJNI( 4047): Sending viewport metrics to the engine.
D/EGL_emulation( 4047): app_time_stats: avg=1116.46ms min=758.84ms max=1474.07ms count=2
D/EGL_emulation( 4047): app_time_stats: avg=432.24ms min=125.76ms max=1712.76ms count=6
D/FlutterJNI( 4047): Sending viewport metrics to the engine.
D/EGL_emulation( 4047): app_time_stats: avg=336.66ms min=302.03ms max=360.61ms count=3
D/EGL_emulation( 4047): app_time_stats: avg=133.89ms min=73.99ms max=181.99ms count=7
D/EGL_emulation( 4047): app_time_stats: avg=465.39ms min=129.62ms max=1688.78ms count=5
D/FlutterJNI( 4047): Sending viewport metrics to the engine.
D/EGL_emulation( 4047): app_time_stats: avg=160.93ms min=34.10ms max=464.13ms count=6
D/EGL_emulation( 4047): app_time_stats: avg=87.57ms min=27.95ms max=156.49ms count=10
D/EGL_emulation( 4047): app_time_stats: avg=97.54ms min=78.08ms max=151.17ms count=9
D/EGL_emulation( 4047): app_time_stats: avg=94.10ms min=29.13ms max=181.59ms count=9
D/EGL_emulation( 4047): app_time_stats: avg=99.17ms min=36.83ms max=128.12ms count=10
D/EGL_emulation( 4047): app_time_stats: avg=120.61ms min=38.51ms max=189.76ms count=8
D/EGL_emulation( 4047): app_time_stats: avg=100.89ms min=25.34ms max=147.08ms count=10
D/EGL_emulation( 4047): app_time_stats: avg=78.32ms min=9.67ms max=110.77ms count=9
D/EGL_emulation( 4047): app_time_stats: avg=78.45ms min=34.63ms max=103.30ms count=10
D/EGL_emulation( 4047): app_time_stats: avg=105.56ms min=28.10ms max=177.87ms count=9
D/EGL_emulation( 4047): app_time_stats: avg=79.77ms min=32.88ms max=109.81ms count=9
D/EGL_emulation( 4047): app_time_stats: avg=96.68ms min=30.77ms max=117.67ms count=10
D/EGL_emulation( 4047): app_time_stats: avg=72.55ms min=2.25ms max=130.09ms count=10
D/EGL_emulation( 4047): app_time_stats: avg=82.36ms min=67.34ms max=109.30ms count=10
D/EGL_emulation( 4047): app_time_stats: avg=91.66ms min=23.98ms max=165.61ms count=9
D/EGL_emulation( 4047): app_time_stats: avg=83.77ms min=72.56ms max=122.99ms count=10
D/EGL_emulation( 4047): app_time_stats: avg=77.65ms min=67.76ms max=85.71ms count=10
D/EGL_emulation( 4047): app_time_stats: avg=87.56ms min=67.89ms max=161.98ms count=9
D/EGL_emulation( 4047): app_time_stats: avg=97.85ms min=28.50ms max=155.23ms count=10
D/EGL_emulation( 4047): app_time_stats: avg=96.33ms min=32.75ms max=169.16ms count=11
D/EGL_emulation( 4047): app_time_stats: avg=117.96ms min=33.95ms max=199.90ms count=9
D/EGL_emulation( 4047): app_time_stats: avg=98.89ms min=27.00ms max=164.47ms count=10
D/EGL_emulation( 4047): app_time_stats: avg=87.84ms min=64.14ms max=204.63ms count=10
D/EGL_emulation( 4047): app_time_stats: avg=272.82ms min=32.04ms max=1166.74ms count=6
D/EGL_emulation( 4047): app_time_stats: avg=242.56ms min=118.13ms max=496.49ms count=5
I/flutter ( 4047): 01:58 +6: M6b : Moteur 3D (rotation, halo, fond)
D/EGL_emulation( 4047): app_time_stats: avg=548.43ms min=479.66ms max=617.21ms count=2
D/EGL_emulation( 4047): app_time_stats: avg=90.95ms min=7.25ms max=180.67ms count=11
D/EGL_emulation( 4047): app_time_stats: avg=1204.49ms min=1204.49ms max=1204.49ms count=1
D/EGL_emulation( 4047): app_time_stats: avg=613.97ms min=176.09ms max=1051.85ms count=2
D/EGL_emulation( 4047): app_time_stats: avg=698.88ms min=642.38ms max=755.37ms count=2
D/EGL_emulation( 4047): app_time_stats: avg=613.51ms min=498.97ms max=728.05ms count=2
D/EGL_emulation( 4047): app_time_stats: avg=642.61ms min=624.63ms max=660.60ms count=2
D/EGL_emulation( 4047): app_time_stats: avg=628.36ms min=611.98ms max=644.74ms count=2
D/EGL_emulation( 4047): app_time_stats: avg=646.55ms min=67.29ms max=1225.80ms count=2
D/EGL_emulation( 4047): app_time_stats: avg=606.16ms min=603.56ms max=608.76ms count=2
D/EGL_emulation( 4047): app_time_stats: avg=641.97ms min=141.14ms max=1142.81ms count=2
I/flutter ( 4047): 02:11 +7: M6b : grand écran (tablette, 800 × 1280 dp)
I/flutter ( 4047): 02:19 +8: (tearDownAll)
I/flutter ( 4047): 02:19 +9: All tests passed!
D/EGL_emulation( 4047): app_time_stats: avg=2723.77ms min=143.57ms max=7504.71ms count=3
Unhandled exception:
DriverError: Failed to fulfill RequestData due to remote error
Original error: ext.flutter.driver: (112) Service has disappeared
Original stack trace:
#0      new _OutstandingRequest (package:vm_service/src/vm_service.dart:265:34)
#1      VmService._call.<anonymous closure> (package:vm_service/src/vm_service.dart:1921:25)
#2      VmService._call (package:vm_service/src/vm_service.dart:1933:8)
#3      VmService.callServiceExtension (package:vm_service/src/vm_service.dart:1872:14)
#4      VMServiceFlutterDriver.sendCommand (package:flutter_driver/src/driver/vmservice_driver.dart:327:12)
#5      FlutterDriver.requestData (package:flutter_driver/src/driver/driver.dart:585:13)
#6      integrationDriver (package:integration_test/integration_test_driver.dart:71:42)
<asynchronous suspension>


#0      VMServiceFlutterDriver.sendCommand (package:flutter_driver/src/driver/vmservice_driver.dart:340:7)
<asynchronous suspension>
#1      FlutterDriver.requestData (package:flutter_driver/src/driver/driver.dart:585:7)
<asynchronous suspension>
#2      integrationDriver (package:integration_test/integration_test_driver.dart:71:29)
<asynchronous suspension>
Failed to stop app
adb uninstall failed: ProcessException: Process exited abnormally with exit code 1:
adb: device offline
  Command: /usr/local/lib/android/sdk/platform-tools/adb -s emulator-5554 uninstall fr.tchoupi.streetlift_tracker
Failed to uninstall app
