Running Gradle task 'assembleDebug'...                          
Warning: Flutter support for your project's Gradle version (8.14.3) will soon be dropped. Please upgrade your Gradle version to a version of at least 9.1.0 soon.
Alternatively, use the flag "--android-skip-build-dependency-validation" to bypass this check.

Potential fix: Your project's gradle version is typically defined in the gradle wrapper file. By default, this can be found at /home/runner/work/streetlift-apk/streetlift-apk/streetlift_tracker/android/gradle/wrapper/gradle-wrapper.properties. 
For more information, see https://docs.gradle.org/current/userguide/gradle_wrapper.html.

Warning: Flutter support for your project's Android Gradle Plugin version (Android Gradle Plugin version 8.12.1) will soon be dropped. Please upgrade your Android Gradle Plugin version to a version of at least Android Gradle Plugin version 9.0.1 soon.
Alternatively, use the flag "--android-skip-build-dependency-validation" to bypass this check.

Potential fix: Your project's AGP version is typically defined in the plugins block of the `settings.gradle` file (/home/runner/work/streetlift-apk/streetlift-apk/streetlift_tracker/android/settings.gradle), by a plugin with the id of com.android.application. 
If you don't see a plugins block, your project was likely created with an older template version. In this case it is most likely defined in the top-level build.gradle file (/home/runner/work/streetlift-apk/streetlift-apk/streetlift_tracker/android/build.gradle) by the following line in the dependencies block of the buildscript: "classpath 'com.android.tools.build:gradle:<version>'".

Running Gradle task 'assembleDebug'...                             89.0s
✓ Built build/app/outputs/flutter-apk/app-debug.apk
Installing build/app/outputs/flutter-apk/app-debug.apk...        2,868ms
I/eetlift_tracker( 4104): Compiler allocated 5174KB to compile void android.view.ViewRootImpl.performTraversals()
I/Choreographer( 4104): Skipped 117 frames!  The application may be doing too much work on its main thread.
D/FlutterJNI( 4104): Sending viewport metrics to the engine.
I/eetlift_tracker( 4104): Compiler allocated 5417KB to compile void android.view.ViewRootImpl.performTraversals()
D/ProfileInstaller( 4104): Installing profile for fr.tchoupi.streetlift_tracker
VMServiceFlutterDriver: Connecting to Flutter application at http://127.0.0.1:33427/2S6XJHA_2fY=/
VMServiceFlutterDriver: Isolate found with number: 4368367237577871
VMServiceFlutterDriver: Isolate 4368367237577871 is runnable.
VMServiceFlutterDriver: Isolate is paused at start.
VMServiceFlutterDriver: Attempting to resume isolate
I/Choreographer( 4104): Skipped 65 frames!  The application may be doing too much work on its main thread.
I/flutter ( 4104): 00:00 +0: (setUpAll)
VMServiceFlutterDriver: Connected to Flutter application.
I/Choreographer( 4104): Skipped 43 frames!  The application may be doing too much work on its main thread.
I/flutter ( 4104): 00:01 +1: Réglages › À propos › Moteur 3D, thème sombre
I/Choreographer( 4104): Skipped 107 frames!  The application may be doing too much work on its main thread.
D/EGL_emulation( 4104): app_time_stats: avg=1446.70ms min=293.59ms max=3414.93ms count=3
W/WindowOnBackDispatcher( 4104): OnBackInvokedCallback is not enabled for the application.
W/WindowOnBackDispatcher( 4104): Set 'android:enableOnBackInvokedCallback="true"' in the application manifest.
D/EGL_emulation( 4104): app_time_stats: avg=398.93ms min=297.27ms max=575.46ms count=3
I/eetlift_tracker( 4104): Background concurrent mark compact GC freed 2127KB AllocSpace bytes, 3(60KB) LOS objects, 49% free, 2591KB/5183KB, paused 64us,6.142ms total 194.379ms
D/EGL_emulation( 4104): app_time_stats: avg=434.31ms min=423.38ms max=449.95ms count=3
D/EGL_emulation( 4104): app_time_stats: avg=924.11ms min=781.96ms max=1066.25ms count=2
D/EGL_emulation( 4104): app_time_stats: avg=220.23ms min=60.89ms max=300.20ms count=4
D/EGL_emulation( 4104): app_time_stats: avg=873.78ms min=249.42ms max=1498.14ms count=2
D/EGL_emulation( 4104): app_time_stats: avg=22947.47ms min=22947.47ms max=22947.47ms count=1
D/EGL_emulation( 4104): app_time_stats: avg=4313.26ms min=4313.26ms max=4313.26ms count=1
D/EGL_emulation( 4104): app_time_stats: avg=4385.90ms min=4385.90ms max=4385.90ms count=1
D/EGL_emulation( 4104): app_time_stats: avg=3939.40ms min=3939.40ms max=3939.40ms count=1
D/EGL_emulation( 4104): app_time_stats: avg=4199.31ms min=4199.31ms max=4199.31ms count=1
D/EGL_emulation( 4104): app_time_stats: avg=3884.25ms min=3884.25ms max=3884.25ms count=1
D/EGL_emulation( 4104): app_time_stats: avg=5108.74ms min=5108.74ms max=5108.74ms count=1
D/EGL_emulation( 4104): app_time_stats: avg=4480.77ms min=4480.77ms max=4480.77ms count=1
D/EGL_emulation( 4104): app_time_stats: avg=4070.06ms min=4070.06ms max=4070.06ms count=1
I/flutter ( 4104): ══╡ EXCEPTION CAUGHT BY FLUTTER TEST FRAMEWORK ╞════════════════════════════════════════════════════
I/flutter ( 4104): The following TestFailure was thrown running a test:
I/flutter ( 4104): Expected: a value greater than <0.004>
I/flutter ( 4104):   Actual: <0.0>
I/flutter ( 4104):    Which: is not a value greater than <0.004>
I/flutter ( 4104): sombre : calotte rouge absente
I/flutter ( 4104): 
I/flutter ( 4104): When the exception was thrown, this was the stack:
I/flutter ( 4104): #4      main.check (file:///home/runner/work/streetlift-apk/streetlift-apk/streetlift_tracker/integration_test/moteur_3d_test.dart:132:5)
I/flutter ( 4104): #5      main.<anonymous closure> (file:///home/runner/work/streetlift-apk/streetlift-apk/streetlift_tracker/integration_test/moteur_3d_test.dart:182:5)
I/flutter ( 4104): <asynchronous suspension>
I/flutter ( 4104): #6      testWidgets.<anonymous closure>.<anonymous closure> (package:flutter_test/src/widget_tester.dart:192:15)
I/flutter ( 4104): <asynchronous suspension>
I/flutter ( 4104): #7      TestWidgetsFlutterBinding._runTestBody (package:flutter_test/src/binding.dart:1953:5)
I/flutter ( 4104): <asynchronous suspension>
I/flutter ( 4104): #8      TestWidgetsFlutterBinding._createTestCompletionHandler.<anonymous closure> (package:flutter_test/src/binding.dart:1707:12)
I/flutter ( 4104): <asynchronous suspension>
I/flutter ( 4104): 
I/flutter ( 4104): This was caught by the test expectation on the following line:
I/flutter ( 4104):   file:///home/runner/work/streetlift-apk/streetlift-apk/streetlift_tracker/integration_test/moteur_3d_test.dart line 132
I/flutter ( 4104): The test description was:
I/flutter ( 4104):   Réglages › À propos › Moteur 3D, thème sombre
I/flutter ( 4104): ════════════════════════════════════════════════════════════════════════════════════════════════════
I/flutter ( 4104): 01:11 +1: Réglages › À propos › Moteur 3D, thème sombre [E]
I/flutter ( 4104):   Test failed. See exception logs above.
I/flutter ( 4104):   The test description was: Réglages › À propos › Moteur 3D, thème sombre
I/flutter ( 4104):   
I/flutter ( 4104): 01:11 +1 -1: Moteur 3D, thème clair
D/FlutterJNI( 4104): Sending viewport metrics to the engine.
I/eetlift_tracker( 4104): NativeAlloc concurrent mark compact GC freed 465KB AllocSpace bytes, 1(20KB) LOS objects, 49% free, 2643KB/5287KB, paused 77us,9.478ms total 100.746ms
D/EGL_emulation( 4104): app_time_stats: avg=2216.08ms min=493.96ms max=3938.20ms count=2
D/EGL_emulation( 4104): app_time_stats: avg=1452.37ms min=220.01ms max=3862.42ms count=3
D/EGL_emulation( 4104): app_time_stats: avg=3993.65ms min=3993.65ms max=3993.65ms count=1
D/EGL_emulation( 4104): app_time_stats: avg=4238.66ms min=4238.66ms max=4238.66ms count=1
D/EGL_emulation( 4104): app_time_stats: avg=4137.97ms min=4137.97ms max=4137.97ms count=1
D/EGL_emulation( 4104): app_time_stats: avg=3945.78ms min=454.81ms max=7436.76ms count=2
D/EGL_emulation( 4104): app_time_stats: avg=3911.64ms min=3911.64ms max=3911.64ms count=1
D/EGL_emulation( 4104): app_time_stats: avg=4279.76ms min=4279.76ms max=4279.76ms count=1
D/EGL_emulation( 4104): app_time_stats: avg=4021.83ms min=4021.83ms max=4021.83ms count=1
I/flutter ( 4104): ══╡ EXCEPTION CAUGHT BY FLUTTER TEST FRAMEWORK ╞════════════════════════════════════════════════════
I/flutter ( 4104): The following TestFailure was thrown running a test:
I/flutter ( 4104): Expected: a value greater than <0.004>
I/flutter ( 4104):   Actual: <0.0>
I/flutter ( 4104):    Which: is not a value greater than <0.004>
I/flutter ( 4104): clair : calotte rouge absente
I/flutter ( 4104): 
I/flutter ( 4104): When the exception was thrown, this was the stack:
I/flutter ( 4104): #4      main.check (file:///home/runner/work/streetlift-apk/streetlift-apk/streetlift_tracker/integration_test/moteur_3d_test.dart:132:5)
I/flutter ( 4104): #5      main.<anonymous closure> (file:///home/runner/work/streetlift-apk/streetlift-apk/streetlift_tracker/integration_test/moteur_3d_test.dart:241:5)
I/flutter ( 4104): <asynchronous suspension>
I/flutter ( 4104): #6      testWidgets.<anonymous closure>.<anonymous closure> (package:flutter_test/src/widget_tester.dart:192:15)
I/flutter ( 4104): <asynchronous suspension>
I/flutter ( 4104): #7      TestWidgetsFlutterBinding._runTestBody (package:flutter_test/src/binding.dart:1953:5)
I/flutter ( 4104): <asynchronous suspension>
I/flutter ( 4104): #8      TestWidgetsFlutterBinding._createTestCompletionHandler.<anonymous closure> (package:flutter_test/src/binding.dart:1707:12)
I/flutter ( 4104): <asynchronous suspension>
I/flutter ( 4104): 
I/flutter ( 4104): This was caught by the test expectation on the following line:
I/flutter ( 4104):   file:///home/runner/work/streetlift-apk/streetlift-apk/streetlift_tracker/integration_test/moteur_3d_test.dart line 132
I/flutter ( 4104): The test description was:
I/flutter ( 4104):   Moteur 3D, thème clair
I/flutter ( 4104): ════════════════════════════════════════════════════════════════════════════════════════════════════
I/flutter ( 4104): 01:52 +1 -1: Moteur 3D, thème clair [E]
I/flutter ( 4104):   Test failed. See exception logs above.
I/flutter ( 4104):   The test description was: Moteur 3D, thème clair
I/flutter ( 4104):   
I/flutter ( 4104): 01:52 +1 -2: M2 : Anatomie, groupe Dos, 4 vues, thème sombre
D/EGL_emulation( 4104): app_time_stats: avg=4143.54ms min=4143.54ms max=4143.54ms count=1
D/FlutterJNI( 4104): Sending viewport metrics to the engine.
D/EGL_emulation( 4104): app_time_stats: avg=3994.07ms min=3994.07ms max=3994.07ms count=1
D/EGL_emulation( 4104): app_time_stats: avg=582.96ms min=399.10ms max=766.81ms count=2
D/EGL_emulation( 4104): app_time_stats: avg=2903.12ms min=225.86ms max=7811.59ms count=3
D/EGL_emulation( 4104): app_time_stats: avg=2381.23ms min=253.18ms max=6341.99ms count=3
D/EGL_emulation( 4104): app_time_stats: avg=2764.22ms min=524.71ms max=5003.73ms count=2
D/EGL_emulation( 4104): app_time_stats: avg=3900.42ms min=257.66ms max=10754.61ms count=3
D/EGL_emulation( 4104): app_time_stats: avg=610.62ms min=53.54ms max=1203.13ms count=3
I/flutter ( 4104): ══╡ EXCEPTION CAUGHT BY FLUTTER TEST FRAMEWORK ╞════════════════════════════════════════════════════
I/flutter ( 4104): The following TestFailure was thrown running a test:
I/flutter ( 4104): Expected: a value greater than <0.002>
I/flutter ( 4104):   Actual: <0.0>
I/flutter ( 4104):    Which: is not a value greater than <0.002>
I/flutter ( 4104): dos
I/flutter ( 4104): 
I/flutter ( 4104): When the exception was thrown, this was the stack:
I/flutter ( 4104): #4      main.anatomyViews (file:///home/runner/work/streetlift-apk/streetlift-apk/streetlift_tracker/integration_test/moteur_3d_test.dart:294:9)
I/flutter ( 4104): <asynchronous suspension>
I/flutter ( 4104): #5      main.<anonymous closure> (file:///home/runner/work/streetlift-apk/streetlift-apk/streetlift_tracker/integration_test/moteur_3d_test.dart:302:5)
I/flutter ( 4104): <asynchronous suspension>
I/flutter ( 4104): #6      testWidgets.<anonymous closure>.<anonymous closure> (package:flutter_test/src/widget_tester.dart:192:15)
I/flutter ( 4104): <asynchronous suspension>
I/flutter ( 4104): #7      TestWidgetsFlutterBinding._runTestBody (package:flutter_test/src/binding.dart:1953:5)
I/flutter ( 4104): <asynchronous suspension>
I/flutter ( 4104): #8      TestWidgetsFlutterBinding._createTestCompletionHandler.<anonymous closure> (package:flutter_test/src/binding.dart:1707:12)
I/flutter ( 4104): <asynchronous suspension>
I/flutter ( 4104): 
I/flutter ( 4104): This was caught by the test expectation on the following line:
I/flutter ( 4104):   file:///home/runner/work/streetlift-apk/streetlift-apk/streetlift_tracker/integration_test/moteur_3d_test.dart line 294
I/flutter ( 4104): The test description was:
I/flutter ( 4104):   M2 : Anatomie, groupe Dos, 4 vues, thème sombre
I/flutter ( 4104): ════════════════════════════════════════════════════════════════════════════════════════════════════
I/flutter ( 4104): 02:38 +1 -2: M2 : Anatomie, groupe Dos, 4 vues, thème sombre [E]
I/flutter ( 4104):   Test failed. See exception logs above.
I/flutter ( 4104):   The test description was: M2 : Anatomie, groupe Dos, 4 vues, thème sombre
I/flutter ( 4104):   
I/flutter ( 4104): 02:38 +1 -3: M2 : Anatomie, groupe Dos, 4 vues, thème clair
D/EGL_emulation( 4104): app_time_stats: avg=2266.50ms min=2266.50ms max=2266.50ms count=1
D/EGL_emulation( 4104): app_time_stats: avg=428.86ms min=383.36ms max=509.48ms count=3
D/EGL_emulation( 4104): app_time_stats: avg=3093.92ms min=458.67ms max=5729.16ms count=2
D/EGL_emulation( 4104): app_time_stats: avg=2015.31ms min=5.12ms max=5733.78ms count=3
D/EGL_emulation( 4104): app_time_stats: avg=6004.53ms min=6004.53ms max=6004.53ms count=1
D/EGL_emulation( 4104): app_time_stats: avg=478.28ms min=57.17ms max=779.45ms count=3
D/EGL_emulation( 4104): app_time_stats: avg=11202.11ms min=11202.11ms max=11202.11ms count=1
D/EGL_emulation( 4104): app_time_stats: avg=676.66ms min=275.66ms max=1229.94ms count=3
I/flutter ( 4104): ══╡ EXCEPTION CAUGHT BY FLUTTER TEST FRAMEWORK ╞════════════════════════════════════════════════════
I/flutter ( 4104): The following TestFailure was thrown running a test:
I/flutter ( 4104): Expected: a value greater than <0.002>
I/flutter ( 4104):   Actual: <0.0>
I/flutter ( 4104):    Which: is not a value greater than <0.002>
I/flutter ( 4104): dos
I/flutter ( 4104): 
I/flutter ( 4104): When the exception was thrown, this was the stack:
I/flutter ( 4104): #4      main.anatomyViews (file:///home/runner/work/streetlift-apk/streetlift-apk/streetlift_tracker/integration_test/moteur_3d_test.dart:294:9)
I/flutter ( 4104): <asynchronous suspension>
I/flutter ( 4104): #5      main.<anonymous closure> (file:///home/runner/work/streetlift-apk/streetlift-apk/streetlift_tracker/integration_test/moteur_3d_test.dart:331:5)
I/flutter ( 4104): <asynchronous suspension>
I/flutter ( 4104): #6      testWidgets.<anonymous closure>.<anonymous closure> (package:flutter_test/src/widget_tester.dart:192:15)
I/flutter ( 4104): <asynchronous suspension>
I/flutter ( 4104): #7      TestWidgetsFlutterBinding._runTestBody (package:flutter_test/src/binding.dart:1953:5)
I/flutter ( 4104): <asynchronous suspension>
I/flutter ( 4104): #8      TestWidgetsFlutterBinding._createTestCompletionHandler.<anonymous closure> (package:flutter_test/src/binding.dart:1707:12)
I/flutter ( 4104): <asynchronous suspension>
I/flutter ( 4104): 
I/flutter ( 4104): This was caught by the test expectation on the following line:
I/flutter ( 4104):   file:///home/runner/work/streetlift-apk/streetlift-apk/streetlift_tracker/integration_test/moteur_3d_test.dart line 294
I/flutter ( 4104): The test description was:
I/flutter ( 4104):   M2 : Anatomie, groupe Dos, 4 vues, thème clair
I/flutter ( 4104): ════════════════════════════════════════════════════════════════════════════════════════════════════
I/flutter ( 4104): 03:14 +1 -3: M2 : Anatomie, groupe Dos, 4 vues, thème clair [E]
I/flutter ( 4104):   Test failed. See exception logs above.
I/flutter ( 4104):   The test description was: M2 : Anatomie, groupe Dos, 4 vues, thème clair
I/flutter ( 4104):   
I/flutter ( 4104): 03:14 +1 -4: M2 : organisation du modèle, (a) par muscle / (b) fusionné
D/EGL_emulation( 4104): app_time_stats: avg=1211.69ms min=1211.69ms max=1211.69ms count=1
D/EGL_emulation( 4104): app_time_stats: avg=14337.49ms min=14337.49ms max=14337.49ms count=1
D/EGL_emulation( 4104): app_time_stats: avg=7303.16ms min=7303.16ms max=7303.16ms count=1
D/EGL_emulation( 4104): app_time_stats: avg=7067.35ms min=7067.35ms max=7067.35ms count=1
D/EGL_emulation( 4104): app_time_stats: avg=7306.89ms min=7306.89ms max=7306.89ms count=1
D/EGL_emulation( 4104): app_time_stats: avg=7851.13ms min=7851.13ms max=7851.13ms count=1
D/EGL_emulation( 4104): app_time_stats: avg=7099.55ms min=249.50ms max=13949.60ms count=2
D/EGL_emulation( 4104): app_time_stats: avg=5325.19ms min=5325.19ms max=5325.19ms count=1
D/EGL_emulation( 4104): app_time_stats: avg=7082.34ms min=7082.34ms max=7082.34ms count=1
D/EGL_emulation( 4104): app_time_stats: avg=211.17ms min=211.17ms max=211.17ms count=1
D/EGL_emulation( 4104): app_time_stats: avg=6810.76ms min=6810.76ms max=6810.76ms count=1
D/EGL_emulation( 4104): app_time_stats: avg=7267.41ms min=7267.41ms max=7267.41ms count=1
Unhandled exception:
DriverError: Failed to fulfill RequestData due to remote error
Original error: ext.flutter.driver: (112) Service has disappeared
Original stack trace:
#0      new _OutstandingRequest (package:vm_service/src/vm_service.dart:265:34)
#1      VmService._call.<anonymous closure> (package:vm_service/src/vm_service.dart:1921:25)
#2      VmService._call (package:vm_service/src/vm_service.dart:1933:8)
#3      VmService.callServiceExtension (package:vm_service/src/vm_service.dart:1872:14)
#4      VMServiceFlutterDriver.sendCommand (package:flutter_driver/src/driver/vmservice_driver.dart:327:12)
#5      FlutterDriver.requestData (package:flutter_driver/src/driver/driver.dart:585:13)
#6      integrationDriver (package:integration_test/integration_test_driver.dart:71:42)
<asynchronous suspension>


#0      VMServiceFlutterDriver.sendCommand (package:flutter_driver/src/driver/vmservice_driver.dart:340:7)
<asynchronous suspension>
#1      FlutterDriver.requestData (package:flutter_driver/src/driver/driver.dart:585:7)
<asynchronous suspension>
#2      integrationDriver (package:integration_test/integration_test_driver.dart:71:29)
<asynchronous suspension>
