Running Gradle task 'assembleDebug'...                          
Warning: Flutter support for your project's Gradle version (8.14.3) will soon be dropped. Please upgrade your Gradle version to a version of at least 9.1.0 soon.
Alternatively, use the flag "--android-skip-build-dependency-validation" to bypass this check.

Potential fix: Your project's gradle version is typically defined in the gradle wrapper file. By default, this can be found at /home/runner/work/streetlift-apk/streetlift-apk/android/gradle/wrapper/gradle-wrapper.properties. 
For more information, see https://docs.gradle.org/current/userguide/gradle_wrapper.html.

Warning: Flutter support for your project's Android Gradle Plugin version (Android Gradle Plugin version 8.12.1) will soon be dropped. Please upgrade your Android Gradle Plugin version to a version of at least Android Gradle Plugin version 9.0.1 soon.
Alternatively, use the flag "--android-skip-build-dependency-validation" to bypass this check.

Potential fix: Your project's AGP version is typically defined in the plugins block of the `settings.gradle` file (/home/runner/work/streetlift-apk/streetlift-apk/android/settings.gradle), by a plugin with the id of com.android.application. 
If you don't see a plugins block, your project was likely created with an older template version. In this case it is most likely defined in the top-level build.gradle file (/home/runner/work/streetlift-apk/streetlift-apk/android/build.gradle) by the following line in the dependencies block of the buildscript: "classpath 'com.android.tools.build:gradle:<version>'".

Running Gradle task 'assembleDebug'...                             49.8s
✓ Built build/app/outputs/flutter-apk/app-debug.apk
Installing build/app/outputs/flutter-apk/app-debug.apk...        1,050ms
I/eetlift_tracker( 6409): Compiler allocated 5174KB to compile void android.view.ViewRootImpl.performTraversals()
I/Choreographer( 6409): Skipped 58 frames!  The application may be doing too much work on its main thread.
D/FlutterJNI( 6409): Sending viewport metrics to the engine.
VMServiceFlutterDriver: Connecting to Flutter application at http://127.0.0.1:36727/W8yQCfEE5KM=/
VMServiceFlutterDriver: Isolate found with number: 7325253069472743
VMServiceFlutterDriver: Isolate 7325253069472743 is runnable.
VMServiceFlutterDriver: Isolate is paused at start.
VMServiceFlutterDriver: Attempting to resume isolate
D/ProfileInstaller( 6409): Installing profile for fr.tchoupi.streetlift_tracker
I/flutter ( 6409): 00:00 +0: CI1 b (clair, violet) : street calibré — saison, séance guidée, session personnelle intacte
VMServiceFlutterDriver: Connected to Flutter application.
D/EGL_emulation( 6409): app_time_stats: avg=417.11ms min=247.79ms max=585.38ms count=3
D/EGL_emulation( 6409): app_time_stats: avg=165.36ms min=6.46ms max=312.13ms count=6
D/EGL_emulation( 6409): app_time_stats: avg=1095.15ms min=1095.15ms max=1095.15ms count=1
D/FlutterJNI( 6409): Sending viewport metrics to the engine.
D/EGL_emulation( 6409): app_time_stats: avg=415.40ms min=121.40ms max=839.96ms count=4
Unhandled exception:
DriverError: Failed to fulfill RequestData due to remote error
Original error: ext.flutter.driver: (112) Service has disappeared
Original stack trace:
#0      new _OutstandingRequest (package:vm_service/src/vm_service.dart:265:34)
#1      VmService._call.<anonymous closure> (package:vm_service/src/vm_service.dart:1921:25)
#2      VmService._call (package:vm_service/src/vm_service.dart:1933:8)
#3      VmService.callServiceExtension (package:vm_service/src/vm_service.dart:1872:14)
#4      VMServiceFlutterDriver.sendCommand (package:flutter_driver/src/driver/vmservice_driver.dart:327:12)
#5      FlutterDriver.requestData (package:flutter_driver/src/driver/driver.dart:585:13)
#6      integrationDriver (package:integration_test/integration_test_driver.dart:71:42)
<asynchronous suspension>


#0      VMServiceFlutterDriver.sendCommand (package:flutter_driver/src/driver/vmservice_driver.dart:340:7)
<asynchronous suspension>
#1      FlutterDriver.requestData (package:flutter_driver/src/driver/driver.dart:585:7)
<asynchronous suspension>
#2      integrationDriver (package:integration_test/integration_test_driver.dart:71:29)
<asynchronous suspension>
