Running Gradle task 'assembleDebug'...                          
Warning: Flutter support for your project's Gradle version (8.14.3) will soon be dropped. Please upgrade your Gradle version to a version of at least 9.1.0 soon.
Alternatively, use the flag "--android-skip-build-dependency-validation" to bypass this check.

Potential fix: Your project's gradle version is typically defined in the gradle wrapper file. By default, this can be found at /home/runner/work/streetlift-apk/streetlift-apk/android/gradle/wrapper/gradle-wrapper.properties. 
For more information, see https://docs.gradle.org/current/userguide/gradle_wrapper.html.

Warning: Flutter support for your project's Android Gradle Plugin version (Android Gradle Plugin version 8.12.1) will soon be dropped. Please upgrade your Android Gradle Plugin version to a version of at least Android Gradle Plugin version 9.0.1 soon.
Alternatively, use the flag "--android-skip-build-dependency-validation" to bypass this check.

Potential fix: Your project's AGP version is typically defined in the plugins block of the `settings.gradle` file (/home/runner/work/streetlift-apk/streetlift-apk/android/settings.gradle), by a plugin with the id of com.android.application. 
If you don't see a plugins block, your project was likely created with an older template version. In this case it is most likely defined in the top-level build.gradle file (/home/runner/work/streetlift-apk/streetlift-apk/android/build.gradle) by the following line in the dependencies block of the buildscript: "classpath 'com.android.tools.build:gradle:<version>'".

Running Gradle task 'assembleDebug'...                             42.6s
✓ Built build/app/outputs/flutter-apk/app-debug.apk
Installing build/app/outputs/flutter-apk/app-debug.apk...        1,113ms
I/Choreographer( 4659): Skipped 45 frames!  The application may be doing too much work on its main thread.
D/FlutterJNI( 4659): Sending viewport metrics to the engine.
VMServiceFlutterDriver: Connecting to Flutter application at http://127.0.0.1:43913/f6eOwFpVINs=/
VMServiceFlutterDriver: Isolate found with number: 5075562720499479
VMServiceFlutterDriver: Isolate 5075562720499479 is runnable.
VMServiceFlutterDriver: Isolate is paused at start.
VMServiceFlutterDriver: Attempting to resume isolate
I/flutter ( 4659): 00:00 +0: G10 b (clair, violet, free) : évolution du programme, simulateur, propositions, inspecteur
VMServiceFlutterDriver: Connected to Flutter application.
D/ProfileInstaller( 4659): Installing profile for fr.tchoupi.streetlift_tracker
D/EGL_emulation( 4659): app_time_stats: avg=405.11ms min=71.27ms max=967.40ms count=5
D/EGL_emulation( 4659): app_time_stats: avg=201.61ms min=87.03ms max=587.24ms count=5
D/EGL_emulation( 4659): app_time_stats: avg=1560.04ms min=1560.04ms max=1560.04ms count=1
D/FlutterJNI( 4659): Sending viewport metrics to the engine.
D/EGL_emulation( 4659): app_time_stats: avg=341.59ms min=141.60ms max=741.38ms count=5
D/EGL_emulation( 4659): app_time_stats: avg=12952.22ms min=12952.22ms max=12952.22ms count=1
D/EGL_emulation( 4659): app_time_stats: avg=119.46ms min=59.92ms max=161.10ms count=7
D/EGL_emulation( 4659): app_time_stats: avg=140.91ms min=74.31ms max=165.73ms count=7
D/EGL_emulation( 4659): app_time_stats: avg=119.66ms min=49.82ms max=173.55ms count=9
D/EGL_emulation( 4659): app_time_stats: avg=115.56ms min=109.89ms max=117.34ms count=9
W/WindowOnBackDispatcher( 4659): OnBackInvokedCallback is not enabled for the application.
W/WindowOnBackDispatcher( 4659): Set 'android:enableOnBackInvokedCallback="true"' in the application manifest.
D/EGL_emulation( 4659): app_time_stats: avg=114.20ms min=17.54ms max=198.82ms count=9
D/EGL_emulation( 4659): app_time_stats: avg=114.81ms min=89.76ms max=148.26ms count=9
D/EGL_emulation( 4659): app_time_stats: avg=87.03ms min=13.15ms max=117.03ms count=11
D/EGL_emulation( 4659): app_time_stats: avg=156.47ms min=114.95ms max=275.85ms count=6
I/eetlift_tracker( 4659): Background concurrent mark compact GC freed 2260KB AllocSpace bytes, 11(476KB) LOS objects, 49% free, 2620KB/5241KB, paused 70us,7.512ms total 63.422ms
D/EGL_emulation( 4659): app_time_stats: avg=107.07ms min=35.28ms max=158.54ms count=10
D/EGL_emulation( 4659): app_time_stats: avg=116.44ms min=114.19ms max=117.88ms count=9
D/EGL_emulation( 4659): app_time_stats: avg=104.72ms min=84.90ms max=134.49ms count=10
D/EGL_emulation( 4659): app_time_stats: avg=78.49ms min=11.75ms max=150.16ms count=11
D/EGL_emulation( 4659): app_time_stats: avg=89.44ms min=13.82ms max=170.33ms count=11
D/EGL_emulation( 4659): app_time_stats: avg=92.34ms min=16.01ms max=186.10ms count=11
D/EGL_emulation( 4659): app_time_stats: avg=135.24ms min=43.91ms max=214.00ms count=7
D/EGL_emulation( 4659): app_time_stats: avg=122.04ms min=55.77ms max=206.58ms count=6
D/EGL_emulation( 4659): app_time_stats: avg=91.24ms min=54.12ms max=158.53ms count=8
W/WindowOnBackDispatcher( 4659): OnBackInvokedCallback is not enabled for the application.
W/WindowOnBackDispatcher( 4659): Set 'android:enableOnBackInvokedCallback="true"' in the application manifest.
D/FlutterJNI( 4659): Sending viewport metrics to the engine.
D/EGL_emulation( 4659): app_time_stats: avg=93.19ms min=16.00ms max=162.03ms count=10
D/EGL_emulation( 4659): app_time_stats: avg=111.53ms min=20.07ms max=183.30ms count=9
D/EGL_emulation( 4659): app_time_stats: avg=72.93ms min=16.81ms max=95.57ms count=13
D/EGL_emulation( 4659): app_time_stats: avg=87.98ms min=68.08ms max=158.45ms count=11
D/EGL_emulation( 4659): app_time_stats: avg=72.75ms min=15.89ms max=90.45ms count=13
D/EGL_emulation( 4659): app_time_stats: avg=69.00ms min=2.13ms max=89.73ms count=12
D/EGL_emulation( 4659): app_time_stats: avg=79.03ms min=8.86ms max=162.79ms count=12
D/EGL_emulation( 4659): app_time_stats: avg=80.76ms min=3.91ms max=163.11ms count=12
D/EGL_emulation( 4659): app_time_stats: avg=85.08ms min=13.62ms max=157.33ms count=10
D/EGL_emulation( 4659): app_time_stats: avg=90.52ms min=10.29ms max=144.89ms count=11
D/EGL_emulation( 4659): app_time_stats: avg=81.08ms min=12.34ms max=163.59ms count=12
D/EGL_emulation( 4659): app_time_stats: avg=77.76ms min=7.85ms max=111.06ms count=11
D/EGL_emulation( 4659): app_time_stats: avg=93.04ms min=27.58ms max=165.06ms count=11
D/EGL_emulation( 4659): app_time_stats: avg=79.76ms min=13.47ms max=173.78ms count=13
D/FlutterJNI( 4659): Sending viewport metrics to the engine.
D/EGL_emulation( 4659): app_time_stats: avg=204.34ms min=127.14ms max=296.63ms count=6
D/EGL_emulation( 4659): app_time_stats: avg=87.09ms min=22.32ms max=132.55ms count=11
D/EGL_emulation( 4659): app_time_stats: avg=96.83ms min=71.47ms max=155.15ms count=9
D/EGL_emulation( 4659): app_time_stats: avg=90.46ms min=1.97ms max=131.63ms count=11
D/EGL_emulation( 4659): app_time_stats: avg=116.35ms min=115.11ms max=118.68ms count=9
D/EGL_emulation( 4659): app_time_stats: avg=72.25ms min=11.27ms max=117.61ms count=13
D/EGL_emulation( 4659): app_time_stats: avg=77.12ms min=61.38ms max=91.87ms count=12
D/EGL_emulation( 4659): app_time_stats: avg=83.85ms min=4.38ms max=167.05ms count=10
D/EGL_emulation( 4659): app_time_stats: avg=99.11ms min=51.93ms max=162.90ms count=10
D/EGL_emulation( 4659): app_time_stats: avg=65.32ms min=3.39ms max=159.59ms count=12
D/EGL_emulation( 4659): app_time_stats: avg=87.43ms min=6.56ms max=145.56ms count=9
D/EGL_emulation( 4659): app_time_stats: avg=217.21ms min=150.15ms max=409.51ms count=5
D/EGL_emulation( 4659): app_time_stats: avg=170.25ms min=1.30ms max=505.30ms count=6
D/EGL_emulation( 4659): app_time_stats: avg=156.46ms min=3.94ms max=328.13ms count=6
D/EGL_emulation( 4659): app_time_stats: avg=127.77ms min=42.29ms max=225.97ms count=8
D/EGL_emulation( 4659): app_time_stats: avg=132.21ms min=76.23ms max=166.62ms count=8
D/EGL_emulation( 4659): app_time_stats: avg=138.31ms min=42.37ms max=224.81ms count=8
D/EGL_emulation( 4659): app_time_stats: avg=138.90ms min=124.76ms max=168.17ms count=8
D/EGL_emulation( 4659): app_time_stats: avg=143.21ms min=123.21ms max=182.53ms count=7
D/EGL_emulation( 4659): app_time_stats: avg=154.96ms min=135.47ms max=168.02ms count=7
D/EGL_emulation( 4659): app_time_stats: avg=125.91ms min=55.67ms max=153.92ms count=8
D/EGL_emulation( 4659): app_time_stats: avg=142.84ms min=112.47ms max=171.62ms count=7
D/EGL_emulation( 4659): app_time_stats: avg=123.34ms min=55.18ms max=187.36ms count=8
D/EGL_emulation( 4659): app_time_stats: avg=153.69ms min=130.03ms max=203.84ms count=7
W/WindowOnBackDispatcher( 4659): OnBackInvokedCallback is not enabled for the application.
W/WindowOnBackDispatcher( 4659): Set 'android:enableOnBackInvokedCallback="true"' in the application manifest.
D/EGL_emulation( 4659): app_time_stats: avg=148.94ms min=53.13ms max=244.36ms count=7
D/EGL_emulation( 4659): app_time_stats: avg=125.08ms min=64.41ms max=171.65ms count=7
D/EGL_emulation( 4659): app_time_stats: avg=139.52ms min=42.26ms max=306.02ms count=6
D/EGL_emulation( 4659): app_time_stats: avg=178.87ms min=82.72ms max=398.24ms count=6
D/EGL_emulation( 4659): app_time_stats: avg=94.53ms min=75.41ms max=134.73ms count=7
D/EGL_emulation( 4659): app_time_stats: avg=91.60ms min=70.74ms max=168.53ms count=8
D/EGL_emulation( 4659): app_time_stats: avg=156.79ms min=136.19ms max=179.50ms count=7
D/EGL_emulation( 4659): app_time_stats: avg=124.48ms min=67.36ms max=176.60ms count=7
D/EGL_emulation( 4659): app_time_stats: avg=112.42ms min=55.70ms max=174.71ms count=7
W/WindowOnBackDispatcher( 4659): OnBackInvokedCallback is not enabled for the application.
W/WindowOnBackDispatcher( 4659): Set 'android:enableOnBackInvokedCallback="true"' in the application manifest.
D/EGL_emulation( 4659): app_time_stats: avg=175.26ms min=100.13ms max=334.92ms count=6
D/EGL_emulation( 4659): app_time_stats: avg=99.14ms min=15.72ms max=168.70ms count=10
D/EGL_emulation( 4659): app_time_stats: avg=126.80ms min=92.11ms max=215.82ms count=8
D/EGL_emulation( 4659): app_time_stats: avg=91.40ms min=21.08ms max=112.49ms count=11
D/EGL_emulation( 4659): app_time_stats: avg=79.09ms min=2.38ms max=181.68ms count=11
D/EGL_emulation( 4659): app_time_stats: avg=101.66ms min=23.88ms max=127.47ms count=9
D/EGL_emulation( 4659): app_time_stats: avg=102.31ms min=20.01ms max=188.40ms count=10
D/EGL_emulation( 4659): app_time_stats: avg=120.87ms min=14.45ms max=264.03ms count=8
D/EGL_emulation( 4659): app_time_stats: avg=146.34ms min=46.93ms max=199.53ms count=8
W/WindowOnBackDispatcher( 4659): OnBackInvokedCallback is not enabled for the application.
W/WindowOnBackDispatcher( 4659): Set 'android:enableOnBackInvokedCallback="true"' in the application manifest.
D/EGL_emulation( 4659): app_time_stats: avg=135.76ms min=122.72ms max=147.57ms count=8
D/EGL_emulation( 4659): app_time_stats: avg=95.09ms min=11.00ms max=177.26ms count=11
D/EGL_emulation( 4659): app_time_stats: avg=115.65ms min=107.57ms max=122.07ms count=9
D/EGL_emulation( 4659): app_time_stats: avg=130.81ms min=114.50ms max=160.18ms count=8
D/EGL_emulation( 4659): app_time_stats: avg=93.93ms min=55.14ms max=179.67ms count=9
D/EGL_emulation( 4659): app_time_stats: avg=88.53ms min=49.31ms max=158.10ms count=9
W/WindowOnBackDispatcher( 4659): OnBackInvokedCallback is not enabled for the application.
W/WindowOnBackDispatcher( 4659): Set 'android:enableOnBackInvokedCallback="true"' in the application manifest.
D/EGL_emulation( 4659): app_time_stats: avg=132.08ms min=75.56ms max=190.73ms count=8
D/EGL_emulation( 4659): app_time_stats: avg=151.42ms min=66.37ms max=197.95ms count=7
D/EGL_emulation( 4659): app_time_stats: avg=161.12ms min=145.71ms max=183.71ms count=7
D/EGL_emulation( 4659): app_time_stats: avg=164.70ms min=137.74ms max=193.14ms count=7
I/eetlift_tracker( 4659): Background concurrent mark compact GC freed 743KB AllocSpace bytes, 50(1784KB) LOS objects, 49% free, 2632KB/5265KB, paused 59us,2.647ms total 165.941ms
D/EGL_emulation( 4659): app_time_stats: avg=123.17ms min=77.34ms max=179.18ms count=7
D/EGL_emulation( 4659): app_time_stats: avg=224.91ms min=173.57ms max=389.35ms count=5
D/EGL_emulation( 4659): app_time_stats: avg=124.04ms min=4.62ms max=262.38ms count=8
D/EGL_emulation( 4659): app_time_stats: avg=147.19ms min=100.82ms max=220.29ms count=7
D/EGL_emulation( 4659): app_time_stats: avg=143.86ms min=57.92ms max=221.23ms count=7
D/EGL_emulation( 4659): app_time_stats: avg=114.58ms min=43.58ms max=153.08ms count=8
D/EGL_emulation( 4659): app_time_stats: avg=144.21ms min=126.62ms max=170.80ms count=7
D/EGL_emulation( 4659): app_time_stats: avg=146.71ms min=105.02ms max=191.95ms count=7
I/flutter ( 4659): ══╡ EXCEPTION CAUGHT BY FLUTTER TEST FRAMEWORK ╞════════════════════════════════════════════════════
I/flutter ( 4659): The following TestFailure was thrown running a test:
I/flutter ( 4659): Expected: a value greater than <0>
I/flutter ( 4659):   Actual: <0>
I/flutter ( 4659):    Which: is not a value greater than <0>
I/flutter ( 4659): 
I/flutter ( 4659): When the exception was thrown, this was the stack:
I/flutter ( 4659): #4      main.<anonymous closure> (file:///home/runner/work/streetlift-apk/streetlift-apk/integration_test/evolution_g10_test.dart:438:5)
I/flutter ( 4659): <asynchronous suspension>
I/flutter ( 4659): #5      testWidgets.<anonymous closure>.<anonymous closure> (package:flutter_test/src/widget_tester.dart:192:15)
I/flutter ( 4659): <asynchronous suspension>
I/flutter ( 4659): #6      TestWidgetsFlutterBinding._runTestBody (package:flutter_test/src/binding.dart:1953:5)
I/flutter ( 4659): <asynchronous suspension>
I/flutter ( 4659): #7      TestWidgetsFlutterBinding._createTestCompletionHandler.<anonymous closure> (package:flutter_test/src/binding.dart:1707:12)
I/flutter ( 4659): <asynchronous suspension>
I/flutter ( 4659): 
I/flutter ( 4659): This was caught by the test expectation on the following line:
I/flutter ( 4659):   file:///home/runner/work/streetlift-apk/streetlift-apk/integration_test/evolution_g10_test.dart line 438
I/flutter ( 4659): The test description was:
I/flutter ( 4659):   G10 b (clair, violet, free) : évolution du programme, simulateur, propositions, inspecteur
I/flutter ( 4659): ════════════════════════════════════════════════════════════════════════════════════════════════════
I/flutter ( 4659): 01:58 +0: G10 b (clair, violet, free) : évolution du programme, simulateur, propositions, inspecteur [E]
I/flutter ( 4659):   Test failed. See exception logs above.
I/flutter ( 4659):   The test description was: G10 b (clair, violet, free) : évolution du programme, simulateur, propositions, inspecteur
I/flutter ( 4659):   
I/flutter ( 4659): 01:58 +0 -1: (tearDownAll)
I/flutter ( 4659): 01:58 +1 -1: Some tests failed.
Unhandled exception:
DriverError: Failed to fulfill RequestData due to remote error
Original error: ext.flutter.driver: (112) Service has disappeared
Original stack trace:
#0      new _OutstandingRequest (package:vm_service/src/vm_service.dart:265:34)
#1      VmService._call.<anonymous closure> (package:vm_service/src/vm_service.dart:1921:25)
#2      VmService._call (package:vm_service/src/vm_service.dart:1933:8)
#3      VmService.callServiceExtension (package:vm_service/src/vm_service.dart:1872:14)
#4      VMServiceFlutterDriver.sendCommand (package:flutter_driver/src/driver/vmservice_driver.dart:327:12)
#5      FlutterDriver.requestData (package:flutter_driver/src/driver/driver.dart:585:13)
#6      integrationDriver (package:integration_test/integration_test_driver.dart:71:42)
<asynchronous suspension>


#0      VMServiceFlutterDriver.sendCommand (package:flutter_driver/src/driver/vmservice_driver.dart:340:7)
<asynchronous suspension>
#1      FlutterDriver.requestData (package:flutter_driver/src/driver/driver.dart:585:7)
<asynchronous suspension>
#2      integrationDriver (package:integration_test/integration_test_driver.dart:71:29)
<asynchronous suspension>
Failed to stop app
adb uninstall failed: ProcessException: Process exited abnormally with exit code 1:
adb: device offline
  Command: /usr/local/lib/android/sdk/platform-tools/adb -s emulator-5554 uninstall fr.tchoupi.streetlift_tracker
Failed to uninstall app
