00:00 +0: loading /home/runner/work/streetlift-apk/streetlift-apk/streetlift_tracker/test/refonte_ma_test.dart
00:00 +0: illustrations et calques 18 PNG de 3.1.0 restaurés à l'identique, profil ajouté
00:00 +1: illustrations et calques calques alignés au pixel sur leur illustration, dans la silhouette
00:00 +2: illustrations et calques profil : fond transparent, bords sans liseré clair
00:00 +2 -1: illustrations et calques profil : fond transparent, bords sans liseré clair [E]
  Expected: a value less than <113>
    Actual: <383>
     Which: is not a value less than <113>
  
  package:matcher                                     expect
  package:flutter_test/src/widget_tester.dart 474:18  expect
  test/refonte_ma_test.dart 133:7                     main.<fn>.<fn>
  
00:00 +2 -1: carte musculaire muscles de l'atlas → groupes, intensités par rôle
00:00 +3 -1: carte musculaire STATS : rendu identique à 3.1.0 (sombre)
00:00 +4 -1: carte musculaire STATS : rendu identique à 3.1.0 (clair)
00:01 +5 -1: démonstrations découpées choix de la vue : profil, face ou dos selon les muscles
00:01 +6 -1: démonstrations découpées segments posés exactement sur les articulations du modèle
00:01 +7 -1: démonstrations découpées rendu sans exception de chaque animation, corps dessiné
00:01 +8 -1: démonstrations découpées coût : images par seconde (test) et mémoire des textures
REFONTE_PERF images=240 moyenne_us=1035 ips=966 textures_octets=6340608
00:01 +9 -1: Some tests failed.
exit=1
