Running Gradle task 'assembleDebug'...                          

FAILURE: Build failed with an exception.

* What went wrong:
Execution failed for task ':gradle:compileKotlin'.
> Could not isolate parameters org.jetbrains.kotlin.gradle.internal.transforms.BuildToolsApiClasspathEntrySnapshotTransform$Parameters_Decorated@18e1ce99 of artifact transform BuildToolsApiClasspathEntrySnapshotTransform
   > Could not isolate value org.jetbrains.kotlin.gradle.internal.transforms.BuildToolsApiClasspathEntrySnapshotTransform$Parameters_Decorated@18e1ce99 of type BuildToolsApiClasspathEntrySnapshotTransform.Parameters
      > Could not resolve all files for configuration ':gradle:kotlinBuildToolsApiClasspath'.
         > Could not download kotlin-compiler-embeddable-2.2.20.jar (org.jetbrains.kotlin:kotlin-compiler-embeddable:2.2.20)
            > Could not get resource 'https://repo.maven.apache.org/maven2/org/jetbrains/kotlin/kotlin-compiler-embeddable/2.2.20/kotlin-compiler-embeddable-2.2.20.jar'.
               > Could not GET 'https://github.com/JetBrains/kotlin/releases/download/v2.2.20/kotlin-compiler-embeddable-2.2.20.jar'. Received status code 504 from server: Gateway Time-out

* Try:
> Run the 'artifactTransforms' report task to view details about registered transforms.
> Review the documentation on Artifact Transforms at https://docs.gradle.org/8.14.3/userguide/artifact_transforms.html.
> Run with --stacktrace option to get the stack trace.
> Run with --info or --debug option to get more log output.
> Run with --scan to get full insights.
> Get more help at https://help.gradle.org.

BUILD FAILED in 1m
Running Gradle task 'assembleDebug'...                             61.5s
[!] Gradle threw an error while downloading artifacts from the network.
Retrying Gradle Build: #1, wait time: 100ms
Running Gradle task 'assembleDebug'...                          

FAILURE: Build failed with an exception.

* What went wrong:
Execution failed for task ':gradle:compileKotlin'.
> Could not isolate parameters org.jetbrains.kotlin.gradle.internal.transforms.BuildToolsApiClasspathEntrySnapshotTransform$Parameters_Decorated@49d8b77a of artifact transform BuildToolsApiClasspathEntrySnapshotTransform
   > Could not isolate value org.jetbrains.kotlin.gradle.internal.transforms.BuildToolsApiClasspathEntrySnapshotTransform$Parameters_Decorated@49d8b77a of type BuildToolsApiClasspathEntrySnapshotTransform.Parameters
      > Could not resolve all files for configuration ':gradle:kotlinBuildToolsApiClasspath'.
         > Could not download kotlin-compiler-embeddable-2.2.20.jar (org.jetbrains.kotlin:kotlin-compiler-embeddable:2.2.20)
            > Could not get resource 'https://repo.maven.apache.org/maven2/org/jetbrains/kotlin/kotlin-compiler-embeddable/2.2.20/kotlin-compiler-embeddable-2.2.20.jar'.
               > Could not GET 'https://github.com/JetBrains/kotlin/releases/download/v2.2.20/kotlin-compiler-embeddable-2.2.20.jar'. Received status code 504 from server: Gateway Time-out

* Try:
> Run the 'artifactTransforms' report task to view details about registered transforms.
> Review the documentation on Artifact Transforms at https://docs.gradle.org/8.14.3/userguide/artifact_transforms.html.
> Run with --stacktrace option to get the stack trace.
> Run with --info or --debug option to get more log output.
> Run with --scan to get full insights.
> Get more help at https://help.gradle.org.

BUILD FAILED in 3s
Running Gradle task 'assembleDebug'...                              4.1s
[!] Gradle threw an error while downloading artifacts from the network.
Gradle task assembleDebug failed with exit code 1
