00:00 +0: loading /home/runner/work/streetlift-apk/streetlift-apk/streetlift_tracker/test/l5c_rouge_capture_test.dart
00:00 +0: rouge par défaut : rendus comparables avant / après L5-C
00:04 +1: All tests passed!
exit test/l5c_rouge_capture_test.dart=0
00:00 +0: loading /home/runner/work/streetlift-apk/streetlift-apk/streetlift_tracker/test/l5c_ecrans_capture_test.dart
00:00 +0: principaux écrans : rendus comparables avant / après L5
00:06 +1: All tests passed!
exit test/l5c_ecrans_capture_test.dart=0
00:00 +0: loading /home/runner/work/streetlift-apk/streetlift-apk/streetlift_tracker/test/l5c_palettes_capture_test.dart
00:00 +0: six couleurs × clair/sombre
00:05 +1: All tests passed!
exit test/l5c_palettes_capture_test.dart=0
total 9460
drwxr-xr-x 2 runner runner   4096 Sep 26 14:21 .
drwxr-xr-x 3 runner runner   4096 Sep 26 14:20 ..
-rw-r--r-- 1 runner runner 279462 Sep 26 14:21 apres_catalogue_wod_clair.png
-rw-r--r-- 1 runner runner 269949 Sep 26 14:21 apres_catalogue_wod_sombre.png
-rw-r--r-- 1 runner runner 102458 Sep 26 14:21 apres_chrono_wod_clair.png
-rw-r--r-- 1 runner runner  98610 Sep 26 14:21 apres_chrono_wod_sombre.png
-rw-r--r-- 1 runner runner 113796 Sep 26 14:21 apres_depart_programme_clair.png
-rw-r--r-- 1 runner runner 103660 Sep 26 14:21 apres_depart_programme_sombre.png
-rw-r--r-- 1 runner runner  60012 Sep 26 14:21 apres_editeur_seance_clair.png
-rw-r--r-- 1 runner runner  58390 Sep 26 14:21 apres_editeur_seance_sombre.png
-rw-r--r-- 1 runner runner 282113 Sep 26 14:21 apres_fiche_wod_acquis_clair.png
-rw-r--r-- 1 runner runner 271384 Sep 26 14:21 apres_fiche_wod_acquis_sombre.png
-rw-r--r-- 1 runner runner 292932 Sep 26 14:21 apres_fiche_wod_verrouille_clair.png
-rw-r--r-- 1 runner runner 284716 Sep 26 14:21 apres_fiche_wod_verrouille_sombre.png
-rw-r--r-- 1 runner runner  87393 Sep 26 14:21 apres_historique_seance_clair.png
-rw-r--r-- 1 runner runner  86034 Sep 26 14:21 apres_historique_seance_sombre.png
-rw-r--r-- 1 runner runner 111255 Sep 26 14:21 apres_programme_320_200pct_clair.png
-rw-r--r-- 1 runner runner 107979 Sep 26 14:21 apres_programme_320_200pct_sombre.png
-rw-r--r-- 1 runner runner 168998 Sep 26 14:21 apres_references_clair.png
-rw-r--r-- 1 runner runner 151685 Sep 26 14:21 apres_references_sombre.png
-rw-r--r-- 1 runner runner 108450 Sep 26 14:21 apres_reglages_chronometres_clair.png
-rw-r--r-- 1 runner runner  94459 Sep 26 14:21 apres_reglages_chronometres_sombre.png
-rw-r--r-- 1 runner runner 148403 Sep 26 14:20 apres_rouge_arsenal_clair.png
-rw-r--r-- 1 runner runner 140557 Sep 26 14:20 apres_rouge_arsenal_sombre.png
-rw-r--r-- 1 runner runner 163513 Sep 26 14:20 apres_rouge_programme_clair.png
-rw-r--r-- 1 runner runner 160750 Sep 26 14:20 apres_rouge_programme_sombre.png
-rw-r--r-- 1 runner runner 154693 Sep 26 14:20 apres_rouge_reglages_clair.png
-rw-r--r-- 1 runner runner 142431 Sep 26 14:20 apres_rouge_reglages_sombre.png
-rw-r--r-- 1 runner runner  68909 Sep 26 14:20 apres_rouge_seance_clair.png
-rw-r--r-- 1 runner runner  68183 Sep 26 14:20 apres_rouge_seance_sombre.png
-rw-r--r-- 1 runner runner 148667 Sep 26 14:20 apres_rouge_stats_clair.png
-rw-r--r-- 1 runner runner 141876 Sep 26 14:20 apres_rouge_stats_sombre.png
-rw-r--r-- 1 runner runner 150053 Sep 26 14:21 apres_stats_apercu_clair.png
-rw-r--r-- 1 runner runner 142589 Sep 26 14:21 apres_stats_apercu_sombre.png
-rw-r--r-- 1 runner runner 126909 Sep 26 14:21 apres_stats_historique_clair.png
-rw-r--r-- 1 runner runner 117657 Sep 26 14:21 apres_stats_historique_sombre.png
-rw-r--r-- 1 runner runner 145619 Sep 26 14:21 apres_stats_parcours_clair.png
-rw-r--r-- 1 runner runner 134590 Sep 26 14:21 apres_stats_parcours_sombre.png
-rw-r--r-- 1 runner runner 154191 Sep 26 14:21 apres_stats_performances_clair.png
-rw-r--r-- 1 runner runner 139584 Sep 26 14:21 apres_stats_performances_sombre.png
-rw-r--r-- 1 runner runner 160331 Sep 26 14:21 palette_jaune_programme_clair.png
-rw-r--r-- 1 runner runner 158245 Sep 26 14:21 palette_jaune_programme_sombre.png
-rw-r--r-- 1 runner runner 138672 Sep 26 14:21 palette_jaune_reglages_clair.png
-rw-r--r-- 1 runner runner 127338 Sep 26 14:21 palette_jaune_reglages_sombre.png
-rw-r--r-- 1 runner runner 165456 Sep 26 14:21 palette_orange_programme_clair.png
-rw-r--r-- 1 runner runner 162870 Sep 26 14:21 palette_orange_programme_sombre.png
-rw-r--r-- 1 runner runner 139459 Sep 26 14:21 palette_orange_reglages_clair.png
-rw-r--r-- 1 runner runner 127869 Sep 26 14:21 palette_orange_reglages_sombre.png
-rw-r--r-- 1 runner runner 163601 Sep 26 14:21 palette_rouge_programme_clair.png
-rw-r--r-- 1 runner runner 160854 Sep 26 14:21 palette_rouge_programme_sombre.png
-rw-r--r-- 1 runner runner 138839 Sep 26 14:21 palette_rouge_reglages_clair.png
-rw-r--r-- 1 runner runner 127563 Sep 26 14:21 palette_rouge_reglages_sombre.png
-rw-r--r-- 1 runner runner 164972 Sep 26 14:21 palette_turquoise_programme_clair.png
-rw-r--r-- 1 runner runner 162211 Sep 26 14:21 palette_turquoise_programme_sombre.png
-rw-r--r-- 1 runner runner 138220 Sep 26 14:21 palette_turquoise_reglages_clair.png
-rw-r--r-- 1 runner runner 127087 Sep 26 14:21 palette_turquoise_reglages_sombre.png
-rw-r--r-- 1 runner runner 164987 Sep 26 14:21 palette_vert_programme_clair.png
-rw-r--r-- 1 runner runner 162379 Sep 26 14:21 palette_vert_programme_sombre.png
-rw-r--r-- 1 runner runner 138935 Sep 26 14:21 palette_vert_reglages_clair.png
-rw-r--r-- 1 runner runner 127559 Sep 26 14:21 palette_vert_reglages_sombre.png
-rw-r--r-- 1 runner runner 165359 Sep 26 14:21 palette_violet_programme_clair.png
-rw-r--r-- 1 runner runner 163389 Sep 26 14:21 palette_violet_programme_sombre.png
-rw-r--r-- 1 runner runner 137715 Sep 26 14:21 palette_violet_reglages_clair.png
-rw-r--r-- 1 runner runner 126940 Sep 26 14:21 palette_violet_reglages_sombre.png
-rw-r--r-- 1 runner runner 108966 Sep 26 14:21 programme_jaune_320_200pct_clair.png
-rw-r--r-- 1 runner runner 106857 Sep 26 14:21 programme_jaune_320_200pct_sombre.png
-rw-r--r-- 1 runner runner  98358 Sep 26 14:21 selecteur_320_200pct_clair.png
-rw-r--r-- 1 runner runner  88990 Sep 26 14:21 selecteur_320_200pct_sombre.png
