Resolving dependencies...
Downloading packages...
  archive 4.2.0 (4.3.0 available)
  async 2.12.0 (2.13.1 available)
  audioplayers 6.6.0 (6.8.1 available)
  audioplayers_android 5.2.1 (5.3.0 available)
  audioplayers_darwin 6.4.0 (6.5.0 available)
  audioplayers_linux 4.2.1 (4.3.0 available)
  audioplayers_platform_interface 7.1.1 (7.2.0 available)
  audioplayers_web 5.2.0 (5.3.0 available)
  audioplayers_windows 4.3.0 (4.4.1 available)
> characters 1.4.1 (was 1.4.0)
  checked_yaml 2.0.3 (2.0.4 available)
  cli_util 0.4.2 (0.6.0 available)
  clock 1.1.2 (1.1.3 available)
+ code_assets 1.2.1 (2.1.0 available)
+ data_assets 0.20.0
  dbus 0.7.12 (0.8.0 available)
> fake_async 1.3.3 (was 1.3.2)
+ flat_buffers 25.9.23
+ flutter_driver 0.0.0 from sdk flutter
+ flutter_gpu 0.0.0 from sdk flutter
+ flutter_gpu_shaders 0.5.2
  flutter_lints 4.0.0 (6.0.0 available)
  flutter_local_notifications 18.0.1 (22.3.1 available)
  flutter_local_notifications_linux 5.0.0 (8.0.1 available)
  flutter_local_notifications_platform_interface 8.0.0 (12.2.0 available)
+ flutter_scene 0.23.0
+ fuchsia_remote_debug_protocol 0.0.0 from sdk flutter
+ hooks 2.2.0
  image 4.9.2 (4.10.1 available)
+ integration_test 0.0.0 from sdk flutter
> intl 0.20.3 (was 0.19.0)
  json_annotation 4.9.0 (4.12.0 available)
> leak_tracker 11.0.2 (was 10.0.8)
> leak_tracker_flutter_testing 3.0.10 (was 3.0.9)
> leak_tracker_testing 3.0.2 (was 3.0.1)
  lints 4.0.0 (6.1.0 available)
+ logging 1.3.0
> matcher 0.12.20 (was 0.12.17)
> material_color_utilities 0.13.0 (was 0.11.1) (0.13.1 available)
> meta 1.19.0 (was 1.16.0)
  package_info_plus 9.0.1 (10.2.1 available)
  package_info_plus_platform_interface 3.2.1 (4.1.0 available)
  path_provider 2.1.5 (2.1.6 available)
  path_provider_android 2.2.19 (2.3.1 available)
  path_provider_foundation 2.4.2 (2.6.0 available)
  path_provider_linux 2.2.1 (2.2.2 available)
  path_provider_platform_interface 2.1.2 (2.1.3 available)
  petitparser 6.1.0 (7.1.0 available)
  platform 3.1.6 (3.2.0 available)
+ process 5.0.6
+ pub_semver 2.2.1
+ record_use 1.1.1
+ scene 0.3.0
  shared_preferences 2.5.3 (2.5.5 available)
  shared_preferences_android 2.4.13 (2.4.28 available)
  shared_preferences_foundation 2.5.4 (2.5.7 available)
  shared_preferences_platform_interface 2.4.1 (2.4.2 available)
  source_span 1.10.1 (1.10.2 available)
  stack_trace 1.12.1 (1.12.2 available)
+ sync_http 0.3.1
  synchronized 3.3.1 (3.4.2 available)
> test_api 0.7.12 (was 0.7.4) (0.7.14 available)
  timezone 0.10.1 (0.11.1 available)
> vector_math 2.4.3 (was 2.1.4) (from transitive dependency to direct dependency)
  vm_service 14.3.1 (15.3.0 available)
  wakelock_plus 1.4.0 (1.8.0 available)
  wakelock_plus_platform_interface 1.3.0 (1.7.0 available)
+ webdriver 3.2.0
  win32 5.13.0 (6.4.0 available)
  xml 6.5.0 (7.1.0 available)
+ yaml_edit 2.2.4
Would change 29 dependencies.
45 packages have newer versions incompatible with dependency constraints.
Try `flutter pub outdated` for more information.
Unable to satisfy `pubspec.yaml` using `pubspec.lock`.

To update `pubspec.lock` run `flutter pub get` without
`--enforce-lockfile`.
Failed to update packages.
Resolving dependencies...
Downloading packages...
  archive 4.2.0 (4.3.0 available)
  async 2.12.0 (2.13.1 available)
  audioplayers 6.6.0 (6.8.1 available)
  audioplayers_android 5.2.1 (5.3.0 available)
  audioplayers_darwin 6.4.0 (6.5.0 available)
  audioplayers_linux 4.2.1 (4.3.0 available)
  audioplayers_platform_interface 7.1.1 (7.2.0 available)
  audioplayers_web 5.2.0 (5.3.0 available)
  audioplayers_windows 4.3.0 (4.4.1 available)
> characters 1.4.1 (was 1.4.0)
  checked_yaml 2.0.3 (2.0.4 available)
  cli_util 0.4.2 (0.6.0 available)
  clock 1.1.2 (1.1.3 available)
+ code_assets 1.2.1 (2.1.0 available)
+ data_assets 0.20.0
  dbus 0.7.12 (0.8.0 available)
> fake_async 1.3.3 (was 1.3.2)
+ flat_buffers 25.9.23
+ flutter_driver 0.0.0 from sdk flutter
+ flutter_gpu 0.0.0 from sdk flutter
+ flutter_gpu_shaders 0.5.2
  flutter_lints 4.0.0 (6.0.0 available)
  flutter_local_notifications 18.0.1 (22.3.1 available)
  flutter_local_notifications_linux 5.0.0 (8.0.1 available)
  flutter_local_notifications_platform_interface 8.0.0 (12.2.0 available)
+ flutter_scene 0.23.0
+ fuchsia_remote_debug_protocol 0.0.0 from sdk flutter
+ hooks 2.2.0
  image 4.9.2 (4.10.1 available)
+ integration_test 0.0.0 from sdk flutter
> intl 0.20.3 (was 0.19.0)
  json_annotation 4.9.0 (4.12.0 available)
> leak_tracker 11.0.2 (was 10.0.8)
> leak_tracker_flutter_testing 3.0.10 (was 3.0.9)
> leak_tracker_testing 3.0.2 (was 3.0.1)
  lints 4.0.0 (6.1.0 available)
+ logging 1.3.0
> matcher 0.12.20 (was 0.12.17)
> material_color_utilities 0.13.0 (was 0.11.1) (0.13.1 available)
> meta 1.19.0 (was 1.16.0)
  package_info_plus 9.0.1 (10.2.1 available)
  package_info_plus_platform_interface 3.2.1 (4.1.0 available)
  path_provider 2.1.5 (2.1.6 available)
  path_provider_android 2.2.19 (2.3.1 available)
  path_provider_foundation 2.4.2 (2.6.0 available)
  path_provider_linux 2.2.1 (2.2.2 available)
  path_provider_platform_interface 2.1.2 (2.1.3 available)
  petitparser 6.1.0 (7.1.0 available)
  platform 3.1.6 (3.2.0 available)
+ process 5.0.6
+ pub_semver 2.2.1
+ record_use 1.1.1
+ scene 0.3.0
  shared_preferences 2.5.3 (2.5.5 available)
  shared_preferences_android 2.4.13 (2.4.28 available)
  shared_preferences_foundation 2.5.4 (2.5.7 available)
  shared_preferences_platform_interface 2.4.1 (2.4.2 available)
  source_span 1.10.1 (1.10.2 available)
  stack_trace 1.12.1 (1.12.2 available)
+ sync_http 0.3.1
  synchronized 3.3.1 (3.4.2 available)
> test_api 0.7.12 (was 0.7.4) (0.7.14 available)
  timezone 0.10.1 (0.11.1 available)
> vector_math 2.4.3 (was 2.1.4) (from transitive dependency to direct dependency)
  vm_service 14.3.1 (15.3.0 available)
  wakelock_plus 1.4.0 (1.8.0 available)
  wakelock_plus_platform_interface 1.3.0 (1.7.0 available)
+ webdriver 3.2.0
  win32 5.13.0 (6.4.0 available)
  xml 6.5.0 (7.1.0 available)
+ yaml_edit 2.2.4
Changed 29 dependencies!
45 packages have newer versions incompatible with dependency constraints.
Try `flutter pub outdated` for more information.
Upgrading analysis_options.yaml to exclude build and platform directories.
