.......F.............................................................
======================================================================
FAIL: test_atlas_generated_from_pack (test_content_pack.ContentPackTest.test_atlas_generated_from_pack)
----------------------------------------------------------------------
Traceback (most recent call last):
  File "/home/runner/work/streetlift-apk/streetlift-apk/streetlift_tracker/tools/tests/test_content_pack.py", line 47, in test_atlas_generated_from_pack
    self.assertGreaterEqual(len(muscles), 100)
AssertionError: 0 not greater than or equal to 100

----------------------------------------------------------------------
Ran 69 tests in 7.347s

FAILED (failures=1)
OK : apk-absents, refus Gradle attendu observé.
OK : aab-absents, refus Gradle attendu observé.
OK : apk-sans-mot-de-passe, refus Gradle attendu observé.
OK : aab-sans-conteneur, refus Gradle attendu observé.
OK : apk-base64-invalide, refus Gradle attendu observé.
# Banc hôte L6 — synthèse

Mesure hôte (flutter_tester, JIT debug, sans GPU) : compare deux versions du code sur la même machine ; ce n'est pas une durée sur téléphone.

Fichiers : base-r1.jsonl, base-r2.jsonl, cand-r1.jsonl, cand-r2.jsonl

| Scénario | Profil | Unité | Base n | Base médiane [min–max] | Cand. n | Cand. médiane [min–max] | Ratio | Conclusion |
| --- | --- | --- | --- | --- | --- | --- | --- | --- |
| s | p | ms | 18 | 10.4 [10.0–10.8] | 18 | 5.4 [5.0–5.8] | 0.519 | amélioration |
# Banc hôte L6 — synthèse

Mesure hôte (flutter_tester, JIT debug, sans GPU) : compare deux versions du code sur la même machine ; ce n'est pas une durée sur téléphone.

Fichiers : base-r1.jsonl, cand-r1.jsonl

| Scénario | Profil | Unité | Base n | Base médiane [min–max] | Cand. n | Cand. médiane [min–max] | Ratio | Conclusion |
| --- | --- | --- | --- | --- | --- | --- | --- | --- |
| s | p | ms | 9 | 1.0 [1.0–1.0] | 0 | nan [nan–nan] |  | non mesuré |

## Résultats métier (empreintes base / candidate)

| Profil | Champ | Verdict (base / candidate) |
| --- | --- | --- |
| long | export | DIFFÉRENT (a / b) |

## Mesures en échec

- cand-r1.jsonl x/p : boom
# Banc hôte L6 — synthèse

Mesure hôte (flutter_tester, JIT debug, sans GPU) : compare deux versions du code sur la même machine ; ce n'est pas une durée sur téléphone.

Fichiers : base-r1.jsonl, base-r2.jsonl, cand-r1.jsonl, cand-r2.jsonl

| Scénario | Profil | Unité | Base n | Base médiane [min–max] | Cand. n | Cand. médiane [min–max] | Ratio | Conclusion |
| --- | --- | --- | --- | --- | --- | --- | --- | --- |
| s | p | ms | 18 | 7.0 [4.0–10.0] | 18 | 4.75 [4.5–5.0] | 0.679 | gain non démontré |
# Banc hôte L6 — synthèse

Mesure hôte (flutter_tester, JIT debug, sans GPU) : compare deux versions du code sur la même machine ; ce n'est pas une durée sur téléphone.

Fichiers : base-r1.jsonl, base-r2.jsonl, cand-r1.jsonl, cand-r2.jsonl

| Scénario | Profil | Unité | Base n | Base médiane [min–max] | Cand. n | Cand. médiane [min–max] | Ratio | Conclusion |
| --- | --- | --- | --- | --- | --- | --- | --- | --- |
| s | p | ms | 18 | 11.0 [10.0–12.0] | 18 | 11.0 [10.0–12.0] | 1.0 | gain non démontré |
# Banc hôte L6 — synthèse

Mesure hôte (flutter_tester, JIT debug, sans GPU) : compare deux versions du code sur la même machine ; ce n'est pas une durée sur téléphone.

Fichiers : base-r1.jsonl, cand-r1.jsonl

| Scénario | Profil | Unité | Base n | Base médiane [min–max] | Cand. n | Cand. médiane [min–max] | Ratio | Conclusion |
| --- | --- | --- | --- | --- | --- | --- | --- | --- |
| s | p | ms | 2 | 10.5 [10.0–11.0] | 2 | 1.05 [1.0–1.1] | 0.1 | non concluant (n < 8) |
programme_v33.json: 13 -> 33 octets
programme_v33.json: 13 -> 33 octets
