Analyzing streetlift-apk...                                     

warning • The member 'notifyListeners' can only be used within 'package:flutter/src/foundation/change_notifier.dart' or a test • lib/athlete_profile_store.dart:90:5 • invalid_use_of_visible_for_testing_member
warning • The member 'notifyListeners' can only be used within instance members of subclasses of 'ChangeNotifier' • lib/athlete_profile_store.dart:90:5 • invalid_use_of_protected_member
warning • The member 'notifyListeners' can only be used within 'package:flutter/src/foundation/change_notifier.dart' or a test • lib/athlete_profile_store.dart:296:5 • invalid_use_of_visible_for_testing_member
warning • The member 'notifyListeners' can only be used within instance members of subclasses of 'ChangeNotifier' • lib/athlete_profile_store.dart:296:5 • invalid_use_of_protected_member
warning • The member 'notifyListeners' can only be used within 'package:flutter/src/foundation/change_notifier.dart' or a test • lib/evolution_store.dart:238:5 • invalid_use_of_visible_for_testing_member
warning • The member 'notifyListeners' can only be used within instance members of subclasses of 'ChangeNotifier' • lib/evolution_store.dart:238:5 • invalid_use_of_protected_member
warning • The member 'notifyListeners' can only be used within 'package:flutter/src/foundation/change_notifier.dart' or a test • lib/evolution_store.dart:419:5 • invalid_use_of_visible_for_testing_member
warning • The member 'notifyListeners' can only be used within instance members of subclasses of 'ChangeNotifier' • lib/evolution_store.dart:419:5 • invalid_use_of_protected_member
warning • The member 'notifyListeners' can only be used within 'package:flutter/src/foundation/change_notifier.dart' or a test • lib/main.dart:362:13 • invalid_use_of_visible_for_testing_member
warning • The member 'notifyListeners' can only be used within instance members of subclasses of 'ChangeNotifier' • lib/main.dart:362:13 • invalid_use_of_protected_member
  error • Undefined name '_progression'. Try correcting the name to one that is defined, or defining the name • lib/plan_store.dart:238:5 • undefined_identifier
warning • The member 'notifyListeners' can only be used within 'package:flutter/src/foundation/change_notifier.dart' or a test • lib/plan_store.dart:243:5 • invalid_use_of_visible_for_testing_member
warning • The member 'notifyListeners' can only be used within instance members of subclasses of 'ChangeNotifier' • lib/plan_store.dart:243:5 • invalid_use_of_protected_member
warning • The member 'notifyListeners' can only be used within 'package:flutter/src/foundation/change_notifier.dart' or a test • lib/plan_store.dart:508:5 • invalid_use_of_visible_for_testing_member
warning • The member 'notifyListeners' can only be used within instance members of subclasses of 'ChangeNotifier' • lib/plan_store.dart:508:5 • invalid_use_of_protected_member
warning • The member 'notifyListeners' can only be used within 'package:flutter/src/foundation/change_notifier.dart' or a test • lib/profile_store.dart:102:5 • invalid_use_of_visible_for_testing_member
warning • The member 'notifyListeners' can only be used within instance members of subclasses of 'ChangeNotifier' • lib/profile_store.dart:102:5 • invalid_use_of_protected_member
warning • The member 'notifyListeners' can only be used within 'package:flutter/src/foundation/change_notifier.dart' or a test • lib/profile_store.dart:187:5 • invalid_use_of_visible_for_testing_member
warning • The member 'notifyListeners' can only be used within instance members of subclasses of 'ChangeNotifier' • lib/profile_store.dart:187:5 • invalid_use_of_protected_member
  error • The argument type 'num' can't be assigned to the parameter type 'double'.  • lib/quest/quest_widgets.dart:289:31 • argument_type_not_assignable
  error • The argument type 'num' can't be assigned to the parameter type 'double'.  • lib/quest/quest_widgets.dart:289:34 • argument_type_not_assignable
  error • An extension override can only be used to access instance members. Consider adding an access to an instance member • lib/quest_store.dart:222:24 • extension_override_without_access
warning • The member 'notifyListeners' can only be used within 'package:flutter/src/foundation/change_notifier.dart' or a test • lib/quest_store.dart:310:48 • invalid_use_of_visible_for_testing_member
warning • The member 'notifyListeners' can only be used within instance members of subclasses of 'ChangeNotifier' • lib/quest_store.dart:310:48 • invalid_use_of_protected_member
warning • The member 'notifyListeners' can only be used within 'package:flutter/src/foundation/change_notifier.dart' or a test • lib/quest_store.dart:400:5 • invalid_use_of_visible_for_testing_member
warning • The member 'notifyListeners' can only be used within instance members of subclasses of 'ChangeNotifier' • lib/quest_store.dart:400:5 • invalid_use_of_protected_member
warning • The member 'notifyListeners' can only be used within 'package:flutter/src/foundation/change_notifier.dart' or a test • lib/quest_store.dart:425:5 • invalid_use_of_visible_for_testing_member
warning • The member 'notifyListeners' can only be used within instance members of subclasses of 'ChangeNotifier' • lib/quest_store.dart:425:5 • invalid_use_of_protected_member
warning • The member 'notifyListeners' can only be used within 'package:flutter/src/foundation/change_notifier.dart' or a test • lib/quest_store.dart:442:5 • invalid_use_of_visible_for_testing_member
warning • The member 'notifyListeners' can only be used within instance members of subclasses of 'ChangeNotifier' • lib/quest_store.dart:442:5 • invalid_use_of_protected_member
warning • The member 'notifyListeners' can only be used within 'package:flutter/src/foundation/change_notifier.dart' or a test • lib/quest_store.dart:496:5 • invalid_use_of_visible_for_testing_member
warning • The member 'notifyListeners' can only be used within instance members of subclasses of 'ChangeNotifier' • lib/quest_store.dart:496:5 • invalid_use_of_protected_member
warning • The member 'notifyListeners' can only be used within 'package:flutter/src/foundation/change_notifier.dart' or a test • lib/quest_store.dart:555:5 • invalid_use_of_visible_for_testing_member
warning • The member 'notifyListeners' can only be used within instance members of subclasses of 'ChangeNotifier' • lib/quest_store.dart:555:5 • invalid_use_of_protected_member
warning • The member 'notifyListeners' can only be used within 'package:flutter/src/foundation/change_notifier.dart' or a test • lib/quest_store.dart:588:5 • invalid_use_of_visible_for_testing_member
warning • The member 'notifyListeners' can only be used within instance members of subclasses of 'ChangeNotifier' • lib/quest_store.dart:588:5 • invalid_use_of_protected_member
  error • The getter 'progression' isn't defined for the type 'AppStore'. Try importing the library that defines 'progression', correcting the name to the name of an existing getter, or defining a getter or field named 'progression' • test/g2_retrait_test.dart:343:18 • undefined_getter
  error • The getter 'progression' isn't defined for the type 'AppStore'. Try importing the library that defines 'progression', correcting the name to the name of an existing getter, or defining a getter or field named 'progression' • test/g2_retrait_test.dart:344:18 • undefined_getter
  error • The getter 'progression' isn't defined for the type 'AppStore'. Try importing the library that defines 'progression', correcting the name to the name of an existing getter, or defining a getter or field named 'progression' • test/g7_plan_test.dart:446:22 • undefined_getter
  error • The getter 'progression' isn't defined for the type 'AppStore'. Try importing the library that defines 'progression', correcting the name to the name of an existing getter, or defining a getter or field named 'progression' • test/g7_plan_test.dart:467:18 • undefined_getter
  error • The getter 'progression' isn't defined for the type 'AppStore'. Try importing the library that defines 'progression', correcting the name to the name of an existing getter, or defining a getter or field named 'progression' • test/g7_plan_test.dart:503:22 • undefined_getter
  error • The getter 'level' isn't defined for the type 'AppStore'. Try importing the library that defines 'level', correcting the name to the name of an existing getter, or defining a getter or field named 'level' • test/g7_plan_test.dart:504:25 • undefined_getter
  error • The getter 'progression' isn't defined for the type 'AppStore'. Try importing the library that defines 'progression', correcting the name to the name of an existing getter, or defining a getter or field named 'progression' • test/g7_plan_test.dart:530:18 • undefined_getter
  error • The getter 'level' isn't defined for the type 'AppStore'. Try importing the library that defines 'level', correcting the name to the name of an existing getter, or defining a getter or field named 'level' • test/g7_plan_test.dart:531:18 • undefined_getter
  error • The getter 'level' isn't defined for the type 'AppStore'. Try importing the library that defines 'level', correcting the name to the name of an existing getter, or defining a getter or field named 'level' • test/l2b_data_control_test.dart:148:35 • undefined_getter
  error • The getter 'level' isn't defined for the type 'AppStore'. Try importing the library that defines 'level', correcting the name to the name of an existing getter, or defining a getter or field named 'level' • test/l2b_data_control_test.dart:290:18 • undefined_getter
  error • The getter 'game' isn't defined for the type 'AppStore'. Try importing the library that defines 'game', correcting the name to the name of an existing getter, or defining a getter or field named 'game' • test/l4_depart_test.dart:692:20 • undefined_getter
  error • The getter 'game' isn't defined for the type 'AppStore'. Try importing the library that defines 'game', correcting the name to the name of an existing getter, or defining a getter or field named 'game' • test/l4_depart_test.dart:693:20 • undefined_getter
  error • The getter 'game' isn't defined for the type 'AppStore'. Try importing the library that defines 'game', correcting the name to the name of an existing getter, or defining a getter or field named 'game' • test/l4_depart_test.dart:695:15 • undefined_getter
  error • The getter 'game' isn't defined for the type 'AppStore'. Try importing the library that defines 'game', correcting the name to the name of an existing getter, or defining a getter or field named 'game' • test/l4_depart_test.dart:700:15 • undefined_getter
  error • The getter 'game' isn't defined for the type 'AppStore'. Try importing the library that defines 'game', correcting the name to the name of an existing getter, or defining a getter or field named 'game' • test/l4_depart_test.dart:704:27 • undefined_getter
  error • The getter 'game' isn't defined for the type 'AppStore'. Try importing the library that defines 'game', correcting the name to the name of an existing getter, or defining a getter or field named 'game' • test/l4_depart_test.dart:711:15 • undefined_getter
  error • The getter 'progression' isn't defined for the type 'AppStore'. Try importing the library that defines 'progression', correcting the name to the name of an existing getter, or defining a getter or field named 'progression' • test/l4b_seances_test.dart:227:18 • undefined_getter
  error • The getter 'progression' isn't defined for the type 'AppStore'. Try importing the library that defines 'progression', correcting the name to the name of an existing getter, or defining a getter or field named 'progression' • test/l4b_seances_test.dart:232:18 • undefined_getter
  error • The getter 'progression' isn't defined for the type 'AppStore'. Try importing the library that defines 'progression', correcting the name to the name of an existing getter, or defining a getter or field named 'progression' • test/lc1_programme_test.dart:725:22 • undefined_getter
  error • The getter 'progression' isn't defined for the type 'AppStore'. Try importing the library that defines 'progression', correcting the name to the name of an existing getter, or defining a getter or field named 'progression' • test/lc1_programme_test.dart:744:18 • undefined_getter
  error • The getter 'progression' isn't defined for the type 'AppStore'. Try importing the library that defines 'progression', correcting the name to the name of an existing getter, or defining a getter or field named 'progression' • test/lc1_programme_test.dart:747:24 • undefined_getter
   info • Use 'const' with the constructor to improve performance. Try adding the 'const' keyword to the constructor invocation • test/reward_flow_test.dart:77:16 • prefer_const_constructors
  error • Target of URI doesn't exist: 'package:streetlift_tracker/progression_screen.dart'. Try creating the file referenced by the URI, or try using a URI for a file that does exist • test/visual_capture_test.dart:11:8 • uri_does_not_exist
  error • The name 'ProgressionScreen' isn't a class. Try correcting the name to match an existing class • test/visual_capture_test.dart:206:32 • creation_with_non_type

60 issues found. (ran in 18.6s)
