01:08 +412 ~5: /home/runner/work/streetlift-apk/streetlift-apk/test/ci1_street_test.dart: chemin calibré compétiteur de streetlifting : bloc calibré, saison, phases, échéance ; relu à l’identique après redémarrage
01:08 +412 ~5 -1: /home/runner/work/streetlift-apk/streetlift-apk/test/l4_depart_test.dart: Écrans « Plus tard » et retour système : rien n’est enregistré
01:08 +412 ~5 -1: /home/runner/work/streetlift-apk/streetlift-apk/test/ci1_street_test.dart: chemin calibré compétiteur de streetlifting : bloc calibré, saison, phases, échéance ; relu à l’identique après redémarrage [E]
  Null check operator used on a null value
  test/ci1_street_test.dart 120:41  main.<fn>.<fn>
  
01:08 +412 ~5 -2: /home/runner/work/streetlift-apk/streetlift-apk/test/l4_depart_test.dart: Écrans « Plus tard » et retour système : rien n’est enregistré
01:08 +412 ~5 -2: /home/runner/work/streetlift-apk/streetlift-apk/test/ci1_street_test.dart: chemin calibré débutant de calisthénie : chemin calibré aussi, sans technique au-dessus de son niveau [E]
  Expected: true
    Actual: <false>
  
  package:matcher                                     expect
  package:flutter_test/src/widget_tester.dart 473:18  expect
  test/ci1_street_test.dart 139:7                     main.<fn>.<fn>
  
01:08 +413 ~5 -2: /home/runner/work/streetlift-apk/streetlift-apk/test/ci1_street_test.dart: chemin calibré autre discipline (musculation) : chemin 0.1, pas de saison
01:09 +414 ~5 -2: /home/runner/work/streetlift-apk/streetlift-apk/test/ci1_street_test.dart: chemin calibré autre discipline (musculation) : chemin 0.1, pas de saison
01:09 +415 ~5 -2: /home/runner/work/streetlift-apk/streetlift-apk/test/l4_depart_test.dart: Écrans écriture refusée : message, écran conservé, nouvel essai
01:09 +416 ~5 -2: /home/runner/work/streetlift-apk/streetlift-apk/test/ci1_street_test.dart: chemin calibré séance : série de tête puis séries allégées guidées, lignes nommées, journal avec les rôles
01:09 +417 ~5 -2: /home/runner/work/streetlift-apk/streetlift-apk/test/l4_depart_test.dart: Écrans installation existante : aperçu de l’effet, puis changement
01:09 +418 ~5 -2: /home/runner/work/streetlift-apk/streetlift-apk/test/ci1_street_test.dart: chemin calibré maintien chronométré : ligne en secondes avec chrono, consigne de la technique
01:09 +419 ~5 -2: /home/runner/work/streetlift-apk/streetlift-apk/test/ci1_street_test.dart: chemin calibré maintien chronométré : ligne en secondes avec chrono, consigne de la technique
01:09 +420 ~5 -2: /home/runner/work/streetlift-apk/streetlift-apk/test/l4_depart_test.dart: Écrans séance : référence manquante nommée, rien de calculé à sa place
01:09 +421 ~5 -2: /home/runner/work/streetlift-apk/streetlift-apk/test/l4_depart_test.dart: Écrans séance : référence manquante nommée, rien de calculé à sa place
01:10 +422 ~5 -2: /home/runner/work/streetlift-apk/streetlift-apk/test/l4_depart_test.dart: Écrans séance : référence manquante nommée, rien de calculé à sa place
01:10 +423 ~5 -2: /home/runner/work/streetlift-apk/streetlift-apk/test/l4_depart_test.dart: Écrans séance : référence manquante nommée, rien de calculé à sa place
01:10 +424 ~5 -2: /home/runner/work/streetlift-apk/streetlift-apk/test/ci1_street_test.dart: chemin calibré résultats des tests du moteur reportés au profil, une seule fois
01:10 +425 ~5 -2: /home/runner/work/streetlift-apk/streetlift-apk/test/l4_depart_test.dart: Écrans bandeau de l’accueil : non démarré, avant, pendant, après
01:10 +426 ~5 -2: /home/runner/work/streetlift-apk/streetlift-apk/test/ci1_street_test.dart: textes chaque code de raison a une phrase (plan ou moteur dynamique)
01:10 +427 ~5 -2: /home/runner/work/streetlift-apk/streetlift-apk/test/l4_depart_test.dart: Écrans Références : inconnue, à vérifier, confirmée, « Je ne sais pas »
01:10 +428 ~5 -2: /home/runner/work/streetlift-apk/streetlift-apk/test/l4_depart_test.dart: Écrans Références : inconnue, à vérifier, confirmée, « Je ne sais pas »
01:10 +429 ~5 -2: /home/runner/work/streetlift-apk/streetlift-apk/test/l4_depart_test.dart: Écrans accueil non démarré 320 px · 200 % : bandeau dans la liste, journées accessibles
01:10 +430 ~5 -2: /home/runner/work/streetlift-apk/streetlift-apk/test/l4_depart_test.dart: Écrans accueil non démarré 390 px · 100 % : bandeau dans la liste, journées accessibles
01:10 +431 ~5 -2: /home/runner/work/streetlift-apk/streetlift-apk/test/l4_depart_test.dart: Écrans rendu 320 px · 130 % · clair : sans débordement
01:11 +432 ~5 -2: /home/runner/work/streetlift-apk/streetlift-apk/test/l4_depart_test.dart: Écrans rendu 320 px · 200 % · sombre : sans débordement
01:11 +433 ~5 -2: /home/runner/work/streetlift-apk/streetlift-apk/test/l4_depart_test.dart: Écrans rendu 320 px · 200 % · clair : sans débordement
01:11 +434 ~5 -2: /home/runner/work/streetlift-apk/streetlift-apk/test/l4_depart_test.dart: Écrans rendu 320 px · 200 % · clair : sans débordement
01:11 +435 ~5 -2: /home/runner/work/streetlift-apk/streetlift-apk/test/l4_depart_test.dart: Écrans rendu 320 px · 200 % · clair : sans débordement
