Analyzing kalis_plan...
No issues found!

::group::✅ Passing tests
✅ test/units_test.dart: hachage et suite seedée FNV-1a 32 bits : vecteurs de référence
✅ test/units_test.dart: hachage et suite seedée xorshift32 : même graine, même suite ; bornes tenues
✅ test/units_test.dart: proximité symétrique, bornée, 1 pour un exercice et lui-même
✅ test/units_test.dart: proximité une variante directe est plus proche qu'un exercice sans rapport
✅ test/units_test.dart: identifiants d'emplacement aller-retour jour ↔ identifiant
✅ test/units_test.dart: nature des semaines introduction d'abord ; test, décharge ou montée en dernier
✅ test/units_test.dart: nature des semaines durée par défaut : 4 à 6 semaines selon le niveau
✅ test/units_test.dart: passe 2 du propriétaire (1RM connus) charges de départ : jamais au-dessus de 90 % de la charge d'Epley, multiples du pas déclaré
✅ test/units_test.dart: passe 2 du propriétaire (1RM connus) flammes visées : de 1 à 10, plus hautes en fin de montée qu'en introduction
✅ test/units_test.dart: passe 2 du propriétaire (1RM connus) semaine de test : une épreuve par objectif, montée jusqu'à une série lourde
✅ test/units_test.dart: passe 2 du propriétaire (1RM connus) exercices sans 1RM connu : « à calibrer », jamais de charge inventée
✅ test/units_test.dart: mise à jour du profil « je n'aime pas » retire des goûts et ajoute aux rejets
✅ test/units_test.dart: mise à jour du profil « je sais faire » puis « je ne sais pas faire » se remplacent
✅ test/units_test.dart: paramètres poids de la note : sommes strictement positives, codes stables
✅ test/units_test.dart: paramètres bandes de volume : croissantes avec le niveau, bas ≤ haut
✅ test/units_test.dart: paramètres la version est celle du pubspec et du CHANGELOG
✅ test/units_test.dart: fonctions élémentaires portables stableExp suit exp à 1e-12 près sur [-40 ; 0]
✅ test/units_test.dart: fonctions élémentaires portables stableLn suit log à 1e-13 près de 1e-6 à 1e6
✅ test/units_test.dart: charges de départ des 40 profils types jamais au-dessus de 90 % de la charge d'Epley en haut de plage, multiples du pas déclaré
✅ test/docs_test.dart: docs/PROFILS_TYPES.md est à jour
✅ test/docs_test.dart: docs/COMPARAISON_L10.md est à jour
✅ test/docs_test.dart: PROFILS_TYPES.md : 40 profils, aucune violation
✅ test/coach_test.dart: choix du chemin profil street au schéma 3 rempli : chemin street
✅ test/coach_test.dart: choix du chemin schéma 2, ancienneté absente ou discipline non street : 0.1
✅ test/coach_test.dart: choix du chemin les profils aléatoires de 0.1 ne prennent pas le chemin street
✅ test/coach_test.dart: saison et échéance les blocs finissent sur l'échéance
✅ test/coach_test.dart: saison et échéance épreuve la semaine de l'échéance, volume en baisse
✅ test/coach_test.dart: saison et échéance la série de tête monte de l'accumulation à la réalisation
✅ test/coach_test.dart: saison et échéance le plan de saison couvre les mêmes semaines
✅ test/coach_test.dart: saison et échéance relecture : aucun manquement
✅ test/coach_test.dart: débutant ni technique, ni échec, ni exercice hors de portée
✅ test/coach_test.dart: débutant un chemin vers la traction à chaque séance
✅ test/coach_test.dart: zones à ménager et reprise coude récent : pas de traction lestée, 2 en réserve au moins
✅ test/coach_test.dart: zones à ménager et reprise reprise après une longue coupure : semaine 1 facile
✅ test/coach_test.dart: revue et passe 2 un remplacement est gardé par la passe 2
✅ test/coach_test.dart: textes et raisons chaque note et chaque règle a son texte français
✅ test/coach_test.dart: textes et raisons toutes les raisons rendues sont au registre
✅ test/coach_test.dart: déterminisme et budgets même requête, même JSON
✅ test/coach_test.dart: déterminisme et budgets création en moins d'une seconde, régénération en 300 ms
✅ test/coach_test.dart: CP1 — invariants de calibrage débutant : aucune série de travail sous 2 en réserve
✅ test/coach_test.dart: CP1 — invariants de calibrage descentes freinées : 15 excentriques au plus, descente de 3 s
✅ test/coach_test.dart: CP1 — invariants de calibrage affûtage et échéance : moins de séries dures qu'au pic
✅ test/coach_test.dart: CP1 — invariants de calibrage reprise après plus de 10 semaines : montée de 50 % à 100 %
✅ test/coach_test.dart: CP1 — invariants de calibrage aucune charge au-delà du 1RM, sauf amplitude partielle
✅ test/coach_test.dart: CP1 — invariants de calibrage notes et règles de coach : codes connus, texte non vide
✅ test/coach_test.dart: CX — saison complète streetlifting : pas de traction deux jours de suite
✅ test/coach_test.dart: CX — saison complète répétitions avancé : pas de traction deux jours de suite
✅ test/coach_test.dart: CX — saison complète épreuve de force : catégorie de poids, puis transition
✅ test/coach_test.dart: CX — saison complète débutant sans pompe : échelle genoux, mains surélevées, sol
✅ test/coach_test.dart: CX — saison complète un test mesuré plus bas que le record déclaré fait foi
✅ test/properties_2_test.dart: propriétés, profils 2560 à 3839 profils 2560 à 2719
✅ test/properties_0_test.dart: propriétés, profils 0 à 1279 profils 0 à 159
✅ test/properties_2_test.dart: propriétés, profils 2560 à 3839 profils 2720 à 2879
✅ test/properties_0_test.dart: propriétés, profils 0 à 1279 profils 160 à 319
✅ test/properties_2_test.dart: propriétés, profils 2560 à 3839 profils 2880 à 3039
✅ test/properties_0_test.dart: propriétés, profils 0 à 1279 profils 320 à 479
✅ test/properties_2_test.dart: propriétés, profils 2560 à 3839 profils 3040 à 3199
✅ test/properties_2_test.dart: propriétés, profils 2560 à 3839 profils 3200 à 3359
✅ test/properties_0_test.dart: propriétés, profils 0 à 1279 profils 480 à 639
✅ test/properties_0_test.dart: propriétés, profils 0 à 1279 profils 640 à 799
✅ test/properties_2_test.dart: propriétés, profils 2560 à 3839 profils 3360 à 3519
✅ test/properties_2_test.dart: propriétés, profils 2560 à 3839 profils 3520 à 3679
✅ test/properties_0_test.dart: propriétés, profils 0 à 1279 profils 800 à 959
✅ test/properties_2_test.dart: propriétés, profils 2560 à 3839 profils 3680 à 3839
✅ test/properties_0_test.dart: propriétés, profils 0 à 1279 profils 960 à 1119
✅ test/coach_properties_4_test.dart: chemin street, profils 5120 à 6399 profils 5120 à 5279
✅ test/coach_properties_4_test.dart: chemin street, profils 5120 à 6399 profils 5280 à 5439
✅ test/coach_properties_4_test.dart: chemin street, profils 5120 à 6399 profils 5440 à 5599
✅ test/coach_properties_4_test.dart: chemin street, profils 5120 à 6399 profils 5600 à 5759
✅ test/coach_properties_4_test.dart: chemin street, profils 5120 à 6399 profils 5760 à 5919
✅ test/properties_0_test.dart: propriétés, profils 0 à 1279 profils 1120 à 1279
✅ test/coach_properties_4_test.dart: chemin street, profils 5120 à 6399 profils 5920 à 6079
✅ test/coach_properties_4_test.dart: chemin street, profils 5120 à 6399 profils 6080 à 6239
✅ test/coach_properties_4_test.dart: chemin street, profils 5120 à 6399 profils 6240 à 6399
✅ test/smoke_test.dart: les 40 profils types : passe 1, revue, passe 2 sans violation
✅ test/coach_properties_0_test.dart: chemin street, profils 0 à 1279 profils 0 à 159
✅ test/coach_properties_0_test.dart: chemin street, profils 0 à 1279 profils 160 à 319
✅ test/coach_properties_0_test.dart: chemin street, profils 0 à 1279 profils 320 à 479
✅ test/coach_properties_0_test.dart: chemin street, profils 0 à 1279 profils 480 à 639
✅ test/coach_properties_0_test.dart: chemin street, profils 0 à 1279 profils 640 à 799
✅ test/coach_properties_0_test.dart: chemin street, profils 0 à 1279 profils 800 à 959
✅ test/coach_properties_0_test.dart: chemin street, profils 0 à 1279 profils 960 à 1119
✅ test/coach_properties_0_test.dart: chemin street, profils 0 à 1279 profils 1120 à 1279
✅ test/engine_test.dart: déterminisme même requête, même JSON, quelle que soit l'instance
✅ test/engine_test.dart: déterminisme le résultat ne dépend pas de l'ordre des disponibilités, du matériel, des niveaux et des goûts
✅ test/engine_test.dart: déterminisme la graine est lue modulo 16
✅ test/coach_properties_6_test.dart: chemin street, profils 7680 à 8959 profils 7680 à 7839
✅ test/coach_properties_6_test.dart: chemin street, profils 7680 à 8959 profils 7840 à 7999
✅ test/engine_test.dart: autre proposition note à moins de 3 %, sécurité tenue, contraintes dures
✅ test/engine_test.dart: autre proposition au moins un tiers d'exercices différents quand le vivier le permet
✅ test/engine_test.dart: verrous exercice exigé présent, exercice exclu absent
✅ test/coach_properties_6_test.dart: chemin street, profils 7680 à 8959 profils 8000 à 8159
✅ test/engine_test.dart: verrous emplacement gardé : même exercice, même emplacement, verrouillé
✅ test/engine_test.dart: verrous jour gardé : la revue d'un autre jour n'y touche pas
✅ test/engine_test.dart: erreurs d'entrée profil invalide : ArgumentError
✅ test/engine_test.dart: erreurs d'entrée exercice inconnu du catalogue : ArgumentError
✅ test/engine_test.dart: erreurs d'entrée emplacement inconnu en revue : ArgumentError
✅ test/coach_properties_6_test.dart: chemin street, profils 7680 à 8959 profils 8160 à 8319
✅ test/coach_properties_6_test.dart: chemin street, profils 7680 à 8959 profils 8320 à 8479
✅ test/engine_test.dart: ligne de commande dart run kalis_plan:plan rend le programme du moteur
✅ test/coach_properties_6_test.dart: chemin street, profils 7680 à 8959 profils 8480 à 8639
✅ test/coach_properties_6_test.dart: chemin street, profils 7680 à 8959 profils 8640 à 8799
✅ test/coach_properties_6_test.dart: chemin street, profils 7680 à 8959 profils 8800 à 8959
✅ test/properties_6_test.dart: propriétés, profils 7680 à 8959 profils 7680 à 7839
✅ test/properties_3_test.dart: propriétés, profils 3840 à 5119 profils 3840 à 3999
✅ test/properties_6_test.dart: propriétés, profils 7680 à 8959 profils 7840 à 7999
✅ test/properties_3_test.dart: propriétés, profils 3840 à 5119 profils 4000 à 4159
✅ test/properties_6_test.dart: propriétés, profils 7680 à 8959 profils 8000 à 8159
✅ test/properties_3_test.dart: propriétés, profils 3840 à 5119 profils 4160 à 4319
✅ test/properties_6_test.dart: propriétés, profils 7680 à 8959 profils 8160 à 8319
✅ test/properties_3_test.dart: propriétés, profils 3840 à 5119 profils 4320 à 4479
✅ test/properties_6_test.dart: propriétés, profils 7680 à 8959 profils 8320 à 8479
✅ test/properties_3_test.dart: propriétés, profils 3840 à 5119 profils 4480 à 4639
✅ test/properties_6_test.dart: propriétés, profils 7680 à 8959 profils 8480 à 8639
✅ test/properties_3_test.dart: propriétés, profils 3840 à 5119 profils 4640 à 4799
✅ test/properties_6_test.dart: propriétés, profils 7680 à 8959 profils 8640 à 8799
✅ test/properties_3_test.dart: propriétés, profils 3840 à 5119 profils 4800 à 4959
✅ test/properties_6_test.dart: propriétés, profils 7680 à 8959 profils 8800 à 8959
✅ test/properties_3_test.dart: propriétés, profils 3840 à 5119 profils 4960 à 5119
✅ test/admission_test.dart: 40 profils types, graines 0 à 2 : mode prudent et exercices réservés relus sans le vivier
✅ test/properties_1_test.dart: propriétés, profils 1280 à 2559 profils 1280 à 1439
✅ test/properties_1_test.dart: propriétés, profils 1280 à 2559 profils 1440 à 1599
✅ test/admission_test.dart: 600 profils aléatoires : mode prudent et exercices réservés relus sans le vivier
✅ test/properties_1_test.dart: propriétés, profils 1280 à 2559 profils 1600 à 1759
✅ test/properties_1_test.dart: propriétés, profils 1280 à 2559 profils 1760 à 1919
✅ test/properties_7_test.dart: propriétés, profils 8960 à 10239 profils 8960 à 9119
✅ test/properties_1_test.dart: propriétés, profils 1280 à 2559 profils 1920 à 2079
✅ test/properties_7_test.dart: propriétés, profils 8960 à 10239 profils 9120 à 9279
✅ test/properties_1_test.dart: propriétés, profils 1280 à 2559 profils 2080 à 2239
✅ test/properties_7_test.dart: propriétés, profils 8960 à 10239 profils 9280 à 9439
✅ test/properties_1_test.dart: propriétés, profils 1280 à 2559 profils 2240 à 2399
✅ test/properties_7_test.dart: propriétés, profils 8960 à 10239 profils 9440 à 9599
✅ test/properties_1_test.dart: propriétés, profils 1280 à 2559 profils 2400 à 2559
✅ test/coach_properties_7_test.dart: chemin street, profils 8960 à 10239 profils 8960 à 9119
✅ test/properties_7_test.dart: propriétés, profils 8960 à 10239 profils 9600 à 9759
✅ test/coach_properties_7_test.dart: chemin street, profils 8960 à 10239 profils 9120 à 9279
✅ test/coach_properties_7_test.dart: chemin street, profils 8960 à 10239 profils 9280 à 9439
✅ test/coach_properties_7_test.dart: chemin street, profils 8960 à 10239 profils 9440 à 9599
✅ test/coach_properties_7_test.dart: chemin street, profils 8960 à 10239 profils 9600 à 9759
✅ test/coach_properties_7_test.dart: chemin street, profils 8960 à 10239 profils 9760 à 9919
✅ test/coach_properties_7_test.dart: chemin street, profils 8960 à 10239 profils 9920 à 10079
✅ test/coach_properties_7_test.dart: chemin street, profils 8960 à 10239 profils 10080 à 10239
✅ test/purity_test.dart: lib/ contient des sources
✅ test/purity_test.dart: lib/ sans dart:io (« import 'dart:io' »)
✅ test/purity_test.dart: lib/ sans dart:ui (« import 'dart:ui' »)
✅ test/purity_test.dart: lib/ sans dart:html (« import 'dart:html' »)
✅ test/purity_test.dart: lib/ sans dart:isolate (« import 'dart:isolate' »)
✅ test/purity_test.dart: lib/ sans Flutter (« package:flutter »)
✅ test/purity_test.dart: lib/ sans horloge implicite (« DateTime.now »)
✅ test/purity_test.dart: lib/ sans horloge implicite (« Stopwatch »)
✅ test/purity_test.dart: lib/ sans hasard non seedé (« Random() »)
✅ test/purity_test.dart: lib/ sans hasard non seedé (« Random.secure »)
✅ test/purity_test.dart: lib/ sans hasard de dart:math (« dart:math' show Random »)
✅ test/purity_test.dart: lib/ sans plateforme (« Platform. »)
✅ test/purity_test.dart: le hasard vient de la seule suite seedée de hash.dart
✅ test/purity_test.dart: dépendances : kalis_core par chemin, rien d'autre
✅ test/purity_test.dart: aucun texte d'interface dans les sorties : des codes de raison
✅ test/properties_7_test.dart: propriétés, profils 8960 à 10239 profils 9760 à 9919
✅ test/properties_7_test.dart: propriétés, profils 8960 à 10239 profils 9920 à 10079
✅ test/properties_4_test.dart: propriétés, profils 5120 à 6399 profils 5120 à 5279
✅ test/properties_7_test.dart: propriétés, profils 8960 à 10239 profils 10080 à 10239
✅ test/properties_4_test.dart: propriétés, profils 5120 à 6399 profils 5280 à 5439
✅ test/coach_properties_2_test.dart: chemin street, profils 2560 à 3839 profils 2560 à 2719
✅ test/coach_properties_2_test.dart: chemin street, profils 2560 à 3839 profils 2720 à 2879
✅ test/coach_properties_2_test.dart: chemin street, profils 2560 à 3839 profils 2880 à 3039
✅ test/coach_properties_2_test.dart: chemin street, profils 2560 à 3839 profils 3040 à 3199
✅ test/coach_properties_2_test.dart: chemin street, profils 2560 à 3839 profils 3200 à 3359
✅ test/coach_properties_2_test.dart: chemin street, profils 2560 à 3839 profils 3360 à 3519
✅ test/coach_properties_2_test.dart: chemin street, profils 2560 à 3839 profils 3520 à 3679
✅ test/coach_properties_2_test.dart: chemin street, profils 2560 à 3839 profils 3680 à 3839
✅ test/properties_4_test.dart: propriétés, profils 5120 à 6399 profils 5440 à 5599
✅ test/resemblance_test.dart: le fichier du propriétaire est lu : semaines, exercices, blocs
✅ test/resemblance_test.dart: le seuil est le premier décile de la ressemblance du programme avec lui-même
✅ test/resemblance_test.dart: aucun moteur ne lit le programme du propriétaire
✅ test/resemblance_test.dart: profils types, graines 0 à 3 : ressemblance sous le seuil
✅ test/properties_4_test.dart: propriétés, profils 5120 à 6399 profils 5600 à 5759
✅ test/properties_4_test.dart: propriétés, profils 5120 à 6399 profils 5760 à 5919
✅ test/resemblance_test.dart: 600 profils aléatoires : ressemblance sous le seuil, aucun accessoire propre au propriétaire sur-représenté sans discipline street
✅ test/properties_4_test.dart: propriétés, profils 5120 à 6399 profils 5920 à 6079
✅ test/coach_properties_1_test.dart: chemin street, profils 1280 à 2559 profils 1280 à 1439
✅ test/coach_properties_1_test.dart: chemin street, profils 1280 à 2559 profils 1440 à 1599
✅ test/coach_properties_1_test.dart: chemin street, profils 1280 à 2559 profils 1600 à 1759
✅ test/coach_properties_1_test.dart: chemin street, profils 1280 à 2559 profils 1760 à 1919
✅ test/coach_properties_1_test.dart: chemin street, profils 1280 à 2559 profils 1920 à 2079
✅ test/coach_properties_1_test.dart: chemin street, profils 1280 à 2559 profils 2080 à 2239
✅ test/coach_properties_1_test.dart: chemin street, profils 1280 à 2559 profils 2240 à 2399
✅ test/coach_properties_1_test.dart: chemin street, profils 1280 à 2559 profils 2400 à 2559
✅ test/properties_4_test.dart: propriétés, profils 5120 à 6399 profils 6080 à 6239
✅ test/properties_4_test.dart: propriétés, profils 5120 à 6399 profils 6240 à 6399
✅ test/properties_5_test.dart: propriétés, profils 6400 à 7679 profils 6400 à 6559
✅ test/coach_properties_3_test.dart: chemin street, profils 3840 à 5119 profils 3840 à 3999
✅ test/coach_properties_3_test.dart: chemin street, profils 3840 à 5119 profils 4000 à 4159
✅ test/coach_properties_3_test.dart: chemin street, profils 3840 à 5119 profils 4160 à 4319
✅ test/coach_properties_3_test.dart: chemin street, profils 3840 à 5119 profils 4320 à 4479
✅ test/coach_properties_3_test.dart: chemin street, profils 3840 à 5119 profils 4480 à 4639
✅ test/coach_properties_3_test.dart: chemin street, profils 3840 à 5119 profils 4640 à 4799
✅ test/coach_properties_3_test.dart: chemin street, profils 3840 à 5119 profils 4800 à 4959
✅ test/properties_5_test.dart: propriétés, profils 6400 à 7679 profils 6560 à 6719
✅ test/coach_properties_3_test.dart: chemin street, profils 3840 à 5119 profils 4960 à 5119
✅ test/coach_properties_5_test.dart: chemin street, profils 6400 à 7679 profils 6400 à 6559
✅ test/coach_properties_5_test.dart: chemin street, profils 6400 à 7679 profils 6560 à 6719
✅ test/coach_properties_5_test.dart: chemin street, profils 6400 à 7679 profils 6720 à 6879
✅ test/coach_properties_5_test.dart: chemin street, profils 6400 à 7679 profils 6880 à 7039
✅ test/properties_5_test.dart: propriétés, profils 6400 à 7679 profils 6720 à 6879
✅ test/coach_properties_5_test.dart: chemin street, profils 6400 à 7679 profils 7040 à 7199
✅ test/coach_properties_5_test.dart: chemin street, profils 6400 à 7679 profils 7200 à 7359
✅ test/coach_properties_5_test.dart: chemin street, profils 6400 à 7679 profils 7360 à 7519
✅ test/coach_properties_5_test.dart: chemin street, profils 6400 à 7679 profils 7520 à 7679
✅ test/properties_5_test.dart: propriétés, profils 6400 à 7679 profils 6880 à 7039
✅ test/properties_5_test.dart: propriétés, profils 6400 à 7679 profils 7040 à 7199
✅ test/properties_5_test.dart: propriétés, profils 6400 à 7679 profils 7200 à 7359
✅ test/properties_5_test.dart: propriétés, profils 6400 à 7679 profils 7360 à 7519
✅ test/properties_5_test.dart: propriétés, profils 6400 à 7679 profils 7520 à 7679
::endgroup::

🎉 213 tests passed.
