Analyzing kalis_adapt...
No issues found!

::group::✅ Passing tests
✅ test/units_test.dart: grille des charges haltères par défaut : 1 kg jusqu'à 10 kg, puis 2 kg
✅ test/units_test.dart: grille des charges barre : paire de disques de 1,25 kg ; lest : 1,25 kg
✅ test/units_test.dart: grille des charges poulie : 2,5 lb
✅ test/units_test.dart: grille des charges une charge hors grille rejoint la grille dans le sens demandé
✅ test/units_test.dart: grille des charges les incréments du profil priment
✅ test/units_test.dart: filtre a priori : le 1RM et son incertitude sont ceux donnés
✅ test/units_test.dart: filtre des séries exactes ramènent l'estimation vers la vérité
✅ test/units_test.dart: filtre la covariance reste symétrique et positive
✅ test/units_test.dart: filtre une borne basse ne fait jamais baisser la capacité
✅ test/units_test.dart: filtre k ne bouge que si la série est dite précise (learnK)
✅ test/units_test.dart: filtre sans séance, l'incertitude croît avec le temps
✅ test/units_test.dart: filtre la copie est indépendante
✅ test/units_test.dart: filtre fatigue de séance : décroît avec le RIR et le repos, plafonnée
✅ test/units_test.dart: bilan santé (D5.8) aucun bilan, ou un bilan sans réponse : aucun effet
✅ test/units_test.dart: bilan santé (D5.8) une réponse absente n'est jamais remplacée par une valeur
✅ test/units_test.dart: bilan santé (D5.8) paliers gradués
✅ test/units_test.dart: modèle de note notes ordinaires : plein poids
✅ test/units_test.dart: modèle de note confirmations systématiques : le poids tombe au plancher
✅ test/units_test.dart: modèle de note le bruit croît avec le RIR et avec la longueur de la série
✅ test/units_test.dart: fatigue une série fatigue ses muscles, puis la fatigue retombe
✅ test/units_test.dart: déblocage (D5.7) rythme : volume, échange, séance, bloc
✅ test/units_test.dart: déblocage (D5.7) la confiance exigée croît avec le niveau
✅ test/units_test.dart: déblocage (D5.7) semaines civiles et jours prévus
✅ test/units_test.dart: application d'une proposition un diff de prescriptions remplace la prescription visée
✅ test/units_test.dart: application d'une proposition bloc au contrat 0.4.0 : les intentions des semaines restent (0.2.1)
✅ test/units_test.dart: application d'une proposition une restructuration porte son bloc ; sans rien, bloc inchangé
✅ test/units_test.dart: athlètes simulés aller-retour JSON
✅ test/units_test.dart: athlètes simulés hasard seedé : même clé, même suite
✅ test/docs_test.dart: docs/MESURES.md est la mise en tableaux de docs/data/campagne.json
✅ test/docs_test.dart: la fixture du propriétaire est celle que le simulateur produit
✅ test/docs_test.dart: docs/PROPRIETAIRE.md est le rejeu de la fixture
✅ test/coach_test.dart: tentatives croissantes, bornées par l'estimation, sur 10 000 tirages
✅ test/coach_test.dart: programmes street du banc street_01_debutant_complet : bloc au contrat 0.4.0, boucle complète, trois vérités
✅ test/properties_2_test.dart: journaux aléatoires 2560 à 2719
✅ test/coach_test.dart: programmes street du banc street_02_debutant_surpoids : bloc au contrat 0.4.0, boucle complète, trois vérités
✅ test/properties_2_test.dart: journaux aléatoires 2720 à 2879
✅ test/coach_test.dart: programmes street du banc street_03_debutante : bloc au contrat 0.4.0, boucle complète, trois vérités
✅ test/coach_test.dart: programmes street du banc street_04_reprise_longue_pause : bloc au contrat 0.4.0, boucle complète, trois vérités
✅ test/coach_test.dart: programmes street du banc street_05_inter_calisthenie_front_lever : bloc au contrat 0.4.0, boucle complète, trois vérités
✅ test/properties_2_test.dart: journaux aléatoires 2880 à 3039
✅ test/coach_test.dart: programmes street du banc street_06_inter_sets_reps : bloc au contrat 0.4.0, boucle complète, trois vérités
✅ test/properties_2_test.dart: journaux aléatoires 3040 à 3199
✅ test/coach_test.dart: programmes street du banc street_07_avance_streetlifting_competition : bloc au contrat 0.4.0, boucle complète, trois vérités
✅ test/properties_2_test.dart: journaux aléatoires 3200 à 3359
✅ test/coach_test.dart: programmes street du banc street_08_avance_sets_reps_competition : bloc au contrat 0.4.0, boucle complète, trois vérités
✅ test/properties_2_test.dart: journaux aléatoires 3360 à 3519
✅ test/coach_test.dart: programmes street du banc street_09_elite_streetlifting : bloc au contrat 0.4.0, boucle complète, trois vérités
✅ test/properties_2_test.dart: journaux aléatoires 3520 à 3679
✅ test/coach_test.dart: programmes street du banc street_10_elite_figures : bloc au contrat 0.4.0, boucle complète, trois vérités
✅ test/properties_2_test.dart: journaux aléatoires 3680 à 3839
✅ test/coach_test.dart: programmes street du banc street_11_master_51_ans : bloc au contrat 0.4.0, boucle complète, trois vérités
✅ test/coach_test.dart: programmes street du banc street_12_antecedent_coude : bloc au contrat 0.4.0, boucle complète, trois vérités
✅ test/coach_test.dart: programmes street du banc street_13_peu_de_temps : bloc au contrat 0.4.0, boucle complète, trois vérités
✅ test/coach_test.dart: programmes street du banc street_14_parc_sans_lest : bloc au contrat 0.4.0, boucle complète, trois vérités
✅ test/coach_test.dart: programmes street du banc street_15_travail_physique_sommeil_court : bloc au contrat 0.4.0, boucle complète, trois vérités
✅ test/coach_test.dart: programmes street du banc street_16_specialisation_traction_lestee : bloc au contrat 0.4.0, boucle complète, trois vérités
✅ test/coach_test.dart: programmes street du banc street_17_hybride_street_course : bloc au contrat 0.4.0, boucle complète, trois vérités
✅ test/coach_test.dart: programmes de test (techniques injectées) street_06_inter_sets_reps, rang 0 : lignes valides, invariants tenus
✅ test/coach_test.dart: programmes de test (techniques injectées) street_07_avance_streetlifting_competition, rang 0 : lignes valides, invariants tenus
✅ test/coach_test.dart: programmes de test (techniques injectées) street_07_avance_streetlifting_competition, rang 5 : lignes valides, invariants tenus
✅ test/coach_test.dart: programmes de test (techniques injectées) street_09_elite_streetlifting, rang 3 : lignes valides, invariants tenus
✅ test/coach_test.dart: programmes de test (techniques injectées) street_09_elite_streetlifting, rang 9 : lignes valides, invariants tenus
✅ test/coach_test.dart: programmes de test (techniques injectées) street_11_master_51_ans, rang 6 : lignes valides, invariants tenus
✅ test/coach_test.dart: programmes de test (techniques injectées) street_14_parc_sans_lest, rang 8 : lignes valides, invariants tenus
✅ test/coach_test.dart: programmes de test (techniques injectées) chaque technique à parties ou à paliers a été exécutée
✅ test/coach_test.dart: périodisation affûtage et échéance : aucun volume ajouté, tentatives le jour J
✅ test/coach_test.dart: périodisation comportement 0.1 à la demande : aucun champ du mode coach
✅ test/coach_test.dart: budgets de temps (VM Dart) séance ≤ 50 ms, conseil ≤ 5 ms (médianes, 12 semaines)
✅ test/smoke_test.dart: debutant_salle : 8 semaines en boucle complète
✅ test/smoke_test.dart: intermediaire_salle : 8 semaines en boucle complète
✅ test/properties_0_test.dart: journaux aléatoires 0 à 159
✅ test/smoke_test.dart: avance_street : 8 semaines en boucle complète
✅ test/properties_0_test.dart: journaux aléatoires 160 à 319
✅ test/smoke_test.dart: notes_paresseuses : 8 semaines en boucle complète
✅ test/smoke_test.dart: irregulier : 8 semaines en boucle complète
✅ test/smoke_test.dart: maison_halteres : 8 semaines en boucle complète
✅ test/smoke_test.dart: calisthenie_parc : 8 semaines en boucle complète
✅ test/properties_0_test.dart: journaux aléatoires 320 à 479
✅ test/smoke_test.dart: douleur_et_lieu : 8 semaines en boucle complète
✅ test/properties_0_test.dart: journaux aléatoires 480 à 639
✅ test/properties_0_test.dart: journaux aléatoires 640 à 799
✅ test/properties_0_test.dart: journaux aléatoires 800 à 959
✅ test/properties_0_test.dart: journaux aléatoires 960 à 1119
✅ test/properties_0_test.dart: journaux aléatoires 1120 à 1279
✅ test/coach_properties_0_test.dart: journaux aléatoires (mode coach) 100000 à 100159
✅ test/reference_test.dart: fonctions numériques : mêmes valeurs que la référence
✅ test/reference_test.dart: filtre : même état que la référence après chaque étape
✅ test/coach_properties_0_test.dart: journaux aléatoires (mode coach) 100160 à 100319
✅ test/coach_properties_0_test.dart: journaux aléatoires (mode coach) 100320 à 100479
✅ test/coach_properties_0_test.dart: journaux aléatoires (mode coach) 100480 à 100639
✅ test/coach_properties_0_test.dart: journaux aléatoires (mode coach) 100640 à 100799
✅ test/coach_properties_0_test.dart: journaux aléatoires (mode coach) 100800 à 100959
✅ test/coach_properties_0_test.dart: journaux aléatoires (mode coach) 100960 à 101119
✅ test/coach_properties_0_test.dart: journaux aléatoires (mode coach) 101120 à 101279
✅ test/properties_6_test.dart: journaux aléatoires 7680 à 7839
✅ test/coach_properties_0_test.dart: journaux aléatoires (mode coach) 101280 à 101439
✅ test/properties_6_test.dart: journaux aléatoires 7840 à 7999
✅ test/coach_properties_0_test.dart: journaux aléatoires (mode coach) 101440 à 101599
✅ test/properties_6_test.dart: journaux aléatoires 8000 à 8159
✅ test/coach_properties_0_test.dart: journaux aléatoires (mode coach) 101600 à 101759
✅ test/coach_properties_0_test.dart: journaux aléatoires (mode coach) 101760 à 101919
✅ test/properties_6_test.dart: journaux aléatoires 8160 à 8319
✅ test/coach_properties_0_test.dart: journaux aléatoires (mode coach) 101920 à 102079
✅ test/properties_6_test.dart: journaux aléatoires 8320 à 8479
✅ test/coach_properties_0_test.dart: journaux aléatoires (mode coach) 102080 à 102239
✅ test/properties_6_test.dart: journaux aléatoires 8480 à 8639
✅ test/coach_properties_0_test.dart: journaux aléatoires (mode coach) 102240 à 102399
✅ test/properties_6_test.dart: journaux aléatoires 8640 à 8799
✅ test/coach_properties_0_test.dart: journaux aléatoires (mode coach) 102400 à 102559
✅ test/properties_6_test.dart: journaux aléatoires 8800 à 8959
✅ test/properties_3_test.dart: journaux aléatoires 3840 à 3999
✅ test/properties_1_test.dart: journaux aléatoires 1280 à 1439
✅ test/properties_3_test.dart: journaux aléatoires 4000 à 4159
✅ test/properties_1_test.dart: journaux aléatoires 1440 à 1599
✅ test/properties_3_test.dart: journaux aléatoires 4160 à 4319
✅ test/properties_1_test.dart: journaux aléatoires 1600 à 1759
✅ test/properties_3_test.dart: journaux aléatoires 4320 à 4479
✅ test/properties_1_test.dart: journaux aléatoires 1760 à 1919
✅ test/properties_3_test.dart: journaux aléatoires 4480 à 4639
✅ test/properties_1_test.dart: journaux aléatoires 1920 à 2079
✅ test/properties_3_test.dart: journaux aléatoires 4640 à 4799
✅ test/properties_1_test.dart: journaux aléatoires 2080 à 2239
✅ test/properties_3_test.dart: journaux aléatoires 4800 à 4959
✅ test/properties_1_test.dart: journaux aléatoires 2240 à 2399
✅ test/properties_3_test.dart: journaux aléatoires 4960 à 5119
✅ test/properties_1_test.dart: journaux aléatoires 2400 à 2559
✅ test/purity_test.dart: lib/ contient des sources
✅ test/purity_test.dart: lib/ sans dart:io (« import 'dart:io' »)
✅ test/purity_test.dart: lib/ sans dart:ui (« import 'dart:ui' »)
✅ test/purity_test.dart: lib/ sans dart:html (« import 'dart:html' »)
✅ test/purity_test.dart: lib/ sans dart:isolate (« import 'dart:isolate' »)
✅ test/purity_test.dart: lib/ sans Flutter (« package:flutter »)
✅ test/purity_test.dart: lib/ sans horloge implicite (« DateTime.now »)
✅ test/purity_test.dart: lib/ sans horloge implicite (« Stopwatch »)
✅ test/purity_test.dart: lib/ sans hasard non seedé (« Random() »)
✅ test/purity_test.dart: lib/ sans hasard non seedé (« Random.secure »)
✅ test/purity_test.dart: lib/ sans hasard de dart:math (« dart:math' show Random »)
✅ test/purity_test.dart: lib/ sans plateforme (« Platform. »)
✅ test/purity_test.dart: le hasard du simulateur vient de la seule suite seedée de rng.dart
✅ test/purity_test.dart: le moteur n'importe pas le simulateur
✅ test/purity_test.dart: dépendances : kalis_core et kalis_plan par chemin, rien d'autre
✅ test/purity_test.dart: aucun texte d'interface dans les sorties : des codes de raison
✅ test/coach_rules_test.dart: alerte de surmenage deux séances mesurées de suite sous la référence : alerte
✅ test/coach_rules_test.dart: alerte de surmenage une seule séance basse, ou un retour au niveau : pas d'alerte
✅ test/coach_rules_test.dart: alerte de surmenage séances trop espacées : pas d'alerte
✅ test/coach_rules_test.dart: alerte de surmenage deux passages le même jour ne comptent qu'une fois
✅ test/coach_rules_test.dart: plage servie à la réserve du bloc street_13 : aucune série fixe au-dessus du maximum moins la réserve
✅ test/coach_rules_test.dart: séries fractionnées séries fractionnées : plus de séries, chacune sous le bas de la plage écrite
✅ test/coach_rules_test.dart: test un jour de bilan bas street_05_inter_calisthenie_front_lever : aucun repère abaissé par un test de mauvais jour
✅ test/coach_rules_test.dart: test un jour de bilan bas street_08_avance_sets_reps_competition : aucun repère abaissé par un test de mauvais jour
✅ test/properties_7_test.dart: journaux aléatoires 8960 à 9119
✅ test/sessions_test.dart: séries enchaînées (supersets, tours) une séance enchaînée reste une séance par exercice
✅ test/sessions_test.dart: séries enchaînées (supersets, tours) le conseil se souvient d'un échec après un autre exercice
✅ test/sessions_test.dart: charge de référence pyramide : la plus lourde des séries tenues
✅ test/sessions_test.dart: charge de référence après un échec non prévu : jamais plus que la charge échouée
✅ test/sessions_test.dart: charge de référence zéro répétition à une charge légère : saisie douteuse
✅ test/sessions_test.dart: exercices sans charge après un échec non prévu : jamais plus que la dernière séance
✅ test/sessions_test.dart: bilan du jour non redonné au conseil le verrou « bilan bas » est relu dans la séance
✅ test/sessions_test.dart: bilan du jour non redonné au conseil sans bilan bas, la même série très facile fait monter
✅ test/sessions_test.dart: journal prolongé une séance ajoutée avant la dernière est refusée, avec ou sans cache
✅ test/sessions_test.dart: pivot de la courbe déplacer le pivot conserve le 1RM et toute incertitude
✅ test/sessions_test.dart: pivot de la courbe après un changement de plage, le niveau s'apprend au nouveau pivot
✅ test/properties_7_test.dart: journaux aléatoires 9120 à 9279
✅ test/properties_7_test.dart: journaux aléatoires 9280 à 9439
✅ test/properties_7_test.dart: journaux aléatoires 9440 à 9599
✅ test/properties_7_test.dart: journaux aléatoires 9600 à 9759
✅ test/properties_7_test.dart: journaux aléatoires 9760 à 9919
✅ test/properties_7_test.dart: journaux aléatoires 9920 à 10079
✅ test/properties_7_test.dart: journaux aléatoires 10080 à 10239
✅ test/properties_4_test.dart: journaux aléatoires 5120 à 5279
✅ test/properties_4_test.dart: journaux aléatoires 5280 à 5439
✅ test/properties_4_test.dart: journaux aléatoires 5440 à 5599
✅ test/properties_4_test.dart: journaux aléatoires 5600 à 5759
✅ test/properties_4_test.dart: journaux aléatoires 5760 à 5919
✅ test/coach_properties_2_test.dart: journaux aléatoires (mode coach) 105120 à 105279
✅ test/properties_4_test.dart: journaux aléatoires 5920 à 6079
✅ test/properties_4_test.dart: journaux aléatoires 6080 à 6239
✅ test/coach_properties_2_test.dart: journaux aléatoires (mode coach) 105280 à 105439
✅ test/properties_4_test.dart: journaux aléatoires 6240 à 6399
✅ test/coach_properties_2_test.dart: journaux aléatoires (mode coach) 105440 à 105599
✅ test/coach_properties_2_test.dart: journaux aléatoires (mode coach) 105600 à 105759
✅ test/coach_properties_2_test.dart: journaux aléatoires (mode coach) 105760 à 105919
✅ test/coach_properties_2_test.dart: journaux aléatoires (mode coach) 105920 à 106079
✅ test/coach_properties_2_test.dart: journaux aléatoires (mode coach) 106080 à 106239
✅ test/coach_properties_2_test.dart: journaux aléatoires (mode coach) 106240 à 106399
✅ test/coach_properties_1_test.dart: journaux aléatoires (mode coach) 102560 à 102719
✅ test/coach_properties_2_test.dart: journaux aléatoires (mode coach) 106400 à 106559
✅ test/coach_properties_2_test.dart: journaux aléatoires (mode coach) 106560 à 106719
✅ test/coach_properties_1_test.dart: journaux aléatoires (mode coach) 102720 à 102879
✅ test/coach_properties_2_test.dart: journaux aléatoires (mode coach) 106720 à 106879
✅ test/coach_properties_1_test.dart: journaux aléatoires (mode coach) 102880 à 103039
✅ test/coach_properties_2_test.dart: journaux aléatoires (mode coach) 106880 à 107039
✅ test/coach_properties_1_test.dart: journaux aléatoires (mode coach) 103040 à 103199
✅ test/coach_properties_2_test.dart: journaux aléatoires (mode coach) 107040 à 107199
✅ test/coach_properties_1_test.dart: journaux aléatoires (mode coach) 103200 à 103359
✅ test/coach_properties_2_test.dart: journaux aléatoires (mode coach) 107200 à 107359
✅ test/coach_properties_1_test.dart: journaux aléatoires (mode coach) 103360 à 103519
✅ test/coach_properties_2_test.dart: journaux aléatoires (mode coach) 107360 à 107519
✅ test/coach_properties_1_test.dart: journaux aléatoires (mode coach) 103520 à 103679
✅ test/coach_properties_2_test.dart: journaux aléatoires (mode coach) 107520 à 107679
✅ test/coach_properties_1_test.dart: journaux aléatoires (mode coach) 103680 à 103839
✅ test/coach_properties_1_test.dart: journaux aléatoires (mode coach) 103840 à 103999
✅ test/coach_properties_1_test.dart: journaux aléatoires (mode coach) 104000 à 104159
✅ test/coach_properties_1_test.dart: journaux aléatoires (mode coach) 104160 à 104319
✅ test/coach_properties_1_test.dart: journaux aléatoires (mode coach) 104320 à 104479
✅ test/coach_properties_1_test.dart: journaux aléatoires (mode coach) 104480 à 104639
✅ test/coach_properties_1_test.dart: journaux aléatoires (mode coach) 104640 à 104799
✅ test/coach_properties_1_test.dart: journaux aléatoires (mode coach) 104800 à 104959
✅ test/coach_properties_1_test.dart: journaux aléatoires (mode coach) 104960 à 105119
✅ test/properties_5_test.dart: journaux aléatoires 6400 à 6559
✅ test/properties_5_test.dart: journaux aléatoires 6560 à 6719
✅ test/properties_5_test.dart: journaux aléatoires 6720 à 6879
✅ test/properties_5_test.dart: journaux aléatoires 6880 à 7039
✅ test/properties_5_test.dart: journaux aléatoires 7040 à 7199
✅ test/coach_properties_3_test.dart: journaux aléatoires (mode coach) 107680 à 107839
✅ test/properties_5_test.dart: journaux aléatoires 7200 à 7359
✅ test/properties_5_test.dart: journaux aléatoires 7360 à 7519
✅ test/coach_properties_3_test.dart: journaux aléatoires (mode coach) 107840 à 107999
✅ test/properties_5_test.dart: journaux aléatoires 7520 à 7679
✅ test/coach_properties_3_test.dart: journaux aléatoires (mode coach) 108000 à 108159
✅ test/coach_properties_3_test.dart: journaux aléatoires (mode coach) 108160 à 108319
✅ test/coach_properties_3_test.dart: journaux aléatoires (mode coach) 108320 à 108479
✅ test/coach_properties_3_test.dart: journaux aléatoires (mode coach) 108480 à 108639
✅ test/coach_properties_3_test.dart: journaux aléatoires (mode coach) 108640 à 108799
✅ test/coach_properties_3_test.dart: journaux aléatoires (mode coach) 108800 à 108959
✅ test/coach_properties_3_test.dart: journaux aléatoires (mode coach) 108960 à 109119
✅ test/coach_properties_3_test.dart: journaux aléatoires (mode coach) 109120 à 109279
✅ test/coach_properties_3_test.dart: journaux aléatoires (mode coach) 109280 à 109439
✅ test/coach_properties_3_test.dart: journaux aléatoires (mode coach) 109440 à 109599
✅ test/coach_properties_3_test.dart: journaux aléatoires (mode coach) 109600 à 109759
✅ test/coach_properties_3_test.dart: journaux aléatoires (mode coach) 109760 à 109919
✅ test/coach_properties_3_test.dart: journaux aléatoires (mode coach) 109920 à 110079
✅ test/coach_properties_3_test.dart: journaux aléatoires (mode coach) 110080 à 110239
::endgroup::

🎉 233 tests passed.
