Analyzing kalis_koach...
No issues found!

::group::✅ Passing tests
✅ test/art_test.dart: catalogue des poses 36 poses, identifiants uniques et alignés sur les dessins
✅ test/art_test.dart: catalogue des poses 12 poses par planche, cases distinctes
✅ test/art_test.dart: catalogue des poses yeux : calque présent si et seulement si yeux ouverts
✅ test/art_test.dart: catalogue des poses poses connues aux yeux fermés
✅ test/art_test.dart: catalogue des poses bustes : choix, idée, réglages
✅ test/art_test.dart: catalogue des poses chaque usage a au moins une pose
✅ test/art_test.dart: dessins calques bien formés, fermés, sans opcode inconnu
✅ test/art_test.dart: dessins normalisation : pieds sur y = 0, hauteur 1 000 pour les poses en pied
✅ test/art_test.dart: dessins boîte déclarée = boîte des extrémités, à 2 unités près
✅ test/art_test.dart: dessins papier et yeux à l’intérieur de la silhouette
✅ test/art_test.dart: dessins cadre commun : contient toutes les poses
✅ test/art_test.dart: dessins poids total des commandes raisonnable
✅ test/art_test.dart: rejeu des commandes mise à l’échelle et translation
✅ test/art_test.dart: rejeu des commandes opcode inconnu et commande tronquée refusés
✅ test/art_test.dart: rejeu des commandes SVG
✅ test/lines_test.dart: couverture chaque événement a une règle (sauf « pourquoi », dérivé)
✅ test/lines_test.dart: couverture une seule règle par événement
✅ test/lines_test.dart: couverture aucune clé orpheline, aucune clé manquante
✅ test/lines_test.dart: couverture action « Pourquoi ? » si et seulement si une explication existe
✅ test/lines_test.dart: couverture table des raisons : exemples attendus présents
✅ test/lines_test.dart: couverture table des raisons extensible
✅ test/properties_test.dart: 10 000 demandes aléatoires seedées
✅ test/lines_test.dart: paramètres chaque message n’utilise que les paramètres déclarés
✅ test/lines_test.dart: paramètres paramètre manquant refusé
✅ test/properties_test.dart: toutes les variantes sont atteintes
✅ test/lines_test.dart: textes longueur des bulles, explications et libellés
✅ test/lines_test.dart: textes aucune allégation médicale ni promesse de résultat
✅ test/lines_test.dart: textes tutoiement : jamais de vouvoiement
✅ test/lines_test.dart: textes douleur : renvoi vers un professionnel de santé
✅ test/lines_test.dart: choix déterministe
✅ test/lines_test.dart: choix pas de répétition entre deux occurrences successives
✅ test/lines_test.dart: choix raison connue : messages de la raison ; inconnue : générique
✅ test/lines_test.dart: choix explication « Pourquoi ? »
✅ test/lines_test.dart: choix rendu
✅ test/lines_test.dart: flammes 10 flammes croissantes, base commune
✅ test/lines_test.dart: flammes teinte et libellé
::endgroup::

🎉 36 tests passed.
