== kalis_quest
Resolving dependencies...
Downloading packages...
+ _fe_analyzer_shared 108.0.0
+ analyzer 14.4.0
+ args 2.7.0
+ async 2.13.1
+ boolean_selector 2.1.2
+ cli_config 0.2.0
+ collection 1.19.1
+ convert 3.1.2
+ coverage 1.15.1
+ crypto 3.0.7
+ file 7.0.1
+ frontend_server_client 4.1.0
+ glob 2.2.0
+ http_multi_server 3.2.2
+ http_parser 4.1.2
+ io 1.1.0
+ kalis_adapt 0.1.0 from path ../kalis_adapt
+ kalis_core 0.4.0 from path ../kalis_core
+ kalis_plan 0.1.0 from path ../kalis_plan
+ lints 4.0.0 (6.1.0 available)
+ logging 1.3.0
+ matcher 0.12.20
+ meta 1.19.0
+ mime 2.1.0
+ node_preamble 2.0.2
+ package_config 3.0.0
+ path 1.9.1
+ pool 1.5.3
+ pub_semver 2.2.1
+ shelf 1.4.2
+ shelf_packages_handler 3.0.2
+ shelf_static 1.1.3
+ shelf_web_socket 3.0.0
+ source_map_stack_trace 2.1.2
+ source_maps 0.10.14
+ source_span 1.10.2
+ stack_trace 1.12.2
+ stream_channel 2.1.4
+ string_scanner 1.4.1
+ term_glyph 1.2.2
+ test 1.32.0
+ test_api 0.7.14
+ test_core 0.6.20
+ typed_data 1.4.0
+ vm_service 15.3.0
+ watcher 1.2.1
+ web 1.1.1
+ web_socket 1.0.1
+ web_socket_channel 3.0.3
+ webkit_inspection_protocol 1.2.1
+ yaml 3.1.4
Changed 51 dependencies!
1 package has newer versions incompatible with dependency constraints.
Try `dart pub outdated` for more information.
Formatted 38 files (0 changed) in 0.17 seconds.
Analyzing kalis_quest...
No issues found!
00:00 +0: loading test/properties_2_test.dart
00:00 +0: test/properties_2_test.dart: journaux aléatoires journaux 2560 à 2719
00:00 +1: test/properties_2_test.dart: journaux aléatoires journaux 2560 à 2719
00:00 +2: test/properties_2_test.dart: journaux aléatoires journaux 2560 à 2719
00:00 +3: test/properties_2_test.dart: journaux aléatoires journaux 2560 à 2719
00:00 +4: test/properties_2_test.dart: journaux aléatoires journaux 2560 à 2719
00:00 +5: test/properties_2_test.dart: journaux aléatoires journaux 2560 à 2719
00:00 +6: test/properties_2_test.dart: journaux aléatoires journaux 2560 à 2719
00:00 +7: test/properties_2_test.dart: journaux aléatoires journaux 2560 à 2719
00:00 +8: test/properties_2_test.dart: journaux aléatoires journaux 2560 à 2719
00:00 +9: test/properties_2_test.dart: journaux aléatoires journaux 2560 à 2719
00:00 +10: test/properties_2_test.dart: journaux aléatoires journaux 2560 à 2719
00:00 +11: test/properties_2_test.dart: journaux aléatoires journaux 2560 à 2719
00:00 +12: test/properties_2_test.dart: journaux aléatoires journaux 2560 à 2719
00:00 +13: test/properties_2_test.dart: journaux aléatoires journaux 2560 à 2719
00:00 +14: test/properties_2_test.dart: journaux aléatoires journaux 2560 à 2719
00:00 +15: test/properties_2_test.dart: journaux aléatoires journaux 2560 à 2719
00:00 +16: test/properties_2_test.dart: journaux aléatoires journaux 2560 à 2719
00:00 +17: test/properties_2_test.dart: journaux aléatoires journaux 2560 à 2719
00:00 +18: test/properties_2_test.dart: journaux aléatoires journaux 2560 à 2719
00:00 +19: test/properties_2_test.dart: journaux aléatoires journaux 2560 à 2719
00:00 +20: test/properties_2_test.dart: journaux aléatoires journaux 2560 à 2719
00:01 +21: test/properties_2_test.dart: journaux aléatoires journaux 2560 à 2719
00:09 +22: test/properties_0_test.dart: journaux aléatoires journaux 0 à 159
00:10 +23: test/properties_2_test.dart: journaux aléatoires journaux 2720 à 2879
00:13 +24: test/properties_0_test.dart: journaux aléatoires journaux 160 à 319
00:15 +25: test/properties_2_test.dart: journaux aléatoires journaux 2880 à 3039
00:18 +26: test/properties_0_test.dart: journaux aléatoires journaux 320 à 479
00:20 +27: test/properties_2_test.dart: journaux aléatoires journaux 3040 à 3199
00:23 +28: test/properties_0_test.dart: journaux aléatoires journaux 480 à 639
00:25 +29: test/properties_2_test.dart: journaux aléatoires journaux 3200 à 3359
00:28 +30: test/properties_0_test.dart: journaux aléatoires journaux 640 à 799
00:30 +31: test/properties_2_test.dart: journaux aléatoires journaux 3360 à 3519
00:33 +32: test/properties_0_test.dart: journaux aléatoires journaux 800 à 959
00:34 +33: test/properties_2_test.dart: journaux aléatoires journaux 3520 à 3679
00:37 +34: test/properties_0_test.dart: journaux aléatoires journaux 960 à 1119
00:39 +35: test/properties_2_test.dart: journaux aléatoires journaux 3680 à 3839
00:42 +36: test/properties_0_test.dart: journaux aléatoires journaux 1120 à 1279
00:44 +37: test/timing_test.dart: trois ans de journal : calcul complet en 200 ms au plus
calcul complet depuis 3 ans de journal : [78, 97, 102, 137, 184] ms
00:45 +38: test/timing_test.dart: trois ans de journal : calcul complet en 200 ms au plus
00:45 +39: test/timing_test.dart: trois ans de journal : calcul complet en 200 ms au plus
00:45 +40: test/timing_test.dart: trois ans de journal : calcul complet en 200 ms au plus
00:45 +41: test/timing_test.dart: trois ans de journal : calcul complet en 200 ms au plus
00:45 +42: test/timing_test.dart: trois ans de journal : calcul complet en 200 ms au plus
00:45 +43: test/timing_test.dart: trois ans de journal : calcul complet en 200 ms au plus
00:45 +44: test/timing_test.dart: trois ans de journal : calcul complet en 200 ms au plus
00:45 +45: test/timing_test.dart: trois ans de journal : calcul complet en 200 ms au plus
00:45 +46: test/timing_test.dart: trois ans de journal : calcul complet en 200 ms au plus
00:45 +47: test/timing_test.dart: trois ans de journal : calcul complet en 200 ms au plus
00:45 +48: test/timing_test.dart: trois ans de journal : calcul complet en 200 ms au plus
appel du lendemain : [12, 14, 14, 17, 30] ms
00:45 +49: test/engine_test.dart: douleur la séance douloureuse ne nourrit ni objectif, ni rang, ni record payé ; le fait reste connu
00:45 +50: test/engine_test.dart: douleur une semaine avec une séance douloureuse garde ses séances prévues : elle est en pause, pas réussie
00:45 +51: test/engine_test.dart: douleur la même douleur, zone épargnée : récompense entière
00:45 +52: test/engine_test.dart: douleur une douleur signalée pendant ou après la séance ne retire rien
00:45 +53: test/engine_test.dart: repos et récupération un jour de repos ne propose que de la récupération
00:45 +54: test/engine_test.dart: repos et récupération une quête de récupération se déclare ; une quête d'entraînement ne se déclare pas
00:45 +55: test/engine_test.dart: repos et récupération une courte séance de mobilité un jour de repos ne prend pas la place d'une séance prévue
00:45 +56: test/engine_test.dart: registre en ajout seul une séance supprimée ne retire aucun XP
00:45 +57: test/engine_test.dart: registre en ajout seul même entrée, même sortie ; rappel sans effet
00:45 +58: test/engine_test.dart: registre en ajout seul export puis import de l'état : suite identique
00:45 +59: test/engine_test.dart: registre en ajout seul remise à zéro : l'historique ne donne pas d'XP, mais il compte pour les records et les rangs
00:45 +60: test/engine_test.dart: registre en ajout seul bonus de départ : désactivé par défaut, plafonné s'il est activé
00:45 +61: test/engine_test.dart: registre en ajout seul les séances « reprise » ne changent rien
00:45 +62: test/engine_test.dart: série de semaines 3 sur 3 : réussie ; 2 sur 3 : non réussie, la série repart, la meilleure est gardée
00:45 +63: test/engine_test.dart: série de semaines vacances déclarées : pause, la série ne bouge pas
00:45 +64: test/engine_test.dart: série de semaines maladie : récupération passive seulement
00:45 +65: test/engine_test.dart: records un record paie, plafonné ; une première fois ne paie pas
00:45 +66: test/engine_test.dart: records une série au-delà du volume prévu n'établit pas de record payé
00:45 +67: test/properties_6_test.dart: journaux aléatoires journaux 7680 à 7839
00:46 +68: test/properties_6_test.dart: journaux aléatoires journaux 7680 à 7839
00:46 +69: test/properties_6_test.dart: journaux aléatoires journaux 7680 à 7839
00:46 +70: test/properties_6_test.dart: journaux aléatoires journaux 7680 à 7839
00:46 +71: test/properties_6_test.dart: journaux aléatoires journaux 7680 à 7839
00:46 +72: test/properties_6_test.dart: journaux aléatoires journaux 7680 à 7839
00:54 +73: test/properties_3_test.dart: journaux aléatoires journaux 3840 à 3999
00:55 +74: test/properties_6_test.dart: journaux aléatoires journaux 7840 à 7999
00:59 +75: test/properties_3_test.dart: journaux aléatoires journaux 4000 à 4159
01:00 +76: test/properties_6_test.dart: journaux aléatoires journaux 8000 à 8159
01:04 +77: test/properties_3_test.dart: journaux aléatoires journaux 4160 à 4319
01:05 +78: test/properties_6_test.dart: journaux aléatoires journaux 8160 à 8319
01:08 +79: test/properties_3_test.dart: journaux aléatoires journaux 4320 à 4479
01:10 +80: test/properties_6_test.dart: journaux aléatoires journaux 8320 à 8479
01:13 +81: test/properties_3_test.dart: journaux aléatoires journaux 4480 à 4639
01:15 +82: test/properties_6_test.dart: journaux aléatoires journaux 8480 à 8639
01:18 +83: test/properties_3_test.dart: journaux aléatoires journaux 4640 à 4799
01:19 +84: test/properties_6_test.dart: journaux aléatoires journaux 8640 à 8799
01:23 +85: test/properties_3_test.dart: journaux aléatoires journaux 4800 à 4959
01:24 +86: test/properties_6_test.dart: journaux aléatoires journaux 8800 à 8959
01:28 +87: test/properties_3_test.dart: journaux aléatoires journaux 4960 à 5119
01:30 +88: test/properties_1_test.dart: journaux aléatoires journaux 1280 à 1439
01:37 +89: test/properties_7_test.dart: journaux aléatoires journaux 8960 à 9119
01:39 +90: test/properties_1_test.dart: journaux aléatoires journaux 1440 à 1599
01:42 +91: test/properties_7_test.dart: journaux aléatoires journaux 9120 à 9279
01:44 +92: test/properties_1_test.dart: journaux aléatoires journaux 1600 à 1759
01:47 +93: test/properties_7_test.dart: journaux aléatoires journaux 9280 à 9439
01:49 +94: test/properties_1_test.dart: journaux aléatoires journaux 1760 à 1919
01:53 +95: test/properties_7_test.dart: journaux aléatoires journaux 9440 à 9599
01:54 +96: test/properties_1_test.dart: journaux aléatoires journaux 1920 à 2079
01:58 +97: test/properties_7_test.dart: journaux aléatoires journaux 9600 à 9759
01:58 +98: test/properties_1_test.dart: journaux aléatoires journaux 2080 à 2239
02:02 +99: test/properties_7_test.dart: journaux aléatoires journaux 9760 à 9919
02:03 +100: test/properties_1_test.dart: journaux aléatoires journaux 2240 à 2399
02:07 +101: test/properties_7_test.dart: journaux aléatoires journaux 9920 à 10079
02:08 +102: test/properties_1_test.dart: journaux aléatoires journaux 2400 à 2559
02:12 +103: test/properties_7_test.dart: journaux aléatoires journaux 10080 à 10239
02:12 +104: test/properties_7_test.dart: journaux aléatoires journaux 10080 à 10239
02:13 +105: test/properties_7_test.dart: journaux aléatoires journaux 10080 à 10239
02:13 +106: test/properties_7_test.dart: journaux aléatoires journaux 10080 à 10239
02:14 +107: test/properties_7_test.dart: journaux aléatoires journaux 10080 à 10239
02:14 +108: test/sim_test.dart: avance_street_4x : 26 semaines, garde-fous tenus
02:14 +109: test/sim_test.dart: avance_street_4x : 26 semaines, garde-fous tenus
02:14 +110: test/sim_test.dart: avance_street_4x : 26 semaines, garde-fous tenus
02:14 +111: test/sim_test.dart: avance_street_4x : 26 semaines, garde-fous tenus
02:14 +112: test/sim_test.dart: avance_street_4x : 26 semaines, garde-fous tenus
02:14 +113: test/sim_test.dart: avance_street_4x : 26 semaines, garde-fous tenus
02:14 +114: test/sim_test.dart: avance_street_4x : 26 semaines, garde-fous tenus
02:14 +115: test/sim_test.dart: avance_street_4x : 26 semaines, garde-fous tenus
02:14 +116: test/sim_test.dart: avance_street_4x : 26 semaines, garde-fous tenus
02:14 +117: test/sim_test.dart: avance_street_4x : 26 semaines, garde-fous tenus
02:14 +118: test/sim_test.dart: avance_street_4x : 26 semaines, garde-fous tenus
02:14 +119: test/sim_test.dart: avance_street_4x : 26 semaines, garde-fous tenus
02:14 +120: test/sim_test.dart: avance_street_4x : 26 semaines, garde-fous tenus
02:14 +121: test/sim_test.dart: avance_street_4x : 26 semaines, garde-fous tenus
02:14 +122: test/sim_test.dart: avance_street_4x : 26 semaines, garde-fous tenus
02:14 +123: test/sim_test.dart: avance_street_4x : 26 semaines, garde-fous tenus
02:14 +124: test/sim_test.dart: avance_street_4x : 26 semaines, garde-fous tenus
02:14 +125: test/sim_test.dart: avance_street_4x : 26 semaines, garde-fous tenus
02:14 +126: test/sim_test.dart: avance_street_4x : 26 semaines, garde-fous tenus
02:14 +127: test/properties_4_test.dart: journaux aléatoires journaux 5120 à 5279
02:15 +128: test/properties_4_test.dart: journaux aléatoires journaux 5120 à 5279
02:15 +129: test/properties_4_test.dart: journaux aléatoires journaux 5120 à 5279
02:15 +130: test/properties_4_test.dart: journaux aléatoires journaux 5120 à 5279
02:16 +131: test/properties_4_test.dart: journaux aléatoires journaux 5120 à 5279
02:17 +132: test/properties_4_test.dart: journaux aléatoires journaux 5120 à 5279
02:18 +133: test/properties_4_test.dart: journaux aléatoires journaux 5120 à 5279
02:19 +134: test/properties_4_test.dart: journaux aléatoires journaux 5120 à 5279
02:19 +135: test/properties_4_test.dart: journaux aléatoires journaux 5120 à 5279
02:19 +136: test/properties_4_test.dart: journaux aléatoires journaux 5120 à 5279
02:19 +137: test/properties_4_test.dart: journaux aléatoires journaux 5120 à 5279
02:19 +138: test/properties_4_test.dart: journaux aléatoires journaux 5120 à 5279
02:19 +139: test/properties_4_test.dart: journaux aléatoires journaux 5120 à 5279
02:19 +140: test/properties_4_test.dart: journaux aléatoires journaux 5120 à 5279
02:19 +141: test/properties_4_test.dart: journaux aléatoires journaux 5120 à 5279
02:19 +142: test/properties_4_test.dart: journaux aléatoires journaux 5120 à 5279
02:19 +143: test/properties_4_test.dart: journaux aléatoires journaux 5120 à 5279
02:19 +144: test/properties_4_test.dart: journaux aléatoires journaux 5120 à 5279
02:19 +145: test/properties_4_test.dart: journaux aléatoires journaux 5120 à 5279
02:19 +145: test/goals_test.dart: calibrage de la prédiction intervalle à 80 % sur des trajectoires à tendance amortie bruitées
calibrage : 240 prédictions, couverture 79.6 %, trop tôt 24, trop tard 25, écart absolu moyen à la médiane 16.7 jours
02:19 +146: test/properties_4_test.dart: journaux aléatoires journaux 5120 à 5279
02:23 +147: test/properties_5_test.dart: journaux aléatoires journaux 6400 à 6559
02:28 +148: test/properties_4_test.dart: journaux aléatoires journaux 5280 à 5439
02:29 +149: test/properties_5_test.dart: journaux aléatoires journaux 6560 à 6719
02:34 +150: test/properties_4_test.dart: journaux aléatoires journaux 5440 à 5599
02:34 +151: test/properties_5_test.dart: journaux aléatoires journaux 6720 à 6879
02:38 +152: test/properties_4_test.dart: journaux aléatoires journaux 5600 à 5759
02:39 +153: test/properties_5_test.dart: journaux aléatoires journaux 6880 à 7039
02:43 +154: test/properties_4_test.dart: journaux aléatoires journaux 5760 à 5919
02:44 +155: test/properties_5_test.dart: journaux aléatoires journaux 7040 à 7199
02:48 +156: test/properties_4_test.dart: journaux aléatoires journaux 5920 à 6079
02:49 +157: test/properties_5_test.dart: journaux aléatoires journaux 7200 à 7359
02:52 +158: test/properties_4_test.dart: journaux aléatoires journaux 6080 à 6239
02:54 +159: test/properties_5_test.dart: journaux aléatoires journaux 7360 à 7519
02:57 +160: test/properties_4_test.dart: journaux aléatoires journaux 6240 à 6399
02:59 +161: test/properties_5_test.dart: journaux aléatoires journaux 7520 à 7679
03:02 +162: All tests passed!
  debutant_2x : fait (386 s)
  debutant_3x : fait (1229 s)
  intermediaire_4x : fait (1370 s)
  avance_street_4x : fait (1370 s)
  expert_6x : fait (1370 s)
  irregulier_3x : fait (1370 s)
  vacances_5x : fait (1370 s)
  maladie_3x : fait (1370 s)
kalis_quest 0.1.0 : rapport écrit dans /home/runner/work/streetlift-apk/streetlift-apk/out-packages/kalis_quest (1371 s).
durée : 1565 s
