== kalis_bench
Resolving dependencies...
Downloading packages...
+ _fe_analyzer_shared 109.0.0
+ analyzer 14.5.0
+ args 2.7.0
+ async 2.13.1
+ boolean_selector 2.1.2
+ cli_config 0.2.0
+ collection 1.19.1
+ convert 3.1.2
+ coverage 1.15.1
+ crypto 3.0.7
+ file 7.0.1
+ frontend_server_client 4.1.0
+ glob 2.2.0
+ http_multi_server 3.2.2
+ http_parser 4.1.2
+ io 1.1.0
+ kalis_adapt 0.3.1 from path ../kalis_adapt
+ kalis_core 0.4.3 from path ../kalis_core
+ kalis_plan 0.3.1 from path ../kalis_plan
+ lints 4.0.0 (6.1.0 available)
+ logging 1.3.0
+ matcher 0.12.20
+ meta 1.19.0
+ mime 2.1.0
+ node_preamble 2.0.2
+ package_config 3.0.0
+ path 1.9.1
+ pool 1.5.3
+ pub_semver 2.2.1
+ shelf 1.4.2
+ shelf_packages_handler 3.0.2
+ shelf_static 1.1.3
+ shelf_web_socket 3.0.0
+ source_map_stack_trace 2.1.2
+ source_maps 0.10.14
+ source_span 1.10.2
+ stack_trace 1.12.2
+ stream_channel 2.1.4
+ string_scanner 1.4.1
+ term_glyph 1.2.2
+ test 1.33.0
+ test_api 0.7.15
+ test_core 0.6.21
+ typed_data 1.4.0
+ vm_service 15.3.0
+ watcher 1.2.1
+ web 1.1.1
+ web_socket 1.0.1
+ web_socket_channel 3.0.3
+ webkit_inspection_protocol 1.2.1
+ yaml 3.1.4
Changed 51 dependencies!
1 package has newer versions incompatible with dependency constraints.
Try `dart pub outdated` for more information.
Changed bin/km_common.dart
Changed lib/src/km/km_export.dart
Formatted 24 files (2 changed) in 0.09 seconds.
formatage : échec
Analyzing kalis_bench...
No issues found!
No tests ran.
No tests were found.
tests : échec
Unhandled exception:
PathNotFoundException: Cannot open file, path = '../kalis_core/test/fixtures/owner_program_v33.json.gz' (OS Error: No such file or directory, errno = 2)
#0      _File.throwIfError (dart:io/file_impl.dart:779:7)
#1      _File.openSync (dart:io/file_impl.dart:572:5)
#2      _File.readAsBytesSync (dart:io/file_impl.dart:660:18)
#3      readJsonObject (file:///home/runner/work/streetlift-apk/streetlift-apk/packages/kalis_bench/bin/common.dart:26:28)
#4      loadInputs (file:///home/runner/work/streetlift-apk/streetlift-apk/packages/kalis_bench/bin/common.dart:48:21)
#5      runKm1 (file:///home/runner/work/streetlift-apk/streetlift-apk/packages/kalis_bench/bin/km_common.dart:190:20)
#6      main (file:///home/runner/work/streetlift-apk/streetlift-apk/packages/kalis_bench/bin/kalis_bench_cli.dart:11:9)
#7      _delayEntrypointInvocation.<anonymous closure> (dart:isolate-patch/isolate_patch.dart:311:33)
#8      _RawReceivePort._handleMessage (dart:isolate-patch/isolate_patch.dart:192:12)
rapport : échec
durée : 7 s
