== kalis_plan
Resolving dependencies...
Downloading packages...
+ _fe_analyzer_shared 108.0.0
+ analyzer 14.4.0
+ args 2.7.0
+ async 2.13.1
+ boolean_selector 2.1.2
+ cli_config 0.2.0
+ collection 1.19.1
+ convert 3.1.2
+ coverage 1.15.1
+ crypto 3.0.7
+ file 7.0.1
+ frontend_server_client 4.1.0
+ glob 2.2.0
+ http_multi_server 3.2.2
+ http_parser 4.1.2
+ io 1.1.0
+ kalis_core 0.4.2 from path ../kalis_core
+ lints 4.0.0 (6.1.0 available)
+ logging 1.3.0
+ matcher 0.12.20
+ meta 1.19.0
+ mime 2.1.0
+ node_preamble 2.0.2
+ package_config 3.0.0
+ path 1.9.1
+ pool 1.5.3
+ pub_semver 2.2.1
+ shelf 1.4.2
+ shelf_packages_handler 3.0.2
+ shelf_static 1.1.3
+ shelf_web_socket 3.0.0
+ source_map_stack_trace 2.1.2
+ source_maps 0.10.14
+ source_span 1.10.2
+ stack_trace 1.12.2
+ stream_channel 2.1.4
+ string_scanner 1.4.1
+ term_glyph 1.2.2
+ test 1.32.0
+ test_api 0.7.14
+ test_core 0.6.20
+ typed_data 1.4.0
+ vm_service 15.3.0
+ watcher 1.2.1
+ web 1.1.1
+ web_socket 1.0.1
+ web_socket_channel 3.0.3
+ webkit_inspection_protocol 1.2.1
+ yaml 3.1.4
Changed 49 dependencies!
1 package has newer versions incompatible with dependency constraints.
Try `dart pub outdated` for more information.
Formatted 58 files (0 changed) in 0.43 seconds.
Analyzing kalis_plan...
No issues found!
00:00 +0: loading test/properties_1_test.dart
00:00 +0: test/properties_1_test.dart: propriétés, profils 1280 à 2559 profils 1280 à 1439
00:06 +1: test/properties_1_test.dart: propriétés, profils 1280 à 2559 profils 1280 à 1439
00:08 +2: test/properties_1_test.dart: propriétés, profils 1280 à 2559 profils 1280 à 1439
00:11 +3: test/properties_1_test.dart: propriétés, profils 1280 à 2559 profils 1280 à 1439
00:13 +4: test/properties_1_test.dart: propriétés, profils 1280 à 2559 profils 1280 à 1439
00:15 +5: test/properties_1_test.dart: propriétés, profils 1280 à 2559 profils 1280 à 1439
00:17 +6: test/properties_1_test.dart: propriétés, profils 1280 à 2559 profils 1280 à 1439
00:19 +7: test/properties_1_test.dart: propriétés, profils 1280 à 2559 profils 1280 à 1439
00:20 +8: test/coach_properties_6_test.dart: chemin street, profils 7680 à 8959 profils 8800 à 8959
00:21 +9: test/properties_1_test.dart: propriétés, profils 1280 à 2559 profils 1440 à 1599
00:28 +10: test/properties_1_test.dart: propriétés, profils 1280 à 2559 profils 1440 à 1599
00:31 +11: test/properties_1_test.dart: propriétés, profils 1280 à 2559 profils 1440 à 1599
00:33 +12: test/properties_1_test.dart: propriétés, profils 1280 à 2559 profils 1440 à 1599
00:34 +13: test/coach_properties_2_test.dart: chemin street, profils 2560 à 3839 profils 3040 à 3199
00:35 +14: test/properties_1_test.dart: propriétés, profils 1280 à 2559 profils 1600 à 1759
00:37 +15: test/properties_1_test.dart: propriétés, profils 1280 à 2559 profils 1600 à 1759
00:39 +16: test/properties_1_test.dart: propriétés, profils 1280 à 2559 profils 1600 à 1759
00:41 +17: test/properties_1_test.dart: propriétés, profils 1280 à 2559 profils 1600 à 1759
00:43 +18: test/properties_1_test.dart: propriétés, profils 1280 à 2559 profils 1600 à 1759
00:43 +19: test/properties_1_test.dart: propriétés, profils 1280 à 2559 profils 1600 à 1759
00:44 +20: test/properties_1_test.dart: propriétés, profils 1280 à 2559 profils 1600 à 1759
00:44 +21: test/properties_1_test.dart: propriétés, profils 1280 à 2559 profils 1600 à 1759
00:44 +22: test/properties_1_test.dart: propriétés, profils 1280 à 2559 profils 1600 à 1759
00:44 +23: test/properties_1_test.dart: propriétés, profils 1280 à 2559 profils 1600 à 1759
00:44 +24: test/properties_1_test.dart: propriétés, profils 1280 à 2559 profils 1600 à 1759
00:44 +25: test/properties_1_test.dart: propriétés, profils 1280 à 2559 profils 1600 à 1759
00:44 +26: test/properties_1_test.dart: propriétés, profils 1280 à 2559 profils 1600 à 1759
00:44 +27: test/properties_1_test.dart: propriétés, profils 1280 à 2559 profils 1600 à 1759
00:44 +28: test/properties_1_test.dart: propriétés, profils 1280 à 2559 profils 1600 à 1759
00:44 +29: test/properties_1_test.dart: propriétés, profils 1280 à 2559 profils 1600 à 1759
00:44 +30: test/properties_1_test.dart: propriétés, profils 1280 à 2559 profils 1600 à 1759
00:44 +31: test/properties_1_test.dart: propriétés, profils 1280 à 2559 profils 1600 à 1759
00:44 +32: test/properties_1_test.dart: propriétés, profils 1280 à 2559 profils 1600 à 1759
00:44 +33: test/properties_1_test.dart: propriétés, profils 1280 à 2559 profils 1600 à 1759
00:49 +34: test/coach_properties_5_test.dart: chemin street, profils 6400 à 7679 profils 6400 à 6559
00:51 +35: test/properties_1_test.dart: propriétés, profils 1280 à 2559 profils 1760 à 1919
00:53 +36: test/properties_1_test.dart: propriétés, profils 1280 à 2559 profils 1760 à 1919
00:55 +37: test/properties_1_test.dart: propriétés, profils 1280 à 2559 profils 1760 à 1919
00:58 +38: test/properties_1_test.dart: propriétés, profils 1280 à 2559 profils 1760 à 1919
01:00 +39: test/properties_1_test.dart: propriétés, profils 1280 à 2559 profils 1760 à 1919
01:02 +40: test/properties_1_test.dart: propriétés, profils 1280 à 2559 profils 1760 à 1919
01:03 +41: test/coach_properties_5_test.dart: chemin street, profils 6400 à 7679 profils 7360 à 7519
01:04 +42: test/properties_1_test.dart: propriétés, profils 1280 à 2559 profils 1920 à 2079
01:06 +43: test/properties_1_test.dart: propriétés, profils 1280 à 2559 profils 1920 à 2079
01:07 +44: test/properties_1_test.dart: propriétés, profils 1280 à 2559 profils 1920 à 2079
01:08 +45: test/properties_1_test.dart: propriétés, profils 1280 à 2559 profils 1920 à 2079
01:08 +46: test/properties_1_test.dart: propriétés, profils 1280 à 2559 profils 1920 à 2079
01:08 +47: test/properties_1_test.dart: propriétés, profils 1280 à 2559 profils 1920 à 2079
01:08 +48: test/properties_1_test.dart: propriétés, profils 1280 à 2559 profils 1920 à 2079
01:08 +49: test/properties_1_test.dart: propriétés, profils 1280 à 2559 profils 1920 à 2079
01:08 +50: test/properties_1_test.dart: propriétés, profils 1280 à 2559 profils 1920 à 2079
01:08 +51: test/properties_1_test.dart: propriétés, profils 1280 à 2559 profils 1920 à 2079
01:08 +52: test/properties_1_test.dart: propriétés, profils 1280 à 2559 profils 1920 à 2079
01:08 +53: test/properties_1_test.dart: propriétés, profils 1280 à 2559 profils 1920 à 2079
01:08 +54: test/properties_1_test.dart: propriétés, profils 1280 à 2559 profils 1920 à 2079
01:08 +55: test/properties_1_test.dart: propriétés, profils 1280 à 2559 profils 1920 à 2079
01:08 +56: test/properties_1_test.dart: propriétés, profils 1280 à 2559 profils 1920 à 2079
01:08 +57: test/properties_1_test.dart: propriétés, profils 1280 à 2559 profils 1920 à 2079
01:08 +58: test/properties_1_test.dart: propriétés, profils 1280 à 2559 profils 1920 à 2079
01:09 +59: test/properties_1_test.dart: propriétés, profils 1280 à 2559 profils 1920 à 2079
01:10 +60: test/properties_1_test.dart: propriétés, profils 1280 à 2559 profils 1920 à 2079
01:10 +61: test/properties_1_test.dart: propriétés, profils 1280 à 2559 profils 1920 à 2079
01:10 +62: test/properties_1_test.dart: propriétés, profils 1280 à 2559 profils 1920 à 2079
01:10 +63: test/properties_1_test.dart: propriétés, profils 1280 à 2559 profils 1920 à 2079
01:10 +64: test/properties_1_test.dart: propriétés, profils 1280 à 2559 profils 1920 à 2079
01:10 +65: test/properties_1_test.dart: propriétés, profils 1280 à 2559 profils 1920 à 2079
01:10 +66: test/properties_1_test.dart: propriétés, profils 1280 à 2559 profils 1920 à 2079
01:10 +67: test/properties_1_test.dart: propriétés, profils 1280 à 2559 profils 1920 à 2079
01:10 +68: test/properties_1_test.dart: propriétés, profils 1280 à 2559 profils 1920 à 2079
01:10 +69: test/properties_1_test.dart: propriétés, profils 1280 à 2559 profils 1920 à 2079
01:10 +70: test/properties_1_test.dart: propriétés, profils 1280 à 2559 profils 1920 à 2079
01:10 +71: test/properties_1_test.dart: propriétés, profils 1280 à 2559 profils 1920 à 2079
01:10 +72: test/properties_1_test.dart: propriétés, profils 1280 à 2559 profils 1920 à 2079
01:10 +73: test/properties_1_test.dart: propriétés, profils 1280 à 2559 profils 1920 à 2079
01:10 +74: test/properties_1_test.dart: propriétés, profils 1280 à 2559 profils 1920 à 2079
01:10 +75: test/properties_1_test.dart: propriétés, profils 1280 à 2559 profils 1920 à 2079
01:10 +76: test/properties_1_test.dart: propriétés, profils 1280 à 2559 profils 1920 à 2079
01:10 +77: test/properties_1_test.dart: propriétés, profils 1280 à 2559 profils 1920 à 2079
01:10 +78: test/properties_1_test.dart: propriétés, profils 1280 à 2559 profils 1920 à 2079
01:10 +79: test/properties_1_test.dart: propriétés, profils 1280 à 2559 profils 1920 à 2079
01:10 +80: test/properties_1_test.dart: propriétés, profils 1280 à 2559 profils 1920 à 2079
01:10 +81: test/properties_1_test.dart: propriétés, profils 1280 à 2559 profils 1920 à 2079
01:10 +82: test/properties_1_test.dart: propriétés, profils 1280 à 2559 profils 1920 à 2079
01:10 +83: test/properties_1_test.dart: propriétés, profils 1280 à 2559 profils 1920 à 2079
01:10 +84: test/properties_1_test.dart: propriétés, profils 1280 à 2559 profils 1920 à 2079
01:11 +85: test/properties_1_test.dart: propriétés, profils 1280 à 2559 profils 1920 à 2079
01:11 +86: test/properties_1_test.dart: propriétés, profils 1280 à 2559 profils 1920 à 2079
01:11 +87: test/properties_1_test.dart: propriétés, profils 1280 à 2559 profils 1920 à 2079
01:11 +88: test/properties_1_test.dart: propriétés, profils 1280 à 2559 profils 1920 à 2079
01:11 +89: test/properties_1_test.dart: propriétés, profils 1280 à 2559 profils 1920 à 2079
01:18 +90: test/properties_1_test.dart: propriétés, profils 1280 à 2559 profils 1920 à 2079
01:19 +91: test/coach_properties_4_test.dart: chemin street, profils 5120 à 6399 profils 5280 à 5439
01:20 +92: test/properties_1_test.dart: propriétés, profils 1280 à 2559 profils 2080 à 2239
01:22 +93: test/properties_1_test.dart: propriétés, profils 1280 à 2559 profils 2080 à 2239
01:24 +94: test/properties_1_test.dart: propriétés, profils 1280 à 2559 profils 2080 à 2239
01:26 +95: test/properties_1_test.dart: propriétés, profils 1280 à 2559 profils 2080 à 2239
01:28 +96: test/properties_1_test.dart: propriétés, profils 1280 à 2559 profils 2080 à 2239
01:30 +97: test/properties_1_test.dart: propriétés, profils 1280 à 2559 profils 2080 à 2239
01:32 +98: test/properties_1_test.dart: propriétés, profils 1280 à 2559 profils 2080 à 2239
01:32 +99: test/properties_1_test.dart: propriétés, profils 1280 à 2559 profils 2240 à 2399
01:47 +100: test/properties_0_test.dart: propriétés, profils 0 à 1279 profils 0 à 159
01:51 +101: test/properties_1_test.dart: propriétés, profils 1280 à 2559 profils 2400 à 2559
02:01 +102: test/properties_0_test.dart: propriétés, profils 0 à 1279 profils 160 à 319
02:05 +103: test/properties_4_test.dart: propriétés, profils 5120 à 6399 profils 5120 à 5279
02:20 +104: test/properties_4_test.dart: propriétés, profils 5120 à 6399 profils 5120 à 5279
02:21 +105: test/properties_0_test.dart: propriétés, profils 0 à 1279 profils 480 à 639
02:36 +106: test/properties_4_test.dart: propriétés, profils 5120 à 6399 profils 5280 à 5439
02:37 +107: test/properties_0_test.dart: propriétés, profils 0 à 1279 profils 640 à 799
02:49 +108: test/properties_4_test.dart: propriétés, profils 5120 à 6399 profils 5440 à 5599
02:50 +109: test/properties_0_test.dart: propriétés, profils 0 à 1279 profils 800 à 959
03:03 +110: test/properties_4_test.dart: propriétés, profils 5120 à 6399 profils 5600 à 5759
03:05 +111: test/properties_0_test.dart: propriétés, profils 0 à 1279 profils 960 à 1119
03:17 +112: test/properties_4_test.dart: propriétés, profils 5120 à 6399 profils 5760 à 5919
03:19 +113: test/properties_0_test.dart: propriétés, profils 0 à 1279 profils 1120 à 1279
03:31 +114: test/properties_4_test.dart: propriétés, profils 5120 à 6399 profils 5920 à 6079
03:32 +115: test/properties_4_test.dart: propriétés, profils 5120 à 6399 profils 5920 à 6079
03:32 +116: test/properties_4_test.dart: propriétés, profils 5120 à 6399 profils 5920 à 6079
03:32 +117: test/properties_4_test.dart: propriétés, profils 5120 à 6399 profils 5920 à 6079
03:32 +118: test/properties_4_test.dart: propriétés, profils 5120 à 6399 profils 5920 à 6079
03:32 +119: test/properties_4_test.dart: propriétés, profils 5120 à 6399 profils 5920 à 6079
03:32 +120: test/properties_4_test.dart: propriétés, profils 5120 à 6399 profils 5920 à 6079
03:32 +121: test/properties_4_test.dart: propriétés, profils 5120 à 6399 profils 5920 à 6079
03:32 +122: test/properties_4_test.dart: propriétés, profils 5120 à 6399 profils 5920 à 6079
03:32 +123: test/properties_4_test.dart: propriétés, profils 5120 à 6399 profils 5920 à 6079
03:32 +124: test/properties_4_test.dart: propriétés, profils 5120 à 6399 profils 5920 à 6079
03:32 +125: test/properties_4_test.dart: propriétés, profils 5120 à 6399 profils 5920 à 6079
03:32 +126: test/properties_4_test.dart: propriétés, profils 5120 à 6399 profils 5920 à 6079
03:32 +127: test/properties_4_test.dart: propriétés, profils 5120 à 6399 profils 5920 à 6079
03:32 +128: test/properties_4_test.dart: propriétés, profils 5120 à 6399 profils 5920 à 6079
03:32 +129: test/properties_4_test.dart: propriétés, profils 5120 à 6399 profils 5920 à 6079
03:32 +130: test/properties_4_test.dart: propriétés, profils 5120 à 6399 profils 5920 à 6079
03:32 +131: test/properties_4_test.dart: propriétés, profils 5120 à 6399 profils 5920 à 6079
03:32 +132: test/properties_4_test.dart: propriétés, profils 5120 à 6399 profils 5920 à 6079
03:35 +133: test/units_test.dart: charges de départ des 40 profils types jamais au-dessus de 90 % de la charge d'Epley en haut de plage, multiples du pas déclaré
03:36 +134: test/properties_4_test.dart: propriétés, profils 5120 à 6399 profils 6080 à 6239
03:44 +135: test/properties_4_test.dart: propriétés, profils 5120 à 6399 profils 6080 à 6239
03:46 +136: test/properties_4_test.dart: propriétés, profils 5120 à 6399 profils 6080 à 6239
03:48 +137: test/properties_4_test.dart: propriétés, profils 5120 à 6399 profils 6080 à 6239
03:51 +138: test/properties_4_test.dart: propriétés, profils 5120 à 6399 profils 6080 à 6239
03:51 +139: test/coach_properties_7_test.dart: chemin street, profils 8960 à 10239 profils 9600 à 9759
03:53 +140: test/properties_4_test.dart: propriétés, profils 5120 à 6399 profils 6240 à 6399
03:55 +141: test/properties_4_test.dart: propriétés, profils 5120 à 6399 profils 6240 à 6399
03:57 +142: test/properties_4_test.dart: propriétés, profils 5120 à 6399 profils 6240 à 6399
03:59 +143: test/properties_4_test.dart: propriétés, profils 5120 à 6399 profils 6240 à 6399
04:06 +144: test/properties_7_test.dart: propriétés, profils 8960 à 10239 profils 8960 à 9119
04:12 +145: test/properties_7_test.dart: propriétés, profils 8960 à 10239 profils 8960 à 9119
04:23 +146: test/admission_test.dart: 600 profils aléatoires : mode prudent et exercices réservés relus sans le vivier
04:39 +147: test/admission_test.dart: 600 profils aléatoires : mode prudent et exercices réservés relus sans le vivier
04:45 +148: test/properties_7_test.dart: propriétés, profils 8960 à 10239 profils 9280 à 9439
04:59 +149: test/properties_2_test.dart: propriétés, profils 2560 à 3839 profils 2560 à 2719
05:06 +150: test/properties_7_test.dart: propriétés, profils 8960 à 10239 profils 9440 à 9599
05:17 +151: test/properties_2_test.dart: propriétés, profils 2560 à 3839 profils 2720 à 2879
05:22 +152: test/properties_7_test.dart: propriétés, profils 8960 à 10239 profils 9600 à 9759
05:34 +153: test/properties_2_test.dart: propriétés, profils 2560 à 3839 profils 2880 à 3039
05:36 +154: test/properties_7_test.dart: propriétés, profils 8960 à 10239 profils 9760 à 9919
05:51 +155: test/properties_7_test.dart: propriétés, profils 8960 à 10239 profils 9760 à 9919
05:51 +156: test/properties_2_test.dart: propriétés, profils 2560 à 3839 profils 3200 à 3359
06:05 +157: test/properties_7_test.dart: propriétés, profils 8960 à 10239 profils 9920 à 10079
06:08 +158: test/properties_2_test.dart: propriétés, profils 2560 à 3839 profils 3360 à 3519
06:19 +159: test/properties_7_test.dart: propriétés, profils 8960 à 10239 profils 10080 à 10239
06:24 +160: test/properties_2_test.dart: propriétés, profils 2560 à 3839 profils 3520 à 3679
06:30 +161: test/properties_2_test.dart: propriétés, profils 2560 à 3839 profils 3520 à 3679
06:34 +162: test/coach_properties_1_test.dart: chemin street, profils 1280 à 2559 profils 1280 à 1439
06:36 +163: test/properties_2_test.dart: propriétés, profils 2560 à 3839 profils 3680 à 3839
06:39 +164: test/properties_2_test.dart: propriétés, profils 2560 à 3839 profils 3680 à 3839
06:41 +165: test/properties_2_test.dart: propriétés, profils 2560 à 3839 profils 3680 à 3839
06:43 +166: test/properties_2_test.dart: propriétés, profils 2560 à 3839 profils 3680 à 3839
06:45 +167: test/properties_2_test.dart: propriétés, profils 2560 à 3839 profils 3680 à 3839
06:47 +168: test/properties_2_test.dart: propriétés, profils 2560 à 3839 profils 3680 à 3839
06:49 +169: test/coach_properties_1_test.dart: chemin street, profils 1280 à 2559 profils 2240 à 2399
06:49 +170: test/properties_3_test.dart: propriétés, profils 3840 à 5119 profils 3840 à 3999
06:51 +171: test/properties_3_test.dart: propriétés, profils 3840 à 5119 profils 3840 à 3999
07:09 +172: test/properties_5_test.dart: propriétés, profils 6400 à 7679 profils 6400 à 6559
07:13 +173: test/properties_3_test.dart: propriétés, profils 3840 à 5119 profils 4000 à 4159
07:23 +174: test/properties_5_test.dart: propriétés, profils 6400 à 7679 profils 6560 à 6719
07:27 +175: test/properties_3_test.dart: propriétés, profils 3840 à 5119 profils 4160 à 4319
07:37 +176: test/properties_5_test.dart: propriétés, profils 6400 à 7679 profils 6720 à 6879
07:41 +177: test/properties_3_test.dart: propriétés, profils 3840 à 5119 profils 4320 à 4479
07:51 +178: test/properties_5_test.dart: propriétés, profils 6400 à 7679 profils 6880 à 7039
07:56 +179: test/properties_3_test.dart: propriétés, profils 3840 à 5119 profils 4480 à 4639
08:04 +180: test/properties_5_test.dart: propriétés, profils 6400 à 7679 profils 7040 à 7199
08:09 +181: test/properties_3_test.dart: propriétés, profils 3840 à 5119 profils 4640 à 4799
08:18 +182: test/properties_5_test.dart: propriétés, profils 6400 à 7679 profils 7200 à 7359
08:22 +183: test/properties_3_test.dart: propriétés, profils 3840 à 5119 profils 4800 à 4959
08:31 +184: test/properties_5_test.dart: propriétés, profils 6400 à 7679 profils 7360 à 7519
08:37 +185: test/properties_3_test.dart: propriétés, profils 3840 à 5119 profils 4960 à 5119
08:45 +186: test/properties_5_test.dart: propriétés, profils 6400 à 7679 profils 7520 à 7679
08:45 +187: test/properties_5_test.dart: propriétés, profils 6400 à 7679 profils 7520 à 7679
08:45 +188: test/properties_5_test.dart: propriétés, profils 6400 à 7679 profils 7520 à 7679
08:45 +189: test/properties_5_test.dart: propriétés, profils 6400 à 7679 profils 7520 à 7679
08:51 +190: test/resemblance_test.dart: profils types, graines 0 à 3 : ressemblance sous le seuil
08:53 +191: test/docs_test.dart: docs/PROFILS_TYPES.md est à jour
08:57 +192: test/resemblance_test.dart: 600 profils aléatoires : ressemblance sous le seuil, aucun accessoire propre au propriétaire sur-représenté sans discipline street
08:59 +193: test/resemblance_test.dart: 600 profils aléatoires : ressemblance sous le seuil, aucun accessoire propre au propriétaire sur-représenté sans discipline street
08:59 +194: test/resemblance_test.dart: 600 profils aléatoires : ressemblance sous le seuil, aucun accessoire propre au propriétaire sur-représenté sans discipline street
09:19 +195: test/resemblance_test.dart: 600 profils aléatoires : ressemblance sous le seuil, aucun accessoire propre au propriétaire sur-représenté sans discipline street
09:26 +196: test/properties_6_test.dart: propriétés, profils 7680 à 8959 profils 7840 à 7999
09:33 +197: test/coach_properties_0_test.dart: chemin street, profils 0 à 1279 profils 0 à 159
09:33 +198: test/properties_6_test.dart: propriétés, profils 7680 à 8959 profils 8000 à 8159
09:35 +199: test/properties_6_test.dart: propriétés, profils 7680 à 8959 profils 8000 à 8159
09:37 +200: test/properties_6_test.dart: propriétés, profils 7680 à 8959 profils 8000 à 8159
09:39 +201: test/properties_6_test.dart: propriétés, profils 7680 à 8959 profils 8000 à 8159
09:41 +202: test/properties_6_test.dart: propriétés, profils 7680 à 8959 profils 8000 à 8159
09:43 +203: test/properties_6_test.dart: propriétés, profils 7680 à 8959 profils 8000 à 8159
09:45 +204: test/properties_6_test.dart: propriétés, profils 7680 à 8959 profils 8000 à 8159
09:47 +205: test/properties_6_test.dart: propriétés, profils 7680 à 8959 profils 8000 à 8159
09:47 +206: test/properties_6_test.dart: propriétés, profils 7680 à 8959 profils 8160 à 8319
09:54 +207: test/properties_6_test.dart: propriétés, profils 7680 à 8959 profils 8160 à 8319
09:56 +208: test/properties_6_test.dart: propriétés, profils 7680 à 8959 profils 8160 à 8319
09:58 +209: test/properties_6_test.dart: propriétés, profils 7680 à 8959 profils 8160 à 8319
10:00 +210: test/properties_6_test.dart: propriétés, profils 7680 à 8959 profils 8160 à 8319
10:02 +211: test/coach_properties_3_test.dart: chemin street, profils 3840 à 5119 profils 4480 à 4639
10:02 +212: test/properties_6_test.dart: propriétés, profils 7680 à 8959 profils 8320 à 8479
10:04 +213: test/properties_6_test.dart: propriétés, profils 7680 à 8959 profils 8320 à 8479
10:06 +214: test/properties_6_test.dart: propriétés, profils 7680 à 8959 profils 8320 à 8479
10:08 +215: test/properties_6_test.dart: propriétés, profils 7680 à 8959 profils 8320 à 8479
10:16 +216: test/engine_test.dart: déterminisme même requête, même JSON, quelle que soit l'instance
10:25 +217: test/properties_6_test.dart: propriétés, profils 7680 à 8959 profils 8480 à 8639
10:27 +218: test/properties_6_test.dart: propriétés, profils 7680 à 8959 profils 8480 à 8639
10:27 +219: test/properties_6_test.dart: propriétés, profils 7680 à 8959 profils 8480 à 8639
10:29 +220: test/engine_test.dart: autre proposition note à moins de 3 %, sécurité tenue, contraintes dures
10:32 +221: test/properties_6_test.dart: propriétés, profils 7680 à 8959 profils 8640 à 8799
10:33 +222: test/properties_6_test.dart: propriétés, profils 7680 à 8959 profils 8640 à 8799
10:33 +223: test/properties_6_test.dart: propriétés, profils 7680 à 8959 profils 8640 à 8799
10:34 +224: test/properties_6_test.dart: propriétés, profils 7680 à 8959 profils 8640 à 8799
10:34 +225: test/properties_6_test.dart: propriétés, profils 7680 à 8959 profils 8640 à 8799
10:34 +226: test/properties_6_test.dart: propriétés, profils 7680 à 8959 profils 8640 à 8799
10:34 +227: test/properties_6_test.dart: propriétés, profils 7680 à 8959 profils 8640 à 8799
10:34 +228: test/properties_6_test.dart: propriétés, profils 7680 à 8959 profils 8640 à 8799
10:38 +229: test/properties_6_test.dart: propriétés, profils 7680 à 8959 profils 8640 à 8799
10:43 +230: test/properties_6_test.dart: propriétés, profils 7680 à 8959 profils 8800 à 8959
10:57 +231: All tests passed!
kalis_plan 0.2.2 : rapport écrit dans /home/runner/work/streetlift-apk/streetlift-apk/out-packages/kalis_plan (170 s).
durée : 840 s
