== kalis_koach
Resolving dependencies...
Downloading packages...
+ _fe_analyzer_shared 108.0.0
+ analyzer 14.4.0
+ args 2.7.0
+ async 2.13.1
+ boolean_selector 2.1.2
+ cli_config 0.2.0
+ collection 1.19.1
+ convert 3.1.2
+ coverage 1.15.1
+ crypto 3.0.7
+ dart_style 3.1.13
+ file 7.0.1
+ frontend_server_client 4.0.0
+ glob 2.2.0
+ http_multi_server 3.2.2
+ http_parser 4.1.2
+ io 1.1.0
+ lints 5.1.1 (6.1.0 available)
+ logging 1.3.0
+ matcher 0.12.20
+ meta 1.19.0
+ mime 2.1.0
+ node_preamble 2.0.2
+ package_config 3.0.0
+ path 1.9.1
+ pool 1.5.3
+ pub_semver 2.2.1
+ shelf 1.4.2
+ shelf_packages_handler 3.0.2
+ shelf_static 1.1.3
+ shelf_web_socket 3.0.0
+ source_map_stack_trace 2.1.2
+ source_maps 0.10.14
+ source_span 1.10.2
+ stack_trace 1.12.2
+ stream_channel 2.1.4
+ string_scanner 1.4.1
+ term_glyph 1.2.2
+ test 1.32.0
+ test_api 0.7.14
+ test_core 0.6.20
+ typed_data 1.4.0
+ vm_service 15.3.0
+ watcher 1.2.1
+ web 1.1.1
+ web_socket 1.0.1
+ web_socket_channel 3.0.3
+ webkit_inspection_protocol 1.2.1
+ yaml 3.1.4
Changed 49 dependencies!
1 package has newer versions incompatible with dependency constraints.
Try `dart pub outdated` for more information.
Changed bin/kalis_koach_cli.dart
Changed lib/src/koach_art.dart
Changed lib/src/koach_flames.dart
Changed lib/src/koach_pose.dart
Changed lib/src/lines/koach_director.dart
Changed lib/src/lines/koach_event.dart
Changed lib/src/lines/koach_rules.dart
Changed test/art_test.dart
Changed test/lines_test.dart
Changed test/properties_test.dart
Formatted 16 files (10 changed) in 0.88 seconds.
formatage : échec
Analyzing kalis_koach...
No issues found!
00:00 +0: loading test/art_test.dart
00:00 +0: test/art_test.dart: catalogue des poses 36 poses, identifiants uniques et alignés sur les dessins
00:00 +1: test/art_test.dart: catalogue des poses 12 poses par planche, cases distinctes
00:00 +2: test/art_test.dart: catalogue des poses yeux : calque présent si et seulement si yeux ouverts
00:00 +3: test/art_test.dart: catalogue des poses poses connues aux yeux fermés
00:00 +4: test/art_test.dart: catalogue des poses bustes : choix, idée, réglages
00:00 +5: test/art_test.dart: catalogue des poses chaque usage a au moins une pose
00:00 +6: test/art_test.dart: dessins calques bien formés, fermés, sans opcode inconnu
00:00 +7: test/art_test.dart: dessins normalisation : pieds sur y = 0, hauteur 1 000 pour les poses en pied
00:00 +8: test/art_test.dart: dessins boîte déclarée = boîte des extrémités, à 2 unités près
00:00 +9: test/art_test.dart: dessins papier et yeux à l’intérieur de la silhouette
00:00 +10: test/art_test.dart: dessins cadre commun : contient toutes les poses
00:00 +11: test/art_test.dart: dessins poids total des commandes raisonnable
00:00 +12: test/art_test.dart: rejeu des commandes mise à l’échelle et translation
00:00 +13: test/art_test.dart: rejeu des commandes opcode inconnu et commande tronquée refusés
00:00 +14: test/art_test.dart: rejeu des commandes SVG
00:04 +15: test/properties_test.dart: 10 000 demandes aléatoires seedées
00:04 +15 -1: test/zz_format_dump_test.dart: dump format
00:04 +15 -1: test/properties_test.dart: 10 000 demandes aléatoires seedées [E]
  Expected: a value less than or equal to <120>
    Actual: <121>
     Which: is not a value less than or equal to <120>
  
  package:matcher                 expect
  test/properties_test.dart 70:7  main.<fn>
  
00:04 +16 -1: test/zz_format_dump_test.dart: dump format
00:04 +17 -1: test/zz_format_dump_test.dart: dump format
00:04 +18 -1: test/zz_format_dump_test.dart: dump format
00:04 +19 -1: test/zz_format_dump_test.dart: dump format
00:04 +20 -1: test/zz_format_dump_test.dart: dump format
00:04 +21 -1: test/zz_format_dump_test.dart: dump format
00:04 +22 -1: test/zz_format_dump_test.dart: dump format
00:04 +23 -1: test/zz_format_dump_test.dart: dump format
00:04 +24 -1: test/zz_format_dump_test.dart: dump format
00:04 +25 -1: test/zz_format_dump_test.dart: dump format
00:04 +26 -1: test/zz_format_dump_test.dart: dump format
00:04 +27 -1: test/zz_format_dump_test.dart: dump format
00:04 +28 -1: test/zz_format_dump_test.dart: dump format
00:04 +29 -1: test/zz_format_dump_test.dart: dump format
00:04 +30 -1: test/zz_format_dump_test.dart: dump format
00:04 +31 -1: test/zz_format_dump_test.dart: dump format
00:04 +32 -1: test/zz_format_dump_test.dart: dump format
00:04 +33 -1: test/zz_format_dump_test.dart: dump format
00:04 +34 -1: test/zz_format_dump_test.dart: dump format
00:04 +35 -1: test/zz_format_dump_test.dart: dump format
00:06 +36 -1: Some tests failed.

Failing tests:
  test/properties_test.dart: 10 000 demandes aléatoires seedées

Consider enabling the flag chain-stack-traces to receive more detailed exceptions.
For example, 'dart test --chain-stack-traces'.
tests : échec
Rapport écrit dans /home/runner/work/streetlift-apk/streetlift-apk/out-packages/kalis_koach : 36 poses, 10 flammes, 28 événements, 4.19 µs par réplique.
durée : 23 s
