== kalis_core
Resolving dependencies...
Downloading packages...
+ _fe_analyzer_shared 108.0.0
+ analyzer 14.4.0
+ args 2.7.0
+ async 2.13.1
+ boolean_selector 2.1.2
+ cli_config 0.2.0
+ collection 1.19.1
+ convert 3.1.2
+ coverage 1.15.1
+ crypto 3.0.7
+ file 7.0.1
+ frontend_server_client 4.0.0
+ glob 2.2.0
+ http_multi_server 3.2.2
+ http_parser 4.1.2
+ io 1.1.0
+ lints 4.0.0 (6.1.0 available)
+ logging 1.3.0
+ matcher 0.12.20
+ meta 1.19.0
+ mime 2.1.0
+ node_preamble 2.0.2
+ package_config 3.0.0
+ path 1.9.1
+ pool 1.5.3
+ pub_semver 2.2.1
+ shelf 1.4.2
+ shelf_packages_handler 3.0.2
+ shelf_static 1.1.3
+ shelf_web_socket 3.0.0
+ source_map_stack_trace 2.1.2
+ source_maps 0.10.14
+ source_span 1.10.2
+ stack_trace 1.12.2
+ stream_channel 2.1.4
+ string_scanner 1.4.1
+ term_glyph 1.2.2
+ test 1.32.0
+ test_api 0.7.14
+ test_core 0.6.20
+ typed_data 1.4.0
+ vm_service 15.3.0
+ watcher 1.2.1
+ web 1.1.1
+ web_socket 1.0.1
+ web_socket_channel 3.0.3
+ webkit_inspection_protocol 1.2.1
+ yaml 3.1.4
Changed 48 dependencies!
1 package has newer versions incompatible with dependency constraints.
Try `dart pub outdated` for more information.
Changed lib/src/generated/adapt.g.dart
Changed lib/src/generated/common.g.dart
Changed lib/src/generated/journal.g.dart
Changed lib/src/generated/plan.g.dart
Changed lib/src/generated/profile.g.dart
Changed lib/src/generated/quest.g.dart
Changed lib/src/generated/reason_codes.g.dart
Changed lib/src/testing/arbitrary.g.dart
Changed test/zz_dev_test.dart
Formatted 34 files (9 changed) in 0.16 seconds.
formatage : échec
Analyzing kalis_core...
No issues found!
00:00 +0: loading test/zz_dev_test.dart
00:00 +0: test/zz_dev_test.dart: export des sources formatées
00:00 +1: test/zz_dev_test.dart: export des sources formatées
00:00 +2: test/contracts_roundtrip_test.dart: Reason : aller-retour JSON sur 10000 valeurs seedées
00:00 +3: test/contracts_roundtrip_test.dart: Reason : aller-retour JSON sur 10000 valeurs seedées
00:00 +4: test/contracts_roundtrip_test.dart: Reason : aller-retour JSON sur 10000 valeurs seedées
00:00 +5: test/contracts_roundtrip_test.dart: Reason : aller-retour JSON sur 10000 valeurs seedées
00:00 +6: test/contracts_roundtrip_test.dart: Reason : aller-retour JSON sur 10000 valeurs seedées
00:00 +7: test/validation_test.dart: profil mode street : somme 100, principale dominante, image des disciplines
00:00 +8: test/contracts_roundtrip_test.dart: DisciplineShare : aller-retour JSON sur 10000 valeurs seedées
00:00 +9: test/contracts_roundtrip_test.dart: DisciplineShare : aller-retour JSON sur 10000 valeurs seedées
00:00 +10: test/contracts_roundtrip_test.dart: DisciplineShare : aller-retour JSON sur 10000 valeurs seedées
00:00 +11: test/contracts_roundtrip_test.dart: DisciplineShare : aller-retour JSON sur 10000 valeurs seedées
00:00 +12: test/contracts_roundtrip_test.dart: DisciplineShare : aller-retour JSON sur 10000 valeurs seedées
00:00 +13: test/contracts_roundtrip_test.dart: DisciplineShare : aller-retour JSON sur 10000 valeurs seedées
00:00 +14: test/contracts_roundtrip_test.dart: DisciplineShare : aller-retour JSON sur 10000 valeurs seedées
00:00 +15: test/contracts_roundtrip_test.dart: DisciplineShare : aller-retour JSON sur 10000 valeurs seedées
00:00 +16: test/contracts_roundtrip_test.dart: DisciplineShare : aller-retour JSON sur 10000 valeurs seedées
00:00 +17: test/contracts_roundtrip_test.dart: DisciplineShare : aller-retour JSON sur 10000 valeurs seedées
00:00 +18: test/contracts_roundtrip_test.dart: DisciplineShare : aller-retour JSON sur 10000 valeurs seedées
00:00 +19: test/contracts_roundtrip_test.dart: DisciplineShare : aller-retour JSON sur 10000 valeurs seedées
00:00 +20: test/contracts_roundtrip_test.dart: DisciplineShare : aller-retour JSON sur 10000 valeurs seedées
00:00 +21: test/contracts_roundtrip_test.dart: DisciplineShare : aller-retour JSON sur 10000 valeurs seedées
00:00 +22: test/validation_test.dart: quest registres en ajout seul : rangs et dates
00:00 +23: test/contracts_roundtrip_test.dart: DisciplineMix : aller-retour JSON sur 10000 valeurs seedées
00:00 +24: test/contracts_roundtrip_test.dart: DisciplineMix : aller-retour JSON sur 10000 valeurs seedées
00:00 +25: test/contracts_roundtrip_test.dart: DisciplineMix : aller-retour JSON sur 10000 valeurs seedées
00:00 +26: test/contracts_roundtrip_test.dart: DisciplineMix : aller-retour JSON sur 10000 valeurs seedées
00:00 +27: test/contracts_roundtrip_test.dart: DisciplineMix : aller-retour JSON sur 10000 valeurs seedées
00:00 +28: test/contracts_roundtrip_test.dart: DisciplineMix : aller-retour JSON sur 10000 valeurs seedées
00:00 +29: test/contracts_roundtrip_test.dart: DisciplineMix : aller-retour JSON sur 10000 valeurs seedées
00:00 +30: test/contracts_roundtrip_test.dart: DisciplineMix : aller-retour JSON sur 10000 valeurs seedées
00:00 +31: test/contracts_roundtrip_test.dart: DisciplineMix : aller-retour JSON sur 10000 valeurs seedées
00:00 +32: test/contracts_roundtrip_test.dart: StreetMode : aller-retour JSON sur 10000 valeurs seedées
00:00 +33: test/contracts_roundtrip_test.dart: StreetMode : aller-retour JSON sur 10000 valeurs seedées
00:00 +34: test/contracts_roundtrip_test.dart: StreetMode : aller-retour JSON sur 10000 valeurs seedées
00:00 +35: test/purity_test.dart: lib/ sans dart:ui (« import 'dart:ui' »)
00:00 +36: test/contracts_roundtrip_test.dart: MovementLevel : aller-retour JSON sur 10000 valeurs seedées
00:00 +37: test/contracts_roundtrip_test.dart: MovementLevel : aller-retour JSON sur 10000 valeurs seedées
00:00 +38: test/contracts_roundtrip_test.dart: MovementLevel : aller-retour JSON sur 10000 valeurs seedées
00:00 +39: test/contracts_roundtrip_test.dart: MovementLevel : aller-retour JSON sur 10000 valeurs seedées
00:00 +40: test/contracts_roundtrip_test.dart: MovementLevel : aller-retour JSON sur 10000 valeurs seedées
00:00 +41: test/contracts_roundtrip_test.dart: MovementLevel : aller-retour JSON sur 10000 valeurs seedées
00:00 +42: test/contracts_roundtrip_test.dart: MovementLevel : aller-retour JSON sur 10000 valeurs seedées
00:00 +43: test/contracts_roundtrip_test.dart: MovementLevel : aller-retour JSON sur 10000 valeurs seedées
00:00 +44: test/contracts_roundtrip_test.dart: MovementLevel : aller-retour JSON sur 10000 valeurs seedées
00:00 +45: test/contracts_roundtrip_test.dart: MovementLevel : aller-retour JSON sur 10000 valeurs seedées
00:00 +46: test/contracts_roundtrip_test.dart: Goal : aller-retour JSON sur 10000 valeurs seedées
00:00 +47: test/contracts_roundtrip_test.dart: DaySlot : aller-retour JSON sur 10000 valeurs seedées
00:00 +48: test/contracts_roundtrip_test.dart: PlaceEquipment : aller-retour JSON sur 10000 valeurs seedées
00:00 +49: test/engines_test.dart: PlanEngine : requête, passes, variantes, bloc suivant
00:00 +50: test/contracts_roundtrip_test.dart: LoadIncrement : aller-retour JSON sur 10000 valeurs seedées
00:00 +51: test/contracts_roundtrip_test.dart: LoadIncrement : aller-retour JSON sur 10000 valeurs seedées
00:01 +52: test/contracts_roundtrip_test.dart: Limitation : aller-retour JSON sur 10000 valeurs seedées
00:01 +53: test/contracts_roundtrip_test.dart: HealthScreeningRef : aller-retour JSON sur 10000 valeurs seedées
00:01 +54: test/contracts_roundtrip_test.dart: HealthScreeningRef : aller-retour JSON sur 10000 valeurs seedées
00:01 +55: test/contracts_roundtrip_test.dart: HealthScreeningRef : aller-retour JSON sur 10000 valeurs seedées
00:01 +56: test/contracts_roundtrip_test.dart: HealthScreeningRef : aller-retour JSON sur 10000 valeurs seedées
00:01 +57: test/contracts_roundtrip_test.dart: HealthScreeningRef : aller-retour JSON sur 10000 valeurs seedées
00:01 +58: test/contracts_roundtrip_test.dart: AthleteProfile : aller-retour JSON sur 10000 valeurs seedées
00:01 +59: test/contracts_roundtrip_test.dart: AthleteProfile : aller-retour JSON sur 10000 valeurs seedées
00:01 +60: test/contracts_roundtrip_test.dart: AthleteProfile : aller-retour JSON sur 10000 valeurs seedées
00:01 +61: test/contracts_roundtrip_test.dart: AthleteProfile : aller-retour JSON sur 10000 valeurs seedées
00:01 +62: test/contracts_roundtrip_test.dart: AthleteProfile : aller-retour JSON sur 10000 valeurs seedées
00:01 +63: test/contracts_roundtrip_test.dart: AthleteProfile : aller-retour JSON sur 10000 valeurs seedées
00:01 +64: test/contracts_roundtrip_test.dart: AthleteProfile : aller-retour JSON sur 10000 valeurs seedées
00:01 +65: test/contracts_roundtrip_test.dart: AthleteProfile : aller-retour JSON sur 10000 valeurs seedées
00:01 +66: test/contracts_roundtrip_test.dart: AthleteProfile : aller-retour JSON sur 10000 valeurs seedées
00:01 +67: test/contracts_roundtrip_test.dart: AthleteProfile : aller-retour JSON sur 10000 valeurs seedées
00:01 +68: test/contracts_roundtrip_test.dart: AthleteProfile : aller-retour JSON sur 10000 valeurs seedées
00:01 +69: test/contracts_roundtrip_test.dart: AthleteProfile : aller-retour JSON sur 10000 valeurs seedées
00:01 +70: test/contracts_roundtrip_test.dart: AthleteProfile : aller-retour JSON sur 10000 valeurs seedées
00:01 +71: test/contracts_roundtrip_test.dart: AthleteProfile : aller-retour JSON sur 10000 valeurs seedées
00:01 +72: test/contracts_roundtrip_test.dart: AthleteProfile : aller-retour JSON sur 10000 valeurs seedées
00:01 +73: test/contracts_roundtrip_test.dart: AthleteProfile : aller-retour JSON sur 10000 valeurs seedées
00:01 +74: test/contracts_roundtrip_test.dart: AthleteProfile : aller-retour JSON sur 10000 valeurs seedées
00:01 +75: test/contracts_roundtrip_test.dart: AthleteProfile : aller-retour JSON sur 10000 valeurs seedées
00:01 +76: test/contracts_roundtrip_test.dart: AthleteProfile : aller-retour JSON sur 10000 valeurs seedées
00:01 +77: test/contracts_roundtrip_test.dart: AthleteProfile : aller-retour JSON sur 10000 valeurs seedées
00:01 +78: test/contracts_roundtrip_test.dart: AthleteProfile : aller-retour JSON sur 10000 valeurs seedées
00:01 +79: test/contracts_roundtrip_test.dart: AthleteProfile : aller-retour JSON sur 10000 valeurs seedées
00:01 +80: test/contracts_roundtrip_test.dart: AthleteProfile : aller-retour JSON sur 10000 valeurs seedées
00:01 +81: test/contracts_roundtrip_test.dart: AthleteProfile : aller-retour JSON sur 10000 valeurs seedées
00:01 +82: test/contracts_roundtrip_test.dart: AthleteProfile : aller-retour JSON sur 10000 valeurs seedées
00:01 +83: test/contracts_roundtrip_test.dart: AthleteProfile : aller-retour JSON sur 10000 valeurs seedées
00:01 +84: test/contracts_roundtrip_test.dart: AthleteProfile : aller-retour JSON sur 10000 valeurs seedées
00:01 +85: test/contracts_roundtrip_test.dart: AthleteProfile : aller-retour JSON sur 10000 valeurs seedées
00:01 +86: test/contracts_roundtrip_test.dart: AthleteProfile : aller-retour JSON sur 10000 valeurs seedées
00:01 +87: test/contracts_roundtrip_test.dart: AthleteProfile : aller-retour JSON sur 10000 valeurs seedées
00:01 +88: test/contracts_roundtrip_test.dart: AthleteProfile : aller-retour JSON sur 10000 valeurs seedées
00:01 +89: test/contracts_roundtrip_test.dart: AthleteProfile : aller-retour JSON sur 10000 valeurs seedées
00:01 +90: test/contracts_roundtrip_test.dart: AthleteProfile : aller-retour JSON sur 10000 valeurs seedées
00:01 +91: test/contracts_roundtrip_test.dart: AthleteProfile : aller-retour JSON sur 10000 valeurs seedées
00:01 +92: test/contracts_roundtrip_test.dart: AthleteProfile : aller-retour JSON sur 10000 valeurs seedées
00:01 +93: test/contracts_roundtrip_test.dart: AthleteProfile : aller-retour JSON sur 10000 valeurs seedées
00:02 +94: test/contracts_roundtrip_test.dart: AthleteProfile : aller-retour JSON sur 10000 valeurs seedées
00:02 +95: test/contracts_roundtrip_test.dart: AthleteProfile : aller-retour JSON sur 10000 valeurs seedées
00:02 +96: test/catalog_test.dart: chargement temps de chargement ≤ 150 ms (décompression comprise)
00:02 +97: test/catalog_test.dart: chargement temps de chargement ≤ 150 ms (décompression comprise)
00:02 +98: test/catalog_test.dart: chargement temps de chargement ≤ 150 ms (décompression comprise)
00:02 +99: test/catalog_test.dart: chargement temps de chargement ≤ 150 ms (décompression comprise)
chargement du catalogue : meilleur de 9 = 32.645 ms
00:02 +100: test/contracts_roundtrip_test.dart: SetRecord : aller-retour JSON sur 10000 valeurs seedées
00:02 +101: test/civil_date_test.dart: lecture et écriture AAAA-MM-JJ
00:02 +102: test/contracts_roundtrip_test.dart: TrainingBreak : aller-retour JSON sur 10000 valeurs seedées
00:02 +103: test/contracts_roundtrip_test.dart: TrainingBreak : aller-retour JSON sur 10000 valeurs seedées
00:02 +104: test/civil_date_test.dart: numéro de jour : aller-retour sur 10 000 jours seedés
00:02 +105: test/contracts_roundtrip_test.dart: ProgramRef : aller-retour JSON sur 10000 valeurs seedées
00:02 +106: test/contracts_roundtrip_test.dart: ProgramRef : aller-retour JSON sur 10000 valeurs seedées
00:02 +107: test/contracts_roundtrip_test.dart: ProgramRef : aller-retour JSON sur 10000 valeurs seedées
00:02 +108: test/contracts_roundtrip_test.dart: SessionRecord : aller-retour JSON sur 10000 valeurs seedées
00:03 +109: test/contracts_roundtrip_test.dart: SessionRecord : aller-retour JSON sur 10000 valeurs seedées
00:03 +110: test/contracts_roundtrip_test.dart: SessionRecord : aller-retour JSON sur 10000 valeurs seedées
00:03 +111: test/contracts_roundtrip_test.dart: SessionRecord : aller-retour JSON sur 10000 valeurs seedées
00:03 +112: test/fixtures_test.dart: journaux synthétiques 12 journaux de 4 à 24 semaines, valides
00:03 +113: test/contracts_roundtrip_test.dart: TrainingLog : aller-retour JSON sur 10000 valeurs seedées
00:03 +114: test/contracts_roundtrip_test.dart: TrainingLog : aller-retour JSON sur 10000 valeurs seedées
00:03 +115: test/contracts_roundtrip_test.dart: TrainingLog : aller-retour JSON sur 10000 valeurs seedées
00:03 +116: test/contracts_roundtrip_test.dart: TrainingLog : aller-retour JSON sur 10000 valeurs seedées
00:03 +117: test/contracts_roundtrip_test.dart: TrainingLog : aller-retour JSON sur 10000 valeurs seedées
00:03 +118: test/contracts_roundtrip_test.dart: TrainingLog : aller-retour JSON sur 10000 valeurs seedées
00:03 +119: test/contracts_roundtrip_test.dart: TrainingLog : aller-retour JSON sur 10000 valeurs seedées
00:03 +120: test/contracts_roundtrip_test.dart: TrainingLog : aller-retour JSON sur 10000 valeurs seedées
00:03 +121: test/contracts_roundtrip_test.dart: TrainingLog : aller-retour JSON sur 10000 valeurs seedées
00:03 +122: test/contracts_roundtrip_test.dart: TrainingLog : aller-retour JSON sur 10000 valeurs seedées
00:03 +123: test/contracts_roundtrip_test.dart: TrainingLog : aller-retour JSON sur 10000 valeurs seedées
00:03 +124: test/contracts_roundtrip_test.dart: TrainingLog : aller-retour JSON sur 10000 valeurs seedées
00:03 +125: test/contracts_roundtrip_test.dart: TrainingLog : aller-retour JSON sur 10000 valeurs seedées
00:03 +126: test/contracts_roundtrip_test.dart: PlanLock : aller-retour JSON sur 10000 valeurs seedées
00:04 +127: test/contracts_roundtrip_test.dart: PlanSlot : aller-retour JSON sur 10000 valeurs seedées
00:04 +128: test/contracts_roundtrip_test.dart: PlanDay : aller-retour JSON sur 10000 valeurs seedées
00:04 +129: test/contracts_roundtrip_test.dart: ScoreComponent : aller-retour JSON sur 10000 valeurs seedées
00:04 +130: test/contracts_roundtrip_test.dart: PlanScore : aller-retour JSON sur 10000 valeurs seedées
00:04 +131: test/contracts_roundtrip_test.dart: Pass1Plan : aller-retour JSON sur 10000 valeurs seedées
00:05 +132: test/contracts_roundtrip_test.dart: ReviewAction : aller-retour JSON sur 10000 valeurs seedées
00:05 +133: test/contracts_roundtrip_test.dart: ProfileDelta : aller-retour JSON sur 10000 valeurs seedées
00:05 +134: test/contracts_roundtrip_test.dart: PlanChange : aller-retour JSON sur 10000 valeurs seedées
00:05 +135: test/contracts_roundtrip_test.dart: PlanDiff : aller-retour JSON sur 10000 valeurs seedées
00:06 +136: test/contracts_roundtrip_test.dart: ReviewResult : aller-retour JSON sur 10000 valeurs seedées
00:08 +137: test/contracts_roundtrip_test.dart: Variant : aller-retour JSON sur 10000 valeurs seedées
00:08 +138: test/contracts_roundtrip_test.dart: VariantSet : aller-retour JSON sur 10000 valeurs seedées
00:08 +139: test/contracts_roundtrip_test.dart: ExercisePrescription : aller-retour JSON sur 10000 valeurs seedées
00:08 +140: test/contracts_roundtrip_test.dart: DayPrescription : aller-retour JSON sur 10000 valeurs seedées
00:09 +141: test/contracts_roundtrip_test.dart: WeekPrescription : aller-retour JSON sur 10000 valeurs seedées
00:09 +142: test/contracts_roundtrip_test.dart: Pass2Plan : aller-retour JSON sur 10000 valeurs seedées
00:11 +143: test/contracts_roundtrip_test.dart: ProgramBlock : aller-retour JSON sur 10000 valeurs seedées
00:13 +144: test/contracts_roundtrip_test.dart: ExerciseEstimate : aller-retour JSON sur 10000 valeurs seedées
00:13 +145: test/contracts_roundtrip_test.dart: FatigueState : aller-retour JSON sur 10000 valeurs seedées
00:13 +146: test/contracts_roundtrip_test.dart: PainTrend : aller-retour JSON sur 10000 valeurs seedées
00:13 +147: test/contracts_roundtrip_test.dart: AdaptationSummary : aller-retour JSON sur 10000 valeurs seedées
00:13 +148: test/contracts_roundtrip_test.dart: AdaptInput : aller-retour JSON sur 10000 valeurs seedées
00:17 +149: test/contracts_roundtrip_test.dart: SessionRequest : aller-retour JSON sur 10000 valeurs seedées
00:21 +150: test/contracts_roundtrip_test.dart: AdviceRequest : aller-retour JSON sur 10000 valeurs seedées
00:26 +151: test/contracts_roundtrip_test.dart: ProposalDecision : aller-retour JSON sur 10000 valeurs seedées
00:26 +152: test/contracts_roundtrip_test.dart: PersonalRecord : aller-retour JSON sur 10000 valeurs seedées
00:26 +153: test/contracts_roundtrip_test.dart: SessionAdjustment : aller-retour JSON sur 10000 valeurs seedées
00:26 +154: test/contracts_roundtrip_test.dart: SessionPlan : aller-retour JSON sur 10000 valeurs seedées
00:27 +155: test/contracts_roundtrip_test.dart: IntraSessionAdvice : aller-retour JSON sur 10000 valeurs seedées
00:27 +156: test/contracts_roundtrip_test.dart: Proposal : aller-retour JSON sur 10000 valeurs seedées
00:29 +157: test/contracts_roundtrip_test.dart: EngineLogEntry : aller-retour JSON sur 10000 valeurs seedées
00:29 +158: test/contracts_roundtrip_test.dart: AdaptReview : aller-retour JSON sur 10000 valeurs seedées
00:32 +159: test/contracts_roundtrip_test.dart: XpEntry : aller-retour JSON sur 10000 valeurs seedées
00:32 +160: test/contracts_roundtrip_test.dart: KreditEntry : aller-retour JSON sur 10000 valeurs seedées
00:32 +161: test/contracts_roundtrip_test.dart: LevelState : aller-retour JSON sur 10000 valeurs seedées
00:32 +162: test/contracts_roundtrip_test.dart: AttributeScore : aller-retour JSON sur 10000 valeurs seedées
00:32 +163: test/contracts_roundtrip_test.dart: MovementRank : aller-retour JSON sur 10000 valeurs seedées
00:32 +164: test/contracts_roundtrip_test.dart: Quest : aller-retour JSON sur 10000 valeurs seedées
00:33 +165: test/contracts_roundtrip_test.dart: Milestone : aller-retour JSON sur 10000 valeurs seedées
00:33 +166: test/contracts_roundtrip_test.dart: Prediction : aller-retour JSON sur 10000 valeurs seedées
00:33 +167: test/contracts_roundtrip_test.dart: GoalProgress : aller-retour JSON sur 10000 valeurs seedées
00:33 +168: test/contracts_roundtrip_test.dart: DelightEvent : aller-retour JSON sur 10000 valeurs seedées
00:33 +169: test/contracts_roundtrip_test.dart: QuestState : aller-retour JSON sur 10000 valeurs seedées
00:34 +170: test/contracts_roundtrip_test.dart: QuestClaim : aller-retour JSON sur 10000 valeurs seedées
00:34 +171: test/contracts_roundtrip_test.dart: QuestInput : aller-retour JSON sur 10000 valeurs seedées
00:38 +172: test/contracts_roundtrip_test.dart: QuestOutcome : aller-retour JSON sur 10000 valeurs seedées
00:40 +173: test/contracts_roundtrip_test.dart: PlanRequest : aller-retour JSON sur 10000 valeurs seedées
00:42 +174: test/contracts_roundtrip_test.dart: NextBlockRequest : aller-retour JSON sur 10000 valeurs seedées
00:45 +175: test/contracts_roundtrip_test.dart: RestructureRequest : aller-retour JSON sur 10000 valeurs seedées
00:49 +176: test/contracts_roundtrip_test.dart: ReviewRequest : aller-retour JSON sur 10000 valeurs seedées
00:52 +177: test/contracts_roundtrip_test.dart: VariantsRequest : aller-retour JSON sur 10000 valeurs seedées
00:55 +178: test/contracts_roundtrip_test.dart: Pass2Request : aller-retour JSON sur 10000 valeurs seedées
00:58 +179: test/contracts_roundtrip_test.dart: BlockProposal : aller-retour JSON sur 10000 valeurs seedées
01:00 +180: test/contracts_roundtrip_test.dart: même graine, mêmes valeurs (aucun hasard caché)
01:00 +181: test/contracts_roundtrip_test.dart: un type racine écrit sa version de schéma
01:00 +182: test/contracts_roundtrip_test.dart: lecture stricte : champ manquant ou de mauvais type refusé
01:00 +183: test/contracts_roundtrip_test.dart: un nombre entier est accepté pour un champ décimal
01:00 +184: All tests passed!
durée : 68 s
