== kalis_adapt
Resolving dependencies...
Downloading packages...
+ _fe_analyzer_shared 108.0.0
+ analyzer 14.4.0
+ args 2.7.0
+ async 2.13.1
+ boolean_selector 2.1.2
+ cli_config 0.2.0
+ collection 1.19.1
+ convert 3.1.2
+ coverage 1.15.1
+ crypto 3.0.7
+ file 7.0.1
+ frontend_server_client 4.1.0
+ glob 2.2.0
+ http_multi_server 3.2.2
+ http_parser 4.1.2
+ io 1.1.0
+ kalis_core 0.4.1 from path ../kalis_core
+ kalis_plan 0.2.0 from path ../kalis_plan
+ lints 4.0.0 (6.1.0 available)
+ logging 1.3.0
+ matcher 0.12.20
+ meta 1.19.0
+ mime 2.1.0
+ node_preamble 2.0.2
+ package_config 3.0.0
+ path 1.9.1
+ pool 1.5.3
+ pub_semver 2.2.1
+ shelf 1.4.2
+ shelf_packages_handler 3.0.2
+ shelf_static 1.1.3
+ shelf_web_socket 3.0.0
+ source_map_stack_trace 2.1.2
+ source_maps 0.10.14
+ source_span 1.10.2
+ stack_trace 1.12.2
+ stream_channel 2.1.4
+ string_scanner 1.4.1
+ term_glyph 1.2.2
+ test 1.32.0
+ test_api 0.7.14
+ test_core 0.6.20
+ typed_data 1.4.0
+ vm_service 15.3.0
+ watcher 1.2.1
+ web 1.1.1
+ web_socket 1.0.1
+ web_socket_channel 3.0.3
+ webkit_inspection_protocol 1.2.1
+ yaml 3.1.4
Changed 50 dependencies!
1 package has newer versions incompatible with dependency constraints.
Try `dart pub outdated` for more information.
Changed lib/src/coach.dart
Changed lib/src/coach_advice.dart
Changed lib/src/event_day.dart
Changed lib/src/results.dart
Formatted 52 files (4 changed) in 0.26 seconds.
formatage : échec
Analyzing kalis_adapt...
No issues found!
00:00 +0: loading test/properties_2_test.dart
00:00 +0: test/properties_2_test.dart: journaux aléatoires 2560 à 2719
00:00 +1: test/properties_2_test.dart: journaux aléatoires 2560 à 2719
00:00 +2: test/properties_2_test.dart: journaux aléatoires 2560 à 2719
00:00 +3: test/properties_2_test.dart: journaux aléatoires 2560 à 2719
00:00 +4: test/properties_2_test.dart: journaux aléatoires 2560 à 2719
00:00 +5: test/properties_2_test.dart: journaux aléatoires 2560 à 2719
00:00 +6: test/properties_2_test.dart: journaux aléatoires 2560 à 2719
00:00 +7: test/properties_2_test.dart: journaux aléatoires 2560 à 2719
00:00 +8: test/properties_2_test.dart: journaux aléatoires 2560 à 2719
00:00 +9: test/properties_2_test.dart: journaux aléatoires 2560 à 2719
00:00 +10: test/properties_2_test.dart: journaux aléatoires 2560 à 2719
00:00 +11: test/properties_2_test.dart: journaux aléatoires 2560 à 2719
00:00 +12: test/properties_2_test.dart: journaux aléatoires 2560 à 2719
00:00 +13: test/properties_2_test.dart: journaux aléatoires 2560 à 2719
00:00 +14: test/properties_2_test.dart: journaux aléatoires 2560 à 2719
00:00 +15: test/properties_2_test.dart: journaux aléatoires 2560 à 2719
00:00 +16: test/properties_2_test.dart: journaux aléatoires 2560 à 2719
00:00 +17: test/properties_2_test.dart: journaux aléatoires 2560 à 2719
00:00 +18: test/properties_2_test.dart: journaux aléatoires 2560 à 2719
00:00 +19: test/properties_2_test.dart: journaux aléatoires 2560 à 2719
00:00 +20: test/properties_2_test.dart: journaux aléatoires 2560 à 2719
00:00 +21: test/properties_2_test.dart: journaux aléatoires 2560 à 2719
00:00 +22: test/properties_2_test.dart: journaux aléatoires 2560 à 2719
00:00 +23: test/properties_2_test.dart: journaux aléatoires 2560 à 2719
00:00 +24: test/properties_2_test.dart: journaux aléatoires 2560 à 2719
00:00 +25: test/properties_2_test.dart: journaux aléatoires 2560 à 2719
00:00 +26: test/properties_2_test.dart: journaux aléatoires 2560 à 2719
00:00 +27: test/properties_2_test.dart: journaux aléatoires 2560 à 2719
00:01 +28: test/properties_2_test.dart: journaux aléatoires 2560 à 2719
00:01 +29: test/properties_2_test.dart: journaux aléatoires 2560 à 2719
00:02 +29 -1: test/properties_2_test.dart: journaux aléatoires 2560 à 2719
00:02 +29 -1: test/docs_test.dart: docs/PROPRIETAIRE.md est le rejeu de la fixture [E]
  docs/PROPRIETAIRE.md, ligne 5 :
    fichier : Moteur `kalis_adapt` 0.1.0. Journal : 65 séances, 1297 séries, du 2026-10-05 au 2026-12-19 ; « aujourd'hui » : 2026-12-21. Bloc `proprietaire-v33` (40 semaines).
    paquet  : Moteur `kalis_adapt` 0.2.0. Journal : 65 séances, 1297 séries, du 2026-10-05 au 2026-12-19 ; « aujourd'hui » : 2026-12-21. Bloc `proprietaire-v33` (40 semaines).
  package:matcher           fail
  test/docs_test.dart 26:7  _expectSame
  test/docs_test.dart 67:5  main.<fn>
  
00:05 +30 -1: test/properties_0_test.dart: journaux aléatoires 0 à 159
00:06 +31 -1: test/properties_0_test.dart: journaux aléatoires 0 à 159
00:07 +32 -1: test/properties_0_test.dart: journaux aléatoires 0 à 159
00:07 +33 -1: test/properties_2_test.dart: journaux aléatoires 3040 à 3199
00:08 +34 -1: test/properties_0_test.dart: journaux aléatoires 160 à 319
00:08 +35 -1: test/properties_0_test.dart: journaux aléatoires 160 à 319
00:08 +36 -1: test/properties_2_test.dart: journaux aléatoires 3360 à 3519
00:09 +37 -1: test/properties_2_test.dart: journaux aléatoires 3360 à 3519
00:09 +38 -1: test/properties_0_test.dart: journaux aléatoires 480 à 639
00:09 +39 -1: test/properties_0_test.dart: journaux aléatoires 480 à 639
00:10 +40 -1: test/properties_2_test.dart: journaux aléatoires 3680 à 3839
00:10 +41 -1: test/properties_0_test.dart: journaux aléatoires 640 à 799
00:10 +42 -1: test/properties_0_test.dart: journaux aléatoires 800 à 959
00:11 +43 -1: test/smoke_test.dart: debutant_salle : 8 semaines en boucle complète
00:11 +44 -1: test/properties_0_test.dart: journaux aléatoires 960 à 1119
00:12 +45 -1: test/smoke_test.dart: intermediaire_salle : 8 semaines en boucle complète
00:12 +46 -1: test/properties_0_test.dart: journaux aléatoires 1120 à 1279
00:12 +47 -1: test/smoke_test.dart: avance_street : 8 semaines en boucle complète
00:13 +48 -1: test/smoke_test.dart: avance_street : 8 semaines en boucle complète
00:13 +49 -1: test/smoke_test.dart: avance_street : 8 semaines en boucle complète
00:13 +50 -1: test/properties_6_test.dart: journaux aléatoires 7680 à 7839
00:14 +51 -1: test/properties_6_test.dart: journaux aléatoires 7680 à 7839
00:14 +52 -1: test/properties_6_test.dart: journaux aléatoires 7680 à 7839
00:14 +53 -1: test/properties_6_test.dart: journaux aléatoires 7680 à 7839
00:14 +54 -1: test/properties_6_test.dart: journaux aléatoires 7680 à 7839
00:15 +55 -1: test/properties_6_test.dart: journaux aléatoires 7680 à 7839
00:19 +56 -1: test/properties_3_test.dart: journaux aléatoires 3840 à 3999
00:20 +57 -1: test/properties_3_test.dart: journaux aléatoires 3840 à 3999
00:21 +58 -1: test/properties_6_test.dart: journaux aléatoires 8000 à 8159
00:21 +59 -1: test/properties_3_test.dart: journaux aléatoires 4000 à 4159
00:21 +60 -1: test/properties_6_test.dart: journaux aléatoires 8160 à 8319
00:22 +61 -1: test/properties_3_test.dart: journaux aléatoires 4160 à 4319
00:22 +62 -1: test/properties_6_test.dart: journaux aléatoires 8320 à 8479
00:22 +63 -1: test/properties_3_test.dart: journaux aléatoires 4320 à 4479
00:23 +64 -1: test/properties_6_test.dart: journaux aléatoires 8480 à 8639
00:23 +65 -1: test/properties_3_test.dart: journaux aléatoires 4480 à 4639
00:23 +66 -1: test/properties_6_test.dart: journaux aléatoires 8640 à 8799
00:24 +67 -1: test/properties_3_test.dart: journaux aléatoires 4640 à 4799
00:24 +68 -1: test/properties_6_test.dart: journaux aléatoires 8800 à 8959
00:24 +69 -1: test/properties_3_test.dart: journaux aléatoires 4800 à 4959
00:24 +70 -1: test/properties_1_test.dart: journaux aléatoires 1280 à 1439
00:25 +71 -1: test/properties_1_test.dart: journaux aléatoires 1280 à 1439
Formatted fmtwork/lib/src/coach.dart
Formatted fmtwork/lib/src/coach_advice.dart
Formatted fmtwork/lib/src/event_day.dart
Formatted fmtwork/lib/src/results.dart
Formatted 50 files (4 changed) in 0.23 seconds.


00:26 +72 -1: test/properties_1_test.dart: journaux aléatoires 1280 à 1439
00:29 +73 -1: test/properties_7_test.dart: journaux aléatoires 8960 à 9119
00:30 +74 -1: test/properties_7_test.dart: journaux aléatoires 8960 à 9119
00:31 +75 -1: test/properties_7_test.dart: journaux aléatoires 8960 à 9119
00:31 +76 -1: test/properties_7_test.dart: journaux aléatoires 8960 à 9119
00:32 +77 -1: test/properties_1_test.dart: journaux aléatoires 1920 à 2079
00:32 +78 -1: test/properties_7_test.dart: journaux aléatoires 9120 à 9279
00:33 +79 -1: test/properties_1_test.dart: journaux aléatoires 2080 à 2239
00:33 +80 -1: test/properties_7_test.dart: journaux aléatoires 9280 à 9439
00:33 +81 -1: test/properties_1_test.dart: journaux aléatoires 2240 à 2399
00:34 +82 -1: test/properties_7_test.dart: journaux aléatoires 9440 à 9599
00:34 +83 -1: test/properties_1_test.dart: journaux aléatoires 2400 à 2559
00:34 +84 -1: test/properties_7_test.dart: journaux aléatoires 9600 à 9759
00:34 +85 -1: test/properties_7_test.dart: journaux aléatoires 9600 à 9759
00:34 +86 -1: test/properties_7_test.dart: journaux aléatoires 9600 à 9759
00:34 +87 -1: test/properties_7_test.dart: journaux aléatoires 9600 à 9759
00:34 +88 -1: test/properties_7_test.dart: journaux aléatoires 9600 à 9759
00:34 +89 -1: test/properties_7_test.dart: journaux aléatoires 9600 à 9759
00:34 +90 -1: test/properties_7_test.dart: journaux aléatoires 9600 à 9759
00:34 +91 -1: test/properties_7_test.dart: journaux aléatoires 9600 à 9759
00:34 +92 -1: test/properties_7_test.dart: journaux aléatoires 9600 à 9759
00:34 +93 -1: test/properties_7_test.dart: journaux aléatoires 9600 à 9759
00:34 +94 -1: test/properties_7_test.dart: journaux aléatoires 9600 à 9759
00:34 +95 -1: test/properties_7_test.dart: journaux aléatoires 9600 à 9759
00:34 +96 -1: test/properties_7_test.dart: journaux aléatoires 9600 à 9759
00:34 +97 -1: test/purity_test.dart: le hasard du simulateur vient de la seule suite seedée de rng.dart
00:34 +98 -1: test/properties_7_test.dart: journaux aléatoires 9760 à 9919
00:34 +99 -1: test/properties_7_test.dart: journaux aléatoires 9760 à 9919
00:34 +100 -1: test/properties_7_test.dart: journaux aléatoires 9760 à 9919
00:34 +101 -1: test/properties_7_test.dart: journaux aléatoires 9760 à 9919
00:35 +102 -1: test/properties_7_test.dart: journaux aléatoires 9920 à 10079
00:35 +103 -1: test/properties_7_test.dart: journaux aléatoires 9920 à 10079
00:35 +104 -1: test/properties_7_test.dart: journaux aléatoires 9920 à 10079
00:35 +105 -1: test/properties_7_test.dart: journaux aléatoires 9920 à 10079
00:35 +106 -1: test/properties_7_test.dart: journaux aléatoires 9920 à 10079
00:35 +107 -1: test/properties_7_test.dart: journaux aléatoires 9920 à 10079
00:35 +108 -1: test/properties_7_test.dart: journaux aléatoires 9920 à 10079
00:35 +109 -1: test/properties_7_test.dart: journaux aléatoires 9920 à 10079
00:36 +110 -1: test/properties_7_test.dart: journaux aléatoires 9920 à 10079
00:36 +111 -1: test/properties_7_test.dart: journaux aléatoires 9920 à 10079
00:36 +112 -1: test/properties_7_test.dart: journaux aléatoires 9920 à 10079
00:36 +113 -1: test/properties_7_test.dart: journaux aléatoires 9920 à 10079
00:36 +114 -1: test/properties_7_test.dart: journaux aléatoires 10080 à 10239
00:36 +115 -1: test/properties_4_test.dart: journaux aléatoires 5120 à 5279
00:42 +116 -1: test/properties_5_test.dart: journaux aléatoires 6400 à 6559
00:42 +117 -1: test/properties_4_test.dart: journaux aléatoires 5280 à 5439
00:43 +118 -1: test/properties_5_test.dart: journaux aléatoires 6560 à 6719
00:43 +119 -1: test/properties_4_test.dart: journaux aléatoires 5440 à 5599
00:43 +120 -1: test/properties_5_test.dart: journaux aléatoires 6720 à 6879
00:43 +121 -1: test/properties_4_test.dart: journaux aléatoires 5600 à 5759
00:44 +122 -1: test/properties_5_test.dart: journaux aléatoires 6880 à 7039
00:44 +123 -1: test/properties_4_test.dart: journaux aléatoires 5760 à 5919
00:44 +124 -1: test/properties_5_test.dart: journaux aléatoires 7040 à 7199
00:45 +125 -1: test/properties_4_test.dart: journaux aléatoires 5920 à 6079
00:45 +126 -1: test/properties_5_test.dart: journaux aléatoires 7200 à 7359
00:45 +127 -1: test/properties_4_test.dart: journaux aléatoires 6080 à 6239
00:46 +128 -1: test/properties_5_test.dart: journaux aléatoires 7360 à 7519
00:46 +129 -1: test/properties_4_test.dart: journaux aléatoires 6240 à 6399
00:46 +130 -1: test/properties_5_test.dart: journaux aléatoires 7520 à 7679
00:47 +131 -1: Some tests failed.

Failing tests:
  test/docs_test.dart: docs/PROPRIETAIRE.md est le rejeu de la fixture

Consider enabling the flag chain-stack-traces to receive more detailed exceptions.
For example, 'dart test --chain-stack-traces'.
tests : échec
  notes_paresseuses : fait (8 s)
  debutant_salle : fait (10 s)
  irregulier : fait (12 s)
  calisthenie_parc : fait (13 s)
  intermediaire_salle : fait (13 s)
  maison_halteres : fait (15 s)
  douleur_et_lieu : fait (18 s)
  avance_street : fait (18 s)
kalis_adapt 0.2.0 : rapport écrit dans /home/runner/work/streetlift-apk/streetlift-apk/out-packages/kalis_adapt (20 s).
durée : 80 s
