Running Gradle task 'assembleDebug'...                          
Warning: Flutter support for your project's Gradle version (8.14.3) will soon be dropped. Please upgrade your Gradle version to a version of at least 9.1.0 soon.
Alternatively, use the flag "--android-skip-build-dependency-validation" to bypass this check.

Potential fix: Your project's gradle version is typically defined in the gradle wrapper file. By default, this can be found at /home/runner/work/streetlift-apk/streetlift-apk/android/gradle/wrapper/gradle-wrapper.properties. 
For more information, see https://docs.gradle.org/current/userguide/gradle_wrapper.html.

Warning: Flutter support for your project's Android Gradle Plugin version (Android Gradle Plugin version 8.12.1) will soon be dropped. Please upgrade your Android Gradle Plugin version to a version of at least Android Gradle Plugin version 9.0.1 soon.
Alternatively, use the flag "--android-skip-build-dependency-validation" to bypass this check.

Potential fix: Your project's AGP version is typically defined in the plugins block of the `settings.gradle` file (/home/runner/work/streetlift-apk/streetlift-apk/android/settings.gradle), by a plugin with the id of com.android.application. 
If you don't see a plugins block, your project was likely created with an older template version. In this case it is most likely defined in the top-level build.gradle file (/home/runner/work/streetlift-apk/streetlift-apk/android/build.gradle) by the following line in the dependencies block of the buildscript: "classpath 'com.android.tools.build:gradle:<version>'".

Running Gradle task 'assembleDebug'...                             18.7s
✓ Built build/app/outputs/flutter-apk/app-debug.apk
Installing build/app/outputs/flutter-apk/app-debug.apk...           3.5s
Failed to extract the most recent timestamp from the Android log: ProcessException: Process exited abnormally with exit code 1:
adb: device offline
  Command: /usr/local/lib/android/sdk/platform-tools/adb -s emulator-5554 shell -x logcat -v time -t 1.
An error occurred when setting up filtering for adb logs. Unable to communicate with the VM service.
VMServiceFlutterDriver: Connecting to Flutter application at http://127.0.0.1:38181/vL_5dn5ERxo=/
VMServiceFlutterDriver: It is taking an unusually long time to connect to the VM...
VMServiceFlutterDriver: It is taking an unusually long time to connect to the VM...
VMServiceFlutterDriver: It is taking an unusually long time to connect to the VM...
VMServiceFlutterDriver: It is taking an unusually long time to connect to the VM...
VMServiceFlutterDriver: It is taking an unusually long time to connect to the VM...
VMServiceFlutterDriver: It is taking an unusually long time to connect to the VM...
VMServiceFlutterDriver: It is taking an unusually long time to connect to the VM...
VMServiceFlutterDriver: It is taking an unusually long time to connect to the VM...
VMServiceFlutterDriver: It is taking an unusually long time to connect to the VM...
VMServiceFlutterDriver: It is taking an unusually long time to connect to the VM...
VMServiceFlutterDriver: It is taking an unusually long time to connect to the VM...
VMServiceFlutterDriver: It is taking an unusually long time to connect to the VM...
VMServiceFlutterDriver: It is taking an unusually long time to connect to the VM...
VMServiceFlutterDriver: It is taking an unusually long time to connect to the VM...
VMServiceFlutterDriver: It is taking an unusually long time to connect to the VM...
VMServiceFlutterDriver: It is taking an unusually long time to connect to the VM...
VMServiceFlutterDriver: It is taking an unusually long time to connect to the VM...
VMServiceFlutterDriver: It is taking an unusually long time to connect to the VM...
VMServiceFlutterDriver: It is taking an unusually long time to connect to the VM...
VMServiceFlutterDriver: It is taking an unusually long time to connect to the VM...
VMServiceFlutterDriver: It is taking an unusually long time to connect to the VM...
VMServiceFlutterDriver: It is taking an unusually long time to connect to the VM...
VMServiceFlutterDriver: It is taking an unusually long time to connect to the VM...
VMServiceFlutterDriver: It is taking an unusually long time to connect to the VM...
VMServiceFlutterDriver: It is taking an unusually long time to connect to the VM...
VMServiceFlutterDriver: It is taking an unusually long time to connect to the VM...
VMServiceFlutterDriver: It is taking an unusually long time to connect to the VM...
VMServiceFlutterDriver: It is taking an unusually long time to connect to the VM...
VMServiceFlutterDriver: It is taking an unusually long time to connect to the VM...
VMServiceFlutterDriver: It is taking an unusually long time to connect to the VM...
VMServiceFlutterDriver: It is taking an unusually long time to connect to the VM...
VMServiceFlutterDriver: It is taking an unusually long time to connect to the VM...
VMServiceFlutterDriver: It is taking an unusually long time to connect to the VM...
VMServiceFlutterDriver: It is taking an unusually long time to connect to the VM...
VMServiceFlutterDriver: It is taking an unusually long time to connect to the VM...
VMServiceFlutterDriver: It is taking an unusually long time to connect to the VM...
VMServiceFlutterDriver: It is taking an unusually long time to connect to the VM...
VMServiceFlutterDriver: It is taking an unusually long time to connect to the VM...
VMServiceFlutterDriver: It is taking an unusually long time to connect to the VM...
VMServiceFlutterDriver: It is taking an unusually long time to connect to the VM...
VMServiceFlutterDriver: It is taking an unusually long time to connect to the VM...
VMServiceFlutterDriver: It is taking an unusually long time to connect to the VM...
VMServiceFlutterDriver: It is taking an unusually long time to connect to the VM...
VMServiceFlutterDriver: It is taking an unusually long time to connect to the VM...
VMServiceFlutterDriver: It is taking an unusually long time to connect to the VM...
VMServiceFlutterDriver: It is taking an unusually long time to connect to the VM...
VMServiceFlutterDriver: It is taking an unusually long time to connect to the VM...
VMServiceFlutterDriver: It is taking an unusually long time to connect to the VM...
VMServiceFlutterDriver: It is taking an unusually long time to connect to the VM...
VMServiceFlutterDriver: It is taking an unusually long time to connect to the VM...
VMServiceFlutterDriver: It is taking an unusually long time to connect to the VM...
VMServiceFlutterDriver: It is taking an unusually long time to connect to the VM...
VMServiceFlutterDriver: It is taking an unusually long time to connect to the VM...
VMServiceFlutterDriver: It is taking an unusually long time to connect to the VM...
VMServiceFlutterDriver: It is taking an unusually long time to connect to the VM...
VMServiceFlutterDriver: It is taking an unusually long time to connect to the VM...
VMServiceFlutterDriver: It is taking an unusually long time to connect to the VM...
VMServiceFlutterDriver: It is taking an unusually long time to connect to the VM...
VMServiceFlutterDriver: It is taking an unusually long time to connect to the VM...
VMServiceFlutterDriver: It is taking an unusually long time to connect to the VM...
VMServiceFlutterDriver: It is taking an unusually long time to connect to the VM...
VMServiceFlutterDriver: It is taking an unusually long time to connect to the VM...
VMServiceFlutterDriver: It is taking an unusually long time to connect to the VM...
VMServiceFlutterDriver: It is taking an unusually long time to connect to the VM...
VMServiceFlutterDriver: It is taking an unusually long time to connect to the VM...
VMServiceFlutterDriver: It is taking an unusually long time to connect to the VM...
VMServiceFlutterDriver: It is taking an unusually long time to connect to the VM...
VMServiceFlutterDriver: It is taking an unusually long time to connect to the VM...
VMServiceFlutterDriver: It is taking an unusually long time to connect to the VM...
VMServiceFlutterDriver: It is taking an unusually long time to connect to the VM...
VMServiceFlutterDriver: It is taking an unusually long time to connect to the VM...
VMServiceFlutterDriver: It is taking an unusually long time to connect to the VM...
VMServiceFlutterDriver: It is taking an unusually long time to connect to the VM...
VMServiceFlutterDriver: It is taking an unusually long time to connect to the VM...
VMServiceFlutterDriver: It is taking an unusually long time to connect to the VM...
VMServiceFlutterDriver: It is taking an unusually long time to connect to the VM...
VMServiceFlutterDriver: It is taking an unusually long time to connect to the VM...
VMServiceFlutterDriver: It is taking an unusually long time to connect to the VM...
VMServiceFlutterDriver: It is taking an unusually long time to connect to the VM...
VMServiceFlutterDriver: It is taking an unusually long time to connect to the VM...
VMServiceFlutterDriver: It is taking an unusually long time to connect to the VM...
VMServiceFlutterDriver: It is taking an unusually long time to connect to the VM...
VMServiceFlutterDriver: It is taking an unusually long time to connect to the VM...
VMServiceFlutterDriver: It is taking an unusually long time to connect to the VM...
VMServiceFlutterDriver: It is taking an unusually long time to connect to the VM...
VMServiceFlutterDriver: It is taking an unusually long time to connect to the VM...
VMServiceFlutterDriver: It is taking an unusually long time to connect to the VM...
VMServiceFlutterDriver: It is taking an unusually long time to connect to the VM...
VMServiceFlutterDriver: It is taking an unusually long time to connect to the VM...
VMServiceFlutterDriver: It is taking an unusually long time to connect to the VM...
VMServiceFlutterDriver: It is taking an unusually long time to connect to the VM...
VMServiceFlutterDriver: It is taking an unusually long time to connect to the VM...
VMServiceFlutterDriver: It is taking an unusually long time to connect to the VM...
VMServiceFlutterDriver: It is taking an unusually long time to connect to the VM...
VMServiceFlutterDriver: It is taking an unusually long time to connect to the VM...
VMServiceFlutterDriver: It is taking an unusually long time to connect to the VM...
VMServiceFlutterDriver: It is taking an unusually long time to connect to the VM...
VMServiceFlutterDriver: It is taking an unusually long time to connect to the VM...
VMServiceFlutterDriver: It is taking an unusually long time to connect to the VM...
VMServiceFlutterDriver: It is taking an unusually long time to connect to the VM...
VMServiceFlutterDriver: It is taking an unusually long time to connect to the VM...
VMServiceFlutterDriver: It is taking an unusually long time to connect to the VM...
VMServiceFlutterDriver: It is taking an unusually long time to connect to the VM...
VMServiceFlutterDriver: It is taking an unusually long time to connect to the VM...
VMServiceFlutterDriver: It is taking an unusually long time to connect to the VM...
VMServiceFlutterDriver: It is taking an unusually long time to connect to the VM...
VMServiceFlutterDriver: It is taking an unusually long time to connect to the VM...
VMServiceFlutterDriver: It is taking an unusually long time to connect to the VM...
VMServiceFlutterDriver: It is taking an unusually long time to connect to the VM...
VMServiceFlutterDriver: It is taking an unusually long time to connect to the VM...
VMServiceFlutterDriver: It is taking an unusually long time to connect to the VM...
VMServiceFlutterDriver: It is taking an unusually long time to connect to the VM...
VMServiceFlutterDriver: It is taking an unusually long time to connect to the VM...
VMServiceFlutterDriver: It is taking an unusually long time to connect to the VM...
VMServiceFlutterDriver: It is taking an unusually long time to connect to the VM...
VMServiceFlutterDriver: It is taking an unusually long time to connect to the VM...
VMServiceFlutterDriver: It is taking an unusually long time to connect to the VM...
VMServiceFlutterDriver: It is taking an unusually long time to connect to the VM...
VMServiceFlutterDriver: It is taking an unusually long time to connect to the VM...
VMServiceFlutterDriver: It is taking an unusually long time to connect to the VM...
VMServiceFlutterDriver: It is taking an unusually long time to connect to the VM...
VMServiceFlutterDriver: It is taking an unusually long time to connect to the VM...
VMServiceFlutterDriver: It is taking an unusually long time to connect to the VM...
VMServiceFlutterDriver: It is taking an unusually long time to connect to the VM...
VMServiceFlutterDriver: It is taking an unusually long time to connect to the VM...
VMServiceFlutterDriver: It is taking an unusually long time to connect to the VM...
VMServiceFlutterDriver: It is taking an unusually long time to connect to the VM...
VMServiceFlutterDriver: It is taking an unusually long time to connect to the VM...
VMServiceFlutterDriver: It is taking an unusually long time to connect to the VM...
VMServiceFlutterDriver: It is taking an unusually long time to connect to the VM...
VMServiceFlutterDriver: It is taking an unusually long time to connect to the VM...
VMServiceFlutterDriver: It is taking an unusually long time to connect to the VM...
VMServiceFlutterDriver: It is taking an unusually long time to connect to the VM...
VMServiceFlutterDriver: It is taking an unusually long time to connect to the VM...
VMServiceFlutterDriver: It is taking an unusually long time to connect to the VM...
VMServiceFlutterDriver: It is taking an unusually long time to connect to the VM...
VMServiceFlutterDriver: It is taking an unusually long time to connect to the VM...
VMServiceFlutterDriver: It is taking an unusually long time to connect to the VM...
VMServiceFlutterDriver: It is taking an unusually long time to connect to the VM...
VMServiceFlutterDriver: It is taking an unusually long time to connect to the VM...
VMServiceFlutterDriver: It is taking an unusually long time to connect to the VM...
VMServiceFlutterDriver: It is taking an unusually long time to connect to the VM...
VMServiceFlutterDriver: It is taking an unusually long time to connect to the VM...
VMServiceFlutterDriver: It is taking an unusually long time to connect to the VM...
VMServiceFlutterDriver: It is taking an unusually long time to connect to the VM...
VMServiceFlutterDriver: It is taking an unusually long time to connect to the VM...
VMServiceFlutterDriver: It is taking an unusually long time to connect to the VM...
VMServiceFlutterDriver: It is taking an unusually long time to connect to the VM...
VMServiceFlutterDriver: It is taking an unusually long time to connect to the VM...
VMServiceFlutterDriver: It is taking an unusually long time to connect to the VM...
VMServiceFlutterDriver: It is taking an unusually long time to connect to the VM...
VMServiceFlutterDriver: It is taking an unusually long time to connect to the VM...
VMServiceFlutterDriver: It is taking an unusually long time to connect to the VM...
VMServiceFlutterDriver: It is taking an unusually long time to connect to the VM...
VMServiceFlutterDriver: It is taking an unusually long time to connect to the VM...
VMServiceFlutterDriver: It is taking an unusually long time to connect to the VM...
VMServiceFlutterDriver: It is taking an unusually long time to connect to the VM...
VMServiceFlutterDriver: It is taking an unusually long time to connect to the VM...
VMServiceFlutterDriver: It is taking an unusually long time to connect to the VM...
VMServiceFlutterDriver: It is taking an unusually long time to connect to the VM...
VMServiceFlutterDriver: It is taking an unusually long time to connect to the VM...
VMServiceFlutterDriver: It is taking an unusually long time to connect to the VM...
VMServiceFlutterDriver: It is taking an unusually long time to connect to the VM...
VMServiceFlutterDriver: It is taking an unusually long time to connect to the VM...
VMServiceFlutterDriver: It is taking an unusually long time to connect to the VM...
VMServiceFlutterDriver: It is taking an unusually long time to connect to the VM...
VMServiceFlutterDriver: It is taking an unusually long time to connect to the VM...
VMServiceFlutterDriver: It is taking an unusually long time to connect to the VM...
VMServiceFlutterDriver: It is taking an unusually long time to connect to the VM...
VMServiceFlutterDriver: It is taking an unusually long time to connect to the VM...
VMServiceFlutterDriver: It is taking an unusually long time to connect to the VM...
VMServiceFlutterDriver: It is taking an unusually long time to connect to the VM...
VMServiceFlutterDriver: It is taking an unusually long time to connect to the VM...
VMServiceFlutterDriver: It is taking an unusually long time to connect to the VM...
VMServiceFlutterDriver: It is taking an unusually long time to connect to the VM...
VMServiceFlutterDriver: It is taking an unusually long time to connect to the VM...
VMServiceFlutterDriver: It is taking an unusually long time to connect to the VM...
VMServiceFlutterDriver: It is taking an unusually long time to connect to the VM...
VMServiceFlutterDriver: It is taking an unusually long time to connect to the VM...
VMServiceFlutterDriver: It is taking an unusually long time to connect to the VM...
VMServiceFlutterDriver: It is taking an unusually long time to connect to the VM...
VMServiceFlutterDriver: It is taking an unusually long time to connect to the VM...
VMServiceFlutterDriver: It is taking an unusually long time to connect to the VM...
VMServiceFlutterDriver: It is taking an unusually long time to connect to the VM...
VMServiceFlutterDriver: It is taking an unusually long time to connect to the VM...
VMServiceFlutterDriver: It is taking an unusually long time to connect to the VM...
VMServiceFlutterDriver: It is taking an unusually long time to connect to the VM...
VMServiceFlutterDriver: It is taking an unusually long time to connect to the VM...
VMServiceFlutterDriver: It is taking an unusually long time to connect to the VM...
VMServiceFlutterDriver: It is taking an unusually long time to connect to the VM...
VMServiceFlutterDriver: It is taking an unusually long time to connect to the VM...
VMServiceFlutterDriver: It is taking an unusually long time to connect to the VM...
VMServiceFlutterDriver: It is taking an unusually long time to connect to the VM...
VMServiceFlutterDriver: It is taking an unusually long time to connect to the VM...
VMServiceFlutterDriver: It is taking an unusually long time to connect to the VM...
VMServiceFlutterDriver: It is taking an unusually long time to connect to the VM...
VMServiceFlutterDriver: It is taking an unusually long time to connect to the VM...
VMServiceFlutterDriver: It is taking an unusually long time to connect to the VM...
VMServiceFlutterDriver: It is taking an unusually long time to connect to the VM...
VMServiceFlutterDriver: It is taking an unusually long time to connect to the VM...
VMServiceFlutterDriver: It is taking an unusually long time to connect to the VM...
VMServiceFlutterDriver: It is taking an unusually long time to connect to the VM...
VMServiceFlutterDriver: It is taking an unusually long time to connect to the VM...
VMServiceFlutterDriver: It is taking an unusually long time to connect to the VM...
VMServiceFlutterDriver: It is taking an unusually long time to connect to the VM...
VMServiceFlutterDriver: It is taking an unusually long time to connect to the VM...
VMServiceFlutterDriver: It is taking an unusually long time to connect to the VM...
VMServiceFlutterDriver: It is taking an unusually long time to connect to the VM...
VMServiceFlutterDriver: It is taking an unusually long time to connect to the VM...
VMServiceFlutterDriver: It is taking an unusually long time to connect to the VM...
VMServiceFlutterDriver: It is taking an unusually long time to connect to the VM...
VMServiceFlutterDriver: It is taking an unusually long time to connect to the VM...
VMServiceFlutterDriver: It is taking an unusually long time to connect to the VM...
VMServiceFlutterDriver: It is taking an unusually long time to connect to the VM...
VMServiceFlutterDriver: It is taking an unusually long time to connect to the VM...
VMServiceFlutterDriver: It is taking an unusually long time to connect to the VM...
VMServiceFlutterDriver: It is taking an unusually long time to connect to the VM...
VMServiceFlutterDriver: It is taking an unusually long time to connect to the VM...
VMServiceFlutterDriver: It is taking an unusually long time to connect to the VM...
VMServiceFlutterDriver: It is taking an unusually long time to connect to the VM...
VMServiceFlutterDriver: It is taking an unusually long time to connect to the VM...
VMServiceFlutterDriver: It is taking an unusually long time to connect to the VM...
VMServiceFlutterDriver: It is taking an unusually long time to connect to the VM...
VMServiceFlutterDriver: It is taking an unusually long time to connect to the VM...
VMServiceFlutterDriver: It is taking an unusually long time to connect to the VM...
VMServiceFlutterDriver: It is taking an unusually long time to connect to the VM...
VMServiceFlutterDriver: It is taking an unusually long time to connect to the VM...
VMServiceFlutterDriver: It is taking an unusually long time to connect to the VM...
VMServiceFlutterDriver: It is taking an unusually long time to connect to the VM...
VMServiceFlutterDriver: It is taking an unusually long time to connect to the VM...
VMServiceFlutterDriver: It is taking an unusually long time to connect to the VM...
VMServiceFlutterDriver: It is taking an unusually long time to connect to the VM...
VMServiceFlutterDriver: It is taking an unusually long time to connect to the VM...
VMServiceFlutterDriver: It is taking an unusually long time to connect to the VM...
VMServiceFlutterDriver: It is taking an unusually long time to connect to the VM...
VMServiceFlutterDriver: It is taking an unusually long time to connect to the VM...
VMServiceFlutterDriver: It is taking an unusually long time to connect to the VM...
VMServiceFlutterDriver: It is taking an unusually long time to connect to the VM...
VMServiceFlutterDriver: It is taking an unusually long time to connect to the VM...
VMServiceFlutterDriver: It is taking an unusually long time to connect to the VM...
VMServiceFlutterDriver: It is taking an unusually long time to connect to the VM...
VMServiceFlutterDriver: It is taking an unusually long time to connect to the VM...
VMServiceFlutterDriver: It is taking an unusually long time to connect to the VM...
VMServiceFlutterDriver: It is taking an unusually long time to connect to the VM...
VMServiceFlutterDriver: It is taking an unusually long time to connect to the VM...
VMServiceFlutterDriver: It is taking an unusually long time to connect to the VM...
VMServiceFlutterDriver: It is taking an unusually long time to connect to the VM...
VMServiceFlutterDriver: It is taking an unusually long time to connect to the VM...
VMServiceFlutterDriver: It is taking an unusually long time to connect to the VM...
VMServiceFlutterDriver: It is taking an unusually long time to connect to the VM...
VMServiceFlutterDriver: It is taking an unusually long time to connect to the VM...
VMServiceFlutterDriver: It is taking an unusually long time to connect to the VM...
VMServiceFlutterDriver: It is taking an unusually long time to connect to the VM...
VMServiceFlutterDriver: It is taking an unusually long time to connect to the VM...
VMServiceFlutterDriver: It is taking an unusually long time to connect to the VM...
VMServiceFlutterDriver: It is taking an unusually long time to connect to the VM...
VMServiceFlutterDriver: It is taking an unusually long time to connect to the VM...
VMServiceFlutterDriver: It is taking an unusually long time to connect to the VM...
VMServiceFlutterDriver: It is taking an unusually long time to connect to the VM...
VMServiceFlutterDriver: It is taking an unusually long time to connect to the VM...
VMServiceFlutterDriver: It is taking an unusually long time to connect to the VM...
VMServiceFlutterDriver: It is taking an unusually long time to connect to the VM...
VMServiceFlutterDriver: It is taking an unusually long time to connect to the VM...
VMServiceFlutterDriver: It is taking an unusually long time to connect to the VM...
VMServiceFlutterDriver: It is taking an unusually long time to connect to the VM...
VMServiceFlutterDriver: It is taking an unusually long time to connect to the VM...
VMServiceFlutterDriver: It is taking an unusually long time to connect to the VM...
VMServiceFlutterDriver: It is taking an unusually long time to connect to the VM...
VMServiceFlutterDriver: It is taking an unusually long time to connect to the VM...
VMServiceFlutterDriver: It is taking an unusually long time to connect to the VM...
VMServiceFlutterDriver: It is taking an unusually long time to connect to the VM...
VMServiceFlutterDriver: It is taking an unusually long time to connect to the VM...
VMServiceFlutterDriver: It is taking an unusually long time to connect to the VM...
VMServiceFlutterDriver: It is taking an unusually long time to connect to the VM...
VMServiceFlutterDriver: It is taking an unusually long time to connect to the VM...
VMServiceFlutterDriver: It is taking an unusually long time to connect to the VM...
VMServiceFlutterDriver: It is taking an unusually long time to connect to the VM...
VMServiceFlutterDriver: It is taking an unusually long time to connect to the VM...
VMServiceFlutterDriver: It is taking an unusually long time to connect to the VM...
VMServiceFlutterDriver: It is taking an unusually long time to connect to the VM...
VMServiceFlutterDriver: It is taking an unusually long time to connect to the VM...
VMServiceFlutterDriver: It is taking an unusually long time to connect to the VM...
VMServiceFlutterDriver: It is taking an unusually long time to connect to the VM...
VMServiceFlutterDriver: It is taking an unusually long time to connect to the VM...
VMServiceFlutterDriver: It is taking an unusually long time to connect to the VM...
VMServiceFlutterDriver: It is taking an unusually long time to connect to the VM...
VMServiceFlutterDriver: It is taking an unusually long time to connect to the VM...
VMServiceFlutterDriver: It is taking an unusually long time to connect to the VM...
VMServiceFlutterDriver: It is taking an unusually long time to connect to the VM...
VMServiceFlutterDriver: It is taking an unusually long time to connect to the VM...
VMServiceFlutterDriver: It is taking an unusually long time to connect to the VM...
VMServiceFlutterDriver: It is taking an unusually long time to connect to the VM...
VMServiceFlutterDriver: It is taking an unusually long time to connect to the VM...
VMServiceFlutterDriver: It is taking an unusually long time to connect to the VM...
VMServiceFlutterDriver: It is taking an unusually long time to connect to the VM...
VMServiceFlutterDriver: It is taking an unusually long time to connect to the VM...
VMServiceFlutterDriver: It is taking an unusually long time to connect to the VM...
VMServiceFlutterDriver: It is taking an unusually long time to connect to the VM...
VMServiceFlutterDriver: It is taking an unusually long time to connect to the VM...
VMServiceFlutterDriver: It is taking an unusually long time to connect to the VM...
VMServiceFlutterDriver: It is taking an unusually long time to connect to the VM...
VMServiceFlutterDriver: It is taking an unusually long time to connect to the VM...
VMServiceFlutterDriver: It is taking an unusually long time to connect to the VM...
VMServiceFlutterDriver: It is taking an unusually long time to connect to the VM...
VMServiceFlutterDriver: It is taking an unusually long time to connect to the VM...
VMServiceFlutterDriver: It is taking an unusually long time to connect to the VM...
VMServiceFlutterDriver: It is taking an unusually long time to connect to the VM...
VMServiceFlutterDriver: It is taking an unusually long time to connect to the VM...
VMServiceFlutterDriver: It is taking an unusually long time to connect to the VM...
VMServiceFlutterDriver: It is taking an unusually long time to connect to the VM...
VMServiceFlutterDriver: It is taking an unusually long time to connect to the VM...
VMServiceFlutterDriver: It is taking an unusually long time to connect to the VM...
VMServiceFlutterDriver: It is taking an unusually long time to connect to the VM...
VMServiceFlutterDriver: It is taking an unusually long time to connect to the VM...
VMServiceFlutterDriver: It is taking an unusually long time to connect to the VM...
VMServiceFlutterDriver: It is taking an unusually long time to connect to the VM...
VMServiceFlutterDriver: It is taking an unusually long time to connect to the VM...
VMServiceFlutterDriver: It is taking an unusually long time to connect to the VM...
VMServiceFlutterDriver: It is taking an unusually long time to connect to the VM...
VMServiceFlutterDriver: It is taking an unusually long time to connect to the VM...
VMServiceFlutterDriver: It is taking an unusually long time to connect to the VM...
VMServiceFlutterDriver: It is taking an unusually long time to connect to the VM...
VMServiceFlutterDriver: It is taking an unusually long time to connect to the VM...
VMServiceFlutterDriver: It is taking an unusually long time to connect to the VM...
VMServiceFlutterDriver: It is taking an unusually long time to connect to the VM...
VMServiceFlutterDriver: It is taking an unusually long time to connect to the VM...
VMServiceFlutterDriver: It is taking an unusually long time to connect to the VM...
VMServiceFlutterDriver: It is taking an unusually long time to connect to the VM...
VMServiceFlutterDriver: It is taking an unusually long time to connect to the VM...
VMServiceFlutterDriver: It is taking an unusually long time to connect to the VM...
VMServiceFlutterDriver: It is taking an unusually long time to connect to the VM...
VMServiceFlutterDriver: It is taking an unusually long time to connect to the VM...
VMServiceFlutterDriver: It is taking an unusually long time to connect to the VM...
VMServiceFlutterDriver: It is taking an unusually long time to connect to the VM...
VMServiceFlutterDriver: It is taking an unusually long time to connect to the VM...
VMServiceFlutterDriver: It is taking an unusually long time to connect to the VM...
VMServiceFlutterDriver: It is taking an unusually long time to connect to the VM...
VMServiceFlutterDriver: It is taking an unusually long time to connect to the VM...
VMServiceFlutterDriver: It is taking an unusually long time to connect to the VM...
VMServiceFlutterDriver: It is taking an unusually long time to connect to the VM...
VMServiceFlutterDriver: It is taking an unusually long time to connect to the VM...
VMServiceFlutterDriver: It is taking an unusually long time to connect to the VM...
VMServiceFlutterDriver: It is taking an unusually long time to connect to the VM...
VMServiceFlutterDriver: It is taking an unusually long time to connect to the VM...
VMServiceFlutterDriver: It is taking an unusually long time to connect to the VM...
VMServiceFlutterDriver: It is taking an unusually long time to connect to the VM...
VMServiceFlutterDriver: It is taking an unusually long time to connect to the VM...
VMServiceFlutterDriver: It is taking an unusually long time to connect to the VM...
VMServiceFlutterDriver: It is taking an unusually long time to connect to the VM...
VMServiceFlutterDriver: It is taking an unusually long time to connect to the VM...
VMServiceFlutterDriver: It is taking an unusually long time to connect to the VM...
VMServiceFlutterDriver: It is taking an unusually long time to connect to the VM...
VMServiceFlutterDriver: It is taking an unusually long time to connect to the VM...
VMServiceFlutterDriver: It is taking an unusually long time to connect to the VM...
VMServiceFlutterDriver: It is taking an unusually long time to connect to the VM...
VMServiceFlutterDriver: It is taking an unusually long time to connect to the VM...
VMServiceFlutterDriver: It is taking an unusually long time to connect to the VM...
VMServiceFlutterDriver: It is taking an unusually long time to connect to the VM...
VMServiceFlutterDriver: It is taking an unusually long time to connect to the VM...
VMServiceFlutterDriver: It is taking an unusually long time to connect to the VM...
VMServiceFlutterDriver: It is taking an unusually long time to connect to the VM...
VMServiceFlutterDriver: It is taking an unusually long time to connect to the VM...
VMServiceFlutterDriver: It is taking an unusually long time to connect to the VM...
VMServiceFlutterDriver: It is taking an unusually long time to connect to the VM...
VMServiceFlutterDriver: It is taking an unusually long time to connect to the VM...
VMServiceFlutterDriver: It is taking an unusually long time to connect to the VM...
VMServiceFlutterDriver: It is taking an unusually long time to connect to the VM...
VMServiceFlutterDriver: It is taking an unusually long time to connect to the VM...
VMServiceFlutterDriver: It is taking an unusually long time to connect to the VM...
VMServiceFlutterDriver: It is taking an unusually long time to connect to the VM...
VMServiceFlutterDriver: It is taking an unusually long time to connect to the VM...
VMServiceFlutterDriver: It is taking an unusually long time to connect to the VM...
VMServiceFlutterDriver: It is taking an unusually long time to connect to the VM...
VMServiceFlutterDriver: It is taking an unusually long time to connect to the VM...
VMServiceFlutterDriver: It is taking an unusually long time to connect to the VM...
VMServiceFlutterDriver: It is taking an unusually long time to connect to the VM...
VMServiceFlutterDriver: It is taking an unusually long time to connect to the VM...
VMServiceFlutterDriver: It is taking an unusually long time to connect to the VM...
VMServiceFlutterDriver: It is taking an unusually long time to connect to the VM...
VMServiceFlutterDriver: It is taking an unusually long time to connect to the VM...
VMServiceFlutterDriver: It is taking an unusually long time to connect to the VM...
VMServiceFlutterDriver: It is taking an unusually long time to connect to the VM...
VMServiceFlutterDriver: It is taking an unusually long time to connect to the VM...
VMServiceFlutterDriver: It is taking an unusually long time to connect to the VM...
VMServiceFlutterDriver: It is taking an unusually long time to connect to the VM...
VMServiceFlutterDriver: It is taking an unusually long time to connect to the VM...
VMServiceFlutterDriver: It is taking an unusually long time to connect to the VM...
VMServiceFlutterDriver: It is taking an unusually long time to connect to the VM...
VMServiceFlutterDriver: It is taking an unusually long time to connect to the VM...
VMServiceFlutterDriver: It is taking an unusually long time to connect to the VM...
VMServiceFlutterDriver: It is taking an unusually long time to connect to the VM...
VMServiceFlutterDriver: It is taking an unusually long time to connect to the VM...
VMServiceFlutterDriver: It is taking an unusually long time to connect to the VM...
VMServiceFlutterDriver: It is taking an unusually long time to connect to the VM...
VMServiceFlutterDriver: It is taking an unusually long time to connect to the VM...
VMServiceFlutterDriver: It is taking an unusually long time to connect to the VM...
VMServiceFlutterDriver: It is taking an unusually long time to connect to the VM...
VMServiceFlutterDriver: It is taking an unusually long time to connect to the VM...
VMServiceFlutterDriver: It is taking an unusually long time to connect to the VM...
VMServiceFlutterDriver: It is taking an unusually long time to connect to the VM...
VMServiceFlutterDriver: It is taking an unusually long time to connect to the VM...
VMServiceFlutterDriver: It is taking an unusually long time to connect to the VM...
VMServiceFlutterDriver: It is taking an unusually long time to connect to the VM...
VMServiceFlutterDriver: It is taking an unusually long time to connect to the VM...
VMServiceFlutterDriver: It is taking an unusually long time to connect to the VM...
VMServiceFlutterDriver: It is taking an unusually long time to connect to the VM...
VMServiceFlutterDriver: It is taking an unusually long time to connect to the VM...
VMServiceFlutterDriver: It is taking an unusually long time to connect to the VM...
VMServiceFlutterDriver: It is taking an unusually long time to connect to the VM...
VMServiceFlutterDriver: It is taking an unusually long time to connect to the VM...
VMServiceFlutterDriver: It is taking an unusually long time to connect to the VM...
VMServiceFlutterDriver: It is taking an unusually long time to connect to the VM...
VMServiceFlutterDriver: It is taking an unusually long time to connect to the VM...
VMServiceFlutterDriver: It is taking an unusually long time to connect to the VM...
VMServiceFlutterDriver: It is taking an unusually long time to connect to the VM...
VMServiceFlutterDriver: It is taking an unusually long time to connect to the VM...
VMServiceFlutterDriver: It is taking an unusually long time to connect to the VM...
VMServiceFlutterDriver: It is taking an unusually long time to connect to the VM...
VMServiceFlutterDriver: It is taking an unusually long time to connect to the VM...
VMServiceFlutterDriver: It is taking an unusually long time to connect to the VM...
VMServiceFlutterDriver: It is taking an unusually long time to connect to the VM...
VMServiceFlutterDriver: It is taking an unusually long time to connect to the VM...
VMServiceFlutterDriver: It is taking an unusually long time to connect to the VM...
VMServiceFlutterDriver: It is taking an unusually long time to connect to the VM...
VMServiceFlutterDriver: It is taking an unusually long time to connect to the VM...
VMServiceFlutterDriver: It is taking an unusually long time to connect to the VM...
VMServiceFlutterDriver: It is taking an unusually long time to connect to the VM...
VMServiceFlutterDriver: It is taking an unusually long time to connect to the VM...
VMServiceFlutterDriver: It is taking an unusually long time to connect to the VM...
VMServiceFlutterDriver: It is taking an unusually long time to connect to the VM...
VMServiceFlutterDriver: It is taking an unusually long time to connect to the VM...
VMServiceFlutterDriver: It is taking an unusually long time to connect to the VM...
VMServiceFlutterDriver: It is taking an unusually long time to connect to the VM...
VMServiceFlutterDriver: It is taking an unusually long time to connect to the VM...
VMServiceFlutterDriver: It is taking an unusually long time to connect to the VM...
VMServiceFlutterDriver: It is taking an unusually long time to connect to the VM...
VMServiceFlutterDriver: It is taking an unusually long time to connect to the VM...
VMServiceFlutterDriver: It is taking an unusually long time to connect to the VM...
VMServiceFlutterDriver: It is taking an unusually long time to connect to the VM...
VMServiceFlutterDriver: It is taking an unusually long time to connect to the VM...
VMServiceFlutterDriver: It is taking an unusually long time to connect to the VM...
VMServiceFlutterDriver: It is taking an unusually long time to connect to the VM...
VMServiceFlutterDriver: It is taking an unusually long time to connect to the VM...
VMServiceFlutterDriver: It is taking an unusually long time to connect to the VM...
VMServiceFlutterDriver: It is taking an unusually long time to connect to the VM...
VMServiceFlutterDriver: It is taking an unusually long time to connect to the VM...
VMServiceFlutterDriver: It is taking an unusually long time to connect to the VM...
VMServiceFlutterDriver: It is taking an unusually long time to connect to the VM...
VMServiceFlutterDriver: It is taking an unusually long time to connect to the VM...
VMServiceFlutterDriver: It is taking an unusually long time to connect to the VM...
VMServiceFlutterDriver: It is taking an unusually long time to connect to the VM...
VMServiceFlutterDriver: It is taking an unusually long time to connect to the VM...
VMServiceFlutterDriver: It is taking an unusually long time to connect to the VM...
VMServiceFlutterDriver: It is taking an unusually long time to connect to the VM...
VMServiceFlutterDriver: It is taking an unusually long time to connect to the VM...
VMServiceFlutterDriver: It is taking an unusually long time to connect to the VM...
VMServiceFlutterDriver: It is taking an unusually long time to connect to the VM...
VMServiceFlutterDriver: It is taking an unusually long time to connect to the VM...
VMServiceFlutterDriver: It is taking an unusually long time to connect to the VM...
VMServiceFlutterDriver: It is taking an unusually long time to connect to the VM...
VMServiceFlutterDriver: It is taking an unusually long time to connect to the VM...
VMServiceFlutterDriver: It is taking an unusually long time to connect to the VM...
VMServiceFlutterDriver: It is taking an unusually long time to connect to the VM...
VMServiceFlutterDriver: It is taking an unusually long time to connect to the VM...
VMServiceFlutterDriver: It is taking an unusually long time to connect to the VM...
VMServiceFlutterDriver: It is taking an unusually long time to connect to the VM...
VMServiceFlutterDriver: It is taking an unusually long time to connect to the VM...
VMServiceFlutterDriver: It is taking an unusually long time to connect to the VM...
VMServiceFlutterDriver: It is taking an unusually long time to connect to the VM...
VMServiceFlutterDriver: It is taking an unusually long time to connect to the VM...
VMServiceFlutterDriver: It is taking an unusually long time to connect to the VM...
VMServiceFlutterDriver: It is taking an unusually long time to connect to the VM...
VMServiceFlutterDriver: It is taking an unusually long time to connect to the VM...
VMServiceFlutterDriver: It is taking an unusually long time to connect to the VM...
VMServiceFlutterDriver: It is taking an unusually long time to connect to the VM...
VMServiceFlutterDriver: It is taking an unusually long time to connect to the VM...
VMServiceFlutterDriver: It is taking an unusually long time to connect to the VM...
VMServiceFlutterDriver: It is taking an unusually long time to connect to the VM...
VMServiceFlutterDriver: It is taking an unusually long time to connect to the VM...
VMServiceFlutterDriver: It is taking an unusually long time to connect to the VM...
VMServiceFlutterDriver: It is taking an unusually long time to connect to the VM...
VMServiceFlutterDriver: It is taking an unusually long time to connect to the VM...
VMServiceFlutterDriver: It is taking an unusually long time to connect to the VM...
VMServiceFlutterDriver: It is taking an unusually long time to connect to the VM...
VMServiceFlutterDriver: It is taking an unusually long time to connect to the VM...
VMServiceFlutterDriver: It is taking an unusually long time to connect to the VM...
VMServiceFlutterDriver: It is taking an unusually long time to connect to the VM...
VMServiceFlutterDriver: It is taking an unusually long time to connect to the VM...
VMServiceFlutterDriver: It is taking an unusually long time to connect to the VM...
VMServiceFlutterDriver: It is taking an unusually long time to connect to the VM...
VMServiceFlutterDriver: It is taking an unusually long time to connect to the VM...
VMServiceFlutterDriver: It is taking an unusually long time to connect to the VM...
VMServiceFlutterDriver: It is taking an unusually long time to connect to the VM...
VMServiceFlutterDriver: It is taking an unusually long time to connect to the VM...
VMServiceFlutterDriver: It is taking an unusually long time to connect to the VM...
VMServiceFlutterDriver: It is taking an unusually long time to connect to the VM...
VMServiceFlutterDriver: It is taking an unusually long time to connect to the VM...
VMServiceFlutterDriver: It is taking an unusually long time to connect to the VM...
VMServiceFlutterDriver: It is taking an unusually long time to connect to the VM...
VMServiceFlutterDriver: It is taking an unusually long time to connect to the VM...
VMServiceFlutterDriver: It is taking an unusually long time to connect to the VM...
VMServiceFlutterDriver: It is taking an unusually long time to connect to the VM...
VMServiceFlutterDriver: It is taking an unusually long time to connect to the VM...
VMServiceFlutterDriver: It is taking an unusually long time to connect to the VM...
VMServiceFlutterDriver: It is taking an unusually long time to connect to the VM...
VMServiceFlutterDriver: It is taking an unusually long time to connect to the VM...
VMServiceFlutterDriver: It is taking an unusually long time to connect to the VM...
VMServiceFlutterDriver: It is taking an unusually long time to connect to the VM...
VMServiceFlutterDriver: It is taking an unusually long time to connect to the VM...
VMServiceFlutterDriver: It is taking an unusually long time to connect to the VM...
VMServiceFlutterDriver: It is taking an unusually long time to connect to the VM...
VMServiceFlutterDriver: It is taking an unusually long time to connect to the VM...
VMServiceFlutterDriver: It is taking an unusually long time to connect to the VM...
VMServiceFlutterDriver: It is taking an unusually long time to connect to the VM...
VMServiceFlutterDriver: It is taking an unusually long time to connect to the VM...
VMServiceFlutterDriver: It is taking an unusually long time to connect to the VM...
VMServiceFlutterDriver: It is taking an unusually long time to connect to the VM...
VMServiceFlutterDriver: It is taking an unusually long time to connect to the VM...
VMServiceFlutterDriver: It is taking an unusually long time to connect to the VM...
VMServiceFlutterDriver: It is taking an unusually long time to connect to the VM...
VMServiceFlutterDriver: It is taking an unusually long time to connect to the VM...
VMServiceFlutterDriver: It is taking an unusually long time to connect to the VM...
VMServiceFlutterDriver: It is taking an unusually long time to connect to the VM...
VMServiceFlutterDriver: It is taking an unusually long time to connect to the VM...
VMServiceFlutterDriver: It is taking an unusually long time to connect to the VM...
VMServiceFlutterDriver: It is taking an unusually long time to connect to the VM...
VMServiceFlutterDriver: It is taking an unusually long time to connect to the VM...
VMServiceFlutterDriver: It is taking an unusually long time to connect to the VM...
VMServiceFlutterDriver: It is taking an unusually long time to connect to the VM...
VMServiceFlutterDriver: It is taking an unusually long time to connect to the VM...
VMServiceFlutterDriver: It is taking an unusually long time to connect to the VM...
VMServiceFlutterDriver: It is taking an unusually long time to connect to the VM...
VMServiceFlutterDriver: It is taking an unusually long time to connect to the VM...
VMServiceFlutterDriver: It is taking an unusually long time to connect to the VM...
VMServiceFlutterDriver: It is taking an unusually long time to connect to the VM...
VMServiceFlutterDriver: It is taking an unusually long time to connect to the VM...
VMServiceFlutterDriver: It is taking an unusually long time to connect to the VM...
VMServiceFlutterDriver: It is taking an unusually long time to connect to the VM...
VMServiceFlutterDriver: It is taking an unusually long time to connect to the VM...
VMServiceFlutterDriver: It is taking an unusually long time to connect to the VM...
VMServiceFlutterDriver: It is taking an unusually long time to connect to the VM...
VMServiceFlutterDriver: It is taking an unusually long time to connect to the VM...
VMServiceFlutterDriver: It is taking an unusually long time to connect to the VM...
VMServiceFlutterDriver: It is taking an unusually long time to connect to the VM...
VMServiceFlutterDriver: It is taking an unusually long time to connect to the VM...
VMServiceFlutterDriver: It is taking an unusually long time to connect to the VM...
VMServiceFlutterDriver: It is taking an unusually long time to connect to the VM...
VMServiceFlutterDriver: It is taking an unusually long time to connect to the VM...
VMServiceFlutterDriver: It is taking an unusually long time to connect to the VM...
VMServiceFlutterDriver: It is taking an unusually long time to connect to the VM...
VMServiceFlutterDriver: It is taking an unusually long time to connect to the VM...
VMServiceFlutterDriver: It is taking an unusually long time to connect to the VM...
VMServiceFlutterDriver: It is taking an unusually long time to connect to the VM...
VMServiceFlutterDriver: It is taking an unusually long time to connect to the VM...
VMServiceFlutterDriver: It is taking an unusually long time to connect to the VM...
VMServiceFlutterDriver: It is taking an unusually long time to connect to the VM...
VMServiceFlutterDriver: It is taking an unusually long time to connect to the VM...
VMServiceFlutterDriver: It is taking an unusually long time to connect to the VM...
VMServiceFlutterDriver: It is taking an unusually long time to connect to the VM...
VMServiceFlutterDriver: It is taking an unusually long time to connect to the VM...
VMServiceFlutterDriver: It is taking an unusually long time to connect to the VM...
VMServiceFlutterDriver: It is taking an unusually long time to connect to the VM...
VMServiceFlutterDriver: It is taking an unusually long time to connect to the VM...
VMServiceFlutterDriver: It is taking an unusually long time to connect to the VM...
VMServiceFlutterDriver: It is taking an unusually long time to connect to the VM...
VMServiceFlutterDriver: It is taking an unusually long time to connect to the VM...
VMServiceFlutterDriver: It is taking an unusually long time to connect to the VM...
VMServiceFlutterDriver: It is taking an unusually long time to connect to the VM...
VMServiceFlutterDriver: It is taking an unusually long time to connect to the VM...
VMServiceFlutterDriver: It is taking an unusually long time to connect to the VM...
VMServiceFlutterDriver: It is taking an unusually long time to connect to the VM...
VMServiceFlutterDriver: It is taking an unusually long time to connect to the VM...
VMServiceFlutterDriver: It is taking an unusually long time to connect to the VM...
VMServiceFlutterDriver: It is taking an unusually long time to connect to the VM...
VMServiceFlutterDriver: It is taking an unusually long time to connect to the VM...
VMServiceFlutterDriver: It is taking an unusually long time to connect to the VM...
VMServiceFlutterDriver: It is taking an unusually long time to connect to the VM...
VMServiceFlutterDriver: It is taking an unusually long time to connect to the VM...
VMServiceFlutterDriver: It is taking an unusually long time to connect to the VM...
VMServiceFlutterDriver: It is taking an unusually long time to connect to the VM...
VMServiceFlutterDriver: It is taking an unusually long time to connect to the VM...
VMServiceFlutterDriver: It is taking an unusually long time to connect to the VM...
VMServiceFlutterDriver: It is taking an unusually long time to connect to the VM...
VMServiceFlutterDriver: It is taking an unusually long time to connect to the VM...
VMServiceFlutterDriver: It is taking an unusually long time to connect to the VM...
VMServiceFlutterDriver: It is taking an unusually long time to connect to the VM...
VMServiceFlutterDriver: It is taking an unusually long time to connect to the VM...
VMServiceFlutterDriver: It is taking an unusually long time to connect to the VM...
VMServiceFlutterDriver: It is taking an unusually long time to connect to the VM...
VMServiceFlutterDriver: It is taking an unusually long time to connect to the VM...
VMServiceFlutterDriver: It is taking an unusually long time to connect to the VM...
VMServiceFlutterDriver: It is taking an unusually long time to connect to the VM...
VMServiceFlutterDriver: It is taking an unusually long time to connect to the VM...
VMServiceFlutterDriver: It is taking an unusually long time to connect to the VM...
VMServiceFlutterDriver: It is taking an unusually long time to connect to the VM...
VMServiceFlutterDriver: It is taking an unusually long time to connect to the VM...
VMServiceFlutterDriver: It is taking an unusually long time to connect to the VM...
VMServiceFlutterDriver: It is taking an unusually long time to connect to the VM...
VMServiceFlutterDriver: It is taking an unusually long time to connect to the VM...
VMServiceFlutterDriver: It is taking an unusually long time to connect to the VM...
VMServiceFlutterDriver: It is taking an unusually long time to connect to the VM...
VMServiceFlutterDriver: It is taking an unusually long time to connect to the VM...
VMServiceFlutterDriver: It is taking an unusually long time to connect to the VM...
VMServiceFlutterDriver: It is taking an unusually long time to connect to the VM...
VMServiceFlutterDriver: It is taking an unusually long time to connect to the VM...
VMServiceFlutterDriver: It is taking an unusually long time to connect to the VM...
VMServiceFlutterDriver: It is taking an unusually long time to connect to the VM...
VMServiceFlutterDriver: It is taking an unusually long time to connect to the VM...
VMServiceFlutterDriver: It is taking an unusually long time to connect to the VM...
VMServiceFlutterDriver: It is taking an unusually long time to connect to the VM...
VMServiceFlutterDriver: It is taking an unusually long time to connect to the VM...
VMServiceFlutterDriver: It is taking an unusually long time to connect to the VM...
VMServiceFlutterDriver: It is taking an unusually long time to connect to the VM...
VMServiceFlutterDriver: It is taking an unusually long time to connect to the VM...
VMServiceFlutterDriver: It is taking an unusually long time to connect to the VM...
VMServiceFlutterDriver: It is taking an unusually long time to connect to the VM...
VMServiceFlutterDriver: It is taking an unusually long time to connect to the VM...
VMServiceFlutterDriver: It is taking an unusually long time to connect to the VM...
VMServiceFlutterDriver: It is taking an unusually long time to connect to the VM...
VMServiceFlutterDriver: It is taking an unusually long time to connect to the VM...
VMServiceFlutterDriver: It is taking an unusually long time to connect to the VM...
VMServiceFlutterDriver: It is taking an unusually long time to connect to the VM...
VMServiceFlutterDriver: It is taking an unusually long time to connect to the VM...
VMServiceFlutterDriver: It is taking an unusually long time to connect to the VM...
VMServiceFlutterDriver: It is taking an unusually long time to connect to the VM...
VMServiceFlutterDriver: It is taking an unusually long time to connect to the VM...
VMServiceFlutterDriver: It is taking an unusually long time to connect to the VM...
VMServiceFlutterDriver: It is taking an unusually long time to connect to the VM...
VMServiceFlutterDriver: It is taking an unusually long time to connect to the VM...
VMServiceFlutterDriver: It is taking an unusually long time to connect to the VM...
VMServiceFlutterDriver: It is taking an unusually long time to connect to the VM...
VMServiceFlutterDriver: It is taking an unusually long time to connect to the VM...
VMServiceFlutterDriver: It is taking an unusually long time to connect to the VM...
VMServiceFlutterDriver: It is taking an unusually long time to connect to the VM...
VMServiceFlutterDriver: It is taking an unusually long time to connect to the VM...
VMServiceFlutterDriver: It is taking an unusually long time to connect to the VM...
VMServiceFlutterDriver: It is taking an unusually long time to connect to the VM...
VMServiceFlutterDriver: It is taking an unusually long time to connect to the VM...
VMServiceFlutterDriver: It is taking an unusually long time to connect to the VM...
VMServiceFlutterDriver: It is taking an unusually long time to connect to the VM...
VMServiceFlutterDriver: It is taking an unusually long time to connect to the VM...
VMServiceFlutterDriver: It is taking an unusually long time to connect to the VM...
VMServiceFlutterDriver: It is taking an unusually long time to connect to the VM...
VMServiceFlutterDriver: It is taking an unusually long time to connect to the VM...
VMServiceFlutterDriver: It is taking an unusually long time to connect to the VM...
VMServiceFlutterDriver: It is taking an unusually long time to connect to the VM...
VMServiceFlutterDriver: It is taking an unusually long time to connect to the VM...
VMServiceFlutterDriver: It is taking an unusually long time to connect to the VM...
VMServiceFlutterDriver: It is taking an unusually long time to connect to the VM...
VMServiceFlutterDriver: It is taking an unusually long time to connect to the VM...
VMServiceFlutterDriver: It is taking an unusually long time to connect to the VM...
VMServiceFlutterDriver: It is taking an unusually long time to connect to the VM...
VMServiceFlutterDriver: It is taking an unusually long time to connect to the VM...
VMServiceFlutterDriver: It is taking an unusually long time to connect to the VM...
VMServiceFlutterDriver: It is taking an unusually long time to connect to the VM...
VMServiceFlutterDriver: It is taking an unusually long time to connect to the VM...
VMServiceFlutterDriver: It is taking an unusually long time to connect to the VM...
VMServiceFlutterDriver: It is taking an unusually long time to connect to the VM...
VMServiceFlutterDriver: It is taking an unusually long time to connect to the VM...
VMServiceFlutterDriver: It is taking an unusually long time to connect to the VM...
VMServiceFlutterDriver: It is taking an unusually long time to connect to the VM...
VMServiceFlutterDriver: It is taking an unusually long time to connect to the VM...
VMServiceFlutterDriver: It is taking an unusually long time to connect to the VM...
VMServiceFlutterDriver: It is taking an unusually long time to connect to the VM...
VMServiceFlutterDriver: It is taking an unusually long time to connect to the VM...
VMServiceFlutterDriver: It is taking an unusually long time to connect to the VM...
VMServiceFlutterDriver: It is taking an unusually long time to connect to the VM...
VMServiceFlutterDriver: It is taking an unusually long time to connect to the VM...
VMServiceFlutterDriver: It is taking an unusually long time to connect to the VM...
VMServiceFlutterDriver: It is taking an unusually long time to connect to the VM...
VMServiceFlutterDriver: It is taking an unusually long time to connect to the VM...
VMServiceFlutterDriver: It is taking an unusually long time to connect to the VM...
VMServiceFlutterDriver: It is taking an unusually long time to connect to the VM...
VMServiceFlutterDriver: It is taking an unusually long time to connect to the VM...
VMServiceFlutterDriver: It is taking an unusually long time to connect to the VM...
VMServiceFlutterDriver: It is taking an unusually long time to connect to the VM...
VMServiceFlutterDriver: It is taking an unusually long time to connect to the VM...
VMServiceFlutterDriver: It is taking an unusually long time to connect to the VM...
VMServiceFlutterDriver: It is taking an unusually long time to connect to the VM...
VMServiceFlutterDriver: It is taking an unusually long time to connect to the VM...
VMServiceFlutterDriver: It is taking an unusually long time to connect to the VM...
VMServiceFlutterDriver: It is taking an unusually long time to connect to the VM...
VMServiceFlutterDriver: It is taking an unusually long time to connect to the VM...
VMServiceFlutterDriver: It is taking an unusually long time to connect to the VM...
VMServiceFlutterDriver: It is taking an unusually long time to connect to the VM...
VMServiceFlutterDriver: It is taking an unusually long time to connect to the VM...
VMServiceFlutterDriver: It is taking an unusually long time to connect to the VM...
VMServiceFlutterDriver: It is taking an unusually long time to connect to the VM...
VMServiceFlutterDriver: It is taking an unusually long time to connect to the VM...
VMServiceFlutterDriver: It is taking an unusually long time to connect to the VM...
VMServiceFlutterDriver: It is taking an unusually long time to connect to the VM...
VMServiceFlutterDriver: It is taking an unusually long time to connect to the VM...
VMServiceFlutterDriver: It is taking an unusually long time to connect to the VM...
VMServiceFlutterDriver: It is taking an unusually long time to connect to the VM...
VMServiceFlutterDriver: It is taking an unusually long time to connect to the VM...
VMServiceFlutterDriver: It is taking an unusually long time to connect to the VM...
VMServiceFlutterDriver: It is taking an unusually long time to connect to the VM...
VMServiceFlutterDriver: It is taking an unusually long time to connect to the VM...
VMServiceFlutterDriver: It is taking an unusually long time to connect to the VM...
VMServiceFlutterDriver: It is taking an unusually long time to connect to the VM...
VMServiceFlutterDriver: It is taking an unusually long time to connect to the VM...
VMServiceFlutterDriver: It is taking an unusually long time to connect to the VM...
VMServiceFlutterDriver: It is taking an unusually long time to connect to the VM...
VMServiceFlutterDriver: It is taking an unusually long time to connect to the VM...
VMServiceFlutterDriver: It is taking an unusually long time to connect to the VM...
VMServiceFlutterDriver: It is taking an unusually long time to connect to the VM...
VMServiceFlutterDriver: It is taking an unusually long time to connect to the VM...
VMServiceFlutterDriver: It is taking an unusually long time to connect to the VM...
VMServiceFlutterDriver: It is taking an unusually long time to connect to the VM...
VMServiceFlutterDriver: It is taking an unusually long time to connect to the VM...
VMServiceFlutterDriver: It is taking an unusually long time to connect to the VM...
VMServiceFlutterDriver: It is taking an unusually long time to connect to the VM...
VMServiceFlutterDriver: It is taking an unusually long time to connect to the VM...
VMServiceFlutterDriver: It is taking an unusually long time to connect to the VM...
VMServiceFlutterDriver: It is taking an unusually long time to connect to the VM...
VMServiceFlutterDriver: It is taking an unusually long time to connect to the VM...
VMServiceFlutterDriver: It is taking an unusually long time to connect to the VM...
VMServiceFlutterDriver: It is taking an unusually long time to connect to the VM...
VMServiceFlutterDriver: It is taking an unusually long time to connect to the VM...
VMServiceFlutterDriver: It is taking an unusually long time to connect to the VM...
VMServiceFlutterDriver: It is taking an unusually long time to connect to the VM...
VMServiceFlutterDriver: It is taking an unusually long time to connect to the VM...
VMServiceFlutterDriver: It is taking an unusually long time to connect to the VM...
VMServiceFlutterDriver: It is taking an unusually long time to connect to the VM...
VMServiceFlutterDriver: It is taking an unusually long time to connect to the VM...
VMServiceFlutterDriver: It is taking an unusually long time to connect to the VM...
VMServiceFlutterDriver: It is taking an unusually long time to connect to the VM...
VMServiceFlutterDriver: It is taking an unusually long time to connect to the VM...
VMServiceFlutterDriver: It is taking an unusually long time to connect to the VM...
VMServiceFlutterDriver: It is taking an unusually long time to connect to the VM...
VMServiceFlutterDriver: It is taking an unusually long time to connect to the VM...
VMServiceFlutterDriver: It is taking an unusually long time to connect to the VM...
VMServiceFlutterDriver: It is taking an unusually long time to connect to the VM...
VMServiceFlutterDriver: It is taking an unusually long time to connect to the VM...
VMServiceFlutterDriver: It is taking an unusually long time to connect to the VM...
VMServiceFlutterDriver: It is taking an unusually long time to connect to the VM...
VMServiceFlutterDriver: It is taking an unusually long time to connect to the VM...
VMServiceFlutterDriver: It is taking an unusually long time to connect to the VM...
VMServiceFlutterDriver: It is taking an unusually long time to connect to the VM...
VMServiceFlutterDriver: It is taking an unusually long time to connect to the VM...
VMServiceFlutterDriver: It is taking an unusually long time to connect to the VM...
VMServiceFlutterDriver: It is taking an unusually long time to connect to the VM...
VMServiceFlutterDriver: It is taking an unusually long time to connect to the VM...
VMServiceFlutterDriver: It is taking an unusually long time to connect to the VM...
VMServiceFlutterDriver: It is taking an unusually long time to connect to the VM...
VMServiceFlutterDriver: It is taking an unusually long time to connect to the VM...
VMServiceFlutterDriver: It is taking an unusually long time to connect to the VM...
VMServiceFlutterDriver: It is taking an unusually long time to connect to the VM...
VMServiceFlutterDriver: It is taking an unusually long time to connect to the VM...
VMServiceFlutterDriver: It is taking an unusually long time to connect to the VM...
VMServiceFlutterDriver: It is taking an unusually long time to connect to the VM...
VMServiceFlutterDriver: It is taking an unusually long time to connect to the VM...
VMServiceFlutterDriver: It is taking an unusually long time to connect to the VM...
VMServiceFlutterDriver: It is taking an unusually long time to connect to the VM...
VMServiceFlutterDriver: It is taking an unusually long time to connect to the VM...
VMServiceFlutterDriver: It is taking an unusually long time to connect to the VM...
VMServiceFlutterDriver: It is taking an unusually long time to connect to the VM...
VMServiceFlutterDriver: It is taking an unusually long time to connect to the VM...
VMServiceFlutterDriver: It is taking an unusually long time to connect to the VM...
VMServiceFlutterDriver: It is taking an unusually long time to connect to the VM...
VMServiceFlutterDriver: It is taking an unusually long time to connect to the VM...
VMServiceFlutterDriver: It is taking an unusually long time to connect to the VM...
VMServiceFlutterDriver: It is taking an unusually long time to connect to the VM...
VMServiceFlutterDriver: It is taking an unusually long time to connect to the VM...
VMServiceFlutterDriver: It is taking an unusually long time to connect to the VM...
VMServiceFlutterDriver: It is taking an unusually long time to connect to the VM...
VMServiceFlutterDriver: It is taking an unusually long time to connect to the VM...
VMServiceFlutterDriver: It is taking an unusually long time to connect to the VM...
VMServiceFlutterDriver: It is taking an unusually long time to connect to the VM...
VMServiceFlutterDriver: It is taking an unusually long time to connect to the VM...
VMServiceFlutterDriver: It is taking an unusually long time to connect to the VM...
VMServiceFlutterDriver: It is taking an unusually long time to connect to the VM...
VMServiceFlutterDriver: It is taking an unusually long time to connect to the VM...
VMServiceFlutterDriver: It is taking an unusually long time to connect to the VM...
VMServiceFlutterDriver: It is taking an unusually long time to connect to the VM...
VMServiceFlutterDriver: It is taking an unusually long time to connect to the VM...
VMServiceFlutterDriver: It is taking an unusually long time to connect to the VM...
VMServiceFlutterDriver: It is taking an unusually long time to connect to the VM...
VMServiceFlutterDriver: It is taking an unusually long time to connect to the VM...
VMServiceFlutterDriver: It is taking an unusually long time to connect to the VM...
VMServiceFlutterDriver: It is taking an unusually long time to connect to the VM...
VMServiceFlutterDriver: It is taking an unusually long time to connect to the VM...
VMServiceFlutterDriver: It is taking an unusually long time to connect to the VM...
VMServiceFlutterDriver: It is taking an unusually long time to connect to the VM...
VMServiceFlutterDriver: It is taking an unusually long time to connect to the VM...
VMServiceFlutterDriver: It is taking an unusually long time to connect to the VM...
VMServiceFlutterDriver: It is taking an unusually long time to connect to the VM...
VMServiceFlutterDriver: It is taking an unusually long time to connect to the VM...
VMServiceFlutterDriver: It is taking an unusually long time to connect to the VM...
VMServiceFlutterDriver: It is taking an unusually long time to connect to the VM...
VMServiceFlutterDriver: It is taking an unusually long time to connect to the VM...
VMServiceFlutterDriver: It is taking an unusually long time to connect to the VM...
VMServiceFlutterDriver: It is taking an unusually long time to connect to the VM...
VMServiceFlutterDriver: It is taking an unusually long time to connect to the VM...
VMServiceFlutterDriver: It is taking an unusually long time to connect to the VM...
VMServiceFlutterDriver: It is taking an unusually long time to connect to the VM...
VMServiceFlutterDriver: It is taking an unusually long time to connect to the VM...
VMServiceFlutterDriver: It is taking an unusually long time to connect to the VM...
VMServiceFlutterDriver: It is taking an unusually long time to connect to the VM...
VMServiceFlutterDriver: It is taking an unusually long time to connect to the VM...
VMServiceFlutterDriver: It is taking an unusually long time to connect to the VM...
VMServiceFlutterDriver: It is taking an unusually long time to connect to the VM...
VMServiceFlutterDriver: It is taking an unusually long time to connect to the VM...
VMServiceFlutterDriver: It is taking an unusually long time to connect to the VM...
VMServiceFlutterDriver: It is taking an unusually long time to connect to the VM...
VMServiceFlutterDriver: It is taking an unusually long time to connect to the VM...
VMServiceFlutterDriver: It is taking an unusually long time to connect to the VM...
VMServiceFlutterDriver: It is taking an unusually long time to connect to the VM...
VMServiceFlutterDriver: It is taking an unusually long time to connect to the VM...
VMServiceFlutterDriver: It is taking an unusually long time to connect to the VM...
VMServiceFlutterDriver: It is taking an unusually long time to connect to the VM...
VMServiceFlutterDriver: It is taking an unusually long time to connect to the VM...
VMServiceFlutterDriver: It is taking an unusually long time to connect to the VM...
VMServiceFlutterDriver: It is taking an unusually long time to connect to the VM...
VMServiceFlutterDriver: It is taking an unusually long time to connect to the VM...
VMServiceFlutterDriver: It is taking an unusually long time to connect to the VM...
VMServiceFlutterDriver: It is taking an unusually long time to connect to the VM...
VMServiceFlutterDriver: It is taking an unusually long time to connect to the VM...
VMServiceFlutterDriver: It is taking an unusually long time to connect to the VM...
VMServiceFlutterDriver: It is taking an unusually long time to connect to the VM...
VMServiceFlutterDriver: It is taking an unusually long time to connect to the VM...
VMServiceFlutterDriver: It is taking an unusually long time to connect to the VM...
VMServiceFlutterDriver: It is taking an unusually long time to connect to the VM...
VMServiceFlutterDriver: It is taking an unusually long time to connect to the VM...
VMServiceFlutterDriver: It is taking an unusually long time to connect to the VM...
VMServiceFlutterDriver: It is taking an unusually long time to connect to the VM...
VMServiceFlutterDriver: It is taking an unusually long time to connect to the VM...
VMServiceFlutterDriver: It is taking an unusually long time to connect to the VM...
VMServiceFlutterDriver: It is taking an unusually long time to connect to the VM...
VMServiceFlutterDriver: It is taking an unusually long time to connect to the VM...
VMServiceFlutterDriver: It is taking an unusually long time to connect to the VM...
VMServiceFlutterDriver: It is taking an unusually long time to connect to the VM...
VMServiceFlutterDriver: It is taking an unusually long time to connect to the VM...
VMServiceFlutterDriver: It is taking an unusually long time to connect to the VM...
VMServiceFlutterDriver: It is taking an unusually long time to connect to the VM...
VMServiceFlutterDriver: It is taking an unusually long time to connect to the VM...
VMServiceFlutterDriver: It is taking an unusually long time to connect to the VM...
VMServiceFlutterDriver: It is taking an unusually long time to connect to the VM...
VMServiceFlutterDriver: It is taking an unusually long time to connect to the VM...
VMServiceFlutterDriver: It is taking an unusually long time to connect to the VM...
VMServiceFlutterDriver: It is taking an unusually long time to connect to the VM...
VMServiceFlutterDriver: It is taking an unusually long time to connect to the VM...
VMServiceFlutterDriver: It is taking an unusually long time to connect to the VM...
VMServiceFlutterDriver: It is taking an unusually long time to connect to the VM...
VMServiceFlutterDriver: It is taking an unusually long time to connect to the VM...
VMServiceFlutterDriver: It is taking an unusually long time to connect to the VM...
VMServiceFlutterDriver: It is taking an unusually long time to connect to the VM...
VMServiceFlutterDriver: It is taking an unusually long time to connect to the VM...
VMServiceFlutterDriver: It is taking an unusually long time to connect to the VM...
VMServiceFlutterDriver: It is taking an unusually long time to connect to the VM...
VMServiceFlutterDriver: It is taking an unusually long time to connect to the VM...
VMServiceFlutterDriver: It is taking an unusually long time to connect to the VM...
VMServiceFlutterDriver: It is taking an unusually long time to connect to the VM...
VMServiceFlutterDriver: It is taking an unusually long time to connect to the VM...
VMServiceFlutterDriver: It is taking an unusually long time to connect to the VM...
VMServiceFlutterDriver: It is taking an unusually long time to connect to the VM...
VMServiceFlutterDriver: It is taking an unusually long time to connect to the VM...
VMServiceFlutterDriver: It is taking an unusually long time to connect to the VM...
VMServiceFlutterDriver: It is taking an unusually long time to connect to the VM...
VMServiceFlutterDriver: It is taking an unusually long time to connect to the VM...
VMServiceFlutterDriver: It is taking an unusually long time to connect to the VM...
VMServiceFlutterDriver: It is taking an unusually long time to connect to the VM...
VMServiceFlutterDriver: It is taking an unusually long time to connect to the VM...
VMServiceFlutterDriver: It is taking an unusually long time to connect to the VM...
