Running Gradle task 'assembleDebug'...                          
Warning: Flutter support for your project's Gradle version (8.14.3) will soon be dropped. Please upgrade your Gradle version to a version of at least 9.1.0 soon.
Alternatively, use the flag "--android-skip-build-dependency-validation" to bypass this check.

Potential fix: Your project's gradle version is typically defined in the gradle wrapper file. By default, this can be found at /home/runner/work/streetlift-apk/streetlift-apk/android/gradle/wrapper/gradle-wrapper.properties. 
For more information, see https://docs.gradle.org/current/userguide/gradle_wrapper.html.

Warning: Flutter support for your project's Android Gradle Plugin version (Android Gradle Plugin version 8.12.1) will soon be dropped. Please upgrade your Android Gradle Plugin version to a version of at least Android Gradle Plugin version 9.0.1 soon.
Alternatively, use the flag "--android-skip-build-dependency-validation" to bypass this check.

Potential fix: Your project's AGP version is typically defined in the plugins block of the `settings.gradle` file (/home/runner/work/streetlift-apk/streetlift-apk/android/settings.gradle), by a plugin with the id of com.android.application. 
If you don't see a plugins block, your project was likely created with an older template version. In this case it is most likely defined in the top-level build.gradle file (/home/runner/work/streetlift-apk/streetlift-apk/android/build.gradle) by the following line in the dependencies block of the buildscript: "classpath 'com.android.tools.build:gradle:<version>'".

Running Gradle task 'assembleDebug'...                             40.0s
✓ Built build/app/outputs/flutter-apk/app-debug.apk
Installing build/app/outputs/flutter-apk/app-debug.apk...        1,252ms
I/eetlift_tracker( 5504): Compiler allocated 5174KB to compile void android.view.ViewRootImpl.performTraversals()
I/Choreographer( 5504): Skipped 59 frames!  The application may be doing too much work on its main thread.
D/FlutterJNI( 5504): Sending viewport metrics to the engine.
VMServiceFlutterDriver: Connecting to Flutter application at http://127.0.0.1:44291/yrKFLmwSrgA=/
VMServiceFlutterDriver: Isolate found with number: 5660856916040763
VMServiceFlutterDriver: Isolate 5660856916040763 is runnable.
VMServiceFlutterDriver: Isolate is paused at start.
VMServiceFlutterDriver: Attempting to resume isolate
I/flutter ( 5504): 00:00 +0: Tour UI c : écrans principaux et parcours
VMServiceFlutterDriver: Connected to Flutter application.
D/ProfileInstaller( 5504): Installing profile for fr.tchoupi.streetlift_tracker
D/EGL_emulation( 5504): app_time_stats: avg=379.93ms min=264.83ms max=630.83ms count=4
D/EGL_emulation( 5504): app_time_stats: avg=235.81ms min=7.72ms max=992.77ms count=8
D/EGL_emulation( 5504): app_time_stats: avg=172.97ms min=120.89ms max=284.69ms count=6
D/EGL_emulation( 5504): app_time_stats: avg=369.86ms min=162.81ms max=536.76ms count=3
D/EGL_emulation( 5504): app_time_stats: avg=12074.95ms min=12074.95ms max=12074.95ms count=1
D/EGL_emulation( 5504): app_time_stats: avg=136.80ms min=94.89ms max=165.37ms count=8
D/EGL_emulation( 5504): app_time_stats: avg=170.27ms min=63.48ms max=364.50ms count=7
D/EGL_emulation( 5504): app_time_stats: avg=159.16ms min=128.81ms max=241.39ms count=7
D/EGL_emulation( 5504): app_time_stats: avg=119.33ms min=46.77ms max=156.33ms count=8
D/EGL_emulation( 5504): app_time_stats: avg=147.07ms min=60.52ms max=238.91ms count=8
D/EGL_emulation( 5504): app_time_stats: avg=198.79ms min=119.65ms max=454.00ms count=6
D/EGL_emulation( 5504): app_time_stats: avg=139.24ms min=111.12ms max=209.82ms count=8
D/EGL_emulation( 5504): app_time_stats: avg=112.88ms min=61.72ms max=160.57ms count=9
D/EGL_emulation( 5504): app_time_stats: avg=130.16ms min=52.75ms max=157.70ms count=8
D/EGL_emulation( 5504): app_time_stats: avg=86.62ms min=76.00ms max=133.72ms count=9
D/EGL_emulation( 5504): app_time_stats: avg=123.08ms min=68.60ms max=212.34ms count=8
W/WindowOnBackDispatcher( 5504): OnBackInvokedCallback is not enabled for the application.
W/WindowOnBackDispatcher( 5504): Set 'android:enableOnBackInvokedCallback="true"' in the application manifest.
D/EGL_emulation( 5504): app_time_stats: avg=132.26ms min=113.51ms max=163.35ms count=8
D/EGL_emulation( 5504): app_time_stats: avg=93.91ms min=12.05ms max=197.36ms count=11
D/EGL_emulation( 5504): app_time_stats: avg=106.15ms min=17.93ms max=143.93ms count=10
D/EGL_emulation( 5504): app_time_stats: avg=80.59ms min=21.93ms max=170.39ms count=12
D/EGL_emulation( 5504): app_time_stats: avg=112.05ms min=71.63ms max=233.39ms count=9
D/EGL_emulation( 5504): app_time_stats: avg=146.57ms min=53.02ms max=173.69ms count=7
D/EGL_emulation( 5504): app_time_stats: avg=141.70ms min=46.55ms max=200.77ms count=8
D/EGL_emulation( 5504): app_time_stats: avg=126.04ms min=110.10ms max=148.88ms count=8
W/WindowOnBackDispatcher( 5504): OnBackInvokedCallback is not enabled for the application.
W/WindowOnBackDispatcher( 5504): Set 'android:enableOnBackInvokedCallback="true"' in the application manifest.
D/EGL_emulation( 5504): app_time_stats: avg=107.87ms min=14.74ms max=155.11ms count=9
D/EGL_emulation( 5504): app_time_stats: avg=112.68ms min=79.07ms max=130.52ms count=9
D/EGL_emulation( 5504): app_time_stats: avg=138.30ms min=116.17ms max=174.40ms count=8
D/EGL_emulation( 5504): app_time_stats: avg=139.54ms min=118.27ms max=161.68ms count=8
D/EGL_emulation( 5504): app_time_stats: avg=104.55ms min=53.43ms max=189.75ms count=9
W/WindowOnBackDispatcher( 5504): OnBackInvokedCallback is not enabled for the application.
W/WindowOnBackDispatcher( 5504): Set 'android:enableOnBackInvokedCallback="true"' in the application manifest.
D/EGL_emulation( 5504): app_time_stats: avg=91.35ms min=12.15ms max=162.00ms count=9
D/EGL_emulation( 5504): app_time_stats: avg=112.19ms min=78.83ms max=117.07ms count=9
D/EGL_emulation( 5504): app_time_stats: avg=111.54ms min=50.71ms max=172.44ms count=8
D/EGL_emulation( 5504): app_time_stats: avg=110.51ms min=71.16ms max=151.68ms count=8
D/EGL_emulation( 5504): app_time_stats: avg=129.18ms min=47.99ms max=158.54ms count=8
W/WindowOnBackDispatcher( 5504): OnBackInvokedCallback is not enabled for the application.
W/WindowOnBackDispatcher( 5504): Set 'android:enableOnBackInvokedCallback="true"' in the application manifest.
D/EGL_emulation( 5504): app_time_stats: avg=114.41ms min=9.00ms max=177.87ms count=8
D/EGL_emulation( 5504): app_time_stats: avg=75.93ms min=8.28ms max=97.35ms count=13
D/EGL_emulation( 5504): app_time_stats: avg=73.24ms min=10.53ms max=91.73ms count=12
D/EGL_emulation( 5504): app_time_stats: avg=100.54ms min=11.78ms max=255.48ms count=11
D/EGL_emulation( 5504): app_time_stats: avg=110.33ms min=39.68ms max=193.33ms count=9
D/EGL_emulation( 5504): app_time_stats: avg=118.20ms min=41.81ms max=170.17ms count=8
W/WindowOnBackDispatcher( 5504): OnBackInvokedCallback is not enabled for the application.
W/WindowOnBackDispatcher( 5504): Set 'android:enableOnBackInvokedCallback="true"' in the application manifest.
D/EGL_emulation( 5504): app_time_stats: avg=129.62ms min=109.94ms max=152.86ms count=8
D/EGL_emulation( 5504): app_time_stats: avg=95.00ms min=12.87ms max=133.39ms count=11
D/EGL_emulation( 5504): app_time_stats: avg=126.65ms min=114.74ms max=154.85ms count=9
D/EGL_emulation( 5504): app_time_stats: avg=112.74ms min=52.39ms max=150.94ms count=8
D/EGL_emulation( 5504): app_time_stats: avg=81.39ms min=48.73ms max=138.64ms count=9
W/WindowOnBackDispatcher( 5504): OnBackInvokedCallback is not enabled for the application.
W/WindowOnBackDispatcher( 5504): Set 'android:enableOnBackInvokedCallback="true"' in the application manifest.
D/EGL_emulation( 5504): app_time_stats: avg=99.51ms min=49.21ms max=171.27ms count=8
D/EGL_emulation( 5504): app_time_stats: avg=86.66ms min=68.61ms max=167.66ms count=11
D/EGL_emulation( 5504): app_time_stats: avg=72.87ms min=13.98ms max=98.40ms count=12
D/EGL_emulation( 5504): app_time_stats: avg=71.57ms min=10.24ms max=164.46ms count=11
D/EGL_emulation( 5504): app_time_stats: avg=107.49ms min=13.08ms max=177.19ms count=9
D/EGL_emulation( 5504): app_time_stats: avg=96.93ms min=55.43ms max=140.95ms count=8
D/EGL_emulation( 5504): app_time_stats: avg=100.67ms min=67.88ms max=152.96ms count=8
D/EGL_emulation( 5504): app_time_stats: avg=96.05ms min=44.66ms max=191.02ms count=10
D/EGL_emulation( 5504): app_time_stats: avg=112.68ms min=42.90ms max=150.49ms count=8
D/EGL_emulation( 5504): app_time_stats: avg=103.04ms min=39.34ms max=249.72ms count=9
D/EGL_emulation( 5504): app_time_stats: avg=144.39ms min=38.94ms max=301.45ms count=7
D/EGL_emulation( 5504): app_time_stats: avg=126.78ms min=53.82ms max=205.28ms count=8
D/EGL_emulation( 5504): app_time_stats: avg=126.85ms min=46.07ms max=188.02ms count=8
D/EGL_emulation( 5504): app_time_stats: avg=119.04ms min=55.14ms max=154.81ms count=8
D/EGL_emulation( 5504): app_time_stats: avg=147.83ms min=49.62ms max=331.75ms count=7
D/EGL_emulation( 5504): app_time_stats: avg=119.66ms min=115.94ms max=130.13ms count=9
D/EGL_emulation( 5504): app_time_stats: avg=112.76ms min=38.55ms max=172.13ms count=9
D/EGL_emulation( 5504): app_time_stats: avg=126.28ms min=33.62ms max=154.73ms count=8
D/EGL_emulation( 5504): app_time_stats: avg=102.90ms min=39.47ms max=161.65ms count=9
D/EGL_emulation( 5504): app_time_stats: avg=145.95ms min=116.06ms max=303.34ms count=7
D/EGL_emulation( 5504): app_time_stats: avg=121.72ms min=116.08ms max=145.00ms count=9
D/EGL_emulation( 5504): app_time_stats: avg=135.22ms min=125.24ms max=149.21ms count=8
D/EGL_emulation( 5504): app_time_stats: avg=114.18ms min=43.58ms max=161.30ms count=8
D/EGL_emulation( 5504): app_time_stats: avg=129.59ms min=77.96ms max=159.40ms count=8
D/EGL_emulation( 5504): app_time_stats: avg=132.91ms min=53.75ms max=214.05ms count=8
D/EGL_emulation( 5504): app_time_stats: avg=119.83ms min=49.25ms max=227.48ms count=8
D/EGL_emulation( 5504): app_time_stats: avg=101.48ms min=74.51ms max=141.31ms count=8
D/EGL_emulation( 5504): app_time_stats: avg=133.21ms min=54.04ms max=223.59ms count=8
D/EGL_emulation( 5504): app_time_stats: avg=114.76ms min=40.65ms max=132.02ms count=9
D/EGL_emulation( 5504): app_time_stats: avg=118.62ms min=67.23ms max=165.75ms count=8
D/EGL_emulation( 5504): app_time_stats: avg=120.96ms min=49.32ms max=184.50ms count=8
D/EGL_emulation( 5504): app_time_stats: avg=107.97ms min=46.19ms max=153.25ms count=9
D/EGL_emulation( 5504): app_time_stats: avg=97.59ms min=45.00ms max=239.16ms count=9
D/EGL_emulation( 5504): app_time_stats: avg=106.08ms min=64.98ms max=162.05ms count=8
D/EGL_emulation( 5504): app_time_stats: avg=85.91ms min=39.65ms max=149.58ms count=9
D/EGL_emulation( 5504): app_time_stats: avg=85.88ms min=55.25ms max=147.57ms count=9
D/EGL_emulation( 5504): app_time_stats: avg=71.57ms min=2.89ms max=150.13ms count=9
D/EGL_emulation( 5504): app_time_stats: avg=132.35ms min=99.02ms max=252.75ms count=8
D/EGL_emulation( 5504): app_time_stats: avg=132.51ms min=111.89ms max=149.46ms count=8
D/EGL_emulation( 5504): app_time_stats: avg=119.99ms min=2.20ms max=161.91ms count=9
D/EGL_emulation( 5504): app_time_stats: avg=137.45ms min=109.01ms max=290.75ms count=8
D/EGL_emulation( 5504): app_time_stats: avg=108.96ms min=39.29ms max=145.01ms count=9
W/WindowOnBackDispatcher( 5504): OnBackInvokedCallback is not enabled for the application.
W/WindowOnBackDispatcher( 5504): Set 'android:enableOnBackInvokedCallback="true"' in the application manifest.
D/EGL_emulation( 5504): app_time_stats: avg=101.03ms min=70.11ms max=204.60ms count=8
D/EGL_emulation( 5504): app_time_stats: avg=108.79ms min=3.33ms max=196.70ms count=10
D/EGL_emulation( 5504): app_time_stats: avg=117.43ms min=116.31ms max=123.97ms count=9
D/EGL_emulation( 5504): app_time_stats: avg=149.23ms min=132.29ms max=170.86ms count=7
D/EGL_emulation( 5504): app_time_stats: avg=81.20ms min=44.96ms max=136.64ms count=10
D/EGL_emulation( 5504): app_time_stats: avg=125.93ms min=50.17ms max=164.01ms count=8
D/EGL_emulation( 5504): app_time_stats: avg=103.60ms min=41.94ms max=131.17ms count=7
D/EGL_emulation( 5504): app_time_stats: avg=97.97ms min=39.10ms max=141.65ms count=9
D/EGL_emulation( 5504): app_time_stats: avg=78.13ms min=51.34ms max=109.21ms count=9
D/EGL_emulation( 5504): app_time_stats: avg=88.55ms min=53.41ms max=159.05ms count=9
D/EGL_emulation( 5504): app_time_stats: avg=77.07ms min=14.96ms max=136.58ms count=8
D/EGL_emulation( 5504): app_time_stats: avg=82.55ms min=70.94ms max=137.76ms count=9
D/EGL_emulation( 5504): app_time_stats: avg=123.99ms min=77.36ms max=184.69ms count=7
D/EGL_emulation( 5504): app_time_stats: avg=114.76ms min=58.30ms max=156.31ms count=8
D/EGL_emulation( 5504): app_time_stats: avg=142.16ms min=54.97ms max=223.67ms count=7
D/EGL_emulation( 5504): app_time_stats: avg=137.36ms min=114.20ms max=147.08ms count=8
D/EGL_emulation( 5504): app_time_stats: avg=127.04ms min=113.61ms max=136.96ms count=8
D/EGL_emulation( 5504): app_time_stats: avg=125.76ms min=2.19ms max=178.80ms count=8
D/EGL_emulation( 5504): app_time_stats: avg=105.57ms min=53.97ms max=146.52ms count=9
D/EGL_emulation( 5504): app_time_stats: avg=147.70ms min=118.68ms max=176.33ms count=7
D/EGL_emulation( 5504): app_time_stats: avg=125.70ms min=42.81ms max=173.31ms count=8
D/EGL_emulation( 5504): app_time_stats: avg=102.42ms min=42.51ms max=173.66ms count=9
D/EGL_emulation( 5504): app_time_stats: avg=85.83ms min=72.41ms max=120.80ms count=7
D/EGL_emulation( 5504): app_time_stats: avg=102.79ms min=44.07ms max=151.71ms count=9
D/EGL_emulation( 5504): app_time_stats: avg=106.16ms min=70.02ms max=172.93ms count=8
D/EGL_emulation( 5504): app_time_stats: avg=115.16ms min=58.39ms max=141.58ms count=8
D/EGL_emulation( 5504): app_time_stats: avg=122.84ms min=60.72ms max=172.04ms count=8
W/WindowOnBackDispatcher( 5504): OnBackInvokedCallback is not enabled for the application.
W/WindowOnBackDispatcher( 5504): Set 'android:enableOnBackInvokedCallback="true"' in the application manifest.
D/EGL_emulation( 5504): app_time_stats: avg=105.97ms min=11.49ms max=166.15ms count=10
D/EGL_emulation( 5504): app_time_stats: avg=109.37ms min=76.01ms max=117.47ms count=10
D/EGL_emulation( 5504): app_time_stats: avg=101.91ms min=10.58ms max=141.01ms count=10
D/EGL_emulation( 5504): app_time_stats: avg=110.52ms min=76.87ms max=119.32ms count=10
D/EGL_emulation( 5504): app_time_stats: avg=128.59ms min=91.49ms max=198.48ms count=8
D/EGL_emulation( 5504): app_time_stats: avg=128.19ms min=72.20ms max=167.32ms count=8
D/EGL_emulation( 5504): app_time_stats: avg=138.44ms min=54.57ms max=223.47ms count=8
D/EGL_emulation( 5504): app_time_stats: avg=120.10ms min=54.48ms max=200.21ms count=8
D/EGL_emulation( 5504): app_time_stats: avg=144.20ms min=124.41ms max=161.86ms count=7
D/EGL_emulation( 5504): app_time_stats: avg=87.39ms min=40.64ms max=211.51ms count=9
D/EGL_emulation( 5504): app_time_stats: avg=136.72ms min=77.23ms max=169.09ms count=7
D/EGL_emulation( 5504): app_time_stats: avg=124.46ms min=60.45ms max=150.83ms count=8
D/EGL_emulation( 5504): app_time_stats: avg=135.87ms min=53.75ms max=223.80ms count=9
D/EGL_emulation( 5504): app_time_stats: avg=118.83ms min=46.83ms max=152.15ms count=8
D/EGL_emulation( 5504): app_time_stats: avg=136.36ms min=59.42ms max=173.41ms count=8
D/EGL_emulation( 5504): app_time_stats: avg=88.67ms min=2.20ms max=140.21ms count=9
D/EGL_emulation( 5504): app_time_stats: avg=85.47ms min=69.40ms max=140.94ms count=9
D/EGL_emulation( 5504): app_time_stats: avg=117.26ms min=69.19ms max=157.42ms count=7
D/EGL_emulation( 5504): app_time_stats: avg=86.82ms min=35.98ms max=155.50ms count=9
D/EGL_emulation( 5504): app_time_stats: avg=98.91ms min=52.27ms max=162.06ms count=9
D/EGL_emulation( 5504): app_time_stats: avg=143.66ms min=119.52ms max=163.66ms count=7
D/EGL_emulation( 5504): app_time_stats: avg=130.01ms min=103.08ms max=187.63ms count=8
D/EGL_emulation( 5504): app_time_stats: avg=143.99ms min=121.25ms max=195.12ms count=8
W/eetlift_tracker( 5504): ApkAssets: Deleting an ApkAssets object '<empty> and /product/app/talkback/talkback.apk' with 1 weak references
W/eetlift_tracker( 5504): ApkAssets: Deleting an ApkAssets object '/vendor/overlay/EmulatorTalkBackOverlay/EmulatorTalkBackOverlay.apk' with 1 weak references
D/EGL_emulation( 5504): app_time_stats: avg=77.83ms min=2.33ms max=116.56ms count=10
D/EGL_emulation( 5504): app_time_stats: avg=83.91ms min=66.48ms max=125.83ms count=9
D/EGL_emulation( 5504): app_time_stats: avg=104.29ms min=41.18ms max=166.26ms count=9
D/EGL_emulation( 5504): app_time_stats: avg=140.09ms min=126.82ms max=167.44ms count=7
W/WindowOnBackDispatcher( 5504): OnBackInvokedCallback is not enabled for the application.
W/WindowOnBackDispatcher( 5504): Set 'android:enableOnBackInvokedCallback="true"' in the application manifest.
D/EGL_emulation( 5504): app_time_stats: avg=123.06ms min=36.91ms max=181.15ms count=9
D/EGL_emulation( 5504): app_time_stats: avg=96.71ms min=12.31ms max=154.68ms count=11
D/EGL_emulation( 5504): app_time_stats: avg=114.57ms min=97.86ms max=117.08ms count=9
D/EGL_emulation( 5504): app_time_stats: avg=69.26ms min=13.62ms max=130.36ms count=11
D/EGL_emulation( 5504): app_time_stats: avg=105.74ms min=10.36ms max=144.11ms count=10
D/EGL_emulation( 5504): app_time_stats: avg=70.68ms min=6.00ms max=129.34ms count=11
D/EGL_emulation( 5504): app_time_stats: avg=106.56ms min=69.94ms max=135.14ms count=10
D/EGL_emulation( 5504): app_time_stats: avg=138.09ms min=94.68ms max=238.62ms count=8
D/EGL_emulation( 5504): app_time_stats: avg=107.76ms min=47.70ms max=186.55ms count=8
D/EGL_emulation( 5504): app_time_stats: avg=119.40ms min=52.70ms max=160.81ms count=8
D/EGL_emulation( 5504): app_time_stats: avg=153.53ms min=118.57ms max=217.23ms count=7
D/EGL_emulation( 5504): app_time_stats: avg=147.31ms min=133.56ms max=170.66ms count=7
D/EGL_emulation( 5504): app_time_stats: avg=133.31ms min=114.35ms max=149.48ms count=8
D/EGL_emulation( 5504): app_time_stats: avg=140.56ms min=110.67ms max=158.63ms count=8
D/EGL_emulation( 5504): app_time_stats: avg=88.95ms min=56.87ms max=150.85ms count=9
D/EGL_emulation( 5504): app_time_stats: avg=121.20ms min=60.69ms max=158.21ms count=8
D/EGL_emulation( 5504): app_time_stats: avg=141.16ms min=122.74ms max=167.63ms count=7
D/EGL_emulation( 5504): app_time_stats: avg=98.29ms min=45.66ms max=140.94ms count=9
D/EGL_emulation( 5504): app_time_stats: avg=131.54ms min=68.51ms max=154.64ms count=7
D/EGL_emulation( 5504): app_time_stats: avg=103.53ms min=26.24ms max=188.49ms count=9
D/EGL_emulation( 5504): app_time_stats: avg=99.00ms min=47.31ms max=148.27ms count=9
D/EGL_emulation( 5504): app_time_stats: avg=134.90ms min=116.07ms max=156.61ms count=8
D/EGL_emulation( 5504): app_time_stats: avg=134.72ms min=45.84ms max=217.17ms count=8
D/EGL_emulation( 5504): app_time_stats: avg=120.77ms min=46.25ms max=169.96ms count=8
D/EGL_emulation( 5504): app_time_stats: avg=92.36ms min=43.41ms max=167.24ms count=8
D/EGL_emulation( 5504): app_time_stats: avg=114.76ms min=64.01ms max=167.27ms count=9
D/EGL_emulation( 5504): app_time_stats: avg=114.21ms min=45.64ms max=153.36ms count=9
D/EGL_emulation( 5504): app_time_stats: avg=123.79ms min=46.26ms max=171.38ms count=8
D/EGL_emulation( 5504): app_time_stats: avg=100.68ms min=56.60ms max=154.85ms count=9
D/EGL_emulation( 5504): app_time_stats: avg=125.24ms min=51.83ms max=169.89ms count=8
D/EGL_emulation( 5504): app_time_stats: avg=129.04ms min=116.88ms max=144.03ms count=8
D/EGL_emulation( 5504): app_time_stats: avg=100.51ms min=36.50ms max=149.56ms count=9
W/WindowOnBackDispatcher( 5504): OnBackInvokedCallback is not enabled for the application.
W/WindowOnBackDispatcher( 5504): Set 'android:enableOnBackInvokedCallback="true"' in the application manifest.
D/EGL_emulation( 5504): app_time_stats: avg=90.08ms min=69.54ms max=156.66ms count=9
D/EGL_emulation( 5504): app_time_stats: avg=106.01ms min=82.45ms max=118.74ms count=10
D/EGL_emulation( 5504): app_time_stats: avg=104.09ms min=10.29ms max=151.54ms count=10
D/EGL_emulation( 5504): app_time_stats: avg=106.39ms min=71.04ms max=129.61ms count=10
D/EGL_emulation( 5504): app_time_stats: avg=79.17ms min=10.31ms max=117.85ms count=12
D/EGL_emulation( 5504): app_time_stats: avg=77.77ms min=18.21ms max=101.40ms count=11
D/EGL_emulation( 5504): app_time_stats: avg=90.86ms min=71.10ms max=123.21ms count=10
D/EGL_emulation( 5504): app_time_stats: avg=116.64ms min=115.40ms max=117.69ms count=9
D/EGL_emulation( 5504): app_time_stats: avg=117.84ms min=73.38ms max=195.76ms count=8
D/EGL_emulation( 5504): app_time_stats: avg=105.93ms min=51.40ms max=175.55ms count=8
D/EGL_emulation( 5504): app_time_stats: avg=113.91ms min=44.14ms max=149.71ms count=8
D/EGL_emulation( 5504): app_time_stats: avg=106.53ms min=74.77ms max=163.03ms count=8
D/EGL_emulation( 5504): app_time_stats: avg=108.29ms min=43.75ms max=173.45ms count=8
D/EGL_emulation( 5504): app_time_stats: avg=80.51ms min=6.72ms max=193.13ms count=9
D/EGL_emulation( 5504): app_time_stats: avg=131.34ms min=125.61ms max=147.85ms count=8
D/EGL_emulation( 5504): app_time_stats: avg=118.89ms min=55.57ms max=176.42ms count=8
D/EGL_emulation( 5504): app_time_stats: avg=81.63ms min=74.33ms max=124.01ms count=9
D/EGL_emulation( 5504): app_time_stats: avg=105.28ms min=75.88ms max=151.80ms count=8
D/EGL_emulation( 5504): app_time_stats: avg=129.92ms min=114.55ms max=155.77ms count=8
D/EGL_emulation( 5504): app_time_stats: avg=120.63ms min=49.35ms max=212.82ms count=8
D/EGL_emulation( 5504): app_time_stats: avg=97.41ms min=39.25ms max=145.16ms count=10
D/EGL_emulation( 5504): app_time_stats: avg=128.81ms min=124.30ms max=134.91ms count=8
D/EGL_emulation( 5504): app_time_stats: avg=129.32ms min=116.04ms max=152.57ms count=8
D/EGL_emulation( 5504): app_time_stats: avg=120.68ms min=51.41ms max=224.40ms count=8
D/EGL_emulation( 5504): app_time_stats: avg=106.23ms min=7.66ms max=156.93ms count=8
D/EGL_emulation( 5504): app_time_stats: avg=137.37ms min=114.54ms max=155.99ms count=8
D/EGL_emulation( 5504): app_time_stats: avg=149.75ms min=58.07ms max=243.93ms count=8
D/EGL_emulation( 5504): app_time_stats: avg=103.41ms min=42.38ms max=139.74ms count=9
D/EGL_emulation( 5504): app_time_stats: avg=139.34ms min=118.60ms max=165.83ms count=7
D/EGL_emulation( 5504): app_time_stats: avg=136.47ms min=120.16ms max=170.99ms count=8
D/EGL_emulation( 5504): app_time_stats: avg=85.17ms min=46.51ms max=131.63ms count=9
W/WindowOnBackDispatcher( 5504): OnBackInvokedCallback is not enabled for the application.
W/WindowOnBackDispatcher( 5504): Set 'android:enableOnBackInvokedCallback="true"' in the application manifest.
D/EGL_emulation( 5504): app_time_stats: avg=131.40ms min=76.06ms max=227.79ms count=8
D/EGL_emulation( 5504): app_time_stats: avg=102.36ms min=10.43ms max=176.93ms count=10
D/EGL_emulation( 5504): app_time_stats: avg=116.60ms min=115.38ms max=117.59ms count=9
D/EGL_emulation( 5504): app_time_stats: avg=102.16ms min=11.12ms max=179.10ms count=10
D/EGL_emulation( 5504): app_time_stats: avg=96.42ms min=12.06ms max=127.34ms count=11
D/EGL_emulation( 5504): app_time_stats: avg=91.27ms min=12.64ms max=168.89ms count=11
D/EGL_emulation( 5504): app_time_stats: avg=94.07ms min=6.53ms max=135.29ms count=11
D/EGL_emulation( 5504): app_time_stats: avg=94.32ms min=9.98ms max=133.30ms count=11
D/EGL_emulation( 5504): app_time_stats: avg=92.13ms min=7.02ms max=158.46ms count=11
D/EGL_emulation( 5504): app_time_stats: avg=116.52ms min=116.11ms max=117.15ms count=9
D/EGL_emulation( 5504): app_time_stats: avg=156.69ms min=113.08ms max=214.62ms count=7
D/EGL_emulation( 5504): app_time_stats: avg=97.86ms min=66.43ms max=140.27ms count=9
D/EGL_emulation( 5504): app_time_stats: avg=94.04ms min=71.34ms max=144.39ms count=8
D/EGL_emulation( 5504): app_time_stats: avg=111.24ms min=55.08ms max=163.97ms count=8
D/EGL_emulation( 5504): app_time_stats: avg=135.54ms min=118.95ms max=167.77ms count=8
D/EGL_emulation( 5504): app_time_stats: avg=120.59ms min=67.19ms max=160.35ms count=8
D/EGL_emulation( 5504): app_time_stats: avg=105.22ms min=17.82ms max=164.73ms count=9
D/EGL_emulation( 5504): app_time_stats: avg=110.27ms min=43.19ms max=238.99ms count=8
D/EGL_emulation( 5504): app_time_stats: avg=127.27ms min=115.02ms max=137.37ms count=8
D/EGL_emulation( 5504): app_time_stats: avg=134.74ms min=118.83ms max=147.31ms count=8
D/EGL_emulation( 5504): app_time_stats: avg=94.41ms min=45.18ms max=155.09ms count=9
D/EGL_emulation( 5504): app_time_stats: avg=112.23ms min=74.04ms max=181.18ms count=7
D/EGL_emulation( 5504): app_time_stats: avg=90.18ms min=6.08ms max=129.36ms count=9
D/EGL_emulation( 5504): app_time_stats: avg=95.59ms min=3.99ms max=160.20ms count=8
D/EGL_emulation( 5504): app_time_stats: avg=89.72ms min=45.46ms max=156.74ms count=9
D/EGL_emulation( 5504): app_time_stats: avg=91.39ms min=70.97ms max=158.56ms count=9
D/EGL_emulation( 5504): app_time_stats: avg=129.30ms min=49.78ms max=225.34ms count=8
D/EGL_emulation( 5504): app_time_stats: avg=128.49ms min=56.90ms max=229.23ms count=8
D/EGL_emulation( 5504): app_time_stats: avg=85.02ms min=45.55ms max=155.40ms count=10
D/EGL_emulation( 5504): app_time_stats: avg=111.39ms min=76.07ms max=162.52ms count=8
D/EGL_emulation( 5504): app_time_stats: avg=126.43ms min=117.14ms max=151.91ms count=8
D/EGL_emulation( 5504): app_time_stats: avg=76.91ms min=2.79ms max=136.75ms count=10
D/EGL_emulation( 5504): app_time_stats: avg=119.78ms min=55.51ms max=237.45ms count=7
D/EGL_emulation( 5504): app_time_stats: avg=124.43ms min=23.38ms max=167.92ms count=8
D/EGL_emulation( 5504): app_time_stats: avg=79.35ms min=54.02ms max=146.02ms count=9
D/EGL_emulation( 5504): app_time_stats: avg=91.45ms min=63.72ms max=133.98ms count=8
D/EGL_emulation( 5504): app_time_stats: avg=88.63ms min=46.12ms max=161.03ms count=9
D/EGL_emulation( 5504): app_time_stats: avg=91.27ms min=51.43ms max=167.94ms count=8
D/EGL_emulation( 5504): app_time_stats: avg=139.60ms min=40.56ms max=209.53ms count=8
D/EGL_emulation( 5504): app_time_stats: avg=136.93ms min=68.30ms max=221.15ms count=8
D/EGL_emulation( 5504): app_time_stats: avg=104.22ms min=53.82ms max=164.92ms count=9
W/WindowOnBackDispatcher( 5504): OnBackInvokedCallback is not enabled for the application.
W/WindowOnBackDispatcher( 5504): Set 'android:enableOnBackInvokedCallback="true"' in the application manifest.
D/EGL_emulation( 5504): app_time_stats: avg=97.92ms min=50.10ms max=263.24ms count=9
D/EGL_emulation( 5504): app_time_stats: avg=94.38ms min=65.20ms max=127.20ms count=11
D/EGL_emulation( 5504): app_time_stats: avg=114.49ms min=96.10ms max=117.70ms count=9
D/EGL_emulation( 5504): app_time_stats: avg=73.33ms min=15.96ms max=134.29ms count=11
D/EGL_emulation( 5504): app_time_stats: avg=115.18ms min=103.07ms max=118.68ms count=9
D/EGL_emulation( 5504): app_time_stats: avg=121.08ms min=67.67ms max=188.64ms count=9
D/EGL_emulation( 5504): app_time_stats: avg=106.58ms min=45.39ms max=204.73ms count=9
D/EGL_emulation( 5504): app_time_stats: avg=94.93ms min=56.82ms max=159.66ms count=8
D/EGL_emulation( 5504): app_time_stats: avg=80.46ms min=65.19ms max=119.06ms count=9
D/EGL_emulation( 5504): app_time_stats: avg=93.50ms min=53.98ms max=238.34ms count=8
D/EGL_emulation( 5504): app_time_stats: avg=143.59ms min=69.30ms max=169.43ms count=7
W/eetlift_tracker( 5504): ApkAssets: Deleting an ApkAssets object '<empty> and /product/app/talkback/talkback.apk' with 1 weak references
W/eetlift_tracker( 5504): ApkAssets: Deleting an ApkAssets object '/vendor/overlay/EmulatorTalkBackOverlay/EmulatorTalkBackOverlay.apk' with 1 weak references
D/EGL_emulation( 5504): app_time_stats: avg=100.09ms min=44.49ms max=154.57ms count=9
D/EGL_emulation( 5504): app_time_stats: avg=76.21ms min=67.67ms max=84.06ms count=9
D/EGL_emulation( 5504): app_time_stats: avg=78.80ms min=70.97ms max=83.80ms count=9
D/EGL_emulation( 5504): app_time_stats: avg=90.59ms min=41.97ms max=167.10ms count=9
D/EGL_emulation( 5504): app_time_stats: avg=102.95ms min=55.45ms max=162.59ms count=8
D/EGL_emulation( 5504): app_time_stats: avg=136.86ms min=75.63ms max=176.83ms count=7
D/EGL_emulation( 5504): app_time_stats: avg=102.05ms min=52.97ms max=201.03ms count=8
D/EGL_emulation( 5504): app_time_stats: avg=83.25ms min=63.02ms max=150.23ms count=9
D/EGL_emulation( 5504): app_time_stats: avg=90.11ms min=58.73ms max=178.75ms count=9
D/EGL_emulation( 5504): app_time_stats: avg=120.94ms min=59.01ms max=214.57ms count=8
D/EGL_emulation( 5504): app_time_stats: avg=90.69ms min=41.28ms max=194.50ms count=9
W/WindowOnBackDispatcher( 5504): OnBackInvokedCallback is not enabled for the application.
W/WindowOnBackDispatcher( 5504): Set 'android:enableOnBackInvokedCallback="true"' in the application manifest.
D/EGL_emulation( 5504): app_time_stats: avg=89.31ms min=66.84ms max=141.63ms count=9
D/EGL_emulation( 5504): app_time_stats: avg=92.94ms min=11.95ms max=205.67ms count=9
D/EGL_emulation( 5504): app_time_stats: avg=92.29ms min=12.83ms max=117.74ms count=11
D/EGL_emulation( 5504): app_time_stats: avg=129.92ms min=70.96ms max=173.20ms count=8
D/EGL_emulation( 5504): app_time_stats: avg=93.75ms min=5.73ms max=133.35ms count=9
D/EGL_emulation( 5504): app_time_stats: avg=89.02ms min=47.30ms max=164.19ms count=9
I/flutter ( 5504): 05:04 +1: (tearDownAll)
I/flutter ( 5504): 05:04 +2: All tests passed!
All tests passed.
