
::group::✅ L6 banc hôte (setUpAll)
KALIS_PERF {"label":"base","scenario":"meta","profile":"-","status":"ok","dart":"3.7.2 (stable) (Tue Mar 11 04:27:50 2025 -0700) on \"linux_x64\"","os":"linux Linux 6.17.0-1022-azure #22-Ubuntu SMP Mon Jul 27 17:24:03 UTC 2026","cpus":2,"n":9,"warmup":2,"seed":20260926,"inventory":{"neuf":{"seances":0,"series":0,"resultatsWod":0,"wodPerso":0},"regulier":{"seances":86,"series":1877,"resultatsWod":40,"wodPerso":0,"wodModifies":0,"achats":10,"seancesPersoModeles":20},"long":{"seances":320,"series":6587,"resultatsWod":300,"wodPerso":0,"wodModifies":0,"achats":30,"seancesPersoModeles":60},"charge":{"seances":840,"series":20347,"resultatsWod":1500,"wodPerso":50,"wodModifies":30,"achats":150,"seancesPersoModeles":150}},"storedBytes":{"neuf":0,"regulier":30511,"long":103911,"charge":283335},"exportBytes":{"regulier":256718,"long":919942,"charge":2916052}}
::endgroup::
::group::✅ L6 banc hôte empreinte des résultats métier
KALIS_PERF {"label":"base","scenario":"digest","profile":"neuf","status":"ok","unit":"digest","values":{"export":"24e5920facda1d25","xp":0,"level":1,"credits":3,"wodLevels":"4137b7190bb9a8f7","estimates":"527ad85574e530f8","history":"-340d631b7bdddcdb","muscles":"3a392c97dd457cb6","bests":"-340d631b7bdddcdb","recommended":"6fa61ffa929209a3"}}
KALIS_PERF {"label":"base","scenario":"digest","profile":"regulier","status":"ok","unit":"digest","values":{"export":"7de0eaa0935b0bb4","xp":17425,"level":25,"credits":53,"wodLevels":"4137b7190bb9a8f7","estimates":"527ad85574e530f8","history":"-4a6073a74d3adff9","muscles":"3a392c97dd457cb6","bests":"-5f40d7b655e09619","recommended":"3031c157bae209ad"}}
KALIS_PERF {"label":"base","scenario":"digest","profile":"long","status":"ok","unit":"digest","values":{"export":"29492838ba63ce10","xp":70135,"level":51,"credits":111,"wodLevels":"4137b7190bb9a8f7","estimates":"527ad85574e530f8","history":"-e4f854e47a64d82","muscles":"-4adf6367afc0a2a","bests":"-12b9593e787b9f58","recommended":"-69e8b78a735b219a"}}
KALIS_PERF {"label":"base","scenario":"digest","profile":"charge","status":"ok","unit":"digest","values":{"export":"63c783420526a41b","xp":220015,"level":92,"credits":-77,"wodLevels":"-34e5fae491df5f84","estimates":"77af5c98347524ab","history":"21d0f25f63be420f","muscles":"5acd64723970c1a3","bests":"18ce07fb35c397a9","recommended":"-69e8b78a735b219a"}}
::endgroup::
::group::✅ L6 banc hôte démarrage : lecture du stockage, migrations, catalogue
KALIS_PERF {"label":"base","scenario":"store.init","profile":"neuf","status":"ok","unit":"ms","warmup":2,"values":[62.011,65.013,105.921,99.499,64.356,61.165,96.648,74.424,64.192]}
KALIS_PERF {"label":"base","scenario":"store.init","profile":"regulier","status":"ok","unit":"ms","warmup":2,"values":[93.923,214.205,100.404,217.081,97.796,149.62,142.741,96.728,216.534]}
KALIS_PERF {"label":"base","scenario":"store.init","profile":"long","status":"ok","unit":"ms","warmup":2,"values":[251.295,277.889,226.949,161.689,251.866,262.668,223.723,160.5,254.467]}
KALIS_PERF {"label":"base","scenario":"store.init","profile":"charge","status":"ok","unit":"ms","warmup":2,"values":[417.751,390.967,400.694,476.822,423.569,423.628,392.163,458.069,411.37]}
::endgroup::
::group::✅ L6 banc hôte catalogue : génération et estimations
KALIS_PERF {"label":"base","scenario":"catalog.generate","profile":"-","status":"ok","unit":"ms","warmup":2,"values":[3.283,3.98,3.243,3.263,3.847,3.232,3.606,3.222,3.241],"wods":1000}
KALIS_PERF {"label":"base","scenario":"catalog.rank","profile":"long","status":"ok","unit":"ms","warmup":2,"values":[24.792,27.76,24.279,23.892,24.355,24.571,24.269,25.22,25.09]}
KALIS_PERF {"label":"base","scenario":"catalog.estimate.pass2","profile":"long","status":"ok","unit":"ms","warmup":2,"values":[21.063,20.764,20.733,18.371,13.017,12.81,12.776,13.185,13.044],"wods":1000}
KALIS_PERF {"label":"base","scenario":"catalog.estimate.pass2","profile":"charge","status":"ok","unit":"ms","warmup":2,"values":[76.287,218.184,128.809,78.303,276.736,131.661,96.867,262.86,126.637],"wods":1050}
KALIS_PERF {"label":"base","scenario":"catalog.wodStats.all","profile":"long","status":"ok","unit":"ms","warmup":2,"values":[21.444,21.344,21.323,22.392,21.325,21.67,21.26,21.24,21.155]}
KALIS_PERF {"label":"base","scenario":"catalog.recommended","profile":"long","status":"ok","unit":"ms","warmup":2,"values":[23.074,22.283,22.745,22.572,22.848,22.349,22.511,22.015,22.548]}
::endgroup::
::group::✅ L6 banc hôte STATS : dérivés recalculés après une modification
KALIS_PERF {"label":"base","scenario":"derive.progression","profile":"neuf","status":"ok","unit":"ms","warmup":2,"values":[0.046,0.044,0.044,0.044,0.045,0.064,0.046,0.046,0.045]}
KALIS_PERF {"label":"base","scenario":"derive.progression+game","profile":"neuf","status":"ok","unit":"ms","warmup":2,"values":[0.164,0.157,0.202,0.198,0.167,0.158,0.154,0.19,0.162]}
KALIS_PERF {"label":"base","scenario":"stats.history","profile":"neuf","status":"ok","unit":"ms","warmup":2,"values":[0.042,0.041,0.066,0.045,0.046,0.043,0.043,0.043,0.041]}
KALIS_PERF {"label":"base","scenario":"stats.exerciseBests","profile":"neuf","status":"ok","unit":"ms","warmup":2,"values":[0.0,0.001,0.0,0.0,0.0,0.0,0.0,0.0,0.0]}
KALIS_PERF {"label":"base","scenario":"stats.weeklyMuscles","profile":"neuf","status":"ok","unit":"ms","warmup":2,"values":[0.058,0.062,0.084,0.069,0.065,0.074,0.064,0.063,0.063]}
KALIS_PERF {"label":"base","scenario":"derive.progression","profile":"regulier","status":"ok","unit":"ms","warmup":2,"values":[3.855,3.636,3.607,3.648,3.613,3.651,4.41,3.618,3.997]}
KALIS_PERF {"label":"base","scenario":"derive.progression+game","profile":"regulier","status":"ok","unit":"ms","warmup":2,"values":[13.126,7.335,5.846,6.288,5.899,5.721,5.679,6.042,5.855]}
KALIS_PERF {"label":"base","scenario":"stats.history","profile":"regulier","status":"ok","unit":"ms","warmup":2,"values":[0.285,0.287,0.332,0.396,0.465,0.521,0.526,0.398,0.282]}
KALIS_PERF {"label":"base","scenario":"stats.exerciseBests","profile":"regulier","status":"ok","unit":"ms","warmup":2,"values":[1.727,1.516,1.787,1.541,1.511,1.521,1.597,1.531,1.553]}
KALIS_PERF {"label":"base","scenario":"stats.weeklyMuscles","profile":"regulier","status":"ok","unit":"ms","warmup":2,"values":[3.124,3.126,3.257,3.151,3.233,3.127,3.114,3.132,3.134]}
KALIS_PERF {"label":"base","scenario":"derive.progression","profile":"long","status":"ok","unit":"ms","warmup":2,"values":[14.318,14.91,14.138,14.802,13.762,13.853,13.602,13.795,13.576]}
KALIS_PERF {"label":"base","scenario":"derive.progression+game","profile":"long","status":"ok","unit":"ms","warmup":2,"values":[22.383,21.914,22.423,22.194,22.319,22.046,23.261,22.126,21.845]}
KALIS_PERF {"label":"base","scenario":"stats.history","profile":"long","status":"ok","unit":"ms","warmup":2,"values":[2.508,2.586,1.338,1.349,1.335,1.475,1.357,1.317,1.302]}
KALIS_PERF {"label":"base","scenario":"stats.exerciseBests","profile":"long","status":"ok","unit":"ms","warmup":2,"values":[5.581,6.378,5.549,5.811,5.529,6.032,5.533,5.723,5.57]}
KALIS_PERF {"label":"base","scenario":"stats.weeklyMuscles","profile":"long","status":"ok","unit":"ms","warmup":2,"values":[12.205,11.803,11.97,11.515,12.834,12.168,11.834,11.898,12.557]}
KALIS_PERF {"label":"base","scenario":"derive.progression","profile":"charge","status":"ok","unit":"ms","warmup":2,"values":[45.556,48.771,44.244,44.153,44.236,44.774,44.989,45.16,43.997]}
KALIS_PERF {"label":"base","scenario":"derive.progression+game","profile":"charge","status":"ok","unit":"ms","warmup":2,"values":[60.457,59.591,60.044,60.313,60.896,64.203,59.62,60.533,59.871]}
KALIS_PERF {"label":"base","scenario":"stats.history","profile":"charge","status":"ok","unit":"ms","warmup":2,"values":[6.143,5.282,5.203,5.212,5.395,5.616,5.286,5.273,5.25]}
KALIS_PERF {"label":"base","scenario":"stats.exerciseBests","profile":"charge","status":"ok","unit":"ms","warmup":2,"values":[10.623,10.676,10.364,10.54,9.914,10.443,11.686,11.223,10.925]}
KALIS_PERF {"label":"base","scenario":"stats.weeklyMuscles","profile":"charge","status":"ok","unit":"ms","warmup":2,"values":[48.002,39.156,39.456,39.097,39.071,38.99,39.149,39.171,39.32]}
::endgroup::
::group::✅ L6 banc hôte persistance : saisie, validation, écriture, export, import
KALIS_PERF {"label":"base","scenario":"save.keystroke+flush","profile":"neuf","status":"ok","unit":"ms","warmup":2,"values":[5.205,4.203,4.095,4.151,4.54,4.146,4.14,4.437,4.579]}
KALIS_PERF {"label":"base","scenario":"save.encode.exportAll","profile":"neuf","status":"ok","unit":"ms","warmup":2,"values":[3.951,4.197,4.52,3.989,4.011,3.974,4.3,3.996,3.973]}
KALIS_PERF {"label":"base","scenario":"save.toggleSet+derive+flush","profile":"neuf","status":"ok","unit":"ms","warmup":2,"values":[4.633,4.487,7.885,8.912,8.331,8.613,4.855,4.764,8.009]}
KALIS_PERF {"label":"base","scenario":"save.keystroke+flush","profile":"regulier","status":"ok","unit":"ms","warmup":2,"values":[12.839,13.526,13.168,12.99,13.062,12.883,14.691,15.357,29.161]}
KALIS_PERF {"label":"base","scenario":"save.encode.exportAll","profile":"regulier","status":"ok","unit":"ms","warmup":2,"values":[9.892,8.11,8.775,8.092,8.115,8.393,8.144,8.81,8.1]}
KALIS_PERF {"label":"base","scenario":"save.toggleSet+derive+flush","profile":"regulier","status":"ok","unit":"ms","warmup":2,"values":[19.19,18.994,18.897,18.858,19.359,19.424,18.577,18.865,22.535]}
KALIS_PERF {"label":"base","scenario":"import.preview","profile":"regulier","status":"ok","unit":"ms","warmup":2,"values":[59.28,72.497,34.596,31.824,32.794]}
KALIS_PERF {"label":"base","scenario":"import.apply","profile":"regulier","status":"ok","unit":"ms","warmup":2,"values":[115.471,111.025,213.835,113.973,118.038]}
KALIS_PERF {"label":"base","scenario":"save.keystroke+flush","profile":"long","status":"ok","unit":"ms","warmup":2,"values":[39.526,58.743,39.911,37.632,38.813,37.871,42.504,54.517,38.268]}
KALIS_PERF {"label":"base","scenario":"save.encode.exportAll","profile":"long","status":"ok","unit":"ms","warmup":2,"values":[22.138,22.725,21.89,22.274,21.982,22.125,22.29,44.898,21.718]}
KALIS_PERF {"label":"base","scenario":"save.toggleSet+derive+flush","profile":"long","status":"ok","unit":"ms","warmup":2,"values":[64.273,67.694,105.267,62.653,64.65,64.681,83.265,99.63,66.398]}
KALIS_PERF {"label":"base","scenario":"import.preview","profile":"long","status":"ok","unit":"ms","warmup":2,"values":[117.605,143.449,120.096,140.586,119.642]}
KALIS_PERF {"label":"base","scenario":"import.apply","profile":"long","status":"ok","unit":"ms","warmup":2,"values":[350.254,258.412,363.491,357.931,351.809]}
KALIS_PERF {"label":"base","scenario":"save.keystroke+flush","profile":"charge","status":"ok","unit":"ms","warmup":2,"values":[133.753,142.579,108.637,150.187,112.14,151.607,108.466,150.07,106.681]}
KALIS_PERF {"label":"base","scenario":"save.encode.exportAll","profile":"charge","status":"ok","unit":"ms","warmup":2,"values":[89.427,70.534,87.169,68.016,88.072,89.841,64.507,67.127,85.173]}
KALIS_PERF {"label":"base","scenario":"save.toggleSet+derive+flush","profile":"charge","status":"ok","unit":"ms","warmup":2,"values":[197.638,228.036,219.27,215.486,210.795,229.734,218.186,218.461,219.973]}
KALIS_PERF {"label":"base","scenario":"import.preview","profile":"charge","status":"ok","unit":"ms","warmup":2,"values":[406.465,415.236,414.122,400.691,422.622]}
KALIS_PERF {"label":"base","scenario":"import.apply","profile":"charge","status":"ok","unit":"ms","warmup":2,"values":[798.291,868.175,786.381,782.08,844.698]}
::endgroup::
::group::✅ L6 banc hôte — écrans (moteur de test, sans GPU) parcours long
KALIS_PERF {"label":"base","scenario":"ui.firstFrame","profile":"long","status":"ok","unit":"ms","warmup":2,"values":[99.398,134.536,136.39,81.847,75.188]}
KALIS_PERF {"label":"base","scenario":"ui.nav.firstVisit","profile":"long","status":"ok","unit":"ms","values":{"stats":[174.716,133.513,45.716],"statsSections":[86.865,134.39,302.221,65.486,96.243,138.259,39.535,56.419,82.462],"arsenal":[367.187,160.471,100.254],"programmeReturn":[157.796,100.794,110.456]}}
KALIS_PERF {"label":"base","scenario":"ui.stats.visibleNotify","profile":"long","status":"ok","unit":"ms","warmup":2,"values":[143.832,118.816,107.807,99.711,102.395,97.028,98.234,104.35,105.759,95.579]}
KALIS_PERF {"label":"base","scenario":"ui.session","profile":"long","status":"ok","unit":"ms","values":{"keystroke":[136.382,126.983,125.988,129.194,117.009,114.198,105.19,92.609,84.776,100.663,99.015,105.064,99.887,77.266,65.687,101.186,132.656,110.218,93.912,93.447],"toggleSet":[115.828,126.261,173.15,166.026,100.601,110.003,107.132,105.274],"popFirstFrame":[40.482,18.623,14.077,13.735],"popSettle":[106.312,84.485,52.795,54.053]}}
KALIS_PERF {"label":"base","scenario":"ui.catalog.open","profile":"long","status":"ok","unit":"ms","warmup":2,"values":[92.805,86.176,93.88,93.127,92.316]}
KALIS_PERF {"label":"base","scenario":"ui.catalog.search","profile":"long","status":"ok","unit":"ms","warmup":2,"values":[76.675,153.798,58.548,50.508,46.175]}
KALIS_PERF {"label":"base","scenario":"ui.catalog.scroll60","profile":"long","status":"ok","unit":"ms","warmup":2,"values":[50.522,37.158,40.426,38.343,45.3]}
KALIS_PERF {"label":"base","scenario":"ui.appearance.switch","profile":"long","status":"ok","unit":"ms","warmup":2,"values":[191.772,196.096,315.698,180.82,157.219]}
KALIS_PERF {"label":"base","scenario":"ui.memory.rss10cycles","profile":"long","status":"ok","unit":"bytes","values":[480317440,508813312],"note":"RSS hôte avant/après 10 cycles, GC non forcé"}
::endgroup::
::group::✅ L6 banc hôte — écrans (moteur de test, sans GPU) parcours charge
KALIS_PERF {"label":"base","scenario":"ui.firstFrame","profile":"charge","status":"ok","unit":"ms","warmup":2,"values":[40.246,45.79,43.643,43.949,43.677]}
KALIS_PERF {"label":"base","scenario":"ui.nav.firstVisit","profile":"charge","status":"ok","unit":"ms","values":{"stats":[64.066,29.57,25.61],"statsSections":[26.373,89.612,92.681,21.937,67.207,94.705,26.186,82.414,132.684],"arsenal":[227.619,102.503,111.534],"programmeReturn":[112.319,98.853,98.507]}}
KALIS_PERF {"label":"base","scenario":"ui.stats.visibleNotify","profile":"charge","status":"ok","unit":"ms","warmup":2,"values":[162.041,164.821,159.325,350.706,299.513,181.16,175.518,166.326,154.827,191.516]}
KALIS_PERF {"label":"base","scenario":"ui.session","profile":"charge","status":"ok","unit":"ms","values":{"keystroke":[97.427,93.802,92.451,90.579,90.288,153.614,140.986,91.93,127.18,258.776,152.191,124.953,91.271,88.485,90.078,151.532,156.584,91.582,87.151,89.593],"toggleSet":[164.461,177.179,189.722,180.406,169.623,183.198,165.926,177.068],"popFirstFrame":[11.589,19.264,11.203,11.051],"popSettle":[127.804,250.827,134.481,129.077]}}
KALIS_PERF {"label":"base","scenario":"ui.catalog.open","profile":"charge","status":"ok","unit":"ms","warmup":2,"values":[82.909,82.614,84.036,82.142,82.181]}
KALIS_PERF {"label":"base","scenario":"ui.catalog.search","profile":"charge","status":"ok","unit":"ms","warmup":2,"values":[33.469,39.036,38.606,39.28,52.296]}
KALIS_PERF {"label":"base","scenario":"ui.catalog.scroll60","profile":"charge","status":"ok","unit":"ms","warmup":2,"values":[26.354,28.068,26.156,26.614,29.948]}
KALIS_PERF {"label":"base","scenario":"ui.appearance.switch","profile":"charge","status":"ok","unit":"ms","warmup":2,"values":[318.268,515.896,316.698,431.435,519.103]}
KALIS_PERF {"label":"base","scenario":"ui.memory.rss10cycles","profile":"charge","status":"ok","unit":"bytes","values":[628948992,680230912],"note":"RSS hôte avant/après 10 cycles, GC non forcé"}
::endgroup::
✅ L6 banc hôte — cohérence des profils

🎉 8 tests passed.
