
::group::✅ L6 banc hôte (setUpAll)
KALIS_PERF {"label":"cand","scenario":"meta","profile":"-","status":"ok","dart":"3.7.2 (stable) (Tue Mar 11 04:27:50 2025 -0700) on \"linux_x64\"","os":"linux Linux 6.17.0-1022-azure #22-Ubuntu SMP Mon Jul 27 17:24:03 UTC 2026","cpus":2,"n":9,"warmup":2,"seed":20260926,"inventory":{"neuf":{"seances":0,"series":0,"resultatsWod":0,"wodPerso":0},"regulier":{"seances":86,"series":1877,"resultatsWod":40,"wodPerso":0,"wodModifies":0,"achats":10,"seancesPersoModeles":20},"long":{"seances":320,"series":6587,"resultatsWod":300,"wodPerso":0,"wodModifies":0,"achats":30,"seancesPersoModeles":60},"charge":{"seances":840,"series":20347,"resultatsWod":1500,"wodPerso":50,"wodModifies":30,"achats":150,"seancesPersoModeles":150}},"storedBytes":{"neuf":0,"regulier":30511,"long":103911,"charge":283335},"exportBytes":{"regulier":256718,"long":919942,"charge":2916052}}
::endgroup::
::group::✅ L6 banc hôte empreinte des résultats métier
KALIS_PERF {"label":"cand","scenario":"digest","profile":"neuf","status":"ok","unit":"digest","values":{"export":"24e5920facda1d25","xp":0,"level":1,"credits":3,"wodLevels":"4137b7190bb9a8f7","estimates":"527ad85574e530f8","history":"-340d631b7bdddcdb","muscles":"3a392c97dd457cb6","bests":"-340d631b7bdddcdb","recommended":"6fa61ffa929209a3"}}
KALIS_PERF {"label":"cand","scenario":"digest","profile":"regulier","status":"ok","unit":"digest","values":{"export":"7de0eaa0935b0bb4","xp":17425,"level":25,"credits":53,"wodLevels":"4137b7190bb9a8f7","estimates":"527ad85574e530f8","history":"-4a6073a74d3adff9","muscles":"3a392c97dd457cb6","bests":"-5f40d7b655e09619","recommended":"3031c157bae209ad"}}
KALIS_PERF {"label":"cand","scenario":"digest","profile":"long","status":"ok","unit":"digest","values":{"export":"29492838ba63ce10","xp":70135,"level":51,"credits":111,"wodLevels":"4137b7190bb9a8f7","estimates":"527ad85574e530f8","history":"-e4f854e47a64d82","muscles":"-4adf6367afc0a2a","bests":"-12b9593e787b9f58","recommended":"-69e8b78a735b219a"}}
KALIS_PERF {"label":"cand","scenario":"digest","profile":"charge","status":"ok","unit":"digest","values":{"export":"63c783420526a41b","xp":220015,"level":92,"credits":-77,"wodLevels":"-34e5fae491df5f84","estimates":"77af5c98347524ab","history":"21d0f25f63be420f","muscles":"5acd64723970c1a3","bests":"18ce07fb35c397a9","recommended":"-69e8b78a735b219a"}}
::endgroup::
::group::✅ L6 banc hôte démarrage : lecture du stockage, migrations, catalogue
KALIS_PERF {"label":"cand","scenario":"store.init","profile":"neuf","status":"ok","unit":"ms","warmup":2,"values":[42.324,44.914,41.908,120.739,71.542,40.242,43.244,60.537,80.483]}
KALIS_PERF {"label":"cand","scenario":"store.init","profile":"regulier","status":"ok","unit":"ms","warmup":2,"values":[137.975,78.601,104.076,129.359,71.643,155.007,86.99,141.585,83.385]}
KALIS_PERF {"label":"cand","scenario":"store.init","profile":"long","status":"ok","unit":"ms","warmup":2,"values":[231.868,210.108,212.735,152.0,229.139,200.06,210.994,147.594,229.508]}
KALIS_PERF {"label":"cand","scenario":"store.init","profile":"charge","status":"ok","unit":"ms","warmup":2,"values":[411.36,416.301,402.743,399.902,408.84,370.275,410.603,407.535,399.687]}
::endgroup::
::group::✅ L6 banc hôte catalogue : génération et estimations
KALIS_PERF {"label":"cand","scenario":"catalog.generate","profile":"-","status":"ok","unit":"ms","warmup":2,"values":[3.239,3.565,3.213,3.223,3.767,3.651,3.202,3.154,3.166],"wods":1000}
KALIS_PERF {"label":"cand","scenario":"catalog.rank","profile":"long","status":"ok","unit":"ms","warmup":2,"values":[12.033,12.441,12.089,12.026,12.458,12.101,15.567,12.423,12.082]}
KALIS_PERF {"label":"cand","scenario":"catalog.estimate.pass2","profile":"long","status":"ok","unit":"ms","warmup":2,"values":[0.202,0.24,0.208,0.204,0.241,0.202,0.2,0.205,0.202],"wods":1000}
KALIS_PERF {"label":"cand","scenario":"catalog.estimate.pass2","profile":"charge","status":"ok","unit":"ms","warmup":2,"values":[0.243,0.232,0.543,0.219,0.174,0.165,0.192,0.172,0.212],"wods":1050}
KALIS_PERF {"label":"cand","scenario":"catalog.wodStats.all","profile":"long","status":"ok","unit":"ms","warmup":2,"values":[0.758,0.693,0.698,0.612,0.596,0.63,0.596,0.679,0.668]}
KALIS_PERF {"label":"cand","scenario":"catalog.recommended","profile":"long","status":"ok","unit":"ms","warmup":2,"values":[24.685,24.454,24.24,23.19,23.132,23.094,23.951,23.586,23.341]}
::endgroup::
::group::✅ L6 banc hôte STATS : dérivés recalculés après une modification
KALIS_PERF {"label":"cand","scenario":"derive.progression","profile":"neuf","status":"ok","unit":"ms","warmup":2,"values":[0.069,0.098,0.069,0.069,3.198,0.073,0.076,0.068,0.069]}
KALIS_PERF {"label":"cand","scenario":"derive.progression+game","profile":"neuf","status":"ok","unit":"ms","warmup":2,"values":[1.465,0.226,0.204,0.163,0.157,0.156,0.182,0.161,0.2]}
KALIS_PERF {"label":"cand","scenario":"stats.history","profile":"neuf","status":"ok","unit":"ms","warmup":2,"values":[0.042,0.042,0.042,0.042,0.044,0.043,0.043,0.049,0.042]}
KALIS_PERF {"label":"cand","scenario":"stats.exerciseBests","profile":"neuf","status":"ok","unit":"ms","warmup":2,"values":[0.001,0.0,0.0,0.0,0.0,0.002,0.0,0.0,0.0]}
KALIS_PERF {"label":"cand","scenario":"stats.weeklyMuscles","profile":"neuf","status":"ok","unit":"ms","warmup":2,"values":[0.063,0.065,0.063,0.065,0.088,0.066,0.063,0.061,0.062]}
KALIS_PERF {"label":"cand","scenario":"derive.progression","profile":"regulier","status":"ok","unit":"ms","warmup":2,"values":[4.666,3.502,3.438,3.463,3.418,3.428,3.417,3.876,3.876]}
KALIS_PERF {"label":"cand","scenario":"derive.progression+game","profile":"regulier","status":"ok","unit":"ms","warmup":2,"values":[5.916,6.717,5.912,6.152,6.472,5.903,5.839,5.896,6.242]}
KALIS_PERF {"label":"cand","scenario":"stats.history","profile":"regulier","status":"ok","unit":"ms","warmup":2,"values":[0.289,0.315,0.321,0.406,0.454,0.553,0.511,0.426,0.281]}
KALIS_PERF {"label":"cand","scenario":"stats.exerciseBests","profile":"regulier","status":"ok","unit":"ms","warmup":2,"values":[1.766,1.581,1.569,1.837,1.594,1.548,1.538,1.578,1.653]}
KALIS_PERF {"label":"cand","scenario":"stats.weeklyMuscles","profile":"regulier","status":"ok","unit":"ms","warmup":2,"values":[2.975,3.213,2.942,3.069,3.081,2.951,2.981,2.929,2.962]}
KALIS_PERF {"label":"cand","scenario":"derive.progression","profile":"long","status":"ok","unit":"ms","warmup":2,"values":[13.875,13.696,13.256,13.456,13.084,13.282,13.016,13.208,12.898]}
KALIS_PERF {"label":"cand","scenario":"derive.progression+game","profile":"long","status":"ok","unit":"ms","warmup":2,"values":[22.268,21.716,22.205,24.516,21.966,21.686,22.352,21.506,21.722]}
KALIS_PERF {"label":"cand","scenario":"stats.history","profile":"long","status":"ok","unit":"ms","warmup":2,"values":[2.447,2.531,1.305,1.27,1.264,1.425,1.308,1.259,1.268]}
KALIS_PERF {"label":"cand","scenario":"stats.exerciseBests","profile":"long","status":"ok","unit":"ms","warmup":2,"values":[5.519,5.794,5.503,5.68,5.48,5.592,6.334,5.562,5.663]}
KALIS_PERF {"label":"cand","scenario":"stats.weeklyMuscles","profile":"long","status":"ok","unit":"ms","warmup":2,"values":[10.831,10.483,10.793,10.503,11.752,10.977,10.429,10.426,10.633]}
KALIS_PERF {"label":"cand","scenario":"derive.progression","profile":"charge","status":"ok","unit":"ms","warmup":2,"values":[42.727,42.214,43.072,42.676,42.534,42.351,42.459,43.036,43.515]}
KALIS_PERF {"label":"cand","scenario":"derive.progression+game","profile":"charge","status":"ok","unit":"ms","warmup":2,"values":[61.112,60.775,60.265,61.73,60.997,64.284,61.026,61.61,61.026]}
KALIS_PERF {"label":"cand","scenario":"stats.history","profile":"charge","status":"ok","unit":"ms","warmup":2,"values":[6.056,5.188,5.186,5.184,5.363,5.617,5.175,5.215,5.262]}
KALIS_PERF {"label":"cand","scenario":"stats.exerciseBests","profile":"charge","status":"ok","unit":"ms","warmup":2,"values":[12.294,12.693,12.339,12.718,12.244,12.564,12.576,12.745,12.282]}
KALIS_PERF {"label":"cand","scenario":"stats.weeklyMuscles","profile":"charge","status":"ok","unit":"ms","warmup":2,"values":[46.586,37.836,38.092,37.668,37.696,37.794,38.035,37.806,37.898]}
::endgroup::
::group::✅ L6 banc hôte persistance : saisie, validation, écriture, export, import
KALIS_PERF {"label":"cand","scenario":"save.keystroke+flush","profile":"neuf","status":"ok","unit":"ms","warmup":2,"values":[0.63,0.613,0.631,0.626,0.621,0.626,0.667,0.612,0.63]}
KALIS_PERF {"label":"cand","scenario":"save.encode.exportAll","profile":"neuf","status":"ok","unit":"ms","warmup":2,"values":[0.471,0.416,0.397,0.375,0.387,0.383,0.414,0.394,0.401]}
KALIS_PERF {"label":"cand","scenario":"save.toggleSet+derive+flush","profile":"neuf","status":"ok","unit":"ms","warmup":2,"values":[0.867,0.737,1.144,1.22,1.252,1.16,1.2,1.149,1.263]}
KALIS_PERF {"label":"cand","scenario":"save.keystroke+flush","profile":"regulier","status":"ok","unit":"ms","warmup":2,"values":[9.357,9.638,9.13,9.032,8.991,11.009,18.266,19.045,9.454]}
KALIS_PERF {"label":"cand","scenario":"save.encode.exportAll","profile":"regulier","status":"ok","unit":"ms","warmup":2,"values":[6.644,4.534,4.492,4.436,4.459,4.694,4.897,4.861,4.44]}
KALIS_PERF {"label":"cand","scenario":"save.toggleSet+derive+flush","profile":"regulier","status":"ok","unit":"ms","warmup":2,"values":[15.116,15.446,15.383,15.36,15.036,15.462,15.423,16.314,19.03]}
KALIS_PERF {"label":"cand","scenario":"import.preview","profile":"regulier","status":"ok","unit":"ms","warmup":2,"values":[70.328,29.387,28.766,29.089,29.393]}
KALIS_PERF {"label":"cand","scenario":"import.apply","profile":"regulier","status":"ok","unit":"ms","warmup":2,"values":[82.246,77.864,153.008,104.448,77.711]}
KALIS_PERF {"label":"cand","scenario":"save.keystroke+flush","profile":"long","status":"ok","unit":"ms","warmup":2,"values":[39.653,42.871,50.609,33.177,33.899,36.228,38.251,51.572,37.963]}
KALIS_PERF {"label":"cand","scenario":"save.encode.exportAll","profile":"long","status":"ok","unit":"ms","warmup":2,"values":[20.776,17.541,17.518,20.564,18.226,18.882,43.491,20.51,20.24]}
KALIS_PERF {"label":"cand","scenario":"save.toggleSet+derive+flush","profile":"long","status":"ok","unit":"ms","warmup":2,"values":[65.903,63.556,99.066,57.26,57.922,59.04,72.591,90.638,59.293]}
KALIS_PERF {"label":"cand","scenario":"import.preview","profile":"long","status":"ok","unit":"ms","warmup":2,"values":[122.793,129.643,104.5,136.297,118.499]}
KALIS_PERF {"label":"cand","scenario":"import.apply","profile":"long","status":"ok","unit":"ms","warmup":2,"values":[227.231,323.71,302.855,237.245,324.653]}
KALIS_PERF {"label":"cand","scenario":"save.keystroke+flush","profile":"charge","status":"ok","unit":"ms","warmup":2,"values":[133.389,98.955,128.839,102.013,128.993,133.865,101.019,133.715,101.299]}
KALIS_PERF {"label":"cand","scenario":"save.encode.exportAll","profile":"charge","status":"ok","unit":"ms","warmup":2,"values":[71.394,57.608,85.096,75.662,77.296,66.86,79.979,85.894,59.005]}
KALIS_PERF {"label":"cand","scenario":"save.toggleSet+derive+flush","profile":"charge","status":"ok","unit":"ms","warmup":2,"values":[191.874,227.042,214.292,198.098,183.74,226.07,222.761,203.288,230.42]}
KALIS_PERF {"label":"cand","scenario":"import.preview","profile":"charge","status":"ok","unit":"ms","warmup":2,"values":[402.767,394.208,428.925,390.823,425.483]}
KALIS_PERF {"label":"cand","scenario":"import.apply","profile":"charge","status":"ok","unit":"ms","warmup":2,"values":[794.46,805.919,817.718,759.837,766.052]}
::endgroup::
::group::✅ L6 banc hôte — écrans (moteur de test, sans GPU) parcours long
KALIS_PERF {"label":"cand","scenario":"ui.firstFrame","profile":"long","status":"ok","unit":"ms","warmup":2,"values":[98.239,91.302,87.403,72.938,74.533]}
KALIS_PERF {"label":"cand","scenario":"ui.nav.firstVisit","profile":"long","status":"ok","unit":"ms","values":{"stats":[168.879,82.885,58.706],"statsSections":[114.76,157.03,296.861,68.309,89.322,106.033,56.158,67.822,116.033],"arsenal":[337.299,109.757,115.838],"programmeReturn":[168.747,91.905,81.708]}}
KALIS_PERF {"label":"cand","scenario":"ui.stats.visibleNotify","profile":"long","status":"ok","unit":"ms","warmup":2,"values":[19.298,21.208,15.048,16.576,15.665,15.921,15.2,14.965,15.633,13.842]}
KALIS_PERF {"label":"cand","scenario":"ui.session","profile":"long","status":"ok","unit":"ms","values":{"keystroke":[0.1,0.143,0.099,0.112,0.091,0.1,0.102,0.104,0.641,0.102,0.091,0.093,0.09,0.093,0.09,0.063,0.058,0.056,0.056,0.057],"toggleSet":[0.096,0.129,0.153,0.097,0.092,0.097,0.104,0.069],"popFirstFrame":[95.834,37.87,68.517,32.709],"popSettle":[90.504,76.857,76.047,75.498]}}
KALIS_PERF {"label":"cand","scenario":"ui.catalog.open","profile":"long","status":"ok","unit":"ms","warmup":2,"values":[107.993,108.455,93.358,95.002,107.083]}
KALIS_PERF {"label":"cand","scenario":"ui.catalog.search","profile":"long","status":"ok","unit":"ms","warmup":2,"values":[184.362,77.165,60.212,52.646,54.863]}
KALIS_PERF {"label":"cand","scenario":"ui.catalog.scroll60","profile":"long","status":"ok","unit":"ms","warmup":2,"values":[47.796,40.029,36.794,37.2,43.497]}
KALIS_PERF {"label":"cand","scenario":"ui.appearance.switch","profile":"long","status":"ok","unit":"ms","warmup":2,"values":[165.589,344.537,183.078,158.232,331.869]}
KALIS_PERF {"label":"cand","scenario":"ui.memory.rss10cycles","profile":"long","status":"ok","unit":"bytes","values":[460873728,515530752],"note":"RSS hôte avant/après 10 cycles, GC non forcé"}
::endgroup::
::group::✅ L6 banc hôte — écrans (moteur de test, sans GPU) parcours charge
KALIS_PERF {"label":"cand","scenario":"ui.firstFrame","profile":"charge","status":"ok","unit":"ms","warmup":2,"values":[45.218,44.892,41.509,41.88,43.839]}
KALIS_PERF {"label":"cand","scenario":"ui.nav.firstVisit","profile":"charge","status":"ok","unit":"ms","values":{"stats":[53.62,31.61,45.898],"statsSections":[29.402,215.129,139.66,23.584,71.799,99.969,39.74,100.005,155.127],"arsenal":[271.166,127.878,119.966],"programmeReturn":[137.522,263.178,111.097]}}
KALIS_PERF {"label":"cand","scenario":"ui.stats.visibleNotify","profile":"charge","status":"ok","unit":"ms","warmup":2,"values":[19.73,15.352,14.851,16.352,14.885,19.403,18.809,17.565,16.028,16.006]}
KALIS_PERF {"label":"cand","scenario":"ui.session","profile":"charge","status":"ok","unit":"ms","values":{"keystroke":[0.049,0.043,0.095,0.049,0.04,0.046,0.042,0.042,0.041,0.041,0.045,0.059,0.043,0.041,0.05,0.044,0.042,0.043,0.042,0.041],"toggleSet":[0.046,0.046,0.084,0.073,0.045,0.047,0.046,0.047],"popFirstFrame":[71.361,50.046,23.4,59.512],"popSettle":[139.031,154.636,177.37,139.491]}}
KALIS_PERF {"label":"cand","scenario":"ui.catalog.open","profile":"charge","status":"ok","unit":"ms","warmup":2,"values":[84.994,82.284,84.841,84.006,83.07]}
KALIS_PERF {"label":"cand","scenario":"ui.catalog.search","profile":"charge","status":"ok","unit":"ms","warmup":2,"values":[42.342,39.648,44.796,42.313,38.883]}
KALIS_PERF {"label":"cand","scenario":"ui.catalog.scroll60","profile":"charge","status":"ok","unit":"ms","warmup":2,"values":[27.703,27.069,24.098,25.518,28.777]}
KALIS_PERF {"label":"cand","scenario":"ui.appearance.switch","profile":"charge","status":"ok","unit":"ms","warmup":2,"values":[418.62,430.799,513.775,330.036,429.542]}
KALIS_PERF {"label":"cand","scenario":"ui.memory.rss10cycles","profile":"charge","status":"ok","unit":"bytes","values":[661753856,698937344],"note":"RSS hôte avant/après 10 cycles, GC non forcé"}
::endgroup::
✅ L6 banc hôte — cohérence des profils

🎉 8 tests passed.
