
::group::✅ L6 banc hôte (setUpAll)
KALIS_PERF {"label":"cand","scenario":"meta","profile":"-","status":"ok","dart":"3.7.2 (stable) (Tue Mar 11 04:27:50 2025 -0700) on \"linux_x64\"","os":"linux Linux 6.17.0-1022-azure #22-Ubuntu SMP Mon Jul 27 17:24:03 UTC 2026","cpus":2,"n":9,"warmup":2,"seed":20260926,"inventory":{"neuf":{"seances":0,"series":0,"resultatsWod":0,"wodPerso":0},"regulier":{"seances":86,"series":1877,"resultatsWod":40,"wodPerso":0,"wodModifies":0,"achats":10,"seancesPersoModeles":20},"long":{"seances":320,"series":6587,"resultatsWod":300,"wodPerso":0,"wodModifies":0,"achats":30,"seancesPersoModeles":60},"charge":{"seances":840,"series":20347,"resultatsWod":1500,"wodPerso":50,"wodModifies":30,"achats":150,"seancesPersoModeles":150}},"storedBytes":{"neuf":0,"regulier":30511,"long":103911,"charge":283335},"exportBytes":{"regulier":256718,"long":919942,"charge":2916052}}
::endgroup::
::group::✅ L6 banc hôte empreinte des résultats métier
KALIS_PERF {"label":"cand","scenario":"digest","profile":"neuf","status":"ok","unit":"digest","values":{"export":"24e5920facda1d25","xp":0,"level":1,"credits":3,"wodLevels":"4137b7190bb9a8f7","estimates":"527ad85574e530f8","history":"-340d631b7bdddcdb","muscles":"3a392c97dd457cb6","bests":"-340d631b7bdddcdb","recommended":"6fa61ffa929209a3"}}
KALIS_PERF {"label":"cand","scenario":"digest","profile":"regulier","status":"ok","unit":"digest","values":{"export":"7de0eaa0935b0bb4","xp":17425,"level":25,"credits":53,"wodLevels":"4137b7190bb9a8f7","estimates":"527ad85574e530f8","history":"-4a6073a74d3adff9","muscles":"3a392c97dd457cb6","bests":"-5f40d7b655e09619","recommended":"3031c157bae209ad"}}
KALIS_PERF {"label":"cand","scenario":"digest","profile":"long","status":"ok","unit":"digest","values":{"export":"29492838ba63ce10","xp":70135,"level":51,"credits":111,"wodLevels":"4137b7190bb9a8f7","estimates":"527ad85574e530f8","history":"-e4f854e47a64d82","muscles":"-4adf6367afc0a2a","bests":"-12b9593e787b9f58","recommended":"-69e8b78a735b219a"}}
KALIS_PERF {"label":"cand","scenario":"digest","profile":"charge","status":"ok","unit":"digest","values":{"export":"63c783420526a41b","xp":220015,"level":92,"credits":-77,"wodLevels":"-34e5fae491df5f84","estimates":"77af5c98347524ab","history":"21d0f25f63be420f","muscles":"5acd64723970c1a3","bests":"18ce07fb35c397a9","recommended":"-69e8b78a735b219a"}}
::endgroup::
::group::✅ L6 banc hôte démarrage : lecture du stockage, migrations, catalogue
KALIS_PERF {"label":"cand","scenario":"store.init","profile":"neuf","status":"ok","unit":"ms","warmup":2,"values":[44.287,43.312,41.466,65.906,105.25,65.36,42.762,41.67,45.777]}
KALIS_PERF {"label":"cand","scenario":"store.init","profile":"regulier","status":"ok","unit":"ms","warmup":2,"values":[69.409,165.676,85.086,89.722,143.887,75.36,167.943,84.914,135.601]}
KALIS_PERF {"label":"cand","scenario":"store.init","profile":"long","status":"ok","unit":"ms","warmup":2,"values":[241.547,234.994,192.968,140.415,234.498,200.802,141.782,220.583,246.001]}
KALIS_PERF {"label":"cand","scenario":"store.init","profile":"charge","status":"ok","unit":"ms","warmup":2,"values":[385.325,398.964,407.112,402.65,395.629,398.055,398.58,393.713,402.972]}
::endgroup::
::group::✅ L6 banc hôte catalogue : génération et estimations
KALIS_PERF {"label":"cand","scenario":"catalog.generate","profile":"-","status":"ok","unit":"ms","warmup":2,"values":[3.336,3.729,3.229,3.25,3.806,3.625,3.23,3.163,3.168],"wods":1000}
KALIS_PERF {"label":"cand","scenario":"catalog.rank","profile":"long","status":"ok","unit":"ms","warmup":2,"values":[12.249,12.63,12.276,12.29,12.586,12.329,15.588,12.867,12.459]}
KALIS_PERF {"label":"cand","scenario":"catalog.estimate.pass2","profile":"long","status":"ok","unit":"ms","warmup":2,"values":[0.269,0.224,0.258,0.217,0.219,0.202,0.204,0.201,0.267],"wods":1000}
KALIS_PERF {"label":"cand","scenario":"catalog.estimate.pass2","profile":"charge","status":"ok","unit":"ms","warmup":2,"values":[0.209,0.239,0.178,0.231,0.176,0.177,0.213,0.167,0.217],"wods":1050}
KALIS_PERF {"label":"cand","scenario":"catalog.wodStats.all","profile":"long","status":"ok","unit":"ms","warmup":2,"values":[0.859,0.704,0.683,0.642,0.618,0.62,0.603,0.636,0.558]}
KALIS_PERF {"label":"cand","scenario":"catalog.recommended","profile":"long","status":"ok","unit":"ms","warmup":2,"values":[22.524,22.239,22.39,22.393,22.232,22.079,21.968,21.905,22.089]}
::endgroup::
::group::✅ L6 banc hôte STATS : dérivés recalculés après une modification
KALIS_PERF {"label":"cand","scenario":"derive.progression","profile":"neuf","status":"ok","unit":"ms","warmup":2,"values":[0.074,0.069,0.068,0.071,0.074,0.069,0.078,0.085,0.071]}
KALIS_PERF {"label":"cand","scenario":"derive.progression+game","profile":"neuf","status":"ok","unit":"ms","warmup":2,"values":[0.307,0.287,0.279,0.546,2.556,0.17,0.155,0.185,0.193]}
KALIS_PERF {"label":"cand","scenario":"stats.history","profile":"neuf","status":"ok","unit":"ms","warmup":2,"values":[0.042,0.05,0.041,0.041,0.044,0.042,0.043,0.041,0.041]}
KALIS_PERF {"label":"cand","scenario":"stats.exerciseBests","profile":"neuf","status":"ok","unit":"ms","warmup":2,"values":[0.0,0.0,0.0,0.0,0.0,0.0,0.0,0.0,0.0]}
KALIS_PERF {"label":"cand","scenario":"stats.weeklyMuscles","profile":"neuf","status":"ok","unit":"ms","warmup":2,"values":[0.062,0.065,0.06,0.06,0.058,0.059,0.061,0.062,0.06]}
KALIS_PERF {"label":"cand","scenario":"derive.progression","profile":"regulier","status":"ok","unit":"ms","warmup":2,"values":[3.342,4.184,3.372,3.323,3.346,3.344,3.344,3.399,4.04]}
KALIS_PERF {"label":"cand","scenario":"derive.progression+game","profile":"regulier","status":"ok","unit":"ms","warmup":2,"values":[5.749,5.94,5.73,5.973,6.131,6.039,5.767,5.718,6.093]}
KALIS_PERF {"label":"cand","scenario":"stats.history","profile":"regulier","status":"ok","unit":"ms","warmup":2,"values":[0.28,0.311,0.316,0.407,0.448,0.548,0.502,0.308,0.276]}
KALIS_PERF {"label":"cand","scenario":"stats.exerciseBests","profile":"regulier","status":"ok","unit":"ms","warmup":2,"values":[1.737,1.564,1.531,1.537,2.08,1.567,1.542,1.549,1.516]}
KALIS_PERF {"label":"cand","scenario":"stats.weeklyMuscles","profile":"regulier","status":"ok","unit":"ms","warmup":2,"values":[2.828,2.797,3.053,2.817,2.792,2.912,2.839,2.841,2.826]}
KALIS_PERF {"label":"cand","scenario":"derive.progression","profile":"long","status":"ok","unit":"ms","warmup":2,"values":[13.427,13.476,12.722,12.854,12.534,12.842,12.629,12.907,12.579]}
KALIS_PERF {"label":"cand","scenario":"derive.progression+game","profile":"long","status":"ok","unit":"ms","warmup":2,"values":[21.661,21.384,21.842,21.391,21.841,21.579,21.5,21.203,21.939]}
KALIS_PERF {"label":"cand","scenario":"stats.history","profile":"long","status":"ok","unit":"ms","warmup":2,"values":[2.476,2.591,1.264,1.245,1.266,1.433,1.232,1.243,1.433]}
KALIS_PERF {"label":"cand","scenario":"stats.exerciseBests","profile":"long","status":"ok","unit":"ms","warmup":2,"values":[5.503,5.8,5.503,5.685,5.54,5.5,6.057,5.513,5.709]}
KALIS_PERF {"label":"cand","scenario":"stats.weeklyMuscles","profile":"long","status":"ok","unit":"ms","warmup":2,"values":[10.773,10.194,10.578,10.357,11.669,10.964,10.346,10.142,10.366]}
KALIS_PERF {"label":"cand","scenario":"derive.progression","profile":"charge","status":"ok","unit":"ms","warmup":2,"values":[41.927,41.898,42.925,42.917,42.819,42.042,41.39,42.301,41.732]}
KALIS_PERF {"label":"cand","scenario":"derive.progression+game","profile":"charge","status":"ok","unit":"ms","warmup":2,"values":[60.077,60.006,60.552,60.468,59.775,63.361,60.232,59.556,58.587]}
KALIS_PERF {"label":"cand","scenario":"stats.history","profile":"charge","status":"ok","unit":"ms","warmup":2,"values":[5.882,5.147,5.083,5.108,5.248,5.421,5.028,5.044,5.055]}
KALIS_PERF {"label":"cand","scenario":"stats.exerciseBests","profile":"charge","status":"ok","unit":"ms","warmup":2,"values":[11.035,11.293,11.07,11.317,10.755,10.51,10.369,10.526,10.213]}
KALIS_PERF {"label":"cand","scenario":"stats.weeklyMuscles","profile":"charge","status":"ok","unit":"ms","warmup":2,"values":[44.732,36.457,37.103,36.686,36.629,36.303,36.257,35.708,36.23]}
::endgroup::
::group::✅ L6 banc hôte persistance : saisie, validation, écriture, export, import
KALIS_PERF {"label":"cand","scenario":"save.keystroke+flush","profile":"neuf","status":"ok","unit":"ms","warmup":2,"values":[0.725,0.688,0.613,0.629,0.649,0.599,0.653,0.624,0.658]}
KALIS_PERF {"label":"cand","scenario":"save.encode.exportAll","profile":"neuf","status":"ok","unit":"ms","warmup":2,"values":[0.832,0.379,0.733,0.496,0.361,0.4,0.388,0.371,0.433]}
KALIS_PERF {"label":"cand","scenario":"save.toggleSet+derive+flush","profile":"neuf","status":"ok","unit":"ms","warmup":2,"values":[0.877,0.807,1.025,1.203,1.308,1.179,1.212,1.165,1.286]}
KALIS_PERF {"label":"cand","scenario":"save.keystroke+flush","profile":"regulier","status":"ok","unit":"ms","warmup":2,"values":[9.289,9.857,8.975,8.98,9.008,11.523,16.742,18.725,9.271]}
KALIS_PERF {"label":"cand","scenario":"save.encode.exportAll","profile":"regulier","status":"ok","unit":"ms","warmup":2,"values":[4.469,6.305,4.457,4.524,4.459,4.474,4.456,4.789,4.45]}
KALIS_PERF {"label":"cand","scenario":"save.toggleSet+derive+flush","profile":"regulier","status":"ok","unit":"ms","warmup":2,"values":[15.228,15.33,14.925,15.464,14.954,15.275,14.903,15.565,18.455]}
KALIS_PERF {"label":"cand","scenario":"import.preview","profile":"regulier","status":"ok","unit":"ms","warmup":2,"values":[44.284,51.039,34.096,28.729,29.105]}
KALIS_PERF {"label":"cand","scenario":"import.apply","profile":"regulier","status":"ok","unit":"ms","warmup":2,"values":[76.893,145.419,89.97,79.835,79.277]}
KALIS_PERF {"label":"cand","scenario":"save.keystroke+flush","profile":"long","status":"ok","unit":"ms","warmup":2,"values":[32.816,41.554,50.964,32.132,33.667,36.111,50.531,37.132,35.284]}
KALIS_PERF {"label":"cand","scenario":"save.encode.exportAll","profile":"long","status":"ok","unit":"ms","warmup":2,"values":[19.028,15.827,16.652,23.759,16.824,17.901,19.863,41.677,16.928]}
KALIS_PERF {"label":"cand","scenario":"save.toggleSet+derive+flush","profile":"long","status":"ok","unit":"ms","warmup":2,"values":[58.57,58.487,99.026,54.604,56.263,57.743,60.416,100.219,56.41]}
KALIS_PERF {"label":"cand","scenario":"import.preview","profile":"long","status":"ok","unit":"ms","warmup":2,"values":[133.886,111.707,129.367,116.641,130.356]}
KALIS_PERF {"label":"cand","scenario":"import.apply","profile":"long","status":"ok","unit":"ms","warmup":2,"values":[323.339,322.692,328.763,328.333,227.068]}
KALIS_PERF {"label":"cand","scenario":"save.keystroke+flush","profile":"charge","status":"ok","unit":"ms","warmup":2,"values":[150.05,142.992,130.76,113.389,135.986,129.654,117.105,136.034,122.746]}
KALIS_PERF {"label":"cand","scenario":"save.encode.exportAll","profile":"charge","status":"ok","unit":"ms","warmup":2,"values":[104.886,66.862,99.974,63.202,89.759,73.934,92.892,74.627,85.376]}
KALIS_PERF {"label":"cand","scenario":"save.toggleSet+derive+flush","profile":"charge","status":"ok","unit":"ms","warmup":2,"values":[211.714,252.668,211.313,197.801,222.796,207.047,203.868,225.845,206.202]}
KALIS_PERF {"label":"cand","scenario":"import.preview","profile":"charge","status":"ok","unit":"ms","warmup":2,"values":[445.615,406.331,436.08,422.263,401.069]}
KALIS_PERF {"label":"cand","scenario":"import.apply","profile":"charge","status":"ok","unit":"ms","warmup":2,"values":[863.319,787.454,861.108,775.333,831.988]}
::endgroup::
::group::✅ L6 banc hôte — écrans (moteur de test, sans GPU) parcours long
KALIS_PERF {"label":"cand","scenario":"ui.firstFrame","profile":"long","status":"ok","unit":"ms","warmup":2,"values":[90.518,97.594,99.308,83.538,63.878]}
KALIS_PERF {"label":"cand","scenario":"ui.nav.firstVisit","profile":"long","status":"ok","unit":"ms","values":{"stats":[162.596,77.661,76.983],"statsSections":[90.654,150.99,282.787,71.724,89.768,106.035,37.635,62.755,118.408],"arsenal":[324.633,105.411,120.148],"programmeReturn":[173.624,94.734,90.023]}}
KALIS_PERF {"label":"cand","scenario":"ui.stats.visibleNotify","profile":"long","status":"ok","unit":"ms","warmup":2,"values":[17.498,24.653,14.362,13.873,14.751,16.588,14.862,15.004,15.338,14.798]}
KALIS_PERF {"label":"cand","scenario":"ui.session","profile":"long","status":"ok","unit":"ms","values":{"keystroke":[0.1,0.1,0.094,0.092,0.086,0.1,0.114,0.124,0.097,0.092,0.09,0.098,0.092,0.116,0.095,0.093,0.063,0.058,0.058,0.06],"toggleSet":[0.091,0.113,0.098,0.093,0.089,0.096,0.063,0.064],"popFirstFrame":[127.772,36.994,74.879,50.078],"popSettle":[92.796,88.93,113.693,71.333]}}
KALIS_PERF {"label":"cand","scenario":"ui.catalog.open","profile":"long","status":"ok","unit":"ms","warmup":2,"values":[107.875,109.18,93.762,94.801,102.224]}
KALIS_PERF {"label":"cand","scenario":"ui.catalog.search","profile":"long","status":"ok","unit":"ms","warmup":2,"values":[95.745,171.56,59.619,53.012,53.079]}
KALIS_PERF {"label":"cand","scenario":"ui.catalog.scroll60","profile":"long","status":"ok","unit":"ms","warmup":2,"values":[47.179,40.705,35.667,35.609,42.645]}
KALIS_PERF {"label":"cand","scenario":"ui.appearance.switch","profile":"long","status":"ok","unit":"ms","warmup":2,"values":[180.248,187.526,333.422,185.799,163.125]}
KALIS_PERF {"label":"cand","scenario":"ui.memory.rss10cycles","profile":"long","status":"ok","unit":"bytes","values":[472018944,489242624],"note":"RSS hôte avant/après 10 cycles, GC non forcé"}
::endgroup::
::group::✅ L6 banc hôte — écrans (moteur de test, sans GPU) parcours charge
KALIS_PERF {"label":"cand","scenario":"ui.firstFrame","profile":"charge","status":"ok","unit":"ms","warmup":2,"values":[42.342,44.431,44.097,40.633,41.965]}
KALIS_PERF {"label":"cand","scenario":"ui.nav.firstVisit","profile":"charge","status":"ok","unit":"ms","values":{"stats":[59.686,32.18,26.908],"statsSections":[27.657,89.128,94.679,22.707,67.044,92.368,27.346,71.252,97.936],"arsenal":[229.435,115.641,111.648],"programmeReturn":[120.99,103.66,108.261]}}
KALIS_PERF {"label":"cand","scenario":"ui.stats.visibleNotify","profile":"charge","status":"ok","unit":"ms","warmup":2,"values":[19.565,16.036,17.224,15.908,16.043,20.24,17.866,15.384,16.164,20.873]}
KALIS_PERF {"label":"cand","scenario":"ui.session","profile":"charge","status":"ok","unit":"ms","values":{"keystroke":[0.074,0.061,0.059,0.059,0.136,0.042,0.082,0.045,0.042,0.042,0.132,0.089,0.112,0.188,0.129,0.062,0.06,0.082,0.063,0.059],"toggleSet":[0.062,0.064,0.045,0.047,0.178,0.179,0.059,0.064],"popFirstFrame":[66.858,46.642,51.935,58.228],"popSettle":[261.651,166.532,155.334,146.114]}}
KALIS_PERF {"label":"cand","scenario":"ui.catalog.open","profile":"charge","status":"ok","unit":"ms","warmup":2,"values":[86.436,83.38,84.601,83.132,227.487]}
KALIS_PERF {"label":"cand","scenario":"ui.catalog.search","profile":"charge","status":"ok","unit":"ms","warmup":2,"values":[43.039,41.289,42.086,43.135,40.993]}
KALIS_PERF {"label":"cand","scenario":"ui.catalog.scroll60","profile":"charge","status":"ok","unit":"ms","warmup":2,"values":[29.318,26.475,26.618,27.024,29.709]}
KALIS_PERF {"label":"cand","scenario":"ui.appearance.switch","profile":"charge","status":"ok","unit":"ms","warmup":2,"values":[374.003,423.003,297.348,522.525,323.66]}
KALIS_PERF {"label":"cand","scenario":"ui.memory.rss10cycles","profile":"charge","status":"ok","unit":"bytes","values":[625455104,753057792],"note":"RSS hôte avant/après 10 cycles, GC non forcé"}
::endgroup::
✅ L6 banc hôte — cohérence des profils

🎉 8 tests passed.
