Running Gradle task 'assembleDebug'...                          
Warning: Flutter support for your project's Gradle version (8.14.3) will soon be dropped. Please upgrade your Gradle version to a version of at least 9.1.0 soon.
Alternatively, use the flag "--android-skip-build-dependency-validation" to bypass this check.

Potential fix: Your project's gradle version is typically defined in the gradle wrapper file. By default, this can be found at /home/runner/work/streetlift-apk/streetlift-apk/android/gradle/wrapper/gradle-wrapper.properties. 
For more information, see https://docs.gradle.org/current/userguide/gradle_wrapper.html.

Warning: Flutter support for your project's Android Gradle Plugin version (Android Gradle Plugin version 8.12.1) will soon be dropped. Please upgrade your Android Gradle Plugin version to a version of at least Android Gradle Plugin version 9.0.1 soon.
Alternatively, use the flag "--android-skip-build-dependency-validation" to bypass this check.

Potential fix: Your project's AGP version is typically defined in the plugins block of the `settings.gradle` file (/home/runner/work/streetlift-apk/streetlift-apk/android/settings.gradle), by a plugin with the id of com.android.application. 
If you don't see a plugins block, your project was likely created with an older template version. In this case it is most likely defined in the top-level build.gradle file (/home/runner/work/streetlift-apk/streetlift-apk/android/build.gradle) by the following line in the dependencies block of the buildscript: "classpath 'com.android.tools.build:gradle:<version>'".

Running Gradle task 'assembleDebug'...                             84.8s
✓ Built build/app/outputs/flutter-apk/app-debug.apk
Installing build/app/outputs/flutter-apk/app-debug.apk...        1,901ms
W/eetlift_tracker( 4290): Accessing hidden method Landroid/view/accessibility/AccessibilityNodeInfo;->getSourceNodeId()J (unsupported,test-api, reflection, allowed)
W/eetlift_tracker( 4290): Accessing hidden method Landroid/view/accessibility/AccessibilityRecord;->getSourceNodeId()J (unsupported, reflection, allowed)
W/eetlift_tracker( 4290): Accessing hidden field Landroid/view/accessibility/AccessibilityNodeInfo;->mChildNodeIds:Landroid/util/LongArray; (unsupported, reflection, allowed)
W/eetlift_tracker( 4290): Accessing hidden method Landroid/util/LongArray;->get(I)J (unsupported, reflection, allowed)
D/AccessibilityBridge( 4290): Setting not found: accessibility_display_inversion_enabled, using default: 0
D/FlutterRenderer( 4290): Width is zero. 0,0
W/HWUI    ( 4290): Unknown dataspace 0
I/WindowExtensionsImpl( 4290): Initializing Window Extensions, vendor API level=6, activity embedding enabled=true
D/FlutterRenderer( 4290): Width is zero. 0,0
D/FlutterJNI( 4290): Sending viewport metrics to the engine.
W/HWUI    ( 4290): Failed to choose config with EGL_SWAP_BEHAVIOR_PRESERVED, retrying without...
W/HWUI    ( 4290): Failed to initialize 101010-2 format, error = EGL_SUCCESS
I/Gralloc4( 4290): mapper 4.x is not supported
I/eetlift_tracker( 4290): Compiler allocated 5174KB to compile void android.view.ViewRootImpl.performTraversals()
I/Choreographer( 4290): Skipped 151 frames!  The application may be doing too much work on its main thread.
D/ProfileInstaller( 4290): Installing profile for fr.tchoupi.streetlift_tracker
D/FlutterJNI( 4290): Sending viewport metrics to the engine.
I/eetlift_tracker( 4290): Compiler allocated 5417KB to compile void android.view.ViewRootImpl.performTraversals()
VMServiceFlutterDriver: Connecting to Flutter application at http://127.0.0.1:39913/jGx5kC52H5I=/
VMServiceFlutterDriver: Isolate found with number: 146873156426231
VMServiceFlutterDriver: Isolate 146873156426231 is runnable.
VMServiceFlutterDriver: Isolate is paused at start.
VMServiceFlutterDriver: Attempting to resume isolate
I/flutter ( 4290): 00:00 +0: Tour UI a : écrans principaux et parcours
VMServiceFlutterDriver: Connected to Flutter application.
D/EGL_emulation( 4290): app_time_stats: avg=495.91ms min=2.62ms max=1228.49ms count=5
D/EGL_emulation( 4290): app_time_stats: avg=223.50ms min=3.92ms max=540.47ms count=6
D/EGL_emulation( 4290): app_time_stats: avg=1114.23ms min=214.40ms max=2014.06ms count=2
D/EGL_emulation( 4290): app_time_stats: avg=823.81ms min=466.07ms max=1181.54ms count=2
D/EGL_emulation( 4290): app_time_stats: avg=502.22ms min=196.46ms max=807.99ms count=2
Unhandled exception:
DriverError: Failed to fulfill RequestData due to remote error
Original error: ext.flutter.driver: (112) Service has disappeared
Original stack trace:
#0      new _OutstandingRequest (package:vm_service/src/vm_service.dart:265:34)
#1      VmService._call.<anonymous closure> (package:vm_service/src/vm_service.dart:1921:25)
#2      VmService._call (package:vm_service/src/vm_service.dart:1933:8)
#3      VmService.callServiceExtension (package:vm_service/src/vm_service.dart:1872:14)
#4      VMServiceFlutterDriver.sendCommand (package:flutter_driver/src/driver/vmservice_driver.dart:327:12)
#5      FlutterDriver.requestData (package:flutter_driver/src/driver/driver.dart:585:13)
#6      integrationDriver (package:integration_test/integration_test_driver.dart:71:42)
<asynchronous suspension>


#0      VMServiceFlutterDriver.sendCommand (package:flutter_driver/src/driver/vmservice_driver.dart:340:7)
<asynchronous suspension>
#1      FlutterDriver.requestData (package:flutter_driver/src/driver/driver.dart:585:7)
<asynchronous suspension>
#2      integrationDriver (package:integration_test/integration_test_driver.dart:71:29)
<asynchronous suspension>
