Running Gradle task 'assembleDebug'...                          
Warning: Flutter support for your project's Gradle version (8.14.3) will soon be dropped. Please upgrade your Gradle version to a version of at least 9.1.0 soon.
Alternatively, use the flag "--android-skip-build-dependency-validation" to bypass this check.

Potential fix: Your project's gradle version is typically defined in the gradle wrapper file. By default, this can be found at /home/runner/work/streetlift-apk/streetlift-apk/android/gradle/wrapper/gradle-wrapper.properties. 
For more information, see https://docs.gradle.org/current/userguide/gradle_wrapper.html.

Warning: Flutter support for your project's Android Gradle Plugin version (Android Gradle Plugin version 8.12.1) will soon be dropped. Please upgrade your Android Gradle Plugin version to a version of at least Android Gradle Plugin version 9.0.1 soon.
Alternatively, use the flag "--android-skip-build-dependency-validation" to bypass this check.

Potential fix: Your project's AGP version is typically defined in the plugins block of the `settings.gradle` file (/home/runner/work/streetlift-apk/streetlift-apk/android/settings.gradle), by a plugin with the id of com.android.application. 
If you don't see a plugins block, your project was likely created with an older template version. In this case it is most likely defined in the top-level build.gradle file (/home/runner/work/streetlift-apk/streetlift-apk/android/build.gradle) by the following line in the dependencies block of the buildscript: "classpath 'com.android.tools.build:gradle:<version>'".

Running Gradle task 'assembleDebug'...                             62.8s
✓ Built build/app/outputs/flutter-apk/app-debug.apk
Installing build/app/outputs/flutter-apk/app-debug.apk...           3.4s
I/WindowExtensionsImpl( 4042): Initializing Window Extensions, vendor API level=6, activity embedding enabled=true
D/FlutterRenderer( 4042): Width is zero. 0,0
D/FlutterJNI( 4042): Sending viewport metrics to the engine.
W/HWUI    ( 4042): Failed to choose config with EGL_SWAP_BEHAVIOR_PRESERVED, retrying without...
W/HWUI    ( 4042): Failed to initialize 101010-2 format, error = EGL_SUCCESS
I/eetlift_tracker( 4042): Compiler allocated 5174KB to compile void android.view.ViewRootImpl.performTraversals()
I/Gralloc4( 4042): mapper 4.x is not supported
I/Choreographer( 4042): Skipped 188 frames!  The application may be doing too much work on its main thread.
VMServiceFlutterDriver: Connecting to Flutter application at http://127.0.0.1:32785/7BmNkDD8SH0=/
D/FlutterJNI( 4042): Sending viewport metrics to the engine.
D/ProfileInstaller( 4042): Installing profile for fr.tchoupi.streetlift_tracker
VMServiceFlutterDriver: Isolate found with number: 7933713311961551
VMServiceFlutterDriver: Isolate 7933713311961551 is runnable.
VMServiceFlutterDriver: Isolate is paused at start.
VMServiceFlutterDriver: Attempting to resume isolate
I/flutter ( 4042): 00:00 +0: Tour UI c : écrans principaux et parcours
VMServiceFlutterDriver: Connected to Flutter application.
I/Choreographer( 4042): Skipped 37 frames!  The application may be doing too much work on its main thread.
D/EGL_emulation( 4042): app_time_stats: avg=116.92ms min=5.94ms max=294.61ms count=11
D/EGL_emulation( 4042): app_time_stats: avg=766.93ms min=246.26ms max=1287.60ms count=2
D/EGL_emulation( 4042): app_time_stats: avg=128.97ms min=23.13ms max=559.59ms count=8
D/EGL_emulation( 4042): app_time_stats: avg=743.46ms min=45.41ms max=2065.40ms count=4
D/EGL_emulation( 4042): app_time_stats: avg=803.86ms min=198.86ms max=1408.85ms count=2
D/EGL_emulation( 4042): app_time_stats: avg=5323.89ms min=867.22ms max=9780.55ms count=2
D/EGL_emulation( 4042): app_time_stats: avg=116.11ms min=70.14ms max=154.89ms count=9
D/EGL_emulation( 4042): app_time_stats: avg=95.27ms min=4.25ms max=144.09ms count=10
D/EGL_emulation( 4042): app_time_stats: avg=120.28ms min=59.92ms max=142.82ms count=8
D/EGL_emulation( 4042): app_time_stats: avg=115.78ms min=103.82ms max=133.96ms count=9
D/EGL_emulation( 4042): app_time_stats: avg=144.94ms min=97.17ms max=398.10ms count=7
D/EGL_emulation( 4042): app_time_stats: avg=112.15ms min=33.85ms max=170.30ms count=9
D/EGL_emulation( 4042): app_time_stats: avg=83.27ms min=37.11ms max=113.32ms count=11
D/EGL_emulation( 4042): app_time_stats: avg=89.95ms min=42.09ms max=135.84ms count=9
D/EGL_emulation( 4042): app_time_stats: avg=91.67ms min=29.38ms max=176.43ms count=10
D/EGL_emulation( 4042): app_time_stats: avg=145.30ms min=87.88ms max=368.48ms count=7
D/EGL_emulation( 4042): app_time_stats: avg=86.58ms min=5.91ms max=134.98ms count=11
W/WindowOnBackDispatcher( 4042): OnBackInvokedCallback is not enabled for the application.
W/WindowOnBackDispatcher( 4042): Set 'android:enableOnBackInvokedCallback="true"' in the application manifest.
D/EGL_emulation( 4042): app_time_stats: avg=124.26ms min=4.12ms max=266.82ms count=7
D/EGL_emulation( 4042): app_time_stats: avg=125.09ms min=14.30ms max=209.20ms count=9
D/EGL_emulation( 4042): app_time_stats: avg=133.25ms min=50.43ms max=276.47ms count=7
D/EGL_emulation( 4042): app_time_stats: avg=67.96ms min=12.61ms max=140.27ms count=13
D/EGL_emulation( 4042): app_time_stats: avg=96.29ms min=27.41ms max=199.21ms count=11
D/EGL_emulation( 4042): app_time_stats: avg=98.40ms min=63.48ms max=130.40ms count=9
D/EGL_emulation( 4042): app_time_stats: avg=97.42ms min=80.28ms max=116.22ms count=11
D/EGL_emulation( 4042): app_time_stats: avg=100.74ms min=33.55ms max=151.93ms count=10
W/WindowOnBackDispatcher( 4042): OnBackInvokedCallback is not enabled for the application.
W/WindowOnBackDispatcher( 4042): Set 'android:enableOnBackInvokedCallback="true"' in the application manifest.
D/EGL_emulation( 4042): app_time_stats: avg=102.35ms min=18.14ms max=160.05ms count=10
D/EGL_emulation( 4042): app_time_stats: avg=113.04ms min=74.32ms max=128.54ms count=9
D/EGL_emulation( 4042): app_time_stats: avg=138.00ms min=108.00ms max=253.20ms count=8
D/EGL_emulation( 4042): app_time_stats: avg=103.16ms min=85.10ms max=121.76ms count=10
D/EGL_emulation( 4042): app_time_stats: avg=95.92ms min=76.21ms max=113.39ms count=10
W/WindowOnBackDispatcher( 4042): OnBackInvokedCallback is not enabled for the application.
W/WindowOnBackDispatcher( 4042): Set 'android:enableOnBackInvokedCallback="true"' in the application manifest.
D/EGL_emulation( 4042): app_time_stats: avg=104.20ms min=11.38ms max=210.49ms count=10
D/EGL_emulation( 4042): app_time_stats: avg=117.37ms min=114.79ms max=123.09ms count=9
D/EGL_emulation( 4042): app_time_stats: avg=113.26ms min=56.68ms max=200.79ms count=9
D/EGL_emulation( 4042): app_time_stats: avg=67.40ms min=52.28ms max=114.71ms count=11
D/EGL_emulation( 4042): app_time_stats: avg=65.15ms min=58.30ms max=82.82ms count=11
W/WindowOnBackDispatcher( 4042): OnBackInvokedCallback is not enabled for the application.
W/WindowOnBackDispatcher( 4042): Set 'android:enableOnBackInvokedCallback="true"' in the application manifest.
D/EGL_emulation( 4042): app_time_stats: avg=97.98ms min=39.63ms max=150.02ms count=10
D/EGL_emulation( 4042): app_time_stats: avg=62.59ms min=7.17ms max=158.32ms count=15
D/EGL_emulation( 4042): app_time_stats: avg=70.22ms min=1.68ms max=142.44ms count=13
D/EGL_emulation( 4042): app_time_stats: avg=83.56ms min=10.75ms max=173.04ms count=12
D/EGL_emulation( 4042): app_time_stats: avg=79.98ms min=51.46ms max=136.35ms count=11
D/EGL_emulation( 4042): app_time_stats: avg=66.15ms min=27.46ms max=125.96ms count=10
D/EGL_emulation( 4042): app_time_stats: avg=78.27ms min=29.40ms max=135.43ms count=10
W/WindowOnBackDispatcher( 4042): OnBackInvokedCallback is not enabled for the application.
W/WindowOnBackDispatcher( 4042): Set 'android:enableOnBackInvokedCallback="true"' in the application manifest.
D/EGL_emulation( 4042): app_time_stats: avg=97.13ms min=10.97ms max=131.37ms count=11
D/EGL_emulation( 4042): app_time_stats: avg=116.79ms min=114.44ms max=118.31ms count=9
D/EGL_emulation( 4042): app_time_stats: avg=116.14ms min=83.48ms max=149.76ms count=9
D/EGL_emulation( 4042): app_time_stats: avg=73.89ms min=32.46ms max=116.05ms count=11
D/EGL_emulation( 4042): app_time_stats: avg=65.35ms min=37.90ms max=153.55ms count=12
W/WindowOnBackDispatcher( 4042): OnBackInvokedCallback is not enabled for the application.
W/WindowOnBackDispatcher( 4042): Set 'android:enableOnBackInvokedCallback="true"' in the application manifest.
D/EGL_emulation( 4042): app_time_stats: avg=91.33ms min=6.88ms max=177.80ms count=11
D/EGL_emulation( 4042): app_time_stats: avg=57.44ms min=6.58ms max=115.44ms count=16
D/EGL_emulation( 4042): app_time_stats: avg=63.70ms min=12.21ms max=119.87ms count=14
D/EGL_emulation( 4042): app_time_stats: avg=96.98ms min=4.65ms max=265.66ms count=10
D/EGL_emulation( 4042): app_time_stats: avg=113.36ms min=86.23ms max=120.85ms count=9
D/EGL_emulation( 4042): app_time_stats: avg=109.23ms min=10.78ms max=262.35ms count=11
D/EGL_emulation( 4042): app_time_stats: avg=70.43ms min=2.22ms max=142.80ms count=13
D/EGL_emulation( 4042): app_time_stats: avg=99.77ms min=18.16ms max=207.44ms count=10
D/EGL_emulation( 4042): app_time_stats: avg=102.83ms min=66.11ms max=128.65ms count=10
D/EGL_emulation( 4042): app_time_stats: avg=56.05ms min=5.69ms max=113.16ms count=15
D/EGL_emulation( 4042): app_time_stats: avg=92.73ms min=23.24ms max=193.03ms count=10
D/EGL_emulation( 4042): app_time_stats: avg=96.55ms min=67.43ms max=117.49ms count=11
D/EGL_emulation( 4042): app_time_stats: avg=63.72ms min=15.29ms max=111.87ms count=15
D/EGL_emulation( 4042): app_time_stats: avg=80.99ms min=13.42ms max=116.90ms count=12
D/EGL_emulation( 4042): app_time_stats: avg=94.59ms min=1.95ms max=184.89ms count=11
D/EGL_emulation( 4042): app_time_stats: avg=76.77ms min=3.47ms max=119.92ms count=13
D/EGL_emulation( 4042): app_time_stats: avg=101.03ms min=58.65ms max=184.11ms count=11
D/EGL_emulation( 4042): app_time_stats: avg=88.46ms min=5.74ms max=217.43ms count=11
D/EGL_emulation( 4042): app_time_stats: avg=114.10ms min=100.23ms max=117.33ms count=9
D/EGL_emulation( 4042): app_time_stats: avg=92.01ms min=31.36ms max=136.70ms count=10
D/EGL_emulation( 4042): app_time_stats: avg=69.98ms min=40.69ms max=108.30ms count=12
D/EGL_emulation( 4042): app_time_stats: avg=53.29ms min=47.70ms max=65.46ms count=13
D/EGL_emulation( 4042): app_time_stats: avg=66.38ms min=2.46ms max=109.35ms count=12
D/EGL_emulation( 4042): app_time_stats: avg=75.76ms min=27.31ms max=139.78ms count=12
W/WindowOnBackDispatcher( 4042): OnBackInvokedCallback is not enabled for the application.
W/WindowOnBackDispatcher( 4042): Set 'android:enableOnBackInvokedCallback="true"' in the application manifest.
D/EGL_emulation( 4042): app_time_stats: avg=76.44ms min=1.95ms max=131.77ms count=13
D/EGL_emulation( 4042): app_time_stats: avg=116.62ms min=116.25ms max=116.91ms count=9
D/EGL_emulation( 4042): app_time_stats: avg=100.36ms min=60.34ms max=118.40ms count=10
D/EGL_emulation( 4042): app_time_stats: avg=69.38ms min=15.98ms max=116.81ms count=14
D/EGL_emulation( 4042): app_time_stats: avg=88.60ms min=9.64ms max=119.64ms count=11
D/EGL_emulation( 4042): app_time_stats: avg=57.81ms min=14.61ms max=115.89ms count=15
D/EGL_emulation( 4042): app_time_stats: avg=105.88ms min=77.36ms max=116.85ms count=10
D/EGL_emulation( 4042): app_time_stats: avg=70.39ms min=22.22ms max=106.85ms count=13
D/EGL_emulation( 4042): app_time_stats: avg=91.37ms min=20.86ms max=116.90ms count=12
D/EGL_emulation( 4042): app_time_stats: avg=114.81ms min=80.15ms max=136.04ms count=9
D/EGL_emulation( 4042): app_time_stats: avg=69.40ms min=37.35ms max=127.28ms count=12
D/EGL_emulation( 4042): app_time_stats: avg=72.52ms min=36.85ms max=101.86ms count=13
D/EGL_emulation( 4042): app_time_stats: avg=79.88ms min=8.87ms max=113.32ms count=11
D/EGL_emulation( 4042): app_time_stats: avg=60.42ms min=2.75ms max=127.71ms count=13
W/WindowOnBackDispatcher( 4042): OnBackInvokedCallback is not enabled for the application.
W/WindowOnBackDispatcher( 4042): Set 'android:enableOnBackInvokedCallback="true"' in the application manifest.
D/EGL_emulation( 4042): app_time_stats: avg=71.52ms min=29.61ms max=131.79ms count=12
D/EGL_emulation( 4042): app_time_stats: avg=90.68ms min=6.01ms max=133.73ms count=11
D/EGL_emulation( 4042): app_time_stats: avg=116.61ms min=116.06ms max=117.13ms count=9
D/EGL_emulation( 4042): app_time_stats: avg=78.22ms min=12.42ms max=116.92ms count=13
D/EGL_emulation( 4042): app_time_stats: avg=87.45ms min=8.77ms max=125.65ms count=11
D/EGL_emulation( 4042): app_time_stats: avg=111.52ms min=67.97ms max=119.43ms count=9
D/EGL_emulation( 4042): app_time_stats: avg=72.12ms min=18.84ms max=116.92ms count=13
D/EGL_emulation( 4042): app_time_stats: avg=116.63ms min=115.51ms max=117.73ms count=9
I/eetlift_tracker( 4042): Background concurrent mark compact GC freed 2211KB AllocSpace bytes, 8(416KB) LOS objects, 49% free, 2660KB/5321KB, paused 118us,1.874ms total 214.585ms
W/eetlift_tracker( 4042): ApkAssets: Deleting an ApkAssets object '<empty> and /product/app/talkback/talkback.apk' with 1 weak references
W/eetlift_tracker( 4042): ApkAssets: Deleting an ApkAssets object '/vendor/overlay/EmulatorTalkBackOverlay/EmulatorTalkBackOverlay.apk' with 1 weak references
D/EGL_emulation( 4042): app_time_stats: avg=82.50ms min=2.04ms max=117.24ms count=12
D/EGL_emulation( 4042): app_time_stats: avg=56.49ms min=12.95ms max=107.51ms count=15
D/EGL_emulation( 4042): app_time_stats: avg=51.70ms min=44.38ms max=68.50ms count=16
E/AccessibilityBridge( 4042): transform has not been initialized for id = 490
I/AccessibilityBridge( 4042): Semantics tree:SemanticsNode id=0 identifier=null label=null actions=0 flags=0
I/AccessibilityBridge( 4042): Semantics tree:  +-- headingLevel=0
I/AccessibilityBridge( 4042): Semantics tree:  +-- textDirection=UNKNOWN
I/AccessibilityBridge( 4042): Semantics tree:  +-- rect.ltrb=(0.0, 0.0, 540.0, 960.0)
I/AccessibilityBridge( 4042): Semantics tree:  +-- transform=[1.0, 0.0, 0.0, 0.0, 0.0, 1.0, 0.0, 0.0, 0.0, 0.0, 1.0, 0.0, 0.0, 0.0, 0.0, 1.0]
I/AccessibilityBridge( 4042): Semantics tree:  SemanticsNode id=4 identifier=null label=null actions=0 flags=0
I/AccessibilityBridge( 4042): Semantics tree:    +-- headingLevel=0
I/AccessibilityBridge( 4042): Semantics tree:    +-- textDirection=LTR
I/AccessibilityBridge( 4042): Semantics tree:    +-- rect.ltrb=(0.0, 0.0, 360.0, 640.0)
I/AccessibilityBridge( 4042): Semantics tree:    +-- transform=[1.5, 0.0, 0.0, 0.0, 0.0, 1.5, 0.0, 0.0, 0.0, 0.0, 1.0, 0.0, 0.0, 0.0, 0.0, 1.0]
I/AccessibilityBridge( 4042): Semantics tree:    SemanticsNode id=477 identifier=null label=null actions=0 flags=0
I/AccessibilityBridge( 4042): Semantics tree:      +-- headingLevel=0
I/AccessibilityBridge( 4042): Semantics tree:      +-- textDirection=UNKNOWN
I/AccessibilityBridge( 4042): Semantics tree:      +-- rect.ltrb=(0.0, 0.0, 360.0, 640.0)
I/AccessibilityBridge( 4042): Semantics tree:      +-- transform=[1.0, 0.0, 0.0, 0.0, 0.0, 1.0, 0.0, 0.0, 0.0, 0.0, 1.0, 0.0, 0.0, 0.0, 0.0, 1.0]
I/AccessibilityBridge( 4042): Semantics tree:      SemanticsNode id=478 identifier=null label=null actions=0 flags=0
I/AccessibilityBridge( 4042): Semantics tree:        +-- headingLevel=0
I/AccessibilityBridge( 4042): Semantics tree:        +-- textDirection=UNKNOWN
I/AccessibilityBridge( 4042): Semantics tree:        +-- rect.ltrb=(0.0, 0.0, 360.0, 640.0)
I/AccessibilityBridge( 4042): Semantics tree:        +-- transform=[1.0, 0.0, 0.0, 0.0, 0.0, 1.0, 0.0, 0.0, 0.0, 0.0, 1.0, 0.0, 0.0, 0.0, 0.0, 1.0]
I/AccessibilityBridge( 4042): Semantics tree:        SemanticsNode id=479 identifier=null label=Boîte de dialogue actions=0 flags=6144
I/AccessibilityBridge( 4042): Semantics tree:          +-- headingLevel=0
I/AccessibilityBridge( 4042): Semantics tree:          +-- textDirection=LTR
I/AccessibilityBridge( 4042): Semantics tree:          +-- rect.ltrb=(0.0, 0.0, 360.0, 612.0)
I/AccessibilityBridge( 4042): Semantics tree:          +-- transform=[1.0, 0.0, 0.0, 0.0, 0.0, 1.0, 0.0, 0.0, 0.0, 0.0, 1.0, 0.0, 0.0, 28.0, 0.0, 1.0]
I/AccessibilityBridge( 4042): Semantics tree:          SemanticsNode id=480 identifier=null label=null actions=0 flags=262144
I/AccessibilityBridge( 4042): Semantics tree:            +-- headingLevel=0
I/AccessibilityBridge( 4042): Semantics tree:            +-- textDirection=UNKNOWN
I/AccessibilityBridge( 4042): Semantics tree:            +-- rect.ltrb=(0.0, 0.0, 360.0, 301.35306)
I/AccessibilityBridge( 4042): Semantics tree:            +-- transform=[1.0, 0.0, 0.0, 0.0, 0.0, 1.0, 0.0, 0.0, 0.0, 0.0, 1.0, 0.0, 0.0, 310.64694, 0.0, 1.0]
I/AccessibilityBridge( 4042): Semantics tree:            SemanticsNode id=481 identifier=null label=Cou
I/AccessibilityBridge( 4042): Douleur actions=0 flags=512
I/AccessibilityBridge( 4042): Semantics tree:              +-- headingLevel=0
I/AccessibilityBridge( 4042): Semantics tree:              +-- textDirection=LTR
I/AccessibilityBridge( 4042): Semantics tree:              +-- rect.ltrb=(0.0, 0.0, 320.0, 42.0)
I/AccessibilityBridge( 4042): Semantics tree:              +-- transform=[1.0, 0.0, 0.0, 0.0, 0.0, 1.0, 0.0, 0.0, 0.0, 0.0, 1.0, 0.0, 20.0, 28.0, 0.0, 1.0]
I/AccessibilityBridge( 4042): Semantics tree:            SemanticsNode id=482 identifier=null label=Gauche actions=4194305 flags=270532616
I/AccessibilityBridge( 4042): Semantics tree:              +-- headingLevel=0
I/AccessibilityBridge( 4042): Semantics tree:              +-- textDirection=LTR
I/AccessibilityBridge( 4042): Semantics tree:              +-- rect.ltrb=(0.0, 0.0, 66.094025, 48.0)
I/AccessibilityBridge( 4042): Semantics tree:              +-- transform=[1.0, 0.0, 0.0, 0.0, 0.0, 1.0, 0.0, 0.0, 0.0, 0.0, 1.0, 0.0, 20.0, 78.0, 0.0, 1.0]
I/AccessibilityBridge( 4042): Semantics tree:            SemanticsNode id=483 identifier=null label=Droite actions=4194305 flags=270532616
I/AccessibilityBridge( 4042): Semantics tree:              +-- headingLevel=0
I/AccessibilityBridge( 4042): Semantics tree:              +-- textDirection=LTR
I/AccessibilityBridge( 4042): Semantics tree:              +-- rect.ltrb=(0.0, 0.0, 58.56703, 48.0)
I/AccessibilityBridge( 4042): Semantics tree:              +-- transform=[1.0, 0.0, 0.0, 0.0, 0.0, 1.0, 0.0, 0.0, 0.0, 0.0, 1.0, 0.0, 94.094025, 78.0, 0.0, 1.0]
I/AccessibilityBridge( 4042): Semantics tree:            SemanticsNode id=484 identifier=null label=Des deux côtés actions=4194305 flags=270532620
I/AccessibilityBridge( 4042): Semantics tree:              +-- headingLevel=0
I/AccessibilityBridge( 4042): Semantics tree:              +-- textDirection=LTR
I/AccessibilityBridge( 4042): Semantics tree:              +-- rect.ltrb=(0.0, 0.0, 108.70805, 48.0)
I/AccessibilityBridge( 4042): Semantics tree:              +-- transform=[1.0, 0.0, 0.0, 0.0, 0.0, 1.0, 0.0, 0.0, 0.0, 0.0, 1.0, 0.0, 160.66106, 78.0, 0.0, 1.0]
I/AccessibilityBridge( 4042): Semantics tree:            SemanticsNode id=485 identifier=null label=Douleur aujourd’hui : 4/10 actions=0 flags=0
I/AccessibilityBridge( 4042): Semantics tree:              +-- headingLevel=0
I/AccessibilityBridge( 4042): Semantics tree:              +-- textDirection=LTR
I/AccessibilityBridge( 4042): Semantics tree:              +-- rect.ltrb=(0.0, 0.0, 320.0, 22.0)
I/AccessibilityBridge( 4042): Semantics tree:              +-- transform=[1.0, 0.0, 0.0, 0.0, 0.0, 1.0, 0.0, 0.0, 0.0, 0.0, 1.0, 0.0, 20.0, 138.0, 0.0, 1.0]
I/AccessibilityBridge( 4042): Semantics tree:            SemanticsNode id=486 identifier=null label=null actions=0 flags=0
I/AccessibilityBridge( 4042): Semantics tree:              +-- headingLevel=0
I/AccessibilityBridge( 4042): Semantics tree:              +-- textDirection=UNKNOWN
I/AccessibilityBridge( 4042): Semantics tree:              +-- rect.ltrb=(0.0, 0.0, 320.0, 48.0)
I/AccessibilityBridge( 4042): Semantics tree:              +-- transform=[1.0, 0.0, 0.0, 0.0, 0.0, 1.0, 0.0, 0.0, 0.0, 0.0, 1.0, 0.0, 20.0, 160.0, 0.0, 1.0]
I/AccessibilityBridge( 4042): Semantics tree:              SemanticsNode id=487 identifier=null label=4/10 actions=4194496 flags=10485952
I/AccessibilityBridge( 4042): Semantics tree:                +-- headingLevel=0
I/AccessibilityBridge( 4042): Semantics tree:                +-- textDirection=LTR
I/AccessibilityBridge( 4042): Semantics tree:                +-- rect.ltrb=(109.2, 0.0, 157.2, 48.0)
I/AccessibilityBridge( 4042): Semantics tree:                +-- transform=[1.0, 0.0, 0.0, 0.0, 0.0, 1.0, 0.0, 0.0, 0.0, 0.0, 1.0, 0.0, 0.0, 0.0, 0.0, 1.0]
I/AccessibilityBridge( 4042): Semantics tree:              SemanticsNode id=490 identifier=null label=null actions=0 flags=0
I/AccessibilityBridge( 4042): Semantics tree:                +-- headingLevel=0
I/AccessibilityBridge( 4042): Semantics tree:                +-- textDirection=null
I/AccessibilityBridge( 4042): Semantics tree:                +-- rect.ltrb=(0.0, 0.0, 0.0, 0.0)
I/AccessibilityBridge( 4042): Semantics tree:                +-- transform=null
I/AccessibilityBridge( 4042): Semantics tree:            SemanticsNode id=488 identifier=null label=0 : aucune · 10 : la pire imaginable. Au-dessus de 3/10, j’épargne la zone. Une douleur forte ou qui dure mérite l’avis d’un professionnel de santé. actions=0 flags=0
I/AccessibilityBridge( 4042): Semantics tree:              +-- headingLevel=0
I/AccessibilityBridge( 4042): Semantics tree:              +-- textDirection=LTR
I/AccessibilityBridge( 4042): Semantics tree:              +-- rect.ltrb=(0.0, 0.0, 320.0, 54.0)
I/AccessibilityBridge( 4042): Semantics tree:              +-- transform=[1.0, 0.0, 0.0, 0.0, 0.0, 1.0, 0.0, 0.0, 0.0, 0.0, 1.0, 0.0, 20.0, 208.0, 0.0, 1.0]
I/AccessibilityBridge( 4042): Semantics tree:            SemanticsNode id=489 identifier=null label=Enregistrer actions=4194305 flags=2097352
I/AccessibilityBridge( 4042): Semantics tree:              +-- headingLevel=0
I/AccessibilityBridge( 4042): Semantics tree:              +-- textDirection=LTR
I/AccessibilityBridge( 4042): Semantics tree:              +-- rect.ltrb=(0.0, 0.0, 320.0, 23.353058)
I/AccessibilityBridge( 4042): Semantics tree:              +-- transform=[1.0, 0.0, 0.0, 0.0, 0.0, 1.0, 0.0, 0.0, 0.0, 0.0, 1.0, 0.0, 20.0, 278.0, 0.0, 1.0]
I/AccessibilityBridge( 4042): Semantics tree:    SemanticsNode id=475 identifier=null label=null actions=0 flags=0
I/AccessibilityBridge( 4042): Semantics tree:      +-- headingLevel=0
I/AccessibilityBridge( 4042): Semantics tree:      +-- textDirection=UNKNOWN
I/AccessibilityBridge( 4042): Semantics tree:      +-- rect.ltrb=(0.0, 0.0, 360.0, 640.0)
I/AccessibilityBridge( 4042): Semantics tree:      +-- transform=[1.0, 0.0, 0.0, 0.0, 0.0, 1.0, 0.0, 0.0, 0.0, 0.0, 1.0, 0.0, 0.0, 0.0, 0.0, 1.0]
I/AccessibilityBridge( 4042): Semantics tree:      SemanticsNode id=476 identifier=null label=Fond actions=262145 flags=0
I/AccessibilityBridge( 4042): Semantics tree:        +-- headingLevel=0
I/AccessibilityBridge( 4042): Semantics tree:        +-- textDirection=LTR
I/AccessibilityBridge( 4042): Semantics tree:        +-- rect.ltrb=(0.0, 0.0, 360.0, 290.0)
I/AccessibilityBridge( 4042): Semantics tree:        +-- transform=[1.0, 0.0, 0.0, 0.0, 0.0, 1.0, 0.0, 0.0, 0.0, 0.0, 1.0, 0.0, 0.0, 0.0, 0.0, 1.0]
I/AccessibilityBridge( 4042): Semantics tree:  SemanticsNode id=3 identifier=null label=Session de test active actions=2 flags=8
I/AccessibilityBridge( 4042): Semantics tree:    +-- headingLevel=0
I/AccessibilityBridge( 4042): Semantics tree:    +-- textDirection=LTR
I/AccessibilityBridge( 4042): Semantics tree:    +-- rect.ltrb=(0.0, 0.0, 16.0, 56.0)
I/AccessibilityBridge( 4042): Semantics tree:    +-- transform=[1.5, 0.0, 0.0, 0.0, 0.0, 1.5, 0.0, 0.0, 0.0, 0.0, 1.0, 0.0, 516.0, 569.4, 0.0, 1.0]
D/EGL_emulation( 4042): app_time_stats: avg=55.28ms min=36.58ms max=111.44ms count=15
D/EGL_emulation( 4042): app_time_stats: avg=60.13ms min=14.00ms max=82.10ms count=14
D/EGL_emulation( 4042): app_time_stats: avg=65.51ms min=14.25ms max=116.11ms count=15
D/EGL_emulation( 4042): app_time_stats: avg=56.42ms min=5.92ms max=111.60ms count=16
D/EGL_emulation( 4042): app_time_stats: avg=58.55ms min=12.71ms max=123.04ms count=15
D/EGL_emulation( 4042): app_time_stats: avg=79.67ms min=47.53ms max=166.11ms count=11
D/EGL_emulation( 4042): app_time_stats: avg=81.17ms min=28.55ms max=150.42ms count=12
D/EGL_emulation( 4042): app_time_stats: avg=75.78ms min=39.77ms max=139.17ms count=11
D/EGL_emulation( 4042): app_time_stats: avg=73.00ms min=7.20ms max=114.42ms count=12
D/EGL_emulation( 4042): app_time_stats: avg=88.25ms min=33.95ms max=114.67ms count=10
W/WindowOnBackDispatcher( 4042): OnBackInvokedCallback is not enabled for the application.
W/WindowOnBackDispatcher( 4042): Set 'android:enableOnBackInvokedCallback="true"' in the application manifest.
D/EGL_emulation( 4042): app_time_stats: avg=64.31ms min=41.96ms max=105.18ms count=12
D/EGL_emulation( 4042): app_time_stats: avg=88.66ms min=44.26ms max=117.25ms count=11
D/EGL_emulation( 4042): app_time_stats: avg=118.52ms min=115.72ms max=134.33ms count=9
D/EGL_emulation( 4042): app_time_stats: avg=75.66ms min=8.87ms max=116.90ms count=14
D/EGL_emulation( 4042): app_time_stats: avg=89.51ms min=15.99ms max=117.42ms count=11
D/EGL_emulation( 4042): app_time_stats: avg=91.44ms min=15.50ms max=170.24ms count=12
D/EGL_emulation( 4042): app_time_stats: avg=86.21ms min=26.97ms max=116.96ms count=11
D/EGL_emulation( 4042): app_time_stats: avg=111.26ms min=82.82ms max=123.52ms count=9
D/EGL_emulation( 4042): app_time_stats: avg=91.68ms min=37.29ms max=117.88ms count=11
D/EGL_emulation( 4042): app_time_stats: avg=118.72ms min=91.73ms max=139.35ms count=9
D/EGL_emulation( 4042): app_time_stats: avg=71.21ms min=41.65ms max=144.96ms count=11
D/EGL_emulation( 4042): app_time_stats: avg=66.01ms min=32.31ms max=107.99ms count=12
D/EGL_emulation( 4042): app_time_stats: avg=77.46ms min=33.63ms max=120.97ms count=11
D/EGL_emulation( 4042): app_time_stats: avg=90.31ms min=44.14ms max=118.03ms count=11
D/EGL_emulation( 4042): app_time_stats: avg=80.76ms min=35.30ms max=149.83ms count=11
D/EGL_emulation( 4042): app_time_stats: avg=113.39ms min=28.90ms max=273.16ms count=8
D/EGL_emulation( 4042): app_time_stats: avg=103.73ms min=70.53ms max=133.42ms count=10
D/EGL_emulation( 4042): app_time_stats: avg=71.57ms min=6.68ms max=122.35ms count=11
D/EGL_emulation( 4042): app_time_stats: avg=104.52ms min=89.96ms max=122.56ms count=10
D/EGL_emulation( 4042): app_time_stats: avg=95.33ms min=32.32ms max=226.79ms count=10
D/EGL_emulation( 4042): app_time_stats: avg=87.27ms min=11.36ms max=116.47ms count=10
D/EGL_emulation( 4042): app_time_stats: avg=113.37ms min=88.24ms max=178.24ms count=9
D/EGL_emulation( 4042): app_time_stats: avg=108.68ms min=41.66ms max=137.52ms count=9
D/EGL_emulation( 4042): app_time_stats: avg=90.72ms min=32.40ms max=262.20ms count=11
D/EGL_emulation( 4042): app_time_stats: avg=95.17ms min=35.58ms max=134.72ms count=11
D/EGL_emulation( 4042): app_time_stats: avg=89.28ms min=28.74ms max=184.28ms count=11
D/EGL_emulation( 4042): app_time_stats: avg=107.72ms min=91.43ms max=127.79ms count=10
D/EGL_emulation( 4042): app_time_stats: avg=86.93ms min=39.25ms max=223.09ms count=10
D/EGL_emulation( 4042): app_time_stats: avg=86.52ms min=42.86ms max=107.31ms count=11
D/EGL_emulation( 4042): app_time_stats: avg=104.85ms min=72.78ms max=169.24ms count=10
D/EGL_emulation( 4042): app_time_stats: avg=101.89ms min=45.24ms max=242.35ms count=11
D/EGL_emulation( 4042): app_time_stats: avg=97.94ms min=38.27ms max=132.72ms count=11
D/EGL_emulation( 4042): app_time_stats: avg=86.42ms min=30.93ms max=117.08ms count=11
D/EGL_emulation( 4042): app_time_stats: avg=64.15ms min=49.39ms max=99.92ms count=12
D/EGL_emulation( 4042): app_time_stats: avg=97.69ms min=32.86ms max=129.73ms count=9
W/WindowOnBackDispatcher( 4042): OnBackInvokedCallback is not enabled for the application.
W/WindowOnBackDispatcher( 4042): Set 'android:enableOnBackInvokedCallback="true"' in the application manifest.
D/EGL_emulation( 4042): app_time_stats: avg=63.55ms min=32.21ms max=112.56ms count=12
D/EGL_emulation( 4042): app_time_stats: avg=79.89ms min=44.93ms max=118.18ms count=10
D/EGL_emulation( 4042): app_time_stats: avg=85.53ms min=45.90ms max=202.60ms count=10
D/EGL_emulation( 4042): app_time_stats: avg=99.80ms min=77.59ms max=123.16ms count=11
D/EGL_emulation( 4042): app_time_stats: avg=99.85ms min=69.00ms max=116.95ms count=10
D/EGL_emulation( 4042): app_time_stats: avg=110.46ms min=84.60ms max=116.91ms count=10
D/EGL_emulation( 4042): app_time_stats: avg=80.56ms min=36.67ms max=132.84ms count=11
W/WindowOnBackDispatcher( 4042): OnBackInvokedCallback is not enabled for the application.
W/WindowOnBackDispatcher( 4042): Set 'android:enableOnBackInvokedCallback="true"' in the application manifest.
D/EGL_emulation( 4042): app_time_stats: avg=82.71ms min=17.76ms max=117.11ms count=10
D/EGL_emulation( 4042): app_time_stats: avg=116.52ms min=115.85ms max=116.79ms count=9
D/EGL_emulation( 4042): app_time_stats: avg=75.31ms min=45.78ms max=116.51ms count=12
D/EGL_emulation( 4042): app_time_stats: avg=62.46ms min=35.68ms max=98.38ms count=12
D/EGL_emulation( 4042): app_time_stats: avg=56.47ms min=2.42ms max=152.09ms count=12
D/EGL_emulation( 4042): app_time_stats: avg=64.45ms min=15.94ms max=109.07ms count=12
D/EGL_emulation( 4042): app_time_stats: avg=134.99ms min=115.81ms max=249.55ms count=8
D/EGL_emulation( 4042): app_time_stats: avg=116.89ms min=116.22ms max=119.16ms count=9
D/EGL_emulation( 4042): app_time_stats: avg=76.43ms min=2.71ms max=117.01ms count=11
D/EGL_emulation( 4042): app_time_stats: avg=75.43ms min=47.36ms max=131.56ms count=11
D/EGL_emulation( 4042): app_time_stats: avg=96.44ms min=76.29ms max=116.85ms count=11
I/ImeTracker( 4042): fr.tchoupi.streetlift_tracker:f9c4399c: onRequestShow at ORIGIN_CLIENT reason SHOW_SOFT_INPUT fromUser false
D/InputMethodManager( 4042): showSoftInput() view=io.flutter.embedding.android.FlutterView{dd79ea1 VFE...... .F....ID 0,0-540,960 #1 aid=1073741824} flags=0 reason=SHOW_SOFT_INPUT
D/EGL_emulation( 4042): app_time_stats: avg=122.37ms min=116.10ms max=168.22ms count=9
I/AssistStructure( 4042): Flattened final assist data: 524 bytes, containing 1 windows, 3 views
D/EGL_emulation( 4042): app_time_stats: avg=90970.50ms min=62957.88ms max=118983.12ms count=2
D/InputConnectionAdaptor( 4042): The input method toggled cursor monitoring on
I/ImeTracker( 4042): fr.tchoupi.streetlift_tracker:64bdcac0: onRequestShow at ORIGIN_CLIENT reason SHOW_SOFT_INPUT fromUser false
D/InputMethodManager( 4042): showSoftInput() view=io.flutter.embedding.android.FlutterView{dd79ea1 VFE...... .F...... 0,0-540,960 #1 aid=1073741824} flags=0 reason=SHOW_SOFT_INPUT
D/EGL_emulation( 4042): app_time_stats: avg=128.56ms min=43.87ms max=284.78ms count=9
D/EGL_emulation( 4042): app_time_stats: avg=205.70ms min=102.56ms max=321.33ms count=6
D/InsetsController( 4042): show(ime(), fromIme=true)
W/InteractionJankMonitor( 4042): Initializing without READ_DEVICE_CONFIG permission. enabled=true, interval=1, missedFrameThreshold=3, frameTimeThreshold=64, package=fr.tchoupi.streetlift_tracker
D/FlutterJNI( 4042): Sending viewport metrics to the engine.
D/EGL_emulation( 4042): app_time_stats: avg=129.69ms min=105.64ms max=181.20ms count=9
D/EGL_emulation( 4042): app_time_stats: avg=3508.28ms min=3508.28ms max=3508.28ms count=1
I/ImeTracker( 4042): fr.tchoupi.streetlift_tracker:64bdcac0: onShown
D/FlutterJNI( 4042): Sending viewport metrics to the engine.
D/FlutterJNI( 4042): Sending viewport metrics to the engine.
I/Choreographer( 4042): Skipped 30 frames!  The application may be doing too much work on its main thread.
I/ImeTracker( 4042): fr.tchoupi.streetlift_tracker:15e12574: onRequestHide at ORIGIN_CLIENT reason HIDE_SOFT_INPUT fromUser false
D/InputConnectionAdaptor( 4042): The input method toggled cursor monitoring off
D/InsetsController( 4042): hide(ime(), fromIme=true)
D/FlutterJNI( 4042): Sending viewport metrics to the engine.
I/ImeTracker( 4042): fr.tchoupi.streetlift_tracker:77a26e6c: onRequestHide at ORIGIN_CLIENT reason HIDE_SOFT_INPUT_ON_ANIMATION_STATE_CHANGED fromUser false
I/ImeTracker( 4042): fr.tchoupi.streetlift_tracker:15e12574: onHidden
D/FlutterJNI( 4042): Sending viewport metrics to the engine.
D/FlutterJNI( 4042): Sending viewport metrics to the engine.
D/EGL_emulation( 4042): app_time_stats: avg=287.77ms min=28.09ms max=552.41ms count=4
D/EGL_emulation( 4042): app_time_stats: avg=127.14ms min=89.68ms max=186.29ms count=8
D/EGL_emulation( 4042): app_time_stats: avg=102.93ms min=77.51ms max=116.99ms count=10
D/EGL_emulation( 4042): app_time_stats: avg=98.12ms min=51.98ms max=117.28ms count=10
W/WindowOnBackDispatcher( 4042): OnBackInvokedCallback is not enabled for the application.
W/WindowOnBackDispatcher( 4042): Set 'android:enableOnBackInvokedCallback="true"' in the application manifest.
D/EGL_emulation( 4042): app_time_stats: avg=70.92ms min=49.20ms max=126.29ms count=12
I/eetlift_tracker( 4042): Background concurrent mark compact GC freed 2533KB AllocSpace bytes, 0(0B) LOS objects, 49% free, 2692KB/5385KB, paused 69us,8.491ms total 74.957ms
W/eetlift_tracker( 4042): ApkAssets: Deleting an ApkAssets object '<empty> and /product/app/talkback/talkback.apk' with 1 weak references
W/eetlift_tracker( 4042): ApkAssets: Deleting an ApkAssets object '/vendor/overlay/EmulatorTalkBackOverlay/EmulatorTalkBackOverlay.apk' with 1 weak references
D/EGL_emulation( 4042): app_time_stats: avg=86.55ms min=21.18ms max=124.56ms count=11
D/EGL_emulation( 4042): app_time_stats: avg=116.65ms min=116.32ms max=117.36ms count=9
D/EGL_emulation( 4042): app_time_stats: avg=78.16ms min=41.29ms max=159.18ms count=10
D/EGL_emulation( 4042): app_time_stats: avg=70.77ms min=37.78ms max=107.76ms count=11
D/EGL_emulation( 4042): app_time_stats: avg=70.28ms min=27.85ms max=143.79ms count=11
E/FrameTracker( 4042): force finish cuj, time out: J<IME_INSETS_SHOW_ANIMATION::0@1@fr.tchoupi.streetlift_tracker>
E/FrameTracker( 4042): force finish cuj, time out: J<IME_INSETS_HIDE_ANIMATION::1@1@fr.tchoupi.streetlift_tracker>
D/EGL_emulation( 4042): app_time_stats: avg=69.73ms min=33.71ms max=140.93ms count=13
D/EGL_emulation( 4042): app_time_stats: avg=119.95ms min=100.56ms max=173.01ms count=9
D/EGL_emulation( 4042): app_time_stats: avg=89.98ms min=43.64ms max=249.84ms count=11
D/EGL_emulation( 4042): app_time_stats: avg=113.61ms min=87.05ms max=118.37ms count=9
D/EGL_emulation( 4042): app_time_stats: avg=68.62ms min=27.25ms max=134.26ms count=12
D/EGL_emulation( 4042): app_time_stats: avg=70.86ms min=46.34ms max=120.90ms count=11
D/EGL_emulation( 4042): app_time_stats: avg=104.93ms min=75.47ms max=117.24ms count=10
D/EGL_emulation( 4042): app_time_stats: avg=66.60ms min=2.83ms max=117.00ms count=12
W/WindowOnBackDispatcher( 4042): OnBackInvokedCallback is not enabled for the application.
W/WindowOnBackDispatcher( 4042): Set 'android:enableOnBackInvokedCallback="true"' in the application manifest.
D/EGL_emulation( 4042): app_time_stats: avg=113.59ms min=71.10ms max=169.84ms count=9
D/EGL_emulation( 4042): app_time_stats: avg=107.21ms min=54.94ms max=120.07ms count=10
D/EGL_emulation( 4042): app_time_stats: avg=72.20ms min=7.64ms max=117.06ms count=14
D/EGL_emulation( 4042): app_time_stats: avg=79.94ms min=7.79ms max=131.78ms count=12
D/EGL_emulation( 4042): app_time_stats: avg=82.19ms min=27.73ms max=176.45ms count=11
D/EGL_emulation( 4042): app_time_stats: avg=76.92ms min=42.42ms max=112.59ms count=10
D/EGL_emulation( 4042): app_time_stats: avg=97.26ms min=6.21ms max=142.40ms count=11
D/EGL_emulation( 4042): app_time_stats: avg=88.82ms min=46.76ms max=117.04ms count=11
W/WindowOnBackDispatcher( 4042): OnBackInvokedCallback is not enabled for the application.
W/WindowOnBackDispatcher( 4042): Set 'android:enableOnBackInvokedCallback="true"' in the application manifest.
D/EGL_emulation( 4042): app_time_stats: avg=74.30ms min=10.32ms max=132.44ms count=11
D/EGL_emulation( 4042): app_time_stats: avg=114.08ms min=98.35ms max=117.21ms count=9
D/EGL_emulation( 4042): app_time_stats: avg=87.32ms min=30.77ms max=116.46ms count=11
D/EGL_emulation( 4042): app_time_stats: avg=72.06ms min=46.71ms max=116.64ms count=12
D/EGL_emulation( 4042): app_time_stats: avg=60.93ms min=15.28ms max=136.30ms count=12
D/EGL_emulation( 4042): app_time_stats: avg=89.56ms min=32.13ms max=116.73ms count=11
D/EGL_emulation( 4042): app_time_stats: avg=104.64ms min=82.42ms max=118.16ms count=10
I/ImeTracker( 4042): fr.tchoupi.streetlift_tracker:3e2a6ca4: onRequestShow at ORIGIN_CLIENT reason SHOW_SOFT_INPUT fromUser false
D/InputMethodManager( 4042): showSoftInput() view=io.flutter.embedding.android.FlutterView{dd79ea1 VFE...... .F...... 0,0-540,960 #1 aid=1073741824} flags=0 reason=SHOW_SOFT_INPUT
I/AssistStructure( 4042): Flattened final assist data: 528 bytes, containing 1 windows, 3 views
D/InputConnectionAdaptor( 4042): The input method toggled cursor monitoring on
D/EGL_emulation( 4042): app_time_stats: avg=74.00ms min=36.34ms max=145.65ms count=11
D/InsetsController( 4042): show(ime(), fromIme=true)
D/FlutterJNI( 4042): Sending viewport metrics to the engine.
D/EGL_emulation( 4042): app_time_stats: avg=8963.12ms min=79.57ms max=34869.12ms count=4
I/ImeTracker( 4042): fr.tchoupi.streetlift_tracker:3e2a6ca4: onShown
D/FlutterJNI( 4042): Sending viewport metrics to the engine.
D/FlutterJNI( 4042): Sending viewport metrics to the engine.
I/ImeTracker( 4042): fr.tchoupi.streetlift_tracker:19344191: onRequestShow at ORIGIN_CLIENT reason SHOW_SOFT_INPUT fromUser false
D/InputMethodManager( 4042): showSoftInput() view=io.flutter.embedding.android.FlutterView{dd79ea1 VFE...... .F...... 0,0-540,960 #1 aid=1073741824} flags=0 reason=SHOW_SOFT_INPUT
D/InsetsController( 4042): show(ime(), fromIme=true)
I/ImeTracker( 4042): fr.tchoupi.streetlift_tracker:19344191: onCancelled at PHASE_CLIENT_APPLY_ANIMATION
D/EGL_emulation( 4042): app_time_stats: avg=86.87ms min=18.19ms max=157.28ms count=11
I/ImeTracker( 4042): fr.tchoupi.streetlift_tracker:f4a7e4c1: onRequestHide at ORIGIN_CLIENT reason HIDE_SOFT_INPUT fromUser false
D/InsetsController( 4042): hide(ime(), fromIme=true)
D/EGL_emulation( 4042): app_time_stats: avg=73.60ms min=6.90ms max=137.83ms count=13
D/FlutterJNI( 4042): Sending viewport metrics to the engine.
D/InputConnectionAdaptor( 4042): The input method toggled cursor monitoring off
I/ImeTracker( 4042): fr.tchoupi.streetlift_tracker:808879c9: onRequestHide at ORIGIN_CLIENT reason HIDE_SOFT_INPUT_ON_ANIMATION_STATE_CHANGED fromUser false
I/ImeTracker( 4042): fr.tchoupi.streetlift_tracker:f4a7e4c1: onHidden
D/FlutterJNI( 4042): Sending viewport metrics to the engine.
D/FlutterJNI( 4042): Sending viewport metrics to the engine.
D/EGL_emulation( 4042): app_time_stats: avg=1092.43ms min=88.47ms max=2096.39ms count=2
D/EGL_emulation( 4042): app_time_stats: avg=108.97ms min=42.62ms max=194.92ms count=9
D/EGL_emulation( 4042): app_time_stats: avg=85.90ms min=31.32ms max=177.55ms count=12
D/EGL_emulation( 4042): app_time_stats: avg=114.31ms min=97.00ms max=117.08ms count=9
D/EGL_emulation( 4042): app_time_stats: avg=72.06ms min=36.63ms max=115.64ms count=12
D/EGL_emulation( 4042): app_time_stats: avg=74.57ms min=35.35ms max=139.75ms count=12
D/EGL_emulation( 4042): app_time_stats: avg=101.95ms min=33.05ms max=116.96ms count=10
W/WindowOnBackDispatcher( 4042): OnBackInvokedCallback is not enabled for the application.
W/WindowOnBackDispatcher( 4042): Set 'android:enableOnBackInvokedCallback="true"' in the application manifest.
D/EGL_emulation( 4042): app_time_stats: avg=68.64ms min=31.36ms max=104.84ms count=13
E/FrameTracker( 4042): force finish cuj, time out: J<IME_INSETS_SHOW_ANIMATION::0@1@fr.tchoupi.streetlift_tracker>
D/EGL_emulation( 4042): app_time_stats: avg=82.68ms min=12.22ms max=117.75ms count=11
D/EGL_emulation( 4042): app_time_stats: avg=113.05ms min=95.47ms max=118.60ms count=9
E/FrameTracker( 4042): force finish cuj, time out: J<IME_INSETS_HIDE_ANIMATION::1@1@fr.tchoupi.streetlift_tracker>
D/EGL_emulation( 4042): app_time_stats: avg=78.72ms min=45.11ms max=111.45ms count=11
D/EGL_emulation( 4042): app_time_stats: avg=69.41ms min=27.73ms max=103.63ms count=12
D/EGL_emulation( 4042): app_time_stats: avg=67.01ms min=39.60ms max=109.21ms count=12
D/EGL_emulation( 4042): app_time_stats: avg=104.70ms min=40.85ms max=117.02ms count=10
W/WindowOnBackDispatcher( 4042): OnBackInvokedCallback is not enabled for the application.
W/WindowOnBackDispatcher( 4042): Set 'android:enableOnBackInvokedCallback="true"' in the application manifest.
D/EGL_emulation( 4042): app_time_stats: avg=88.00ms min=46.82ms max=124.96ms count=11
D/EGL_emulation( 4042): app_time_stats: avg=100.41ms min=53.49ms max=117.06ms count=11
D/EGL_emulation( 4042): app_time_stats: avg=87.30ms min=35.93ms max=128.98ms count=11
D/EGL_emulation( 4042): app_time_stats: avg=80.35ms min=27.16ms max=130.15ms count=12
W/WindowOnBackDispatcher( 4042): OnBackInvokedCallback is not enabled for the application.
W/WindowOnBackDispatcher( 4042): Set 'android:enableOnBackInvokedCallback="true"' in the application manifest.
D/EGL_emulation( 4042): app_time_stats: avg=74.90ms min=4.04ms max=117.79ms count=13
D/EGL_emulation( 4042): app_time_stats: avg=51.70ms min=7.60ms max=103.85ms count=18
D/EGL_emulation( 4042): app_time_stats: avg=50.09ms min=11.14ms max=102.23ms count=17
D/EGL_emulation( 4042): app_time_stats: avg=72.25ms min=11.55ms max=138.20ms count=13
D/EGL_emulation( 4042): app_time_stats: avg=75.35ms min=33.85ms max=150.84ms count=12
W/WindowOnBackDispatcher( 4042): OnBackInvokedCallback is not enabled for the application.
W/WindowOnBackDispatcher( 4042): Set 'android:enableOnBackInvokedCallback="true"' in the application manifest.
D/EGL_emulation( 4042): app_time_stats: avg=66.81ms min=35.81ms max=110.14ms count=12
D/EGL_emulation( 4042): app_time_stats: avg=84.45ms min=7.64ms max=124.68ms count=12
D/EGL_emulation( 4042): app_time_stats: avg=113.96ms min=92.23ms max=121.75ms count=9
D/EGL_emulation( 4042): app_time_stats: avg=69.34ms min=47.16ms max=129.40ms count=12
D/EGL_emulation( 4042): app_time_stats: avg=59.85ms min=34.95ms max=101.51ms count=13
D/EGL_emulation( 4042): app_time_stats: avg=67.54ms min=33.87ms max=114.68ms count=12
D/EGL_emulation( 4042): app_time_stats: avg=62.14ms min=26.42ms max=103.88ms count=13
D/EGL_emulation( 4042): app_time_stats: avg=86.74ms min=4.81ms max=137.63ms count=12
D/EGL_emulation( 4042): app_time_stats: avg=78.12ms min=31.07ms max=128.37ms count=11
D/EGL_emulation( 4042): app_time_stats: avg=74.24ms min=46.50ms max=97.22ms count=11
W/WindowOnBackDispatcher( 4042): OnBackInvokedCallback is not enabled for the application.
W/WindowOnBackDispatcher( 4042): Set 'android:enableOnBackInvokedCallback="true"' in the application manifest.
D/EGL_emulation( 4042): app_time_stats: avg=103.15ms min=26.59ms max=134.84ms count=10
D/EGL_emulation( 4042): app_time_stats: avg=114.31ms min=64.52ms max=139.00ms count=9
D/EGL_emulation( 4042): app_time_stats: avg=101.22ms min=27.37ms max=133.25ms count=10
D/EGL_emulation( 4042): app_time_stats: avg=88.20ms min=57.16ms max=109.35ms count=11
D/EGL_emulation( 4042): app_time_stats: avg=77.00ms min=31.12ms max=110.18ms count=12
D/EGL_emulation( 4042): app_time_stats: avg=72.72ms min=3.86ms max=104.05ms count=12
D/EGL_emulation( 4042): app_time_stats: avg=67.20ms min=26.94ms max=142.48ms count=13
D/EGL_emulation( 4042): app_time_stats: avg=55.87ms min=46.05ms max=88.38ms count=13
W/WindowOnBackDispatcher( 4042): OnBackInvokedCallback is not enabled for the application.
W/WindowOnBackDispatcher( 4042): Set 'android:enableOnBackInvokedCallback="true"' in the application manifest.
D/EGL_emulation( 4042): app_time_stats: avg=68.55ms min=1.85ms max=137.06ms count=10
D/EGL_emulation( 4042): app_time_stats: avg=89.71ms min=2.19ms max=132.74ms count=11
D/EGL_emulation( 4042): app_time_stats: avg=73.25ms min=10.95ms max=117.25ms count=13
D/EGL_emulation( 4042): app_time_stats: avg=69.32ms min=3.52ms max=116.97ms count=12
D/EGL_emulation( 4042): app_time_stats: avg=116.61ms min=116.26ms max=116.91ms count=9
D/EGL_emulation( 4042): app_time_stats: avg=92.87ms min=44.28ms max=186.20ms count=11
D/EGL_emulation( 4042): app_time_stats: avg=55.21ms min=30.03ms max=95.56ms count=13
D/EGL_emulation( 4042): app_time_stats: avg=62.55ms min=33.00ms max=88.68ms count=13
D/EGL_emulation( 4042): app_time_stats: avg=70.47ms min=25.77ms max=133.57ms count=13
D/EGL_emulation( 4042): app_time_stats: avg=68.00ms min=31.08ms max=141.78ms count=13
W/WindowOnBackDispatcher( 4042): OnBackInvokedCallback is not enabled for the application.
W/WindowOnBackDispatcher( 4042): Set 'android:enableOnBackInvokedCallback="true"' in the application manifest.
D/EGL_emulation( 4042): app_time_stats: avg=69.84ms min=33.62ms max=101.21ms count=12
D/EGL_emulation( 4042): app_time_stats: avg=93.88ms min=50.91ms max=121.54ms count=11
D/EGL_emulation( 4042): app_time_stats: avg=89.20ms min=8.23ms max=116.89ms count=12
D/EGL_emulation( 4042): app_time_stats: avg=79.70ms min=9.64ms max=117.55ms count=12
D/EGL_emulation( 4042): app_time_stats: avg=116.62ms min=115.34ms max=117.97ms count=9
W/eetlift_tracker( 4042): ApkAssets: Deleting an ApkAssets object '<empty> and /product/app/talkback/talkback.apk' with 1 weak references
W/eetlift_tracker( 4042): ApkAssets: Deleting an ApkAssets object '/vendor/overlay/EmulatorTalkBackOverlay/EmulatorTalkBackOverlay.apk' with 1 weak references
D/EGL_emulation( 4042): app_time_stats: avg=113.38ms min=70.82ms max=201.88ms count=9
D/EGL_emulation( 4042): app_time_stats: avg=49.57ms min=22.38ms max=82.24ms count=14
D/EGL_emulation( 4042): app_time_stats: avg=53.73ms min=28.57ms max=81.43ms count=13
D/EGL_emulation( 4042): app_time_stats: avg=59.50ms min=13.76ms max=124.38ms count=13
D/EGL_emulation( 4042): app_time_stats: avg=58.64ms min=37.24ms max=106.64ms count=14
D/EGL_emulation( 4042): app_time_stats: avg=62.63ms min=35.65ms max=102.27ms count=12
W/WindowOnBackDispatcher( 4042): OnBackInvokedCallback is not enabled for the application.
W/WindowOnBackDispatcher( 4042): Set 'android:enableOnBackInvokedCallback="true"' in the application manifest.
D/EGL_emulation( 4042): app_time_stats: avg=62.84ms min=35.40ms max=116.70ms count=13
D/EGL_emulation( 4042): app_time_stats: avg=81.19ms min=8.16ms max=116.84ms count=13
D/EGL_emulation( 4042): app_time_stats: avg=72.26ms min=2.41ms max=107.66ms count=13
D/EGL_emulation( 4042): app_time_stats: avg=111.96ms min=74.58ms max=120.71ms count=9
D/EGL_emulation( 4042): app_time_stats: avg=65.39ms min=10.23ms max=107.82ms count=14
D/EGL_emulation( 4042): app_time_stats: avg=94.21ms min=7.88ms max=116.92ms count=11
D/EGL_emulation( 4042): app_time_stats: avg=121.09ms min=75.04ms max=165.92ms count=9
D/EGL_emulation( 4042): app_time_stats: avg=77.13ms min=3.82ms max=160.24ms count=12
D/EGL_emulation( 4042): app_time_stats: avg=73.50ms min=28.17ms max=108.24ms count=13
D/EGL_emulation( 4042): app_time_stats: avg=53.29ms min=28.39ms max=100.36ms count=13
D/EGL_emulation( 4042): app_time_stats: avg=75.46ms min=41.20ms max=127.92ms count=13
D/EGL_emulation( 4042): app_time_stats: avg=83.67ms min=35.23ms max=142.84ms count=12
D/EGL_emulation( 4042): app_time_stats: avg=55.52ms min=36.81ms max=98.80ms count=13
D/EGL_emulation( 4042): app_time_stats: avg=79.59ms min=43.91ms max=116.88ms count=10
D/EGL_emulation( 4042): app_time_stats: avg=108.65ms min=90.29ms max=117.41ms count=10
W/WindowOnBackDispatcher( 4042): OnBackInvokedCallback is not enabled for the application.
W/WindowOnBackDispatcher( 4042): Set 'android:enableOnBackInvokedCallback="true"' in the application manifest.
D/EGL_emulation( 4042): app_time_stats: avg=87.04ms min=35.05ms max=147.89ms count=11
D/EGL_emulation( 4042): app_time_stats: avg=62.36ms min=11.90ms max=118.76ms count=15
D/EGL_emulation( 4042): app_time_stats: avg=60.96ms min=8.11ms max=123.39ms count=15
D/EGL_emulation( 4042): app_time_stats: avg=62.50ms min=13.93ms max=97.74ms count=15
D/EGL_emulation( 4042): app_time_stats: avg=110.29ms min=64.44ms max=116.79ms count=10
D/EGL_emulation( 4042): app_time_stats: avg=117.20ms min=78.39ms max=144.85ms count=9
D/EGL_emulation( 4042): app_time_stats: avg=93.55ms min=34.16ms max=143.22ms count=10
D/EGL_emulation( 4042): app_time_stats: avg=77.26ms min=32.11ms max=98.76ms count=13
D/EGL_emulation( 4042): app_time_stats: avg=71.74ms min=32.51ms max=105.91ms count=12
D/EGL_emulation( 4042): app_time_stats: avg=93.96ms min=85.49ms max=105.17ms count=11
D/EGL_emulation( 4042): app_time_stats: avg=65.78ms min=28.76ms max=90.65ms count=13
D/EGL_emulation( 4042): app_time_stats: avg=67.38ms min=8.97ms max=121.62ms count=11
D/EGL_emulation( 4042): app_time_stats: avg=96.09ms min=42.36ms max=172.87ms count=11
W/WindowOnBackDispatcher( 4042): OnBackInvokedCallback is not enabled for the application.
W/WindowOnBackDispatcher( 4042): Set 'android:enableOnBackInvokedCallback="true"' in the application manifest.
D/EGL_emulation( 4042): app_time_stats: avg=71.25ms min=30.80ms max=124.86ms count=11
D/EGL_emulation( 4042): app_time_stats: avg=97.30ms min=10.97ms max=145.62ms count=10
D/EGL_emulation( 4042): app_time_stats: avg=83.77ms min=7.99ms max=116.86ms count=12
D/EGL_emulation( 4042): app_time_stats: avg=111.08ms min=74.03ms max=151.83ms count=10
D/EGL_emulation( 4042): app_time_stats: avg=91.89ms min=35.97ms max=175.14ms count=11
D/EGL_emulation( 4042): app_time_stats: avg=104.86ms min=54.34ms max=173.53ms count=10
D/EGL_emulation( 4042): app_time_stats: avg=63.75ms min=24.48ms max=106.17ms count=12
D/EGL_emulation( 4042): app_time_stats: avg=63.73ms min=29.97ms max=109.83ms count=13
D/EGL_emulation( 4042): app_time_stats: avg=61.25ms min=42.75ms max=108.44ms count=13
D/EGL_emulation( 4042): app_time_stats: avg=71.25ms min=6.51ms max=116.80ms count=12
D/EGL_emulation( 4042): app_time_stats: avg=112.19ms min=80.64ms max=123.34ms count=10
D/EGL_emulation( 4042): app_time_stats: avg=67.41ms min=46.93ms max=101.81ms count=12
D/EGL_emulation( 4042): app_time_stats: avg=107.57ms min=83.60ms max=117.25ms count=10
D/EGL_emulation( 4042): app_time_stats: avg=69.19ms min=32.97ms max=114.46ms count=12
D/EGL_emulation( 4042): app_time_stats: avg=56.99ms min=42.93ms max=99.14ms count=12
W/WindowOnBackDispatcher( 4042): OnBackInvokedCallback is not enabled for the application.
W/WindowOnBackDispatcher( 4042): Set 'android:enableOnBackInvokedCallback="true"' in the application manifest.
D/EGL_emulation( 4042): app_time_stats: avg=70.41ms min=34.42ms max=172.32ms count=13
D/EGL_emulation( 4042): app_time_stats: avg=114.05ms min=93.18ms max=122.32ms count=9
D/EGL_emulation( 4042): app_time_stats: avg=98.44ms min=41.21ms max=117.61ms count=10
D/EGL_emulation( 4042): app_time_stats: avg=86.81ms min=46.73ms max=120.92ms count=11
D/EGL_emulation( 4042): app_time_stats: avg=60.50ms min=27.85ms max=106.88ms count=13
D/EGL_emulation( 4042): app_time_stats: avg=73.80ms min=28.20ms max=123.66ms count=10
D/EGL_emulation( 4042): app_time_stats: avg=77.32ms min=31.69ms max=101.73ms count=13
D/EGL_emulation( 4042): app_time_stats: avg=91.06ms min=50.94ms max=114.78ms count=10
D/EGL_emulation( 4042): app_time_stats: avg=72.22ms min=11.32ms max=123.99ms count=11
D/EGL_emulation( 4042): app_time_stats: avg=99.55ms min=74.14ms max=117.00ms count=11
D/EGL_emulation( 4042): app_time_stats: avg=86.18ms min=34.12ms max=119.54ms count=11
D/EGL_emulation( 4042): app_time_stats: avg=101.40ms min=74.64ms max=117.43ms count=10
D/EGL_emulation( 4042): app_time_stats: avg=77.93ms min=35.29ms max=117.37ms count=12
D/EGL_emulation( 4042): app_time_stats: avg=59.90ms min=46.21ms max=94.50ms count=12
D/EGL_emulation( 4042): app_time_stats: avg=96.96ms min=50.78ms max=121.21ms count=10
D/EGL_emulation( 4042): app_time_stats: avg=88.72ms min=37.89ms max=105.87ms count=11
D/EGL_emulation( 4042): app_time_stats: avg=63.21ms min=31.77ms max=101.65ms count=12
W/WindowOnBackDispatcher( 4042): OnBackInvokedCallback is not enabled for the application.
W/WindowOnBackDispatcher( 4042): Set 'android:enableOnBackInvokedCallback="true"' in the application manifest.
D/EGL_emulation( 4042): app_time_stats: avg=85.88ms min=15.43ms max=165.03ms count=11
D/EGL_emulation( 4042): app_time_stats: avg=111.31ms min=62.85ms max=116.96ms count=10
D/EGL_emulation( 4042): app_time_stats: avg=107.43ms min=73.29ms max=128.57ms count=10
D/EGL_emulation( 4042): app_time_stats: avg=87.48ms min=29.08ms max=130.37ms count=11
D/EGL_emulation( 4042): app_time_stats: avg=65.56ms min=26.76ms max=97.35ms count=13
D/EGL_emulation( 4042): app_time_stats: avg=77.27ms min=38.53ms max=119.38ms count=12
D/EGL_emulation( 4042): app_time_stats: avg=49.84ms min=23.18ms max=84.20ms count=13
D/EGL_emulation( 4042): app_time_stats: avg=49.40ms min=2.51ms max=77.07ms count=14
D/EGL_emulation( 4042): app_time_stats: avg=65.67ms min=40.10ms max=114.72ms count=12
D/EGL_emulation( 4042): app_time_stats: avg=105.70ms min=43.78ms max=117.33ms count=10
D/EGL_emulation( 4042): app_time_stats: avg=99.91ms min=82.40ms max=116.86ms count=11
D/EGL_emulation( 4042): app_time_stats: avg=92.35ms min=26.92ms max=117.16ms count=10
D/EGL_emulation( 4042): app_time_stats: avg=99.72ms min=41.40ms max=125.19ms count=10
D/EGL_emulation( 4042): app_time_stats: avg=75.62ms min=41.35ms max=156.38ms count=12
D/EGL_emulation( 4042): app_time_stats: avg=57.43ms min=7.22ms max=112.48ms count=12
D/EGL_emulation( 4042): app_time_stats: avg=69.47ms min=44.72ms max=111.10ms count=12
D/EGL_emulation( 4042): app_time_stats: avg=77.00ms min=27.83ms max=116.66ms count=12
D/EGL_emulation( 4042): app_time_stats: avg=105.33ms min=83.73ms max=118.40ms count=10
D/EGL_emulation( 4042): app_time_stats: avg=60.30ms min=43.60ms max=89.29ms count=13
D/EGL_emulation( 4042): app_time_stats: avg=55.37ms min=10.18ms max=87.80ms count=12
D/EGL_emulation( 4042): app_time_stats: avg=95.57ms min=35.69ms max=154.39ms count=11
D/EGL_emulation( 4042): app_time_stats: avg=98.91ms min=21.29ms max=169.19ms count=10
D/EGL_emulation( 4042): app_time_stats: avg=100.89ms min=74.86ms max=176.50ms count=10
D/EGL_emulation( 4042): app_time_stats: avg=107.64ms min=85.09ms max=139.20ms count=10
I/ImeTracker( 4042): fr.tchoupi.streetlift_tracker:e0dca5b6: onRequestShow at ORIGIN_CLIENT reason SHOW_SOFT_INPUT fromUser false
D/InputMethodManager( 4042): showSoftInput() view=io.flutter.embedding.android.FlutterView{dd79ea1 VFE...... .F...... 0,0-540,960 #1 aid=1073741824} flags=0 reason=SHOW_SOFT_INPUT
D/InputConnectionAdaptor( 4042): The input method toggled cursor monitoring on
D/InsetsController( 4042): show(ime(), fromIme=true)
D/FlutterJNI( 4042): Sending viewport metrics to the engine.
I/ImeTracker( 4042): fr.tchoupi.streetlift_tracker:e0dca5b6: onShown
D/FlutterJNI( 4042): Sending viewport metrics to the engine.
D/FlutterJNI( 4042): Sending viewport metrics to the engine.
D/EGL_emulation( 4042): app_time_stats: avg=76729.06ms min=4.04ms max=153454.09ms count=2
D/EGL_emulation( 4042): app_time_stats: avg=80.92ms min=4.76ms max=203.09ms count=11
I/eetlift_tracker( 4042): Background concurrent mark compact GC freed 2533KB AllocSpace bytes, 0(0B) LOS objects, 49% free, 2756KB/5513KB, paused 49us,5.788ms total 101.213ms
W/eetlift_tracker( 4042): ApkAssets: Deleting an ApkAssets object '<empty> and /product/app/talkback/talkback.apk' with 1 weak references
W/eetlift_tracker( 4042): ApkAssets: Deleting an ApkAssets object '/vendor/overlay/EmulatorTalkBackOverlay/EmulatorTalkBackOverlay.apk' with 1 weak references
D/EGL_emulation( 4042): app_time_stats: avg=87.62ms min=1.69ms max=162.79ms count=8
D/EGL_emulation( 4042): app_time_stats: avg=74.20ms min=6.21ms max=146.19ms count=12
I/ImeTracker( 4042): fr.tchoupi.streetlift_tracker:2fe8f99a: onRequestHide at ORIGIN_CLIENT reason HIDE_SOFT_INPUT fromUser false
D/InputConnectionAdaptor( 4042): The input method toggled cursor monitoring off
D/InsetsController( 4042): hide(ime(), fromIme=true)
D/FlutterJNI( 4042): Sending viewport metrics to the engine.
I/ImeTracker( 4042): fr.tchoupi.streetlift_tracker:878ebf54: onRequestHide at ORIGIN_CLIENT reason HIDE_SOFT_INPUT_ON_ANIMATION_STATE_CHANGED fromUser false
I/ImeTracker( 4042): fr.tchoupi.streetlift_tracker:2fe8f99a: onHidden
D/FlutterJNI( 4042): Sending viewport metrics to the engine.
D/FlutterJNI( 4042): Sending viewport metrics to the engine.
D/EGL_emulation( 4042): app_time_stats: avg=1148.11ms min=14.45ms max=2281.77ms count=2
W/FrameTracker( 4042): Missed SF frame:UNKNOWN: 80, 103584, 0, CUJ=J<IME_INSETS_SHOW_ANIMATION::0@1@fr.tchoupi.streetlift_tracker>
D/EGL_emulation( 4042): app_time_stats: avg=90.43ms min=16.41ms max=211.87ms count=10
D/EGL_emulation( 4042): app_time_stats: avg=95.28ms min=63.15ms max=120.02ms count=10
W/WindowOnBackDispatcher( 4042): OnBackInvokedCallback is not enabled for the application.
W/WindowOnBackDispatcher( 4042): Set 'android:enableOnBackInvokedCallback="true"' in the application manifest.
D/EGL_emulation( 4042): app_time_stats: avg=88.18ms min=59.71ms max=121.88ms count=10
D/EGL_emulation( 4042): app_time_stats: avg=73.70ms min=13.46ms max=122.99ms count=13
D/EGL_emulation( 4042): app_time_stats: avg=81.66ms min=13.21ms max=146.42ms count=12
D/EGL_emulation( 4042): app_time_stats: avg=89.73ms min=30.80ms max=133.36ms count=12
D/EGL_emulation( 4042): app_time_stats: avg=67.46ms min=38.52ms max=101.46ms count=12
D/EGL_emulation( 4042): app_time_stats: avg=67.49ms min=27.75ms max=96.41ms count=13
D/EGL_emulation( 4042): app_time_stats: avg=66.14ms min=43.40ms max=99.46ms count=12
D/EGL_emulation( 4042): app_time_stats: avg=74.77ms min=32.51ms max=111.44ms count=12
E/FrameTracker( 4042): force finish cuj, time out: J<IME_INSETS_HIDE_ANIMATION::1@1@fr.tchoupi.streetlift_tracker>
D/EGL_emulation( 4042): app_time_stats: avg=105.25ms min=51.26ms max=117.60ms count=10
I/ImeTracker( 4042): fr.tchoupi.streetlift_tracker:afc09e8c: onRequestShow at ORIGIN_CLIENT reason SHOW_SOFT_INPUT fromUser false
D/InputMethodManager( 4042): showSoftInput() view=io.flutter.embedding.android.FlutterView{dd79ea1 VFE...... .F...... 0,0-540,960 #1 aid=1073741824} flags=0 reason=SHOW_SOFT_INPUT
I/AssistStructure( 4042): Flattened final assist data: 524 bytes, containing 1 windows, 3 views
D/InputConnectionAdaptor( 4042): The input method toggled cursor monitoring on
D/InsetsController( 4042): show(ime(), fromIme=true)
D/FlutterJNI( 4042): Sending viewport metrics to the engine.
I/ImeTracker( 4042): fr.tchoupi.streetlift_tracker:afc09e8c: onShown
D/FlutterJNI( 4042): Sending viewport metrics to the engine.
D/FlutterJNI( 4042): Sending viewport metrics to the engine.
D/EGL_emulation( 4042): app_time_stats: avg=6221.05ms min=109.58ms max=12332.51ms count=2
D/EGL_emulation( 4042): app_time_stats: avg=114.34ms min=84.85ms max=136.00ms count=9
I/ImeTracker( 4042): fr.tchoupi.streetlift_tracker:5d4d7a8f: onRequestShow at ORIGIN_CLIENT reason SHOW_SOFT_INPUT fromUser false
D/InputMethodManager( 4042): showSoftInput() view=io.flutter.embedding.android.FlutterView{dd79ea1 VFE...... .F...... 0,0-540,960 #1 aid=1073741824} flags=0 reason=SHOW_SOFT_INPUT
D/InsetsController( 4042): show(ime(), fromIme=true)
I/ImeTracker( 4042): fr.tchoupi.streetlift_tracker:5d4d7a8f: onCancelled at PHASE_CLIENT_APPLY_ANIMATION
D/EGL_emulation( 4042): app_time_stats: avg=83.53ms min=7.01ms max=126.59ms count=12
D/EGL_emulation( 4042): app_time_stats: avg=74.67ms min=3.33ms max=141.68ms count=12
I/ImeTracker( 4042): fr.tchoupi.streetlift_tracker:f7cab32c: onRequestHide at ORIGIN_CLIENT reason HIDE_SOFT_INPUT fromUser false
D/InsetsController( 4042): hide(ime(), fromIme=true)
D/FlutterJNI( 4042): Sending viewport metrics to the engine.
D/InputConnectionAdaptor( 4042): The input method toggled cursor monitoring off
I/ImeTracker( 4042): fr.tchoupi.streetlift_tracker:f39a65ff: onRequestHide at ORIGIN_CLIENT reason HIDE_SOFT_INPUT_ON_ANIMATION_STATE_CHANGED fromUser false
I/ImeTracker( 4042): fr.tchoupi.streetlift_tracker:f7cab32c: onHidden
D/FlutterJNI( 4042): Sending viewport metrics to the engine.
D/FlutterJNI( 4042): Sending viewport metrics to the engine.
D/EGL_emulation( 4042): app_time_stats: avg=1158.35ms min=3.57ms max=2313.13ms count=2
W/FrameTracker( 4042): Missed SF frame:UNKNOWN: 80, 107790, 0, CUJ=J<IME_INSETS_SHOW_ANIMATION::0@1@fr.tchoupi.streetlift_tracker>
D/EGL_emulation( 4042): app_time_stats: avg=81.35ms min=4.56ms max=133.42ms count=9
D/EGL_emulation( 4042): app_time_stats: avg=85.22ms min=44.17ms max=118.04ms count=11
W/WindowOnBackDispatcher( 4042): OnBackInvokedCallback is not enabled for the application.
W/WindowOnBackDispatcher( 4042): Set 'android:enableOnBackInvokedCallback="true"' in the application manifest.
D/EGL_emulation( 4042): app_time_stats: avg=51.16ms min=16.87ms max=76.17ms count=11
D/EGL_emulation( 4042): app_time_stats: avg=104.72ms min=51.31ms max=116.87ms count=10
D/EGL_emulation( 4042): app_time_stats: avg=77.02ms min=13.42ms max=117.39ms count=13
D/EGL_emulation( 4042): app_time_stats: avg=79.65ms min=5.82ms max=117.31ms count=11
D/EGL_emulation( 4042): app_time_stats: avg=116.64ms min=116.31ms max=117.13ms count=9
D/EGL_emulation( 4042): app_time_stats: avg=97.45ms min=51.78ms max=159.02ms count=9
D/EGL_emulation( 4042): app_time_stats: avg=77.16ms min=37.10ms max=115.17ms count=12
I/flutter ( 4042): 06:44 +1: (tearDownAll)
I/flutter ( 4042): 06:44 +2: All tests passed!
D/EGL_emulation( 4042): app_time_stats: avg=59.37ms min=10.43ms max=145.89ms count=13
All tests passed.
E/FrameTracker( 4042): force finish cuj, time out: J<IME_INSETS_HIDE_ANIMATION::1@1@fr.tchoupi.streetlift_tracker>
